BL51 BANKED LINKER/LOCATER V6.22.2.0                                                    01/14/2021  17:25:38  PAGE 1


BL51 BANKED LINKER/LOCATER V6.22.2.0, INVOKED BY:
C:\KEIL_V5\C51\BIN\BL51.EXE .\Output\STARTUP.obj, .\Output\CPU.obj, .\Output\etc_eep.obj, .\Output\HS_DVRProtocol.obj, .
>> \Output\i2c.obj, .\Output\keyremo.obj, .\Output\main.obj, .\Output\monitor.obj, .\Output\Printf.obj, .\Output\SysPowe
>> r.obj, .\Output\SysTimer.obj TO .\Output\ml070i_MRMCU PRINT (.\Listings\ml070i_MRMCU.m51) RAMSIZE (256)


MEMORY MODEL: LARGE WITH FLOATING POINT ARITHMETIC


INPUT MODULES INCLUDED:
  .\Output\STARTUP.obj (?C_STARTUP)
  .\Output\CPU.obj (CPU)
  .\Output\etc_eep.obj (ETC_EEP)
  .\Output\HS_DVRProtocol.obj (HS_DVRPROTOCOL)
  .\Output\i2c.obj (I2C)
  .\Output\keyremo.obj (KEYREMO)
  .\Output\main.obj (MAIN)
  .\Output\monitor.obj (MONITOR)
  .\Output\Printf.obj (PRINTF)
  .\Output\SysPower.obj (SYSPOWER)
  .\Output\SysTimer.obj (SYSTIMER)
  C:\KEIL_V5\C51\LIB\C51FPL.LIB (?C?FPADD)
  C:\KEIL_V5\C51\LIB\C51FPL.LIB (?C?FPMUL)
  C:\KEIL_V5\C51\LIB\C51FPL.LIB (?C?FPDIV)
  C:\KEIL_V5\C51\LIB\C51FPL.LIB (?C?FCAST)
  C:\KEIL_V5\C51\LIB\C51FPL.LIB (?C?CASTF)
  C:\KEIL_V5\C51\LIB\C51FPL.LIB (?C?FPGETOPN)
  C:\KEIL_V5\C51\LIB\C51L.LIB (?C_INIT)
  C:\KEIL_V5\C51\LIB\C51L.LIB (?C?COPY)
  C:\KEIL_V5\C51\LIB\C51L.LIB (?C?CLDPTR)
  C:\KEIL_V5\C51\LIB\C51L.LIB (?C?CLDOPTR)
  C:\KEIL_V5\C51\LIB\C51L.LIB (?C?CILDPTR)
  C:\KEIL_V5\C51\LIB\C51L.LIB (?C?CSTOPTR)
  C:\KEIL_V5\C51\LIB\C51L.LIB (?C?IMUL)
  C:\KEIL_V5\C51\LIB\C51L.LIB (?C?UIDIV)
  C:\KEIL_V5\C51\LIB\C51L.LIB (?C?SIDIV)
  C:\KEIL_V5\C51\LIB\C51L.LIB (?C?IILDX)
  C:\KEIL_V5\C51\LIB\C51L.LIB (?C?ILDIX)
  C:\KEIL_V5\C51\LIB\C51L.LIB (?C?ILDPTR)
  C:\KEIL_V5\C51\LIB\C51L.LIB (?C?ILDOPTR)
  C:\KEIL_V5\C51\LIB\C51L.LIB (?C?ISTPTR)
  C:\KEIL_V5\C51\LIB\C51L.LIB (?C?LMUL)
  C:\KEIL_V5\C51\LIB\C51L.LIB (?C?ULDIV)
  C:\KEIL_V5\C51\LIB\C51L.LIB (?C?LNEG)
  C:\KEIL_V5\C51\LIB\C51L.LIB (?C?SLCMP)
  C:\KEIL_V5\C51\LIB\C51L.LIB (?C?ULCMP)
  C:\KEIL_V5\C51\LIB\C51L.LIB (?C?SLSHR)
  C:\KEIL_V5\C51\LIB\C51L.LIB (?C?LLDPTR)
  C:\KEIL_V5\C51\LIB\C51L.LIB (?C?LSTXDATA)
  C:\KEIL_V5\C51\LIB\C51L.LIB (?C?LSTKXDATA)
  C:\KEIL_V5\C51\LIB\C51L.LIB (?C?PLDPTR)
  C:\KEIL_V5\C51\LIB\C51L.LIB (?C?CCASE)
  C:\KEIL_V5\C51\LIB\C51L.LIB (ABS)
  C:\KEIL_V5\C51\LIB\C51L.LIB (?C?LLDIDATA)
  C:\KEIL_V5\C51\LIB\C51L.LIB (?C?LLDXDATA)
  C:\KEIL_V5\C51\LIB\C51L.LIB (?C?LLDPDATA)
  C:\KEIL_V5\C51\LIB\C51L.LIB (?C?LLDCODE)
  C:\KEIL_V5\C51\LIB\C51L.LIB (?C?PLDIDATA)
BL51 BANKED LINKER/LOCATER V6.22.2.0                                                  01/14/2021  17:25:38  PAGE 2


  C:\KEIL_V5\C51\LIB\C51L.LIB (?C?PLDXDATA)
  C:\KEIL_V5\C51\LIB\C51L.LIB (?C?PLDPDATA)
  C:\KEIL_V5\C51\LIB\C51L.LIB (?C?PLDCODE)


LINK MAP OF MODULE:  .\Output\ml070i_MRMCU (?C_STARTUP)


            TYPE    BASE      LENGTH    RELOCATION   SEGMENT NAME
            -----------------------------------------------------

            * * * * * * *   D A T A   M E M O R Y   * * * * * * *
            REG     0000H     0008H     ABSOLUTE     "REG BANK 0"
            REG     0008H     0008H     ABSOLUTE     "REG BANK 1"
            DATA    0010H     0001H     UNIT         ?DT?MONITOR
            IDATA   0011H     0002H     UNIT         ?ID?SYSPOWER
                    0013H     000DH                  *** GAP ***
            BIT     0020H.0   0000H.6   UNIT         ?BI?CPU
            BIT     0020H.6   0000H.3   UNIT         ?BI?MONITOR
            BIT     0021H.1   0000H.2   UNIT         _BIT_GROUP_
            BIT     0021H.3   0000H.1   UNIT         ?BI?HS_DVRPROTOCOL
            BIT     0021H.4   0000H.1   UNIT         ?BI?SYSTIMER
                    0021H.5   0000H.3                *** GAP ***
            DATA    0022H     0058H     UNIT         ?DT?CPU
            IDATA   007AH     0001H     UNIT         ?STACK

            * * * * * * *  X D A T A   M E M O R Y  * * * * * * *
            XDATA   0000H     0106H     UNIT         ?XD?HS_DVRPROTOCOL
            XDATA   0106H     0070H     UNIT         ?XD?MAIN
            XDATA   0176H     005CH     UNIT         ?XD?SYSTIMER
            XDATA   01D2H     004AH     UNIT         _XDATA_GROUP_
            XDATA   021CH     0038H     UNIT         ?XD?MONITOR
            XDATA   0254H     0018H     UNIT         ?XD?CPU
            XDATA   026CH     0018H     UNIT         ?XD?PRINTF

            * * * * * * *   C O D E   M E M O R Y   * * * * * * *
            CODE    0000H     0003H     ABSOLUTE     
            CODE    0003H     0008H     UNIT         ?PR?_RS2_TX?CPU
            CODE    000BH     0003H     ABSOLUTE     
            CODE    000EH     0004H     UNIT         ?PR?ISP_INIT?MAIN
                    0012H     0001H                  *** GAP ***
            CODE    0013H     0003H     ABSOLUTE     
            CODE    0016H     000DH     UNIT         ?PR?I2CSTOP?I2C
            CODE    0023H     0003H     ABSOLUTE     
            CODE    0026H     0003H     UNIT         ?PR?EXT1_INT?CPU
                    0029H     0002H                  *** GAP ***
            CODE    002BH     0003H     ABSOLUTE     
                    002EH     0005H                  *** GAP ***
            CODE    0033H     0003H     ABSOLUTE     
                    0036H     0005H                  *** GAP ***
            CODE    003BH     0003H     ABSOLUTE     
            CODE    003EH     0022H     UNIT         ?PR?MCUTIMERINITIALTIMEREVENT?SYSTIMER
                    0060H     0003H                  *** GAP ***
            CODE    0063H     0003H     ABSOLUTE     
            CODE    0066H     0E12H     UNIT         ?PR?_SYSTIMEREVENTPROC?SYSTIMER
            CODE    0E78H     088CH     UNIT         ?C?LIB_CODE
            CODE    1704H     0556H     UNIT         ?PR?_DOPRINT?PRINTF
BL51 BANKED LINKER/LOCATER V6.22.2.0                                                  01/14/2021  17:25:38  PAGE 3


            CODE    1C5AH     048CH     UNIT         ?PR?DVRRECEIVEPASER?HS_DVRPROTOCOL
            CODE    20E6H     043DH     UNIT         ?CO?CPU
            CODE    2523H     0427H     UNIT         ?PR?ENCORDERHANDLER?MAIN
            CODE    294AH     041BH     UNIT         ?PR?SHOWWORKINGTIMER?CPU
            CODE    2D65H     02B5H     UNIT         ?PR?TIMER0_INT?CPU
            CODE    301AH     029EH     UNIT         ?PR?_USERINTERFACEBATTERYCHARGEMODE?SYSPOWER
            CODE    32B8H     023AH     UNIT         ?PR?_MCU_SENDCMDTODVR?MAIN
            CODE    34F2H     01CCH     UNIT         ?C_INITSEG
            CODE    36BEH     0176H     UNIT         ?PR?_MAPPING1?MAIN
            CODE    3834H     012EH     UNIT         ?PR?_MCUTIMERCHECKTIMEREVENT?SYSTIMER
            CODE    3962H     00FFH     UNIT         ?PR?MAIN_INIT?CPU
            CODE    3A61H     00F0H     UNIT         ?PR?WAITPOWERON?MAIN
            CODE    3B51H     00E5H     UNIT         ?PR?_MCUTIMERACTIVETIMEREVENT?SYSTIMER
            CODE    3C36H     00DFH     UNIT         ?PR?_USERINTERFACETIMEREVENTPROC?SYSTIMER
            CODE    3D15H     00DEH     UNIT         ?PR?_MCUTIMERREACTIVETIMEREVENT?SYSTIMER
            CODE    3DF3H     00D5H     UNIT         ?PR?_USERINTERFACEPOWERSWITCH?SYSPOWER
            CODE    3EC8H     00ADH     UNIT         ?PR?_MCULIB_PROTOCOLAPPEND?MAIN
            CODE    3F75H     00A0H     UNIT         ?PR?LOADEEPROM?MAIN
            CODE    4015H     0098H     UNIT         ?PR?_SET_PWM?CPU
            CODE    40ADH     0090H     UNIT         ?PR?_MCULIB_PROTOCOLSENDCMDWITHPARAMNUM?MAIN
            CODE    413DH     008CH     UNIT         ?C_C51STARTUP
            CODE    41C9H     0085H     UNIT         ?PR?SYSTIMERHANDLER?SYSTIMER
            CODE    424EH     0084H     UNIT         ?PR?SYSPOWERHANDLER?SYSPOWER
            CODE    42D2H     0082H     UNIT         ?PR?MAIN?MAIN
            CODE    4354H     007EH     UNIT         ?PR?_AD5110_I2CWRITEDATA?I2C
            CODE    43D2H     007BH     UNIT         ?PR?_I2CWRITEDATA?I2C
            CODE    444DH     0079H     UNIT         ?PR?_POWERLED?CPU
            CODE    44C6H     0077H     UNIT         ?CO?MAIN
            CODE    453DH     005FH     UNIT         ?PR?CLEARBASICEE?ETC_EEP
            CODE    459CH     0053H     UNIT         ?PR?INITIALTIMEREVENT?MAIN
            CODE    45EFH     004FH     UNIT         ?PR?INITCPU?CPU
            CODE    463EH     004EH     UNIT         ?CO?PRINTF
            CODE    468CH     004AH     UNIT         ?PR?GETFWREVEE?ETC_EEP
            CODE    46D6H     004AH     UNIT         ?PR?MCUTIMERGETTIMERCOUNTER?SYSTIMER
            CODE    4720H     0047H     UNIT         ?PR?GETPROJECTNAMEEE?ETC_EEP
            CODE    4767H     0047H     UNIT         ?PR?_WRITEEEP?I2C
            CODE    47AEH     0046H     UNIT         ?PR?_GRAPHICSPRINT?PRINTF
            CODE    47F4H     0041H     UNIT         ?PR?_MCUTIMERCANCELTIMEREVENT?SYSTIMER
            CODE    4835H     003EH     UNIT         ?PR?_SETAD5110STEP?MAIN
            CODE    4873H     003EH     UNIT         ?PR?_PRINTF?PRINTF
            CODE    48B1H     003EH     UNIT         ?PR?_DEBUG_MESSAGE?PRINTF
            CODE    48EFH     003BH     UNIT         ?PR?SERIAL2_INT?CPU
            CODE    492AH     0039H     UNIT         ?PR?_READI2C?I2C
            CODE    4963H     0033H     UNIT         ?PR?I2CREADDATA?I2C
            CODE    4996H     0033H     UNIT         ?PR?_ISP_WRITE?MAIN
            CODE    49C9H     002FH     UNIT         ?PR?SET_MCU_POWER_DOWN_MODE?CPU
            CODE    49F8H     002FH     UNIT         ?PR?SERIAL_INT?CPU
            CODE    4A27H     002EH     UNIT         ?PR?SCANKEY?KEYREMO
            CODE    4A55H     002DH     UNIT         ?CO?SYSPOWER
            CODE    4A82H     002CH     UNIT         ?PR?SYSPOWERINITIAL?SYSPOWER
            CODE    4AAEH     002CH     UNIT         ?PR?_SYSPOWERSWITCH?SYSPOWER
            CODE    4ADAH     0026H     UNIT         ?PR?_READEEP?I2C
            CODE    4B00H     0021H     UNIT         ?PR?ENTER_ISP?MAIN
            CODE    4B21H     0020H     UNIT         ?PR?_WRITEAD5110?I2C
            CODE    4B41H     0020H     UNIT         ?PR?_GETADCVALUE?MAIN
            CODE    4B61H     001FH     UNIT         ?PR?INT2_INT?CPU
            CODE    4B80H     001FH     UNIT         ?PR?INT3_INT?CPU
BL51 BANKED LINKER/LOCATER V6.22.2.0                                                  01/14/2021  17:25:38  PAGE 4


            CODE    4B9FH     001FH     UNIT         ?PR?MAIN_LOOP?MAIN
            CODE    4BBEH     001EH     UNIT         ?PR?RS2_RX?CPU
            CODE    4BDCH     001CH     UNIT         ?PR?CHECK_ADAP_IN?CPU
            CODE    4BF8H     001BH     UNIT         ?PR?_GETKEY?KEYREMO
            CODE    4C13H     0019H     UNIT         ?PR?SAVEFWREVEE?ETC_EEP
            CODE    4C2CH     0019H     UNIT         ?PR?_MCUTIMERDELAYXMS?SYSTIMER
            CODE    4C45H     0018H     UNIT         ?PR?_DELAY?CPU
            CODE    4C5DH     0016H     UNIT         ?PR?INITVARS?CPU
            CODE    4C73H     0015H     UNIT         ?PR?_MCUTIMERGETEVENTID?SYSTIMER
            CODE    4C88H     0014H     UNIT         ?PR?I2CDELAY?I2C
            CODE    4C9CH     0014H     UNIT         ?PR?_MCUTIMERGETEVENTTIME?SYSTIMER
            CODE    4CB0H     0013H     UNIT         ?PR?_MCUTIMERCLREVENTVALID?SYSTIMER
            CODE    4CC3H     0012H     UNIT         ?CO?ETC_EEP
            CODE    4CD5H     0012H     UNIT         ?PR?I2CSTART?I2C
            CODE    4CE7H     0011H     UNIT         ?PR?_MCUTIMERCHECKEVENTVALID?SYSTIMER
            CODE    4CF8H     000FH     UNIT         ?PR?TIMER2_INT?CPU
            CODE    4D07H     000CH     UNIT         ?PR?_ABS?ABS
            CODE    4D13H     000BH     UNIT         ?PR?RS2_READY?CPU
            CODE    4D1EH     0007H     UNIT         ?PR?GETBATTERYBTH?MAIN
            CODE    4D25H     0007H     UNIT         ?PR?GETBATTERYVOLTAGE?MAIN



OVERLAY MAP OF MODULE:   .\Output\ml070i_MRMCU (?C_STARTUP)


SEGMENT                                             BIT_GROUP          XDATA_GROUP
  +--> CALLED SEGMENT                            START    LENGTH     START    LENGTH
------------------------------------------------------------------------------------
?C_C51STARTUP                                    -----    -----      -----    -----
  +--> ?PR?MAIN?MAIN
  +--> ?C_INITSEG

?PR?MAIN?MAIN                                    -----    -----      -----    -----
  +--> ?PR?INITCPU?CPU
  +--> ?PR?SYSPOWERINITIAL?SYSPOWER
  +--> ?CO?MAIN
  +--> ?PR?_PRINTF?PRINTF
  +--> ?PR?MAIN_INIT?CPU
  +--> ?PR?INITVARS?CPU
  +--> ?PR?LOADEEPROM?MAIN
  +--> ?PR?INITIALTIMEREVENT?MAIN
  +--> ?PR?_SETAD5110STEP?MAIN
  +--> ?PR?CHECK_ADAP_IN?CPU
  +--> ?PR?MAIN_LOOP?MAIN
  +--> ?PR?WAITPOWERON?MAIN

?PR?SYSPOWERINITIAL?SYSPOWER                     -----    -----      -----    -----
  +--> ?PR?_MCUTIMERDELAYXMS?SYSTIMER
  +--> ?CO?SYSPOWER
  +--> ?PR?_DEBUG_MESSAGE?PRINTF

?PR?_DEBUG_MESSAGE?PRINTF                        -----    -----      01D2H    002EH
  +--> ?PR?_DOPRINT?PRINTF

?PR?_DOPRINT?PRINTF                              0021H.1  0000H.2    0207H    0015H
  +--> ?CO?PRINTF
BL51 BANKED LINKER/LOCATER V6.22.2.0                                                  01/14/2021  17:25:38  PAGE 5



?PR?_PRINTF?PRINTF                               -----    -----      01D9H    002EH
  +--> ?PR?_DOPRINT?PRINTF

?PR?MAIN_INIT?CPU                                -----    -----      01D2H    0004H
  +--> ?PR?GETFWREVEE?ETC_EEP
  +--> ?PR?_READEEP?I2C
  +--> ?CO?CPU
  +--> ?PR?_PRINTF?PRINTF
  +--> ?PR?SAVEFWREVEE?ETC_EEP
  +--> ?PR?GETPROJECTNAMEEE?ETC_EEP
  +--> ?PR?CLEARBASICEE?ETC_EEP
  +--> ?PR?_DELAY?CPU

?PR?GETFWREVEE?ETC_EEP                           -----    -----      -----    -----
  +--> ?PR?_READEEP?I2C

?PR?_READEEP?I2C                                 -----    -----      01FAH    0001H
  +--> ?PR?_READI2C?I2C
  +--> ?PR?_DELAY?CPU

?PR?_READI2C?I2C                                 -----    -----      01FBH    0003H
  +--> ?PR?I2CSTART?I2C
  +--> ?PR?_I2CWRITEDATA?I2C
  +--> ?PR?I2CREADDATA?I2C
  +--> ?PR?I2CSTOP?I2C

?PR?I2CSTART?I2C                                 -----    -----      -----    -----
  +--> ?PR?I2CDELAY?I2C

?PR?_I2CWRITEDATA?I2C                            -----    -----      -----    -----
  +--> ?PR?I2CDELAY?I2C

?PR?I2CREADDATA?I2C                              -----    -----      -----    -----
  +--> ?PR?I2CDELAY?I2C

?PR?I2CSTOP?I2C                                  -----    -----      -----    -----
  +--> ?PR?I2CDELAY?I2C

?PR?SAVEFWREVEE?ETC_EEP                          -----    -----      -----    -----
  +--> ?PR?_WRITEEEP?I2C

?PR?_WRITEEEP?I2C                                -----    -----      01D6H    0004H
  +--> ?PR?I2CSTART?I2C
  +--> ?PR?_I2CWRITEDATA?I2C
  +--> ?PR?I2CSTOP?I2C
  +--> ?PR?_DELAY?CPU

?PR?GETPROJECTNAMEEE?ETC_EEP                     -----    -----      01D6H    0001H
  +--> ?PR?_READEEP?I2C

?PR?CLEARBASICEE?ETC_EEP                         -----    -----      -----    -----
  +--> ?CO?ETC_EEP
  +--> ?PR?_PRINTF?PRINTF
  +--> ?PR?_WRITEEEP?I2C

?PR?LOADEEPROM?MAIN                              -----    -----      -----    -----
BL51 BANKED LINKER/LOCATER V6.22.2.0                                                  01/14/2021  17:25:38  PAGE 6


  +--> ?PR?_READEEP?I2C
  +--> ?PR?_WRITEEEP?I2C

?PR?INITIALTIMEREVENT?MAIN                       -----    -----      -----    -----
  +--> ?PR?MCUTIMERINITIALTIMEREVENT?SYSTIMER
  +--> ?PR?_MCUTIMERACTIVETIMEREVENT?SYSTIMER

?PR?_MCUTIMERACTIVETIMEREVENT?SYSTIMER           -----    -----      01F2H    0004H
  +--> ?PR?_MCUTIMERCHECKTIMEREVENT?SYSTIMER

?PR?_MCUTIMERCHECKTIMEREVENT?SYSTIMER            -----    -----      01F6H    0005H
  +--> ?PR?MCUTIMERGETTIMERCOUNTER?SYSTIMER

?PR?MCUTIMERGETTIMERCOUNTER?SYSTIMER             -----    -----      01FBH    0002H
  +--> ?PR?_ABS?ABS

?PR?_SETAD5110STEP?MAIN                          -----    -----      01D6H    0002H
  +--> ?PR?_MAPPING1?MAIN
  +--> ?PR?_WRITEAD5110?I2C

?PR?_MAPPING1?MAIN                               -----    -----      01D8H    000FH

?PR?_WRITEAD5110?I2C                             -----    -----      -----    -----
  +--> ?PR?I2CSTART?I2C
  +--> ?PR?_AD5110_I2CWRITEDATA?I2C
  +--> ?PR?I2CSTOP?I2C
  +--> ?PR?_DELAY?CPU

?PR?_AD5110_I2CWRITEDATA?I2C                     -----    -----      -----    -----
  +--> ?PR?I2CDELAY?I2C

?PR?CHECK_ADAP_IN?CPU                            -----    -----      -----    -----
  +--> ?PR?_MCUTIMERDELAYXMS?SYSTIMER

?PR?MAIN_LOOP?MAIN                               -----    -----      -----    -----
  +--> ?CO?MAIN
  +--> ?PR?_PRINTF?PRINTF
  +--> ?PR?DVRRECEIVEPASER?HS_DVRPROTOCOL
  +--> ?PR?SYSTIMERHANDLER?SYSTIMER
  +--> ?PR?SYSPOWERHANDLER?SYSPOWER
  +--> ?PR?SCANKEY?KEYREMO
  +--> ?PR?ENCORDERHANDLER?MAIN

?PR?DVRRECEIVEPASER?HS_DVRPROTOCOL               -----    -----      01D2H    0001H
  +--> ?PR?RS2_READY?CPU
  +--> ?PR?RS2_RX?CPU
  +--> ?PR?_USERINTERFACEBATTERYCHARGEMODE?S...
  +--> ?PR?_MCUTIMERCANCELTIMEREVENT?SYSTIMER
  +--> ?PR?_MCUTIMERREACTIVETIMEREVENT?SYSTIMER
  +--> ?PR?_MCUTIMERACTIVETIMEREVENT?SYSTIMER
  +--> ?PR?_WRITEEEP?I2C
  +--> ?PR?_READEEP?I2C

?PR?_USERINTERFACEBATTERYCHARGEMODE?S...         -----    -----      01D6H    0001H
  +--> ?PR?_MCUTIMERCANCELTIMEREVENT?SYSTIMER
  +--> ?PR?_SET_PWM?CPU
  +--> ?PR?_USERINTERFACEPOWERSWITCH?SYSPOWER
BL51 BANKED LINKER/LOCATER V6.22.2.0                                                  01/14/2021  17:25:38  PAGE 7


  +--> ?PR?_MCUTIMERACTIVETIMEREVENT?SYSTIMER

?PR?_SET_PWM?CPU                                 -----    -----      01D7H    0002H
  +--> ?CO?CPU
  +--> ?PR?_PRINTF?PRINTF

?PR?_USERINTERFACEPOWERSWITCH?SYSPOWER           -----    -----      01D7H    0001H
  +--> ?CO?SYSPOWER
  +--> ?PR?_PRINTF?PRINTF
  +--> ?PR?_MCUTIMERDELAYXMS?SYSTIMER
  +--> ?PR?_MCUTIMERACTIVETIMEREVENT?SYSTIMER
  +--> ?PR?_MCU_SENDCMDTODVR?MAIN

?PR?_MCU_SENDCMDTODVR?MAIN                       -----    -----      01F2H    0008H
  +--> ?CO?MAIN
  +--> ?PR?_READEEP?I2C
  +--> ?PR?_MCULIB_PROTOCOLSENDCMDWITHPARAMN...

?PR?_MCULIB_PROTOCOLSENDCMDWITHPARAMN...         -----    -----      01FAH    0017H
  +--> ?PR?_MCULIB_PROTOCOLAPPEND?MAIN
  +--> ?PR?_RS2_TX?CPU

?PR?_MCULIB_PROTOCOLAPPEND?MAIN                  -----    -----      0211H    0007H

?PR?_MCUTIMERREACTIVETIMEREVENT?SYSTIMER         -----    -----      01D3H    0004H
  +--> ?PR?_MCUTIMERCHECKTIMEREVENT?SYSTIMER

?PR?SYSTIMERHANDLER?SYSTIMER                     -----    -----      01D2H    0004H
  +--> ?PR?MCUTIMERGETTIMERCOUNTER?SYSTIMER
  +--> ?PR?_MCUTIMERCHECKEVENTVALID?SYSTIMER
  +--> ?PR?_MCUTIMERGETEVENTTIME?SYSTIMER
  +--> ?PR?_MCUTIMERCLREVENTVALID?SYSTIMER
  +--> ?PR?_MCUTIMERGETEVENTID?SYSTIMER
  +--> ?PR?_USERINTERFACETIMEREVENTPROC?SYST...
  +--> ?PR?_SYSTIMEREVENTPROC?SYSTIMER

?PR?_USERINTERFACETIMEREVENTPROC?SYST...         -----    -----      -----    -----
  +--> ?PR?_SETAD5110STEP?MAIN
  +--> ?PR?_WRITEEEP?I2C
  +--> ?PR?_MCU_SENDCMDTODVR?MAIN
  +--> ?PR?_USERINTERFACEBATTERYCHARGEMODE?S...
  +--> ?PR?_MCUTIMERACTIVETIMEREVENT?SYSTIMER
  +--> ?PR?ENTER_ISP?MAIN
  +--> ?PR?_USERINTERFACEPOWERSWITCH?SYSPOWER

?PR?ENTER_ISP?MAIN                               -----    -----      01D6H    0001H
  +--> ?PR?ISP_INIT?MAIN
  +--> ?PR?_ISP_WRITE?MAIN

?PR?_ISP_WRITE?MAIN                              -----    -----      01D7H    0006H

?PR?_SYSTIMEREVENTPROC?SYSTIMER                  -----    -----      -----    -----
  +--> ?PR?_POWERLED?CPU
  +--> ?PR?_MCUTIMERDELAYXMS?SYSTIMER
  +--> ?PR?CHECK_ADAP_IN?CPU
  +--> ?PR?_MCUTIMERCHECKEVENTVALID?SYSTIMER
  +--> ?PR?_MCUTIMERCANCELTIMEREVENT?SYSTIMER
BL51 BANKED LINKER/LOCATER V6.22.2.0                                                  01/14/2021  17:25:38  PAGE 8


  +--> ?PR?_MCUTIMERACTIVETIMEREVENT?SYSTIMER
  +--> ?PR?_MCU_SENDCMDTODVR?MAIN
  +--> ?PR?GETBATTERYVOLTAGE?MAIN
  +--> ?PR?GETBATTERYBTH?MAIN
  +--> ?PR?_READEEP?I2C
  +--> ?PR?_WRITEEEP?I2C
  +--> ?PR?_USERINTERFACEBATTERYCHARGEMODE?S...
  +--> ?PR?SHOWWORKINGTIMER?CPU

?PR?GETBATTERYVOLTAGE?MAIN                       -----    -----      -----    -----
  +--> ?PR?_GETADCVALUE?MAIN

?PR?GETBATTERYBTH?MAIN                           -----    -----      -----    -----
  +--> ?PR?_GETADCVALUE?MAIN

?PR?SHOWWORKINGTIMER?CPU                         -----    -----      01D6H    0002H
  +--> ?CO?CPU
  +--> ?PR?_GRAPHICSPRINT?PRINTF

?PR?_GRAPHICSPRINT?PRINTF                        -----    -----      01D8H    002FH
  +--> ?PR?_DOPRINT?PRINTF

?PR?SYSPOWERHANDLER?SYSPOWER                     -----    -----      -----    -----
  +--> ?PR?_SYSPOWERSWITCH?SYSPOWER

?PR?_SYSPOWERSWITCH?SYSPOWER                     -----    -----      01D2H    0001H
  +--> ?PR?_USERINTERFACEPOWERSWITCH?SYSPOWER

?PR?SCANKEY?KEYREMO                              -----    -----      -----    -----
  +--> ?PR?_GETKEY?KEYREMO
  +--> ?PR?_MCUTIMERACTIVETIMEREVENT?SYSTIMER

?PR?_GETKEY?KEYREMO                              0021H.1  0000H.1    -----    -----

?PR?ENCORDERHANDLER?MAIN                         -----    -----      01D2H    0020H
  +--> ?PR?_MCU_SENDCMDTODVR?MAIN
  +--> ?PR?_MCUTIMERCANCELTIMEREVENT?SYSTIMER
  +--> ?PR?_MCUTIMERACTIVETIMEREVENT?SYSTIMER

?PR?WAITPOWERON?MAIN                             -----    -----      -----    -----
  +--> ?CO?MAIN
  +--> ?PR?_PRINTF?PRINTF
  +--> ?PR?_MCUTIMERCANCELTIMEREVENT?SYSTIMER
  +--> ?PR?SYSPOWERHANDLER?SYSPOWER
  +--> ?PR?SYSTIMERHANDLER?SYSTIMER
  +--> ?PR?SCANKEY?KEYREMO
  +--> ?PR?_MCUTIMERACTIVETIMEREVENT?SYSTIMER
  +--> ?PR?CHECK_ADAP_IN?CPU
  +--> ?PR?SET_MCU_POWER_DOWN_MODE?CPU
  +--> ?PR?_WRITEEEP?I2C

?PR?SET_MCU_POWER_DOWN_MODE?CPU                  -----    -----      -----    -----
  +--> ?CO?CPU
  +--> ?PR?_PRINTF?PRINTF

?C_INITSEG                                       -----    -----      -----    -----
  +--> ?CO?PRINTF
BL51 BANKED LINKER/LOCATER V6.22.2.0                                                  01/14/2021  17:25:38  PAGE 9





SYMBOL TABLE OF MODULE:  .\Output\ml070i_MRMCU (?C_STARTUP)

  VALUE           TYPE          NAME
  ----------------------------------

  -------         MODULE        ?C_STARTUP
  C:413DH         SEGMENT       ?C_C51STARTUP
  I:007AH         SEGMENT       ?STACK
  C:0000H         PUBLIC        ?C_STARTUP
  D:00E0H         SYMBOL        ACC
  D:00F0H         SYMBOL        B
  D:0083H         SYMBOL        DPH
  D:0082H         SYMBOL        DPL
  N:0000H         SYMBOL        IBPSTACK
  N:0100H         SYMBOL        IBPSTACKTOP
  N:0080H         SYMBOL        IDATALEN
  C:4140H         SYMBOL        IDATALOOP
  N:0000H         SYMBOL        PBPSTACK
  N:0100H         SYMBOL        PBPSTACKTOP
  N:0000H         SYMBOL        PDATALEN
  N:0000H         SYMBOL        PDATASTART
  N:0000H         SYMBOL        PPAGE
  N:0000H         SYMBOL        PPAGEENABLE
  D:00A0H         SYMBOL        PPAGE_SFR
  D:0081H         SYMBOL        SP
  C:413DH         SYMBOL        STARTUP1
  N:0000H         SYMBOL        XBPSTACK
  N:0000H         SYMBOL        XBPSTACKTOP
  N:0000H         SYMBOL        XDATALEN
  N:0000H         SYMBOL        XDATASTART
  C:0000H         LINE#         126
  C:413DH         LINE#         133
  C:413FH         LINE#         134
  C:4140H         LINE#         135
  C:4141H         LINE#         136
  C:4143H         LINE#         185
  C:4146H         LINE#         196
  -------         ENDMOD        ?C_STARTUP

  -------         MODULE        CPU
  C:0000H         SYMBOL        _ICE_DUMMY_
  D:0091H         PUBLIC        P1M0
  X:0254H         PUBLIC        second
  C:45EFH         PUBLIC        InitCPU
  D:00B1H         PUBLIC        P3M0
  C:2D65H         PUBLIC        timer0_int
  X:0255H         PUBLIC        FormatSDCard
  D:00B3H         PUBLIC        P4M0
  D:00B2H         PUBLIC        P3M1
  D:00B4H         PUBLIC        P4M1
  D:00B0H         PUBLIC        P3
  C:4CF8H         PUBLIC        timer2_int
  D:00E8H         PUBLIC        P4
  X:0256H         PUBLIC        FormatWait
BL51 BANKED LINKER/LOCATER V6.22.2.0                                                  01/14/2021  17:25:38  PAGE 10


  X:0257H         PUBLIC        Power_Msg_Count
  X:0259H         PUBLIC        IE_Temp
  D:00F9H         PUBLIC        CH
  D:0022H         PUBLIC        DVR_buf
  D:0040H         PUBLIC        keytic
  D:00A8H         PUBLIC        IE
  C:294AH         PUBLIC        ShowWorkingTimer
  D:00E9H         PUBLIC        CL
  D:0042H         PUBLIC        RS2_in
  B:0020H.0       PUBLIC        RepeatKey
  X:025AH         PUBLIC        LED_FLASH_COUNT
  D:0043H         PUBLIC        RS2_out
  C:4C45H         PUBLIC        _delay
  D:00FCH         PUBLIC        CCAP2H
  B:00E8H.0       PUBLIC        P4_0
  D:00FDH         PUBLIC        CCAP3H
  B:00E8H.1       PUBLIC        P4_1
  B:0090H.4       PUBLIC        P1_4
  B:0080H.5       PUBLIC        P0_5
  X:025CH         PUBLIC        minute
  B:00E8H.2       PUBLIC        P4_2
  D:00ECH         PUBLIC        CCAP2L
  B:00A8H.4       PUBLIC        ES
  D:00EDH         PUBLIC        CCAP3L
  D:00DCH         PUBLIC        CCAPM2
  D:00DDH         PUBLIC        CCAPM3
  D:00B8H         PUBLIC        IP
  B:0098H.0       PUBLIC        RI
  B:0098H.1       PUBLIC        TI
  D:0044H         PUBLIC        tic01
  B:0020H.1       PUBLIC        KeyReady
  C:4BBEH         PUBLIC        RS2_rx
  B:0020H.2       PUBLIC        RS_Xbusy
  D:0045H         PUBLIC        tic02
  D:00D9H         PUBLIC        CMOD
  D:00D8H         PUBLIC        CCON
  C:0003H         PUBLIC        _RS2_tx
  X:025DH         PUBLIC        Time5ms
  X:025EH         PUBLIC        month
  X:025FH         PUBLIC        keyticSec
  D:0046H         PUBLIC        Key
  C:4B61H         PUBLIC        int2_int
  C:4B80H         PUBLIC        int3_int
  C:49F8H         PUBLIC        serial_int
  C:0026H         PUBLIC        ext1_int
  D:0099H         PUBLIC        SBUF
  D:0087H         PUBLIC        PCON
  D:0098H         PUBLIC        SCON
  C:4C5DH         PUBLIC        InitVars
  D:0089H         PUBLIC        TMOD
  D:0088H         PUBLIC        TCON
  C:3962H         PUBLIC        main_init
  X:0260H         PUBLIC        day
  X:0261H         PUBLIC        hour
  B:00C0H.1       PUBLIC        IE2
  B:00C0H.5       PUBLIC        IE3
  C:4015H         PUBLIC        _SET_PWM
BL51 BANKED LINKER/LOCATER V6.22.2.0                                                  01/14/2021  17:25:38  PAGE 11


  X:0262H         PUBLIC        PowerDownWait
  D:0047H         PUBLIC        tm01
  D:0049H         PUBLIC        stopWatch
  X:0263H         PUBLIC        EncorderCount
  D:004BH         SYMBOL        RS_buf
  C:49C9H         PUBLIC        SET_MCU_POWER_DOWN_MODE
  D:0069H         PUBLIC        tic_PWR_SAVING
  D:006DH         PUBLIC        tic_Init_time
  B:00A8H.5       PUBLIC        ET2
  B:00C8H.7       PUBLIC        TF2
  D:008CH         PUBLIC        TH0
  D:008DH         PUBLIC        TH1
  B:00A8H.2       PUBLIC        EX1
  B:00C0H.2       PUBLIC        EX2
  B:00C0H.0       PUBLIC        IT2
  C:4D13H         PUBLIC        RS2_ready
  C:4BDCH         PUBLIC        Check_ADAP_IN
  B:00C0H.6       PUBLIC        EX3
  B:00C0H.4       PUBLIC        IT3
  D:008AH         PUBLIC        TL0
  B:0020H.3       PUBLIC        RS2_Xbusy
  B:00C8H.2       PUBLIC        TR2
  X:0265H         PUBLIC        updn_reg
  B:0020H.4       PUBLIC        PWR_SAVING_ACT_FLAG
  D:0071H         PUBLIC        RS_in
  D:0072H         PUBLIC        RS_out
  C:48EFH         PUBLIC        serial2_int
  D:009AH         PUBLIC        S2BUF
  X:0269H         PUBLIC        year1
  X:026AH         PUBLIC        year2
  C:444DH         PUBLIC        _PowerLED
  D:00AAH         PUBLIC        S2CON
  D:00C8H         PUBLIC        T2CON
  D:00BAH         PUBLIC        S2BRT
  X:026BH         PUBLIC        DVR_FACTORY_MODE
  D:0073H         PUBLIC        tm001
  D:00A6H         PUBLIC        AUXR2
  B:0020H.5       PUBLIC        ChangeKey
  D:0074H         PUBLIC        tic_pc
  D:0076H         PUBLIC        SystemClock
  D:0093H         PUBLIC        P0M0
  D:00ADH         PUBLIC        AUXIE
  -------         PROC          MAIN_INIT
  -------         DO            
  X:01D2H         SYMBOL        rev
  -------         ENDDO         
  C:3962H         LINE#         87
  C:3962H         LINE#         88
  C:3962H         LINE#         91
  C:396BH         LINE#         94
  C:39ADH         LINE#         96
  C:39BCH         LINE#         97
  C:39BCH         LINE#         98
  C:39D6H         LINE#         99
  C:39D9H         LINE#         100
  C:3A1BH         LINE#         101
  C:3A1BH         LINE#         105
BL51 BANKED LINKER/LOCATER V6.22.2.0                                                  01/14/2021  17:25:38  PAGE 12


  C:3A2AH         LINE#         106
  C:3A2AH         LINE#         109
  C:3A2AH         LINE#         110
  C:3A30H         LINE#         111
  C:3A33H         LINE#         112
  C:3A33H         LINE#         113
  C:3A35H         LINE#         115
  C:3A35H         LINE#         116
  C:3A3EH         LINE#         117
  C:3A47H         LINE#         118
  C:3A4EH         LINE#         120
  C:3A4EH         LINE#         122
  C:3A53H         LINE#         125
  C:3A5BH         LINE#         126
  C:3A60H         LINE#         128
  -------         ENDPROC       MAIN_INIT
  -------         PROC          INITCPU
  C:45EFH         LINE#         136
  C:45EFH         LINE#         137
  C:45EFH         LINE#         141
  C:45F2H         LINE#         149
  C:45F5H         LINE#         151
  C:45F8H         LINE#         153
  C:45FBH         LINE#         157
  C:4601H         LINE#         159
  C:4604H         LINE#         160
  C:4607H         LINE#         164
  C:460AH         LINE#         167
  C:460CH         LINE#         168
  C:460EH         LINE#         174
  C:4611H         LINE#         175
  C:4613H         LINE#         176
  C:4615H         LINE#         182
  C:4618H         LINE#         183
  C:461BH         LINE#         186
  C:461EH         LINE#         189
  C:4621H         LINE#         191
  C:4623H         LINE#         193
  C:4625H         LINE#         194
  C:4627H         LINE#         198
  C:462AH         LINE#         199
  C:462DH         LINE#         209
  C:4630H         LINE#         212
  C:4633H         LINE#         215
  C:4636H         LINE#         216
  C:4638H         LINE#         217
  C:463BH         LINE#         218
  C:463DH         LINE#         220
  -------         ENDPROC       INITCPU
  -------         PROC          SET_MCU_POWER_DOWN_MODE
  C:49C9H         LINE#         223
  C:49C9H         LINE#         224
  C:49C9H         LINE#         226
  C:49D2H         LINE#         228
  C:49D4H         LINE#         229
  C:49D6H         LINE#         230
  C:49D8H         LINE#         232
BL51 BANKED LINKER/LOCATER V6.22.2.0                                                  01/14/2021  17:25:38  PAGE 13


  C:49DAH         LINE#         233
  C:49DCH         LINE#         234
  C:49DEH         LINE#         236
  C:49E4H         LINE#         237
  C:49E7H         LINE#         239
  C:49EDH         LINE#         240
  C:49EFH         LINE#         241
  C:49F1H         LINE#         242
  C:49F4H         LINE#         243
  C:49F5H         LINE#         244
  C:49F6H         LINE#         245
  C:49F7H         LINE#         249
  -------         ENDPROC       SET_MCU_POWER_DOWN_MODE
  -------         PROC          CHECK_ADAP_IN
  C:4BDCH         LINE#         252
  C:4BDCH         LINE#         253
  C:4BDCH         LINE#         255
  C:4BE2H         LINE#         256
  C:4BE2H         LINE#         257
  C:4BE9H         LINE#         259
  C:4BEFH         LINE#         260
  C:4BF2H         LINE#         262
  C:4BF5H         LINE#         263
  C:4BF5H         LINE#         265
  C:4BF7H         LINE#         266
  -------         ENDPROC       CHECK_ADAP_IN
  -------         PROC          _SET_PWM
  X:01D7H         SYMBOL        index
  X:01D8H         SYMBOL        val
  C:4015H         LINE#         268
  C:401DH         LINE#         269
  C:401DH         LINE#         271
  C:4036H         LINE#         273
  C:4048H         LINE#         274
  C:4048H         LINE#         275
  C:4048H         LINE#         277
  C:404BH         LINE#         278
  C:4056H         LINE#         279
  C:4059H         LINE#         281
  C:405CH         LINE#         282
  C:405CH         LINE#         283
  C:405EH         LINE#         284
  C:4060H         LINE#         285
  C:4060H         LINE#         287
  C:4068H         LINE#         288
  C:4068H         LINE#         289
  C:406BH         LINE#         290
  C:406EH         LINE#         291
  C:4071H         LINE#         292
  C:4077H         LINE#         293
  C:4079H         LINE#         294
  C:4081H         LINE#         295
  C:4081H         LINE#         296
  C:4084H         LINE#         297
  C:4087H         LINE#         298
  C:408AH         LINE#         299
  C:4093H         LINE#         300
BL51 BANKED LINKER/LOCATER V6.22.2.0                                                  01/14/2021  17:25:38  PAGE 14


  C:4093H         LINE#         334
  C:4093H         LINE#         335
  C:4093H         LINE#         336
  C:4096H         LINE#         337
  C:40A1H         LINE#         338
  C:40A4H         LINE#         339
  C:40A5H         LINE#         340
  C:40A5H         LINE#         341
  C:40A8H         LINE#         342
  C:40A9H         LINE#         343
  C:40A9H         LINE#         344
  C:40ACH         LINE#         345
  C:40ACH         LINE#         347
  C:40ACH         LINE#         348
  C:40ACH         LINE#         349
  C:40ACH         LINE#         352
  -------         ENDPROC       _SET_PWM
  -------         PROC          TIMER0_INT
  -------         DO            
  D:000FH         SYMBOL        TempKey
  -------         ENDDO         
  C:2D65H         LINE#         361
  C:2D70H         LINE#         365
  C:2D72H         LINE#         368
  C:2D74H         LINE#         371
  C:2D7FH         LINE#         372
  C:2D7FH         LINE#         373
  C:2D8DH         LINE#         374
  C:2D90H         LINE#         375
  C:2D92H         LINE#         376
  C:2D92H         LINE#         378
  C:2D98H         LINE#         379
  C:2D9AH         LINE#         380
  C:2DA3H         LINE#         381
  C:2DA3H         LINE#         383
  C:2DACH         LINE#         384
  C:2DB6H         LINE#         385
  C:2DB6H         LINE#         386
  C:2DBEH         LINE#         387
  C:2DC6H         LINE#         388
  C:2DCEH         LINE#         389
  C:2DD1H         LINE#         390
  C:2DD3H         LINE#         393
  C:2DD9H         LINE#         395
  C:2DF4H         LINE#         396
  C:2E02H         LINE#         397
  C:2E1AH         LINE#         398
  C:2E28H         LINE#         399
  C:2E40H         LINE#         400
  C:2E4EH         LINE#         401
  C:2E69H         LINE#         402
  C:2E77H         LINE#         404
  C:2E8FH         LINE#         405
  C:2E9DH         LINE#         406
  C:2EB5H         LINE#         407
  C:2EC3H         LINE#         408
  C:2EDEH         LINE#         409
BL51 BANKED LINKER/LOCATER V6.22.2.0                                                  01/14/2021  17:25:38  PAGE 15


  C:2EECH         LINE#         410
  C:2F04H         LINE#         411
  C:2F12H         LINE#         414
  C:2F12H         LINE#         415
  C:2F12H         LINE#         424
  C:2F20H         LINE#         427
  C:2F28H         LINE#         428
  C:2F2BH         LINE#         429
  C:2F2DH         LINE#         431
  C:2F33H         LINE#         432
  C:2F33H         LINE#         434
  C:2F35H         LINE#         437
  C:2F3CH         LINE#         438
  C:2F41H         LINE#         440
  C:2F43H         LINE#         442
  C:2F43H         LINE#         443
  C:2F4DH         LINE#         444
  C:2F55H         LINE#         447
  C:2F63H         LINE#         448
  C:2F77H         LINE#         449
  C:2F81H         LINE#         450
  C:2F8FH         LINE#         491
  C:2F9BH         LINE#         492
  C:2F9BH         LINE#         493
  C:2FA3H         LINE#         494
  C:2FA3H         LINE#         495
  C:2FB4H         LINE#         496
  C:2FB4H         LINE#         497
  C:2FB7H         LINE#         498
  C:2FB9H         LINE#         499
  C:2FBBH         LINE#         500
  C:2FBBH         LINE#         501
  C:2FBDH         LINE#         502
  C:2FC7H         LINE#         504
  C:2FCAH         LINE#         505
  C:2FCAH         LINE#         506
  C:2FCDH         LINE#         507
  C:2FCFH         LINE#         508
  C:2FD5H         LINE#         509
  C:2FD7H         LINE#         510
  C:2FD7H         LINE#         512
  C:2FDDH         LINE#         513
  C:2FDDH         LINE#         515
  C:2FE5H         LINE#         516
  C:2FE7H         LINE#         518
  C:2FE7H         LINE#         519
  C:2FFDH         LINE#         520
  C:3000H         LINE#         521
  C:3002H         LINE#         522
  C:3004H         LINE#         524
  C:3004H         LINE#         525
  C:3007H         LINE#         526
  C:3009H         LINE#         527
  C:3009H         LINE#         529
  C:300BH         LINE#         530
  C:3011H         LINE#         531
  C:3011H         LINE#         562
BL51 BANKED LINKER/LOCATER V6.22.2.0                                                  01/14/2021  17:25:38  PAGE 16


  C:3011H         LINE#         564
  -------         ENDPROC       TIMER0_INT
  -------         PROC          SHOWWORKINGTIMER
  -------         DO            
  X:01D6H         SYMBOL        val
  -------         ENDDO         
  C:294AH         LINE#         569
  C:294AH         LINE#         570
  C:294AH         LINE#         573
  C:2955H         LINE#         575
  C:295CH         LINE#         576
  C:295CH         LINE#         577
  C:298CH         LINE#         578
  C:298EH         LINE#         579
  C:2995H         LINE#         580
  C:2995H         LINE#         581
  C:29B8H         LINE#         582
  C:29BAH         LINE#         583
  C:29C3H         LINE#         584
  C:29C3H         LINE#         585
  C:29D7H         LINE#         586
  C:29D9H         LINE#         588
  C:29D9H         LINE#         589
  C:29EFH         LINE#         590
  C:29EFH         LINE#         594
  C:2A37H         LINE#         598
  C:2A41H         LINE#         599
  C:2A4BH         LINE#         600
  C:2A54H         LINE#         601
  C:2A5EH         LINE#         603
  C:2A68H         LINE#         604
  C:2A72H         LINE#         605
  C:2A7FH         LINE#         606
  C:2A87H         LINE#         608
  C:2A90H         LINE#         614
  C:2A9AH         LINE#         615
  C:2A9AH         LINE#         616
  C:2AF9H         LINE#         617
  C:2B07H         LINE#         619
  C:2B09H         LINE#         621
  C:2B09H         LINE#         625
  C:2B45H         LINE#         627
  C:2B53H         LINE#         628
  C:2B6AH         LINE#         630
  C:2B7EH         LINE#         634
  C:2B7EH         LINE#         637
  C:2BD1H         LINE#         641
  C:2BDBH         LINE#         642
  C:2BE5H         LINE#         643
  C:2BEFH         LINE#         644
  C:2BF9H         LINE#         645
  C:2C03H         LINE#         646
  C:2C0DH         LINE#         647
  C:2C17H         LINE#         648
  C:2C21H         LINE#         649
  C:2C2BH         LINE#         650
  C:2C36H         LINE#         652
BL51 BANKED LINKER/LOCATER V6.22.2.0                                                  01/14/2021  17:25:38  PAGE 17


  C:2C40H         LINE#         653
  C:2C48H         LINE#         654
  C:2C52H         LINE#         655
  C:2C5AH         LINE#         656
  C:2C64H         LINE#         657
  C:2C6CH         LINE#         658
  C:2C76H         LINE#         659
  C:2C7EH         LINE#         660
  C:2C86H         LINE#         661
  C:2C90H         LINE#         662
  C:2C9AH         LINE#         663
  C:2CA4H         LINE#         664
  C:2CAEH         LINE#         665
  C:2CB8H         LINE#         666
  C:2CC2H         LINE#         667
  C:2CCCH         LINE#         668
  C:2CD6H         LINE#         669
  C:2CE0H         LINE#         670
  C:2CEAH         LINE#         671
  C:2CF5H         LINE#         673
  C:2D01H         LINE#         674
  C:2D0CH         LINE#         676
  C:2D16H         LINE#         677
  C:2D1EH         LINE#         678
  C:2D28H         LINE#         679
  C:2D30H         LINE#         680
  C:2D3CH         LINE#         681
  C:2D42H         LINE#         683
  C:2D5AH         LINE#         701
  -------         ENDPROC       SHOWWORKINGTIMER
  -------         PROC          INITVARS
  -------         DO            
  D:0007H         SYMBOL        j
  -------         ENDDO         
  C:4C5DH         LINE#         711
  C:4C5DH         LINE#         712
  C:4C5DH         LINE#         714
  C:4C69H         LINE#         715
  C:4C72H         LINE#         717
  -------         ENDPROC       INITVARS
  -------         PROC          _POWERLED
  D:0007H         SYMBOL        flag
  C:444DH         LINE#         723
  C:444DH         LINE#         724
  C:444DH         LINE#         726
  C:4481H         LINE#         727
  C:4481H         LINE#         728
  C:4481H         LINE#         729
  C:4483H         LINE#         730
  C:4485H         LINE#         731
  C:4486H         LINE#         732
  C:4486H         LINE#         733
  C:4488H         LINE#         734
  C:448AH         LINE#         735
  C:448BH         LINE#         736
  C:448BH         LINE#         737
  C:448BH         LINE#         738
BL51 BANKED LINKER/LOCATER V6.22.2.0                                                  01/14/2021  17:25:38  PAGE 18


  C:448BH         LINE#         739
  C:448DH         LINE#         740
  C:448DH         LINE#         741
  C:448DH         LINE#         742
  C:448DH         LINE#         743
  C:448FH         LINE#         744
  C:448FH         LINE#         745
  C:4492H         LINE#         746
  C:4492H         LINE#         747
  C:4494H         LINE#         748
  C:4496H         LINE#         749
  C:4497H         LINE#         756
  C:4497H         LINE#         757
  C:449AH         LINE#         758
  C:449AH         LINE#         759
  C:449CH         LINE#         760
  C:449EH         LINE#         761
  C:449FH         LINE#         763
  C:449FH         LINE#         764
  C:449FH         LINE#         765
  C:449FH         LINE#         766
  C:449FH         LINE#         767
  C:44A1H         LINE#         768
  C:44A1H         LINE#         769
  C:44A4H         LINE#         770
  C:44A4H         LINE#         771
  C:44A6H         LINE#         772
  C:44A8H         LINE#         773
  C:44A9H         LINE#         775
  C:44A9H         LINE#         776
  C:44ABH         LINE#         777
  C:44ADH         LINE#         778
  C:44ADH         LINE#         779
  C:44AEH         LINE#         780
  C:44AEH         LINE#         781
  C:44B1H         LINE#         782
  C:44B1H         LINE#         783
  C:44B3H         LINE#         784
  C:44B5H         LINE#         786
  C:44B5H         LINE#         787
  C:44B7H         LINE#         788
  C:44B7H         LINE#         790
  C:44B9H         LINE#         792
  C:44BAH         LINE#         793
  C:44BAH         LINE#         794
  C:44BDH         LINE#         795
  C:44BDH         LINE#         796
  C:44BFH         LINE#         797
  C:44C1H         LINE#         799
  C:44C1H         LINE#         800
  C:44C3H         LINE#         801
  C:44C3H         LINE#         803
  C:44C5H         LINE#         806
  C:44C5H         LINE#         807
  C:44C5H         LINE#         808
  C:44C5H         LINE#         809
  C:44C5H         LINE#         810
BL51 BANKED LINKER/LOCATER V6.22.2.0                                                  01/14/2021  17:25:38  PAGE 19


  -------         ENDPROC       _POWERLED
  -------         PROC          EXT1_INT
  C:0026H         LINE#         819
  C:0026H         LINE#         821
  C:0028H         LINE#         822
  -------         ENDPROC       EXT1_INT
  -------         PROC          SERIAL_INT
  C:49F8H         LINE#         845
  C:49FFH         LINE#         851
  C:4A02H         LINE#         860
  C:4A09H         LINE#         861
  C:4A0BH         LINE#         862
  C:4A19H         LINE#         866
  C:4A1BH         LINE#         868
  C:4A1BH         LINE#         870
  C:4A1EH         LINE#         871
  C:4A20H         LINE#         872
  C:4A22H         LINE#         873
  C:4A22H         LINE#         874
  -------         ENDPROC       SERIAL_INT
  -------         PROC          SERIAL2_INT
  C:48EFH         LINE#         878
  C:48F6H         LINE#         883
  C:48FEH         LINE#         884
  C:48FEH         LINE#         886
  C:4901H         LINE#         888
  C:4908H         LINE#         891
  C:490AH         LINE#         892
  C:4918H         LINE#         893
  C:4918H         LINE#         895
  C:4920H         LINE#         896
  C:4920H         LINE#         897
  C:4923H         LINE#         898
  C:4925H         LINE#         899
  C:4925H         LINE#         900
  -------         ENDPROC       SERIAL2_INT
  -------         PROC          RS2_READY
  C:4D13H         LINE#         936
  C:4D13H         LINE#         937
  C:4D13H         LINE#         938
  C:4D1BH         LINE#         939
  C:4D1DH         LINE#         940
  -------         ENDPROC       RS2_READY
  -------         PROC          RS2_RX
  -------         DO            
  D:0007H         SYMBOL        ret
  -------         ENDDO         
  C:4BBEH         LINE#         944
  C:4BBEH         LINE#         945
  C:4BBEH         LINE#         948
  C:4BC1H         LINE#         949
  C:4BC8H         LINE#         950
  C:4BCAH         LINE#         951
  C:4BD5H         LINE#         952
  C:4BD8H         LINE#         953
  C:4BDBH         LINE#         955
  C:4BDBH         LINE#         956
BL51 BANKED LINKER/LOCATER V6.22.2.0                                                  01/14/2021  17:25:38  PAGE 20


  -------         ENDPROC       RS2_RX
  -------         PROC          _RS2_TX
  D:0007H         SYMBOL        tx_buf
  C:0003H         LINE#         973
  C:0003H         LINE#         974
  C:0003H         LINE#         976
  C:0006H         LINE#         977
  C:0008H         LINE#         978
  C:000AH         LINE#         979
  -------         ENDPROC       _RS2_TX
  -------         PROC          TIMER2_INT
  C:4CF8H         LINE#         1020
  C:4CFAH         LINE#         1022
  C:4CFCH         LINE#         1024
  C:4D04H         LINE#         1026
  -------         ENDPROC       TIMER2_INT
  -------         PROC          _DELAY
  D:0007H         SYMBOL        cnt
  -------         DO            
  D:0004H         SYMBOL        ttic01
  -------         ENDDO         
  C:4C45H         LINE#         1028
  C:4C45H         LINE#         1029
  C:4C45H         LINE#         1032
  C:4C53H         LINE#         1033
  C:4C53H         LINE#         1035
  C:4C5CH         LINE#         1036
  -------         ENDPROC       _DELAY
  -------         PROC          INT2_INT
  C:4B61H         LINE#         1040
  C:4B67H         LINE#         1042
  C:4B69H         LINE#         1043
  C:4B6BH         LINE#         1044
  C:4B6EH         LINE#         1045
  C:4B74H         LINE#         1046
  C:4B79H         LINE#         1047
  -------         ENDPROC       INT2_INT
  -------         PROC          INT3_INT
  C:4B80H         LINE#         1049
  C:4B86H         LINE#         1051
  C:4B88H         LINE#         1052
  C:4B8AH         LINE#         1053
  C:4B8DH         LINE#         1054
  C:4B93H         LINE#         1055
  C:4B98H         LINE#         1056
  -------         ENDPROC       INT3_INT
  -------         ENDMOD        CPU

  -------         MODULE        ETC_EEP
  C:0000H         SYMBOL        _ICE_DUMMY_
  C:4720H         PUBLIC        GetProjectNameEE
  C:453DH         PUBLIC        ClearBasicEE
  C:4C13H         PUBLIC        SaveFWRevEE
  C:468CH         PUBLIC        GetFWRevEE
  -------         PROC          GETFWREVEE
  -------         DO            
  D:0004H         SYMBOL        rev
BL51 BANKED LINKER/LOCATER V6.22.2.0                                                  01/14/2021  17:25:38  PAGE 21


  -------         ENDDO         
  C:468CH         LINE#         17
  C:468CH         LINE#         18
  C:468CH         LINE#         19
  C:4692H         LINE#         26
  C:46D5H         LINE#         28
  C:46D5H         LINE#         29
  -------         ENDPROC       GETFWREVEE
  -------         PROC          GETPROJECTNAMEEE
  -------         DO            
  X:01D6H         SYMBOL        rev
  -------         ENDDO         
  C:4720H         LINE#         31
  C:4720H         LINE#         32
  C:4720H         LINE#         33
  C:4726H         LINE#         35
  C:4734H         LINE#         36
  C:4743H         LINE#         37
  C:4752H         LINE#         38
  C:4761H         LINE#         40
  C:4766H         LINE#         41
  -------         ENDPROC       GETPROJECTNAMEEE
  -------         PROC          SAVEFWREVEE
  C:4C13H         LINE#         43
  C:4C13H         LINE#         44
  C:4C13H         LINE#         51
  C:4C1BH         LINE#         52
  C:4C23H         LINE#         53
  -------         ENDPROC       SAVEFWREVEE
  -------         PROC          CLEARBASICEE
  C:453DH         LINE#         67
  C:453DH         LINE#         68
  C:453DH         LINE#         70
  C:4546H         LINE#         72
  C:454EH         LINE#         73
  C:4557H         LINE#         74
  C:4560H         LINE#         75
  C:4569H         LINE#         77
  C:4572H         LINE#         80
  C:457BH         LINE#         82
  C:4583H         LINE#         84
  C:458BH         LINE#         86
  C:4593H         LINE#         88
  -------         ENDPROC       CLEARBASICEE
  -------         ENDMOD        ETC_EEP

  -------         MODULE        HS_DVRPROTOCOL
  C:0000H         SYMBOL        _ICE_DUMMY_
  X:0000H         PUBLIC        protocol_data_count
  X:0001H         PUBLIC        protocol_len
  X:0002H         PUBLIC        protocol_type
  B:0021H.3       PUBLIC        protocol_escape_flag
  X:0003H         PUBLIC        protocol_chksum
  X:0004H         PUBLIC        protocol_param
  X:0005H         PUBLIC        protocol_data
  C:1C5AH         PUBLIC        DvrReceivePaser
  X:0105H         PUBLIC        protocol_state
BL51 BANKED LINKER/LOCATER V6.22.2.0                                                  01/14/2021  17:25:38  PAGE 22


  -------         PROC          DVRRECEIVEPASER
  -------         DO            
  X:01D2H         SYMBOL        c
  -------         ENDDO         
  C:1C5AH         LINE#         38
  C:1C5AH         LINE#         39
  C:1C5AH         LINE#         41
  C:1C63H         LINE#         42
  C:1C63H         LINE#         43
  C:1C6BH         LINE#         45
  C:1C71H         LINE#         46
  C:1C71H         LINE#         50
  C:1C73H         LINE#         51
  C:1C78H         LINE#         52
  C:1C7EH         LINE#         54
  C:1C7EH         LINE#         56
  C:1C84H         LINE#         57
  C:1C84H         LINE#         58
  C:1C87H         LINE#         60
  C:1C87H         LINE#         62
  C:1C8AH         LINE#         63
  C:1C8AH         LINE#         64
  C:1C8CH         LINE#         65
  C:1C93H         LINE#         66
  C:1C93H         LINE#         68
  C:1C9CH         LINE#         69
  C:1C9CH         LINE#         70
  C:1CACH         LINE#         71
  C:1CACH         LINE#         73
  C:1CC1H         LINE#         74
  C:1CC1H         LINE#         75
  C:1CC1H         LINE#         76
  C:1CC9H         LINE#         77
  C:1CDCH         LINE#         78
  C:1CDCH         LINE#         79
  C:1CDCH         LINE#         80
  C:1CDCH         LINE#         81
  C:1CDCH         LINE#         82
  C:1CDCH         LINE#         83
  C:1CDCH         LINE#         84
  C:1CDCH         LINE#         85
  C:1CDCH         LINE#         86
  C:1CDCH         LINE#         87
  C:1CDCH         LINE#         88
  C:1CDCH         LINE#         89
  C:1CDCH         LINE#         90
  C:1CDCH         LINE#         91
  C:1CDCH         LINE#         92
  C:1CE2H         LINE#         93
  C:1CE3H         LINE#         94
  C:1CE3H         LINE#         97
  C:1CE3H         LINE#         98
  C:1CE3H         LINE#         100
  C:1CE3H         LINE#         101
  C:1CEBH         LINE#         102
  C:1D00H         LINE#         103
  C:1D00H         LINE#         104
BL51 BANKED LINKER/LOCATER V6.22.2.0                                                  01/14/2021  17:25:38  PAGE 23


  C:1D00H         LINE#         105
  C:1D00H         LINE#         106
  C:1D00H         LINE#         107
  C:1D00H         LINE#         108
  C:1D00H         LINE#         109
  C:1D00H         LINE#         110
  C:1D00H         LINE#         111
  C:1D00H         LINE#         112
  C:1D00H         LINE#         113
  C:1D00H         LINE#         114
  C:1D00H         LINE#         115
  C:1D00H         LINE#         116
  C:1D00H         LINE#         118
  C:1D06H         LINE#         119
  C:1D06H         LINE#         120
  C:1D06H         LINE#         121
  C:1D08H         LINE#         123
  C:1D08H         LINE#         124
  C:1D0DH         LINE#         125
  C:1D13H         LINE#         130
  C:1D13H         LINE#         131
  C:1D14H         LINE#         132
  C:1D14H         LINE#         133
  C:1D14H         LINE#         134
  C:1D17H         LINE#         135
  C:1D17H         LINE#         136
  C:1D17H         LINE#         138
  C:1D17H         LINE#         139
  C:1D2EH         LINE#         140
  C:1D2EH         LINE#         141
  C:1D2EH         LINE#         142
  C:1D2EH         LINE#         143
  C:1D2EH         LINE#         144
  C:1D2EH         LINE#         145
  C:1D2EH         LINE#         146
  C:1D2EH         LINE#         147
  C:1D2EH         LINE#         148
  C:1D2EH         LINE#         149
  C:1D2EH         LINE#         150
  C:1D2EH         LINE#         151
  C:1D2EH         LINE#         152
  C:1D2EH         LINE#         155
  C:1D42H         LINE#         156
  C:1D48H         LINE#         157
  C:1D55H         LINE#         158
  C:1D5BH         LINE#         162
  C:1D5BH         LINE#         167
  C:1D5CH         LINE#         168
  C:1D5CH         LINE#         169
  C:1D5CH         LINE#         170
  C:1D5FH         LINE#         171
  C:1D5FH         LINE#         172
  C:1D5FH         LINE#         174
  C:1D5FH         LINE#         175
  C:1D6EH         LINE#         176
  C:1D6EH         LINE#         181
  C:1DA0H         LINE#         182
BL51 BANKED LINKER/LOCATER V6.22.2.0                                                  01/14/2021  17:25:38  PAGE 24


  C:1DA0H         LINE#         183
  C:1DA0H         LINE#         187
  C:1DA7H         LINE#         188
  C:1DB0H         LINE#         189
  C:1DBDH         LINE#         190
  C:1DBDH         LINE#         191
  C:1DC1H         LINE#         192
  C:1DC6H         LINE#         193
  C:1DCBH         LINE#         194
  C:1DCBH         LINE#         195
  C:1DD7H         LINE#         196
  C:1DD7H         LINE#         198
  C:1DD9H         LINE#         199
  C:1DD9H         LINE#         203
  C:1DDEH         LINE#         204
  C:1DEAH         LINE#         205
  C:1DF0H         LINE#         206
  C:1DF3H         LINE#         207
  C:1DF3H         LINE#         212
  C:1DF9H         LINE#         213
  C:1DFCH         LINE#         214
  C:1DFCH         LINE#         219
  C:1E02H         LINE#         220
  C:1E05H         LINE#         221
  C:1E05H         LINE#         234
  C:1E26H         LINE#         235
  C:1E47H         LINE#         237
  C:1E68H         LINE#         238
  C:1E89H         LINE#         240
  C:1EAAH         LINE#         241
  C:1ECBH         LINE#         243
  C:1EECH         LINE#         244
  C:1F0DH         LINE#         246
  C:1F13H         LINE#         248
  C:1F16H         LINE#         250
  C:1F16H         LINE#         256
  C:1F23H         LINE#         257
  C:1F26H         LINE#         259
  C:1F38H         LINE#         261
  C:1F41H         LINE#         262
  C:1F46H         LINE#         264
  C:1F50H         LINE#         265
  C:1F59H         LINE#         292
  C:1F5CH         LINE#         294
  C:1F5CH         LINE#         299
  C:1F65H         LINE#         300
  C:1F65H         LINE#         301
  C:1F6CH         LINE#         305
  C:1F6FH         LINE#         306
  C:1F78H         LINE#         307
  C:1F78H         LINE#         308
  C:1F7DH         LINE#         309
  C:1F84H         LINE#         313
  C:1F84H         LINE#         314
  C:1F87H         LINE#         316
  C:1F87H         LINE#         320
  C:1F8DH         LINE#         321
BL51 BANKED LINKER/LOCATER V6.22.2.0                                                  01/14/2021  17:25:38  PAGE 25


  C:1F90H         LINE#         323
  C:1F90H         LINE#         328
  C:1F96H         LINE#         329
  C:1F96H         LINE#         330
  C:1F9DH         LINE#         331
  C:1FA2H         LINE#         334
  C:1FA7H         LINE#         335
  C:1FACH         LINE#         336
  C:1FB1H         LINE#         337
  C:1FB6H         LINE#         338
  C:1FBBH         LINE#         339
  C:1FC0H         LINE#         341
  C:1FC6H         LINE#         343
  C:1FC9H         LINE#         344
  C:1FD1H         LINE#         345
  C:1FD1H         LINE#         346
  C:1FD7H         LINE#         347
  C:1FD7H         LINE#         348
  C:1FD7H         LINE#         349
  C:1FD9H         LINE#         350
  C:1FE4H         LINE#         351
  C:1FE4H         LINE#         352
  C:1FEBH         LINE#         353
  C:1FEEH         LINE#         354
  C:1FF7H         LINE#         355
  C:1FF9H         LINE#         356
  C:1FF9H         LINE#         358
  C:1FFCH         LINE#         360
  C:1FFCH         LINE#         365
  C:2007H         LINE#         366
  C:2007H         LINE#         367
  C:200EH         LINE#         368
  C:2010H         LINE#         369
  C:201CH         LINE#         370
  C:201CH         LINE#         371
  C:2023H         LINE#         372
  C:2028H         LINE#         373
  C:202FH         LINE#         375
  C:203BH         LINE#         376
  C:203FH         LINE#         377
  C:203FH         LINE#         378
  C:204FH         LINE#         379
  C:204FH         LINE#         380
  C:2056H         LINE#         381
  C:205DH         LINE#         382
  C:2062H         LINE#         383
  C:2069H         LINE#         384
  C:2073H         LINE#         385
  C:207BH         LINE#         389
  C:2087H         LINE#         390
  C:208BH         LINE#         391
  C:208BH         LINE#         393
  C:2090H         LINE#         395
  C:2092H         LINE#         397
  C:2092H         LINE#         401
  C:209BH         LINE#         402
  C:209DH         LINE#         404
BL51 BANKED LINKER/LOCATER V6.22.2.0                                                  01/14/2021  17:25:38  PAGE 26


  C:209DH         LINE#         406
  C:20A5H         LINE#         407
  C:20A5H         LINE#         408
  C:20ADH         LINE#         409
  C:20B3H         LINE#         410
  C:20B5H         LINE#         412
  C:20B5H         LINE#         413
  C:20BDH         LINE#         414
  C:20C2H         LINE#         415
  C:20C2H         LINE#         422
  C:20C4H         LINE#         423
  C:20C4H         LINE#         424
  C:20CFH         LINE#         425
  C:20D4H         LINE#         427
  C:20D7H         LINE#         432
  C:20E0H         LINE#         435
  C:20E0H         LINE#         436
  C:20E0H         LINE#         437
  C:20E0H         LINE#         438
  C:20E0H         LINE#         440
  C:20E0H         LINE#         442
  C:20E0H         LINE#         446
  C:20E0H         LINE#         447
  C:20E5H         LINE#         448
  C:20E5H         LINE#         449
  C:20E5H         LINE#         450
  C:20E5H         LINE#         451
  C:20E5H         LINE#         452
  C:20E5H         LINE#         455
  -------         ENDPROC       DVRRECEIVEPASER
  -------         ENDMOD        HS_DVRPROTOCOL

  -------         MODULE        I2C
  C:0000H         SYMBOL        _ICE_DUMMY_
  B:0090H.0       PUBLIC        P1_0
  B:0090H.1       PUBLIC        P1_1
  C:4963H         PUBLIC        I2CReadData
  C:492AH         PUBLIC        _ReadI2C
  C:43D2H         PUBLIC        _I2CWriteData
  C:4CD5H         PUBLIC        I2CStart
  C:4C8CH         PUBLIC        I2Cdelay
  C:4ADAH         PUBLIC        _ReadEEP
  C:4B21H         PUBLIC        _WriteAD5110
  C:0016H         PUBLIC        I2CStop
  C:4767H         PUBLIC        _WriteEEP
  C:4354H         PUBLIC        _AD5110_I2CWriteData
  C:4C88H         SYMBOL        L?0054
  -------         PROC          L?0053
  -------         ENDPROC       L?0053
  C:4C88H         SYMBOL        L?0054
  -------         PROC          I2CDELAY
  -------         DO            
  D:0007H         SYMBOL        i
  -------         ENDDO         
  C:4C8CH         LINE#         34
  C:4C8CH         LINE#         35
  C:4C8CH         LINE#         37
BL51 BANKED LINKER/LOCATER V6.22.2.0                                                  01/14/2021  17:25:38  PAGE 27


  C:4C98H         LINE#         38
  C:4C9BH         LINE#         39
  -------         ENDPROC       I2CDELAY
  -------         PROC          _WRITEEEP
  X:01D6H         SYMBOL        index
  X:01D8H         SYMBOL        dat
  -------         DO            
  X:01D9H         SYMBOL        addr
  -------         ENDDO         
  C:4767H         LINE#         42
  C:4772H         LINE#         43
  C:4772H         LINE#         46
  C:478AH         LINE#         48
  C:478DH         LINE#         49
  C:4795H         LINE#         50
  C:479EH         LINE#         51
  C:47A6H         LINE#         52
  C:47A9H         LINE#         58
  -------         ENDPROC       _WRITEEEP
  -------         PROC          _READEEP
  D:0004H         SYMBOL        index
  -------         DO            
  X:01FAH         SYMBOL        val
  D:0007H         SYMBOL        addr
  -------         ENDDO         
  C:4ADAH         LINE#         61
  C:4ADEH         LINE#         62
  C:4ADEH         LINE#         66
  C:4AEDH         LINE#         68
  C:4AF5H         LINE#         73
  C:4AFAH         LINE#         74
  C:4AFFH         LINE#         75
  -------         ENDPROC       _READEEP
  -------         PROC          _READI2C
  X:01FBH         SYMBOL        addr
  X:01FCH         SYMBOL        index
  -------         DO            
  X:01FDH         SYMBOL        val
  -------         ENDDO         
  C:492AH         LINE#         77
  C:4932H         LINE#         78
  C:4932H         LINE#         81
  C:4935H         LINE#         82
  C:493DH         LINE#         83
  C:4945H         LINE#         84
  C:4948H         LINE#         85
  C:4952H         LINE#         86
  C:495AH         LINE#         87
  C:495DH         LINE#         89
  C:4962H         LINE#         90
  -------         ENDPROC       _READI2C
  -------         PROC          I2CSTART
  C:4CD5H         LINE#         106
  C:4CD5H         LINE#         107
  C:4CD5H         LINE#         108
  C:4CDAH         LINE#         109
  C:4CDFH         LINE#         110
BL51 BANKED LINKER/LOCATER V6.22.2.0                                                  01/14/2021  17:25:38  PAGE 28


  C:4CE4H         LINE#         111
  C:4CE6H         LINE#         112
  -------         ENDPROC       I2CSTART
  -------         PROC          I2CSTOP
  C:0016H         LINE#         114
  C:0016H         LINE#         115
  C:0016H         LINE#         116
  C:001BH         LINE#         117
  C:0020H         LINE#         118
  C:0022H         LINE#         119
  -------         ENDPROC       I2CSTOP
  -------         PROC          _I2CWRITEDATA
  D:0006H         SYMBOL        value
  C:43D2H         LINE#         121
  C:43D4H         LINE#         122
  C:43D4H         LINE#         124
  C:43E1H         LINE#         125
  C:43EEH         LINE#         126
  C:43FBH         LINE#         127
  C:4408H         LINE#         129
  C:4415H         LINE#         130
  C:4422H         LINE#         131
  C:442FH         LINE#         132
  C:443CH         LINE#         135
  C:443EH         LINE#         136
  C:4440H         LINE#         137
  C:4442H         LINE#         138
  C:4444H         LINE#         140
  C:4446H         LINE#         141
  C:4448H         LINE#         142
  C:444AH         LINE#         143
  C:444CH         LINE#         144
  -------         ENDPROC       _I2CWRITEDATA
  -------         PROC          I2CREADDATA
  -------         DO            
  D:0004H         SYMBOL        i
  D:0006H         SYMBOL        value
  -------         ENDDO         
  C:4963H         LINE#         146
  C:4963H         LINE#         147
  C:4963H         LINE#         149
  C:4965H         LINE#         151
  C:496AH         LINE#         152
  C:496CH         LINE#         154
  C:496FH         LINE#         155
  C:4971H         LINE#         156
  C:4975H         LINE#         157
  C:497BH         LINE#         158
  C:497DH         LINE#         159
  C:4988H         LINE#         160
  C:498BH         LINE#         162
  C:498DH         LINE#         163
  C:498FH         LINE#         164
  C:4991H         LINE#         165
  C:4993H         LINE#         167
  C:4995H         LINE#         169
  -------         ENDPROC       I2CREADDATA
BL51 BANKED LINKER/LOCATER V6.22.2.0                                                  01/14/2021  17:25:38  PAGE 29


  -------         PROC          _AD5110_I2CWRITEDATA
  D:0006H         SYMBOL        value
  C:4354H         LINE#         172
  C:4356H         LINE#         173
  C:4356H         LINE#         175
  C:4363H         LINE#         176
  C:4370H         LINE#         177
  C:437DH         LINE#         178
  C:438AH         LINE#         180
  C:4397H         LINE#         181
  C:43A4H         LINE#         182
  C:43B1H         LINE#         183
  C:43BEH         LINE#         186
  C:43C0H         LINE#         187
  C:43C2H         LINE#         188
  C:43C4H         LINE#         189
  C:43C6H         LINE#         190
  C:43C9H         LINE#         191
  C:43CBH         LINE#         192
  C:43CDH         LINE#         193
  C:43CFH         LINE#         194
  C:43D1H         LINE#         196
  -------         ENDPROC       _AD5110_I2CWRITEDATA
  -------         PROC          _WRITEAD5110
  D:0002H         SYMBOL        index
  D:0005H         SYMBOL        dat
  -------         DO            
  D:0006H         SYMBOL        addr
  -------         ENDDO         
  C:4B21H         LINE#         229
  C:4B25H         LINE#         230
  C:4B25H         LINE#         233
  C:4B27H         LINE#         235
  C:4B2AH         LINE#         236
  C:4B2FH         LINE#         237
  C:4B34H         LINE#         238
  C:4B39H         LINE#         239
  C:4B3CH         LINE#         245
  -------         ENDPROC       _WRITEAD5110
  -------         ENDMOD        I2C

  -------         MODULE        KEYREMO
  C:0000H         SYMBOL        _ICE_DUMMY_
  C:4BF8H         PUBLIC        _GetKey
  C:4A27H         PUBLIC        Scankey
  -------         PROC          SCANKEY
  C:4A27H         LINE#         31
  C:4A27H         LINE#         32
  C:4A27H         LINE#         34
  C:4A2FH         LINE#         35
  C:4A2FH         LINE#         37
  C:4A3FH         LINE#         38
  C:4A3FH         LINE#         39
  C:4A43H         LINE#         40
  C:4A49H         LINE#         41
  C:4A4BH         LINE#         43
  C:4A54H         LINE#         44
BL51 BANKED LINKER/LOCATER V6.22.2.0                                                  01/14/2021  17:25:38  PAGE 30


  C:4A54H         LINE#         46
  -------         ENDPROC       SCANKEY
  -------         PROC          _GETKEY
  D:0007H         SYMBOL        repeat
  -------         DO            
  B:0021H.1       SYMBOL        ready
  -------         ENDDO         
  C:4BF8H         LINE#         51
  C:4BF8H         LINE#         52
  C:4BF8H         LINE#         56
  C:4BFCH         LINE#         57
  C:4BFEH         LINE#         59
  C:4C04H         LINE#         60
  C:4C0AH         LINE#         61
  C:4C10H         LINE#         63
  C:4C12H         LINE#         64
  -------         ENDPROC       _GETKEY
  -------         ENDMOD        KEYREMO

  -------         MODULE        MAIN
  C:0000H         SYMBOL        _ICE_DUMMY_
  C:36BEH         PUBLIC        _Mapping1
  C:40ADH         PUBLIC        _mcuLib_ProtocolSendCmdWithParamNum
  D:00E7H         PUBLIC        ISPCR
  D:00E8H         PUBLIC        P4
  X:0106H         PUBLIC        PowerFlag
  B:0080H.0       PUBLIC        P0_0
  X:0107H         PUBLIC        LowBatteryFlag
  B:0080H.1       PUBLIC        P0_1
  X:0108H         PUBLIC        UserRange
  B:00B0H.4       PUBLIC        P3_4
  B:00B0H.5       PUBLIC        P3_5
  C:4835H         PUBLIC        _SetAD5110Step
  C:32B8H         PUBLIC        _MCU_SendCmdToDVR
  X:010EH         PUBLIC        g_stBatteryInfo
  D:00C6H         PUBLIC        ADCV
  X:0114H         PUBLIC        DVRChangeCurrent
  X:0115H         PUBLIC        EncorderLen_Offset
  X:0117H         PUBLIC        EncorderLenint
  C:42D2H         PUBLIC        main
  D:00E6H         PUBLIC        SCMD
  X:0118H         PUBLIC        g_stDVRInfo
  X:011AH         PUBLIC        PowerOffToOnFlag
  D:00E3H         PUBLIC        IFADRH
  D:00E5H         PUBLIC        IFMT
  X:011BH         PUBLIC        Power_down_mode
  D:00E4H         PUBLIC        IFADRL
  X:011CH         PUBLIC        AD5110Range
  C:4536H         SYMBOL        _?ix1000
  C:4B9FH         PUBLIC        main_loop
  C:3F75H         PUBLIC        LoadEEPROM
  X:0122H         PUBLIC        EncorderCountPN_offset
  C:4B00H         PUBLIC        enter_isp
  D:00E2H         PUBLIC        IFD
  X:0123H         PUBLIC        EncorderLenfloaat
  X:0125H         PUBLIC        EncorderLen
  C:4D25H         PUBLIC        GetBatteryVoltage
BL51 BANKED LINKER/LOCATER V6.22.2.0                                                  01/14/2021  17:25:38  PAGE 31


  C:459CH         PUBLIC        InitialTimerEvent
  C:4996H         PUBLIC        _isp_write
  C:4D1EH         PUBLIC        GetBatteryBTH
  X:0129H         PUBLIC        EncorderCountPN
  C:000EH         PUBLIC        isp_init
  X:012AH         PUBLIC        Decimal1
  X:012EH         PUBLIC        DebugLevel
  X:012FH         PUBLIC        Decimal2
  X:0133H         PUBLIC        Decimal3
  C:3A61H         PUBLIC        WaitPowerOn
  X:0137H         PUBLIC        Decimal4
  X:013BH         PUBLIC        PWR_START_flag
  X:013CH         PUBLIC        Encorder1
  X:0140H         PUBLIC        Encorder2
  D:00C5H         PUBLIC        ADCTL
  X:0144H         PUBLIC        Encorder3
  C:4B41H         PUBLIC        _GetADCValue
  X:0148H         PUBLIC        Encorder4
  D:00E8H         PUBLIC        ADCVL
  X:014CH         PUBLIC        AD5110_setp
  X:0175H         PUBLIC        CameraVolt
  C:3EE2H         PUBLIC        _mcuLib_ProtocolAppend
  C:2523H         PUBLIC        EncorderHandler
  -------         PROC          _ISP_WRITE
  D:0001H         SYMBOL        buf
  D:0005H         SYMBOL        addr_high
  X:01DBH         SYMBOL        addr_low
  X:01DCH         SYMBOL        len
  C:4996H         LINE#         85
  C:4996H         LINE#         86
  C:4996H         LINE#         87
  C:4999H         LINE#         88
  C:499BH         LINE#         90
  C:499BH         LINE#         91
  C:49A1H         LINE#         92
  C:49A6H         LINE#         93
  C:49A9H         LINE#         94
  C:49ACH         LINE#         96
  C:49B3H         LINE#         97
  C:49B9H         LINE#         98
  C:49BCH         LINE#         99
  C:49BCH         LINE#         100
  C:49BDH         LINE#         101
  C:49BFH         LINE#         102
  C:49BFH         LINE#         103
  C:49C5H         LINE#         104
  C:49C5H         LINE#         105
  C:49C8H         LINE#         106
  -------         ENDPROC       _ISP_WRITE
  -------         PROC          ISP_INIT
  C:000EH         LINE#         108
  C:000EH         LINE#         109
  C:000EH         LINE#         110
  C:0011H         LINE#         111
  -------         ENDPROC       ISP_INIT
  -------         PROC          ENTER_ISP
  -------         DO            
BL51 BANKED LINKER/LOCATER V6.22.2.0                                                  01/14/2021  17:25:38  PAGE 32


  X:01D6H         SYMBOL        mark
  -------         ENDDO         
  C:4B00H         LINE#         113
  C:4B00H         LINE#         114
  C:4B00H         LINE#         116
  C:4B05H         LINE#         117
  C:4B08H         LINE#         118
  C:4B1DH         LINE#         119
  C:4B20H         LINE#         120
  -------         ENDPROC       ENTER_ISP
  C:3ECAH         SYMBOL        L?0105
  C:3EDAH         SYMBOL        L?0106
  -------         PROC          L?0104
  -------         ENDPROC       L?0104
  C:3ECAH         SYMBOL        L?0105
  C:3EDAH         SYMBOL        L?0106
  -------         PROC          _MCULIB_PROTOCOLAPPEND
  X:0211H         SYMBOL        pucBuf
  X:0214H         SYMBOL        piLen
  X:0217H         SYMBOL        ucByte
  C:3EE2H         LINE#         123
  C:3EEDH         LINE#         124
  C:3EFBH         LINE#         125
  C:3F1FH         LINE#         126
  C:3F2FH         LINE#         127
  C:3F38H         LINE#         128
  C:3F38H         LINE#         129
  C:3F3AH         LINE#         130
  C:3F62H         LINE#         131
  C:3F72H         LINE#         132
  C:3F72H         LINE#         133
  C:3F74H         LINE#         134
  -------         ENDPROC       _MCULIB_PROTOCOLAPPEND
  -------         PROC          _MCULIB_PROTOCOLSENDCMDWITHPARAMNUM
  D:0007H         SYMBOL        ucType
  X:01FBH         SYMBOL        pucParam
  X:01FEH         SYMBOL        ucSize
  -------         DO            
  D:0005H         SYMBOL        ucChecksum
  X:01FFH         SYMBOL        pucBuf
  X:020FH         SYMBOL        iLen
  X:0210H         SYMBOL        i
  -------         ENDDO         
  C:40ADH         LINE#         136
  C:40B8H         LINE#         137
  C:40B8H         LINE#         142
  C:40BEH         LINE#         143
  C:40C4H         LINE#         144
  C:40C5H         LINE#         145
  C:40C8H         LINE#         146
  C:40CCH         LINE#         147
  C:40CFH         LINE#         149
  C:40E2H         LINE#         150
  C:40F5H         LINE#         151
  C:40F8H         LINE#         152
  C:4100H         LINE#         154
  C:4112H         LINE#         156
BL51 BANKED LINKER/LOCATER V6.22.2.0                                                  01/14/2021  17:25:38  PAGE 33


  C:4123H         LINE#         157
  C:4132H         LINE#         158
  C:413AH         LINE#         161
  C:413CH         LINE#         162
  -------         ENDPROC       _MCULIB_PROTOCOLSENDCMDWITHPARAMNUM
  -------         PROC          _MCU_SENDCMDTODVR
  X:01F2H         SYMBOL        ucType
  -------         DO            
  X:01F3H         SYMBOL        buf
  D:0002H         SYMBOL        val
  -------         ENDDO         
  C:32B8H         LINE#         165
  C:32BDH         LINE#         166
  C:32BDH         LINE#         167
  C:32D0H         LINE#         169
  C:32F1H         LINE#         170
  C:32F1H         LINE#         171
  C:32F1H         LINE#         172
  C:32FDH         LINE#         173
  C:3309H         LINE#         174
  C:3315H         LINE#         175
  C:3323H         LINE#         176
  C:3326H         LINE#         178
  C:3326H         LINE#         183
  C:335DH         LINE#         185
  C:3371H         LINE#         186
  C:337AH         LINE#         188
  C:337FH         LINE#         218
  C:3384H         LINE#         229
  C:3391H         LINE#         231
  C:3394H         LINE#         233
  C:33ADH         LINE#         236
  C:33D6H         LINE#         240
  C:33DEH         LINE#         242
  C:33EBH         LINE#         243
  C:33F2H         LINE#         245
  C:33FFH         LINE#         246
  C:3406H         LINE#         248
  C:340CH         LINE#         249
  C:3413H         LINE#         251
  C:341BH         LINE#         252
  C:3422H         LINE#         254
  C:342AH         LINE#         255
  C:3431H         LINE#         257
  C:3437H         LINE#         258
  C:343EH         LINE#         260
  C:3449H         LINE#         261
  C:3450H         LINE#         263
  C:348EH         LINE#         264
  C:3495H         LINE#         267
  C:34A3H         LINE#         268
  C:34A5H         LINE#         270
  C:34A5H         LINE#         271
  C:34B3H         LINE#         272
  C:34B3H         LINE#         273
  C:34B9H         LINE#         274
  C:34C0H         LINE#         278
BL51 BANKED LINKER/LOCATER V6.22.2.0                                                  01/14/2021  17:25:38  PAGE 34


  C:34C0H         LINE#         279
  C:34CEH         LINE#         280
  C:34D0H         LINE#         282
  C:34D0H         LINE#         283
  C:34DEH         LINE#         284
  C:34E0H         LINE#         286
  C:34E0H         LINE#         287
  C:34F1H         LINE#         288
  C:34F1H         LINE#         290
  C:34F1H         LINE#         291
  C:34F1H         LINE#         293
  C:34F1H         LINE#         295
  -------         ENDPROC       _MCU_SENDCMDTODVR
  -------         PROC          INITIALTIMEREVENT
  C:459CH         LINE#         298
  C:459CH         LINE#         299
  C:459CH         LINE#         300
  C:459FH         LINE#         301
  C:45A8H         LINE#         302
  C:45B1H         LINE#         303
  C:45BAH         LINE#         304
  C:45C3H         LINE#         305
  C:45CCH         LINE#         306
  C:45D5H         LINE#         307
  C:45DEH         LINE#         308
  C:45E7H         LINE#         309
  C:45EEH         LINE#         315
  -------         ENDPROC       INITIALTIMEREVENT
  -------         PROC          _MAPPING1
  X:01D8H         SYMBOL        fromValue
  X:01DAH         SYMBOL        fromRange
  X:01DDH         SYMBOL        toValue
  X:01E0H         SYMBOL        toRange
  -------         DO            
  X:01E3H         SYMBOL        a
  X:01E5H         SYMBOL        b
  -------         ENDDO         
  C:36BEH         LINE#         317
  C:36CFH         LINE#         318
  C:36CFH         LINE#         325
  C:36E7H         LINE#         326
  C:370DH         LINE#         327
  C:3735H         LINE#         329
  C:373AH         LINE#         331
  C:376FH         LINE#         332
  C:3772H         LINE#         333
  C:3772H         LINE#         334
  C:3799H         LINE#         335
  C:37C1H         LINE#         337
  C:37C6H         LINE#         339
  C:3831H         LINE#         340
  C:3831H         LINE#         342
  C:3833H         LINE#         344
  -------         ENDPROC       _MAPPING1
  -------         PROC          _SETAD5110STEP
  D:0007H         SYMBOL        newv
  -------         DO            
[...]
  C:0728H         LINE#         1013
  C:0731H         LINE#         1015
  C:073BH         LINE#         1016
  C:0743H         LINE#         1017
  C:0743H         LINE#         1019
  C:0748H         LINE#         1020
  C:0748H         LINE#         1023
  C:0757H         LINE#         1024
  C:0757H         LINE#         1028
  C:0762H         LINE#         1029
  C:0765H         LINE#         1063
  C:0765H         LINE#         1068
  C:0770H         LINE#         1069
  C:0770H         LINE#         1070
  C:0778H         LINE#         1077
  C:0779H         LINE#         1086
  C:0781H         LINE#         1087
  C:0783H         LINE#         1090
  C:0783H         LINE#         1091
  C:078EH         LINE#         1092
  C:078EH         LINE#         1093
  C:07A5H         LINE#         1094
  C:07A5H         LINE#         1095
  C:07ABH         LINE#         1096
  C:07B3H         LINE#         1097
  C:07B3H         LINE#         1099
  C:07B3H         LINE#         1103
  C:07B9H         LINE#         1104
  C:07B9H         LINE#         1110
  C:07BCH         LINE#         1112
  C:07C2H         LINE#         1114
  C:07C2H         LINE#         1116
  C:07C5H         LINE#         1117
  C:07C5H         LINE#         1118
  C:07D0H         LINE#         1119
  C:07D5H         LINE#         1120
  C:07D8H         LINE#         1121
BL51 BANKED LINKER/LOCATER V6.22.2.0                                                  01/14/2021  17:25:38  PAGE 61


  C:07D8H         LINE#         1125
  C:07E3H         LINE#         1137
  C:07F6H         LINE#         1138
  C:07F6H         LINE#         1139
  C:07FBH         LINE#         1140
  C:07FFH         LINE#         1141
  C:0803H         LINE#         1142
  C:0809H         LINE#         1143
  C:080AH         LINE#         1144
  C:080DH         LINE#         1145
  C:0826H         LINE#         1146
  C:0826H         LINE#         1147
  C:082BH         LINE#         1148
  C:082FH         LINE#         1149
  C:0833H         LINE#         1150
  C:0837H         LINE#         1151
  C:083DH         LINE#         1152
  C:0840H         LINE#         1153
  C:0852H         LINE#         1154
  C:0852H         LINE#         1155
  C:0858H         LINE#         1156
  C:085DH         LINE#         1157
  C:0861H         LINE#         1158
  C:0865H         LINE#         1159
  C:0865H         LINE#         1160
  C:0867H         LINE#         1161
  C:0879H         LINE#         1162
  C:0879H         LINE#         1163
  C:087EH         LINE#         1164
  C:0882H         LINE#         1165
  C:0888H         LINE#         1166
  C:088DH         LINE#         1167
  C:088DH         LINE#         1169
  C:088FH         LINE#         1170
  C:08A1H         LINE#         1171
  C:08A1H         LINE#         1172
  C:08A6H         LINE#         1173
  C:08ACH         LINE#         1174
  C:08B1H         LINE#         1175
  C:08B5H         LINE#         1176
  C:08B5H         LINE#         1177
  C:08B7H         LINE#         1179
  C:08B7H         LINE#         1182
  C:08BEH         LINE#         1183
  C:08C3H         LINE#         1185
  C:08C9H         LINE#         1186
  C:08CEH         LINE#         1187
  C:08D2H         LINE#         1188
  C:08D6H         LINE#         1189
  C:08DAH         LINE#         1190
  C:08DEH         LINE#         1191
  C:08DEH         LINE#         1193
  C:0934H         LINE#         1195
  C:093AH         LINE#         1198
  C:0942H         LINE#         1199
  C:0942H         LINE#         1200
  C:0948H         LINE#         1201
BL51 BANKED LINKER/LOCATER V6.22.2.0                                                  01/14/2021  17:25:38  PAGE 62


  C:094DH         LINE#         1202
  C:0954H         LINE#         1203
  C:0957H         LINE#         1204
  C:095EH         LINE#         1205
  C:095EH         LINE#         1207
  C:0966H         LINE#         1208
  C:0966H         LINE#         1209
  C:096CH         LINE#         1210
  C:0971H         LINE#         1211
  C:0978H         LINE#         1212
  C:097BH         LINE#         1213
  C:0982H         LINE#         1214
  C:0982H         LINE#         1216
  C:098AH         LINE#         1217
  C:098AH         LINE#         1218
  C:098EH         LINE#         1219
  C:0993H         LINE#         1220
  C:099AH         LINE#         1221
  C:099DH         LINE#         1222
  C:09A4H         LINE#         1223
  C:09A4H         LINE#         1225
  C:09ACH         LINE#         1226
  C:09ACH         LINE#         1227
  C:09B2H         LINE#         1228
  C:09B7H         LINE#         1229
  C:09BEH         LINE#         1230
  C:09C1H         LINE#         1231
  C:09C8H         LINE#         1232
  C:09C8H         LINE#         1234
  C:09D0H         LINE#         1235
  C:09D0H         LINE#         1236
  C:09D6H         LINE#         1237
  C:09DBH         LINE#         1238
  C:09E2H         LINE#         1239
  C:09E5H         LINE#         1240
  C:09ECH         LINE#         1241
  C:09ECH         LINE#         1251
  C:09FBH         LINE#         1254
  C:0A14H         LINE#         1255
  C:0A14H         LINE#         1256
  C:0A1AH         LINE#         1257
  C:0A1FH         LINE#         1258
  C:0A21H         LINE#         1260
  C:0A21H         LINE#         1261
  C:0A26H         LINE#         1262
  C:0A2CH         LINE#         1264
  C:0A2CH         LINE#         1266
  C:0A34H         LINE#         1267
  C:0A34H         LINE#         1268
  C:0A35H         LINE#         1269
  C:0A4AH         LINE#         1270
  C:0A51H         LINE#         1274
  C:0A53H         LINE#         1275
  C:0A5BH         LINE#         1276
  C:0A5BH         LINE#         1277
  C:0A5CH         LINE#         1278
  C:0A63H         LINE#         1279
BL51 BANKED LINKER/LOCATER V6.22.2.0                                                  01/14/2021  17:25:38  PAGE 63


  C:0A63H         LINE#         1311
  C:0A6BH         LINE#         1312
  C:0A71H         LINE#         1314
  C:0A75H         LINE#         1315
  C:0A78H         LINE#         1317
  C:0A78H         LINE#         1320
  C:0A85H         LINE#         1321
  C:0A85H         LINE#         1325
  C:0A89H         LINE#         1326
  C:0A8CH         LINE#         1327
  C:0A92H         LINE#         1328
  C:0A92H         LINE#         1329
  C:0A95H         LINE#         1331
  C:0A95H         LINE#         1347
  C:0AA0H         LINE#         1348
  C:0AA0H         LINE#         1349
  C:0AADH         LINE#         1350
  C:0AADH         LINE#         1351
  C:0AB1H         LINE#         1353
  C:0AB3H         LINE#         1355
  C:0AB5H         LINE#         1358
  C:0ABDH         LINE#         1359
  C:0AC6H         LINE#         1360
  C:0AC8H         LINE#         1362
  C:0AD0H         LINE#         1363
  C:0AD9H         LINE#         1364
  C:0ADBH         LINE#         1366
  C:0ADBH         LINE#         1368
  C:0AE6H         LINE#         1369
  C:0AE6H         LINE#         1370
  C:0AE8H         LINE#         1371
  C:0AEBH         LINE#         1373
  C:0AEBH         LINE#         1375
  C:0AF5H         LINE#         1376
  C:0AF5H         LINE#         1378
  C:0B18H         LINE#         1379
  C:0B18H         LINE#         1380
  C:0B23H         LINE#         1381
  C:0B27H         LINE#         1383
  C:0B29H         LINE#         1384
  C:0B2CH         LINE#         1385
  C:0B36H         LINE#         1386
  C:0B39H         LINE#         1390
  C:0B43H         LINE#         1391
  C:0B43H         LINE#         1393
  C:0B66H         LINE#         1394
  C:0B66H         LINE#         1395
  C:0B71H         LINE#         1396
  C:0B75H         LINE#         1398
  C:0B77H         LINE#         1399
  C:0B79H         LINE#         1400
  C:0B83H         LINE#         1401
  C:0B85H         LINE#         1403
  C:0B85H         LINE#         1404
  C:0B87H         LINE#         1405
  C:0B91H         LINE#         1406
  C:0B91H         LINE#         1408
BL51 BANKED LINKER/LOCATER V6.22.2.0                                                  01/14/2021  17:25:38  PAGE 64


  C:0BB4H         LINE#         1409
  C:0BB4H         LINE#         1410
  C:0BBFH         LINE#         1411
  C:0BC3H         LINE#         1413
  C:0BC5H         LINE#         1414
  C:0BC7H         LINE#         1415
  C:0BD1H         LINE#         1416
  C:0BD8H         LINE#         1418
  C:0BE1H         LINE#         1419
  C:0BE1H         LINE#         1422
  C:0BE1H         LINE#         1424
  C:0BE7H         LINE#         1427
  C:0BE9H         LINE#         1429
  C:0BE9H         LINE#         1430
  C:0BF0H         LINE#         1431
  C:0BF2H         LINE#         1432
  C:0BF5H         LINE#         1433
  C:0BFAH         LINE#         1434
  C:0C0AH         LINE#         1435
  C:0C0FH         LINE#         1436
  C:0C18H         LINE#         1437
  C:0C21H         LINE#         1438
  C:0C21H         LINE#         1440
  C:0C21H         LINE#         1441
  C:0C21H         LINE#         1442
  C:0C24H         LINE#         1443
  C:0C24H         LINE#         1445
  C:0C2CH         LINE#         1446
  C:0C34H         LINE#         1455
  C:0C4BH         LINE#         1456
  C:0C4BH         LINE#         1457
  C:0C50H         LINE#         1458
  C:0C59H         LINE#         1459
  C:0C59H         LINE#         1461
  C:0C70H         LINE#         1462
  C:0C70H         LINE#         1463
  C:0C75H         LINE#         1464
  C:0C7EH         LINE#         1465
  C:0C7EH         LINE#         1468
  C:0C86H         LINE#         1469
  C:0C86H         LINE#         1470
  C:0C94H         LINE#         1471
  C:0C94H         LINE#         1475
  C:0C9BH         LINE#         1476
  C:0C9EH         LINE#         1477
  C:0C9EH         LINE#         1479
  C:0C9EH         LINE#         1481
  C:0CC4H         LINE#         1482
  C:0CC4H         LINE#         1484
  C:0CC4H         LINE#         1486
  C:0CD1H         LINE#         1487
  C:0CD1H         LINE#         1491
  C:0CD5H         LINE#         1492
  C:0CD5H         LINE#         1494
  C:0CE1H         LINE#         1495
  C:0CE1H         LINE#         1499
  C:0CE5H         LINE#         1500
BL51 BANKED LINKER/LOCATER V6.22.2.0                                                  01/14/2021  17:25:38  PAGE 65


  C:0CEEH         LINE#         1501
  C:0CF8H         LINE#         1502
  C:0D00H         LINE#         1503
  C:0D00H         LINE#         1504
  C:0D07H         LINE#         1505
  C:0D0AH         LINE#         1506
  C:0D0AH         LINE#         1507
  C:0D0AH         LINE#         1508
  C:0D29H         LINE#         1509
  C:0D29H         LINE#         1510
  C:0D2EH         LINE#         1512
  C:0D38H         LINE#         1513
  C:0D40H         LINE#         1518
  C:0D43H         LINE#         1519
  C:0D45H         LINE#         1520
  C:0D61H         LINE#         1521
  C:0D61H         LINE#         1522
  C:0D63H         LINE#         1523
  C:0D6AH         LINE#         1525
  C:0D76H         LINE#         1526
  C:0D7AH         LINE#         1527
  C:0D7AH         LINE#         1528
  C:0D81H         LINE#         1529
  C:0D86H         LINE#         1530
  C:0D88H         LINE#         1532
  C:0D88H         LINE#         1533
  C:0D88H         LINE#         1535
  C:0D8AH         LINE#         1536
  C:0D8AH         LINE#         1537
  C:0D8AH         LINE#         1538
  C:0D8AH         LINE#         1539
  C:0D8AH         LINE#         1540
  C:0D8AH         LINE#         1542
  C:0D91H         LINE#         1553
  C:0D98H         LINE#         1554
  C:0D98H         LINE#         1559
  C:0D98H         LINE#         1619
  C:0D9EH         LINE#         1620
  C:0DA1H         LINE#         1621
  C:0DA1H         LINE#         1635
  C:0DA9H         LINE#         1636
  C:0DA9H         LINE#         1638
  C:0DB7H         LINE#         1639
  C:0DB7H         LINE#         1640
  C:0DBFH         LINE#         1641
  C:0DBFH         LINE#         1643
  C:0DC8H         LINE#         1644
  C:0DCEH         LINE#         1645
  C:0DD0H         LINE#         1647
  C:0DD0H         LINE#         1648
  C:0DD3H         LINE#         1649
  C:0DD3H         LINE#         1651
  C:0DD5H         LINE#         1653
  C:0DD7H         LINE#         1654
  C:0DD7H         LINE#         1659
  C:0DDCH         LINE#         1662
  C:0DE5H         LINE#         1663
BL51 BANKED LINKER/LOCATER V6.22.2.0                                                  01/14/2021  17:25:38  PAGE 66


  C:0DE5H         LINE#         1665
  C:0DE7H         LINE#         1666
  C:0DE9H         LINE#         1667
  C:0DEAH         LINE#         1669
  C:0DEAH         LINE#         1670
  C:0DF7H         LINE#         1671
  C:0DF9H         LINE#         1672
  C:0DFBH         LINE#         1674
  C:0DFBH         LINE#         1675
  C:0E05H         LINE#         1676
  C:0E07H         LINE#         1677
  C:0E09H         LINE#         1678
  C:0E09H         LINE#         1679
  C:0E13H         LINE#         1680
  C:0E15H         LINE#         1681
  C:0E17H         LINE#         1683
  C:0E17H         LINE#         1684
  C:0E21H         LINE#         1685
  C:0E23H         LINE#         1686
  C:0E25H         LINE#         1689
  C:0E25H         LINE#         1690
  C:0E2FH         LINE#         1691
  C:0E34H         LINE#         1692
  C:0E34H         LINE#         1695
  C:0E34H         LINE#         1697
  C:0E3BH         LINE#         1699
  C:0E40H         LINE#         1700
  C:0E40H         LINE#         1701
  C:0E41H         LINE#         1702
  C:0E47H         LINE#         1703
  C:0E47H         LINE#         1705
  C:0E4FH         LINE#         1706
  C:0E4FH         LINE#         1707
  C:0E50H         LINE#         1708
  C:0E56H         LINE#         1709
  C:0E56H         LINE#         1711
  C:0E5EH         LINE#         1712
  C:0E5EH         LINE#         1713
  C:0E5FH         LINE#         1714
  C:0E65H         LINE#         1715
  C:0E65H         LINE#         1717
  C:0E68H         LINE#         1719
  C:0E71H         LINE#         1720
  C:0E71H         LINE#         1722
  C:0E71H         LINE#         1724
  C:0E77H         LINE#         1726
  C:0E77H         LINE#         1728
  C:0E77H         LINE#         1729
  C:0E77H         LINE#         1730
  C:0E77H         LINE#         1731
  -------         ENDPROC       _SYSTIMEREVENTPROC
  -------         ENDMOD        SYSTIMER

  -------         MODULE        ?C?FPADD
  C:0E7FH         PUBLIC        ?C?FPADD
  C:0E7BH         PUBLIC        ?C?FPSUB
  -------         ENDMOD        ?C?FPADD
BL51 BANKED LINKER/LOCATER V6.22.2.0                                                  01/14/2021  17:25:38  PAGE 67



  -------         MODULE        ?C?FPMUL
  C:0F70H         PUBLIC        ?C?FPMUL
  -------         ENDMOD        ?C?FPMUL

  -------         MODULE        ?C?FPDIV
  C:1079H         PUBLIC        ?C?FPDIV
  -------         ENDMOD        ?C?FPDIV

  -------         MODULE        ?C?FCAST
  C:1120H         PUBLIC        ?C?FCASTC
  C:111BH         PUBLIC        ?C?FCASTI
  C:1116H         PUBLIC        ?C?FCASTL
  -------         ENDMOD        ?C?FCAST

  -------         MODULE        ?C?CASTF
  C:1154H         PUBLIC        ?C?CASTF
  -------         ENDMOD        ?C?CASTF

  -------         MODULE        ?C?COPY
  C:12A5H         PUBLIC        ?C?COPY
  -------         ENDMOD        ?C?COPY

  -------         MODULE        ?C?CLDPTR
  C:12CBH         PUBLIC        ?C?CLDPTR
  -------         ENDMOD        ?C?CLDPTR

  -------         MODULE        ?C?CLDOPTR
  C:12E4H         PUBLIC        ?C?CLDOPTR
  -------         ENDMOD        ?C?CLDOPTR

  -------         MODULE        ?C?CILDPTR
  C:1311H         PUBLIC        ?C?CILDPTR
  -------         ENDMOD        ?C?CILDPTR

  -------         MODULE        ?C?CSTOPTR
  C:1333H         PUBLIC        ?C?CSTOPTR
  -------         ENDMOD        ?C?CSTOPTR

  -------         MODULE        ?C?IMUL
  C:1355H         PUBLIC        ?C?IMUL
  -------         ENDMOD        ?C?IMUL

  -------         MODULE        ?C?UIDIV
  C:1367H         PUBLIC        ?C?UIDIV
  -------         ENDMOD        ?C?UIDIV

  -------         MODULE        ?C?SIDIV
  C:13BCH         PUBLIC        ?C?SIDIV
  -------         ENDMOD        ?C?SIDIV

  -------         MODULE        ?C?IILDX
  C:13F2H         PUBLIC        ?C?IILDX
  -------         ENDMOD        ?C?IILDX

  -------         MODULE        ?C?ILDIX
  C:1408H         PUBLIC        ?C?ILDIX
BL51 BANKED LINKER/LOCATER V6.22.2.0                                                  01/14/2021  17:25:38  PAGE 68


  -------         ENDMOD        ?C?ILDIX

  -------         MODULE        ?C?ILDPTR
  C:141EH         PUBLIC        ?C?ILDPTR
  -------         ENDMOD        ?C?ILDPTR

  -------         MODULE        ?C?ILDOPTR
  C:1449H         PUBLIC        ?C?ILDOPTR
  -------         ENDMOD        ?C?ILDOPTR

  -------         MODULE        ?C?ISTPTR
  C:1481H         PUBLIC        ?C?ISTPTR
  -------         ENDMOD        ?C?ISTPTR

  -------         MODULE        ?C?LMUL
  C:14A0H         PUBLIC        ?C?LMUL
  -------         ENDMOD        ?C?LMUL

  -------         MODULE        ?C?ULDIV
  C:152BH         PUBLIC        ?C?ULDIV
  -------         ENDMOD        ?C?ULDIV

  -------         MODULE        ?C?LNEG
  C:15BDH         PUBLIC        ?C?LNEG
  -------         ENDMOD        ?C?LNEG

  -------         MODULE        ?C?SLCMP
  C:15CBH         PUBLIC        ?C?SLCMP
  -------         ENDMOD        ?C?SLCMP

  -------         MODULE        ?C?ULCMP
  C:15E1H         PUBLIC        ?C?ULCMP
  -------         ENDMOD        ?C?ULCMP

  -------         MODULE        ?C?SLSHR
  C:15F2H         PUBLIC        ?C?SLSHR
  -------         ENDMOD        ?C?SLSHR

  -------         MODULE        ?C?LLDPTR
  C:1606H         PUBLIC        ?C?LLDPTR
  -------         ENDMOD        ?C?LLDPTR

  -------         MODULE        ?C?LSTXDATA
  C:1626H         PUBLIC        ?C?LSTXDATA
  -------         ENDMOD        ?C?LSTXDATA

  -------         MODULE        ?C?LSTKXDATA
  C:1632H         PUBLIC        ?C?LSTKXDATA
  -------         ENDMOD        ?C?LSTKXDATA

  -------         MODULE        ?C?PLDPTR
  C:1663H         PUBLIC        ?C?PLDPTR
  -------         ENDMOD        ?C?PLDPTR

  -------         MODULE        ?C?CCASE
  C:1683H         PUBLIC        ?C?CCASE
  -------         ENDMOD        ?C?CCASE
BL51 BANKED LINKER/LOCATER V6.22.2.0                                                  01/14/2021  17:25:38  PAGE 69



  -------         MODULE        ABS
  C:4D07H         PUBLIC        _ABS
  -------         ENDMOD        ABS

  -------         MODULE        ?C?LLDIDATA
  C:16A9H         PUBLIC        ?C?LLDIDATA
  -------         ENDMOD        ?C?LLDIDATA

  -------         MODULE        ?C?LLDXDATA
  C:16B5H         PUBLIC        ?C?LLDXDATA
  -------         ENDMOD        ?C?LLDXDATA

  -------         MODULE        ?C?LLDPDATA
  C:16C1H         PUBLIC        ?C?LLDPDATA
  -------         ENDMOD        ?C?LLDPDATA

  -------         MODULE        ?C?LLDCODE
  C:16CDH         PUBLIC        ?C?LLDCODE
  -------         ENDMOD        ?C?LLDCODE

  -------         MODULE        ?C?PLDIDATA
  C:16DDH         PUBLIC        ?C?PLDIDATA
  -------         ENDMOD        ?C?PLDIDATA

  -------         MODULE        ?C?PLDXDATA
  C:16E6H         PUBLIC        ?C?PLDXDATA
  -------         ENDMOD        ?C?PLDXDATA

  -------         MODULE        ?C?PLDPDATA
  C:16EFH         PUBLIC        ?C?PLDPDATA
  -------         ENDMOD        ?C?PLDPDATA

  -------         MODULE        ?C?PLDCODE
  C:16F8H         PUBLIC        ?C?PLDCODE
  -------         ENDMOD        ?C?PLDCODE

Program Size: data=109.5 xdata=644 code=19740
LINK/LOCATE RUN COMPLETE.  0 WARNING(S),  0 ERROR(S)
