BL51 BANKED LINKER/LOCATER V6.22.2.0                                                    11/30/2020  09:23:01  PAGE 1


BL51 BANKED LINKER/LOCATER V6.22.2.0, INVOKED BY:
C:\KEIL_V5\C51\BIN\BL51.EXE .\Output\STARTUP.obj, .\Output\CPU.obj, .\Output\etc_eep.obj, .\Output\HS_DVRProtocol.obj, .
>> \Output\i2c.obj, .\Output\keyremo.obj, .\Output\main.obj, .\Output\monitor.obj, .\Output\Printf.obj, .\Output\SysPowe
>> r.obj, .\Output\SysTimer.obj TO .\Output\ml070i_MRMCU PRINT (.\Listings\ml070i_MRMCU.m51) RAMSIZE (256)


MEMORY MODEL: LARGE WITH FLOATING POINT ARITHMETIC


INPUT MODULES INCLUDED:
  .\Output\STARTUP.obj (?C_STARTUP)
  .\Output\CPU.obj (CPU)
  .\Output\etc_eep.obj (ETC_EEP)
  .\Output\HS_DVRProtocol.obj (HS_DVRPROTOCOL)
  .\Output\i2c.obj (I2C)
  .\Output\keyremo.obj (KEYREMO)
  .\Output\main.obj (MAIN)
  .\Output\monitor.obj (MONITOR)
  .\Output\Printf.obj (PRINTF)
  .\Output\SysPower.obj (SYSPOWER)
  .\Output\SysTimer.obj (SYSTIMER)
  C:\KEIL_V5\C51\LIB\C51FPL.LIB (?C?FPADD)
  C:\KEIL_V5\C51\LIB\C51FPL.LIB (?C?FPMUL)
  C:\KEIL_V5\C51\LIB\C51FPL.LIB (?C?FPDIV)
  C:\KEIL_V5\C51\LIB\C51FPL.LIB (?C?FCAST)
  C:\KEIL_V5\C51\LIB\C51FPL.LIB (?C?CASTF)
  C:\KEIL_V5\C51\LIB\C51FPL.LIB (?C?FPGETOPN)
  C:\KEIL_V5\C51\LIB\C51L.LIB (?C_INIT)
  C:\KEIL_V5\C51\LIB\C51L.LIB (?C?COPY)
  C:\KEIL_V5\C51\LIB\C51L.LIB (?C?CLDPTR)
  C:\KEIL_V5\C51\LIB\C51L.LIB (?C?CLDOPTR)
  C:\KEIL_V5\C51\LIB\C51L.LIB (?C?CILDPTR)
  C:\KEIL_V5\C51\LIB\C51L.LIB (?C?CSTOPTR)
  C:\KEIL_V5\C51\LIB\C51L.LIB (?C?IMUL)
  C:\KEIL_V5\C51\LIB\C51L.LIB (?C?UIDIV)
  C:\KEIL_V5\C51\LIB\C51L.LIB (?C?SIDIV)
  C:\KEIL_V5\C51\LIB\C51L.LIB (?C?IILDX)
  C:\KEIL_V5\C51\LIB\C51L.LIB (?C?ILDIX)
  C:\KEIL_V5\C51\LIB\C51L.LIB (?C?ILDPTR)
  C:\KEIL_V5\C51\LIB\C51L.LIB (?C?ILDOPTR)
  C:\KEIL_V5\C51\LIB\C51L.LIB (?C?ISTPTR)
  C:\KEIL_V5\C51\LIB\C51L.LIB (?C?LMUL)
  C:\KEIL_V5\C51\LIB\C51L.LIB (?C?ULDIV)
  C:\KEIL_V5\C51\LIB\C51L.LIB (?C?LNEG)
  C:\KEIL_V5\C51\LIB\C51L.LIB (?C?SLCMP)
  C:\KEIL_V5\C51\LIB\C51L.LIB (?C?ULCMP)
  C:\KEIL_V5\C51\LIB\C51L.LIB (?C?SLSHR)
  C:\KEIL_V5\C51\LIB\C51L.LIB (?C?LLDPTR)
  C:\KEIL_V5\C51\LIB\C51L.LIB (?C?LSTXDATA)
  C:\KEIL_V5\C51\LIB\C51L.LIB (?C?LSTKXDATA)
  C:\KEIL_V5\C51\LIB\C51L.LIB (?C?PLDPTR)
  C:\KEIL_V5\C51\LIB\C51L.LIB (?C?CCASE)
  C:\KEIL_V5\C51\LIB\C51L.LIB (ABS)
  C:\KEIL_V5\C51\LIB\C51L.LIB (?C?LLDIDATA)
  C:\KEIL_V5\C51\LIB\C51L.LIB (?C?LLDXDATA)
  C:\KEIL_V5\C51\LIB\C51L.LIB (?C?LLDPDATA)
  C:\KEIL_V5\C51\LIB\C51L.LIB (?C?LLDCODE)
  C:\KEIL_V5\C51\LIB\C51L.LIB (?C?PLDIDATA)
BL51 BANKED LINKER/LOCATER V6.22.2.0                                                  11/30/2020  09:23:01  PAGE 2


  C:\KEIL_V5\C51\LIB\C51L.LIB (?C?PLDXDATA)
  C:\KEIL_V5\C51\LIB\C51L.LIB (?C?PLDPDATA)
  C:\KEIL_V5\C51\LIB\C51L.LIB (?C?PLDCODE)


LINK MAP OF MODULE:  .\Output\ml070i_MRMCU (?C_STARTUP)


            TYPE    BASE      LENGTH    RELOCATION   SEGMENT NAME
            -----------------------------------------------------

            * * * * * * *   D A T A   M E M O R Y   * * * * * * *
            REG     0000H     0008H     ABSOLUTE     "REG BANK 0"
            REG     0008H     0008H     ABSOLUTE     "REG BANK 1"
            DATA    0010H     0001H     UNIT         ?DT?MONITOR
            IDATA   0011H     0002H     UNIT         ?ID?SYSPOWER
                    0013H     000DH                  *** GAP ***
            BIT     0020H.0   0000H.6   UNIT         ?BI?CPU
            BIT     0020H.6   0000H.3   UNIT         ?BI?MONITOR
            BIT     0021H.1   0000H.2   UNIT         _BIT_GROUP_
            BIT     0021H.3   0000H.1   UNIT         ?BI?HS_DVRPROTOCOL
            BIT     0021H.4   0000H.1   UNIT         ?BI?SYSTIMER
                    0021H.5   0000H.3                *** GAP ***
            DATA    0022H     0058H     UNIT         ?DT?CPU
            IDATA   007AH     0001H     UNIT         ?STACK

            * * * * * * *  X D A T A   M E M O R Y  * * * * * * *
            XDATA   0000H     0106H     UNIT         ?XD?HS_DVRPROTOCOL
            XDATA   0106H     006FH     UNIT         ?XD?MAIN
            XDATA   0175H     005CH     UNIT         ?XD?SYSTIMER
            XDATA   01D1H     004AH     UNIT         _XDATA_GROUP_
            XDATA   021BH     0038H     UNIT         ?XD?MONITOR
            XDATA   0253H     0018H     UNIT         ?XD?CPU
            XDATA   026BH     0018H     UNIT         ?XD?PRINTF

            * * * * * * *   C O D E   M E M O R Y   * * * * * * *
            CODE    0000H     0003H     ABSOLUTE     
            CODE    0003H     0008H     UNIT         ?PR?_RS2_TX?CPU
            CODE    000BH     0003H     ABSOLUTE     
            CODE    000EH     0004H     UNIT         ?PR?ISP_INIT?MAIN
                    0012H     0001H                  *** GAP ***
            CODE    0013H     0003H     ABSOLUTE     
            CODE    0016H     000DH     UNIT         ?PR?I2CSTOP?I2C
            CODE    0023H     0003H     ABSOLUTE     
            CODE    0026H     0003H     UNIT         ?PR?EXT1_INT?CPU
                    0029H     0002H                  *** GAP ***
            CODE    002BH     0003H     ABSOLUTE     
                    002EH     0005H                  *** GAP ***
            CODE    0033H     0003H     ABSOLUTE     
                    0036H     0005H                  *** GAP ***
            CODE    003BH     0003H     ABSOLUTE     
            CODE    003EH     0022H     UNIT         ?PR?MCUTIMERINITIALTIMEREVENT?SYSTIMER
                    0060H     0003H                  *** GAP ***
            CODE    0063H     0003H     ABSOLUTE     
            CODE    0066H     0DEDH     UNIT         ?PR?_SYSTIMEREVENTPROC?SYSTIMER
            CODE    0E53H     088CH     UNIT         ?C?LIB_CODE
            CODE    16DFH     0556H     UNIT         ?PR?_DOPRINT?PRINTF
BL51 BANKED LINKER/LOCATER V6.22.2.0                                                  11/30/2020  09:23:01  PAGE 3


            CODE    1C35H     043EH     UNIT         ?PR?DVRRECEIVEPASER?HS_DVRPROTOCOL
            CODE    2073H     0427H     UNIT         ?PR?ENCORDERHANDLER?MAIN
            CODE    249AH     041BH     UNIT         ?PR?SHOWWORKINGTIMER?CPU
            CODE    28B5H     0408H     UNIT         ?CO?CPU
            CODE    2CBDH     02B5H     UNIT         ?PR?TIMER0_INT?CPU
            CODE    2F72H     029EH     UNIT         ?PR?_USERINTERFACEBATTERYCHARGEMODE?SYSPOWER
            CODE    3210H     023AH     UNIT         ?PR?_MCU_SENDCMDTODVR?MAIN
            CODE    344AH     01C8H     UNIT         ?C_INITSEG
            CODE    3612H     0176H     UNIT         ?PR?_MAPPING1?MAIN
            CODE    3788H     012EH     UNIT         ?PR?_MCUTIMERCHECKTIMEREVENT?SYSTIMER
            CODE    38B6H     00FFH     UNIT         ?PR?MAIN_INIT?CPU
            CODE    39B5H     00E5H     UNIT         ?PR?_MCUTIMERACTIVETIMEREVENT?SYSTIMER
            CODE    3A9AH     00DFH     UNIT         ?PR?_USERINTERFACETIMEREVENTPROC?SYSTIMER
            CODE    3B79H     00DEH     UNIT         ?PR?_MCUTIMERREACTIVETIMEREVENT?SYSTIMER
            CODE    3C57H     00C2H     UNIT         ?PR?WAITPOWERON?MAIN
            CODE    3D19H     00BCH     UNIT         ?PR?_USERINTERFACEPOWERSWITCH?SYSPOWER
            CODE    3DD5H     00ADH     UNIT         ?PR?_MCULIB_PROTOCOLAPPEND?MAIN
            CODE    3E82H     00A0H     UNIT         ?PR?LOADEEPROM?MAIN
            CODE    3F22H     0090H     UNIT         ?PR?_MCULIB_PROTOCOLSENDCMDWITHPARAMNUM?MAIN
            CODE    3FB2H     008CH     UNIT         ?C_C51STARTUP
            CODE    403EH     0085H     UNIT         ?PR?SYSTIMERHANDLER?SYSTIMER
            CODE    40C3H     0084H     UNIT         ?PR?SYSPOWERHANDLER?SYSPOWER
            CODE    4147H     0082H     UNIT         ?PR?MAIN?MAIN
            CODE    41C9H     007EH     UNIT         ?PR?_AD5110_I2CWRITEDATA?I2C
            CODE    4247H     007BH     UNIT         ?PR?_I2CWRITEDATA?I2C
            CODE    42C2H     007BH     UNIT         ?CO?MAIN
            CODE    433DH     0079H     UNIT         ?PR?_POWERLED?CPU
            CODE    43B6H     0066H     UNIT         ?PR?_SET_PWM?CPU
            CODE    441CH     005FH     UNIT         ?PR?CLEARBASICEE?ETC_EEP
            CODE    447BH     0053H     UNIT         ?PR?INITIALTIMEREVENT?MAIN
            CODE    44CEH     004FH     UNIT         ?PR?INITCPU?CPU
            CODE    451DH     004EH     UNIT         ?CO?PRINTF
            CODE    456BH     004AH     UNIT         ?PR?GETFWREVEE?ETC_EEP
            CODE    45B5H     004AH     UNIT         ?PR?MCUTIMERGETTIMERCOUNTER?SYSTIMER
            CODE    45FFH     0047H     UNIT         ?PR?GETPROJECTNAMEEE?ETC_EEP
            CODE    4646H     0047H     UNIT         ?PR?_WRITEEEP?I2C
            CODE    468DH     0046H     UNIT         ?PR?_GRAPHICSPRINT?PRINTF
            CODE    46D3H     0041H     UNIT         ?PR?_MCUTIMERCANCELTIMEREVENT?SYSTIMER
            CODE    4714H     003EH     UNIT         ?PR?_SETAD5110STEP?MAIN
            CODE    4752H     003EH     UNIT         ?PR?_PRINTF?PRINTF
            CODE    4790H     003EH     UNIT         ?PR?_DEBUG_MESSAGE?PRINTF
            CODE    47CEH     003BH     UNIT         ?PR?SERIAL2_INT?CPU
            CODE    4809H     0039H     UNIT         ?PR?_READI2C?I2C
            CODE    4842H     0033H     UNIT         ?PR?I2CREADDATA?I2C
            CODE    4875H     0033H     UNIT         ?PR?_ISP_WRITE?MAIN
            CODE    48A8H     002FH     UNIT         ?PR?SET_MCU_POWER_DOWN_MODE?CPU
            CODE    48D7H     002FH     UNIT         ?PR?SERIAL_INT?CPU
            CODE    4906H     002EH     UNIT         ?PR?SCANKEY?KEYREMO
            CODE    4934H     002CH     UNIT         ?PR?SYSPOWERINITIAL?SYSPOWER
            CODE    4960H     002CH     UNIT         ?PR?_SYSPOWERSWITCH?SYSPOWER
            CODE    498CH     0026H     UNIT         ?PR?_READEEP?I2C
            CODE    49B2H     0021H     UNIT         ?PR?ENTER_ISP?MAIN
            CODE    49D3H     0020H     UNIT         ?PR?_WRITEAD5110?I2C
            CODE    49F3H     0020H     UNIT         ?PR?_GETADCVALUE?MAIN
            CODE    4A13H     001FH     UNIT         ?PR?INT2_INT?CPU
            CODE    4A32H     001FH     UNIT         ?PR?INT3_INT?CPU
            CODE    4A51H     001FH     UNIT         ?PR?MAIN_LOOP?MAIN
BL51 BANKED LINKER/LOCATER V6.22.2.0                                                  11/30/2020  09:23:01  PAGE 4


            CODE    4A70H     001EH     UNIT         ?PR?RS2_RX?CPU
            CODE    4A8EH     001BH     UNIT         ?PR?_GETKEY?KEYREMO
            CODE    4AA9H     0019H     UNIT         ?PR?SAVEFWREVEE?ETC_EEP
            CODE    4AC2H     0019H     UNIT         ?PR?_MCUTIMERDELAYXMS?SYSTIMER
            CODE    4ADBH     0018H     UNIT         ?PR?_DELAY?CPU
            CODE    4AF3H     0018H     UNIT         ?CO?SYSPOWER
            CODE    4B0BH     0016H     UNIT         ?PR?CHECK_ADAP_IN?CPU
            CODE    4B21H     0016H     UNIT         ?PR?INITVARS?CPU
            CODE    4B37H     0015H     UNIT         ?PR?_MCUTIMERGETEVENTID?SYSTIMER
            CODE    4B4CH     0014H     UNIT         ?PR?I2CDELAY?I2C
            CODE    4B60H     0014H     UNIT         ?PR?_MCUTIMERGETEVENTTIME?SYSTIMER
            CODE    4B74H     0013H     UNIT         ?PR?_MCUTIMERCLREVENTVALID?SYSTIMER
            CODE    4B87H     0012H     UNIT         ?CO?ETC_EEP
            CODE    4B99H     0012H     UNIT         ?PR?I2CSTART?I2C
            CODE    4BABH     0011H     UNIT         ?PR?_MCUTIMERCHECKEVENTVALID?SYSTIMER
            CODE    4BBCH     000FH     UNIT         ?PR?TIMER2_INT?CPU
            CODE    4BCBH     000CH     UNIT         ?PR?_ABS?ABS
            CODE    4BD7H     000BH     UNIT         ?PR?RS2_READY?CPU
            CODE    4BE2H     0007H     UNIT         ?PR?GETBATTERYBTH?MAIN
            CODE    4BE9H     0007H     UNIT         ?PR?GETBATTERYVOLTAGE?MAIN



OVERLAY MAP OF MODULE:   .\Output\ml070i_MRMCU (?C_STARTUP)


SEGMENT                                             BIT_GROUP          XDATA_GROUP
  +--> CALLED SEGMENT                            START    LENGTH     START    LENGTH
------------------------------------------------------------------------------------
?C_C51STARTUP                                    -----    -----      -----    -----
  +--> ?PR?MAIN?MAIN
  +--> ?C_INITSEG

?PR?MAIN?MAIN                                    -----    -----      -----    -----
  +--> ?PR?INITCPU?CPU
  +--> ?PR?SYSPOWERINITIAL?SYSPOWER
  +--> ?CO?MAIN
  +--> ?PR?_PRINTF?PRINTF
  +--> ?PR?MAIN_INIT?CPU
  +--> ?PR?INITVARS?CPU
  +--> ?PR?LOADEEPROM?MAIN
  +--> ?PR?INITIALTIMEREVENT?MAIN
  +--> ?PR?_SETAD5110STEP?MAIN
  +--> ?PR?CHECK_ADAP_IN?CPU
  +--> ?PR?MAIN_LOOP?MAIN
  +--> ?PR?WAITPOWERON?MAIN

?PR?SYSPOWERINITIAL?SYSPOWER                     -----    -----      -----    -----
  +--> ?PR?_MCUTIMERDELAYXMS?SYSTIMER
  +--> ?CO?SYSPOWER
  +--> ?PR?_DEBUG_MESSAGE?PRINTF

?PR?_DEBUG_MESSAGE?PRINTF                        -----    -----      01D1H    002EH
  +--> ?PR?_DOPRINT?PRINTF

?PR?_DOPRINT?PRINTF                              0021H.1  0000H.2    0206H    0015H
  +--> ?CO?PRINTF
BL51 BANKED LINKER/LOCATER V6.22.2.0                                                  11/30/2020  09:23:01  PAGE 5



?PR?_PRINTF?PRINTF                               -----    -----      01D8H    002EH
  +--> ?PR?_DOPRINT?PRINTF

?PR?MAIN_INIT?CPU                                -----    -----      01D1H    0004H
  +--> ?PR?GETFWREVEE?ETC_EEP
  +--> ?PR?_READEEP?I2C
  +--> ?CO?CPU
  +--> ?PR?_PRINTF?PRINTF
  +--> ?PR?SAVEFWREVEE?ETC_EEP
  +--> ?PR?GETPROJECTNAMEEE?ETC_EEP
  +--> ?PR?CLEARBASICEE?ETC_EEP
  +--> ?PR?_DELAY?CPU

?PR?GETFWREVEE?ETC_EEP                           -----    -----      -----    -----
  +--> ?PR?_READEEP?I2C

?PR?_READEEP?I2C                                 -----    -----      01F9H    0001H
  +--> ?PR?_READI2C?I2C
  +--> ?PR?_DELAY?CPU

?PR?_READI2C?I2C                                 -----    -----      01FAH    0003H
  +--> ?PR?I2CSTART?I2C
  +--> ?PR?_I2CWRITEDATA?I2C
  +--> ?PR?I2CREADDATA?I2C
  +--> ?PR?I2CSTOP?I2C

?PR?I2CSTART?I2C                                 -----    -----      -----    -----
  +--> ?PR?I2CDELAY?I2C

?PR?_I2CWRITEDATA?I2C                            -----    -----      -----    -----
  +--> ?PR?I2CDELAY?I2C

?PR?I2CREADDATA?I2C                              -----    -----      -----    -----
  +--> ?PR?I2CDELAY?I2C

?PR?I2CSTOP?I2C                                  -----    -----      -----    -----
  +--> ?PR?I2CDELAY?I2C

?PR?SAVEFWREVEE?ETC_EEP                          -----    -----      -----    -----
  +--> ?PR?_WRITEEEP?I2C

?PR?_WRITEEEP?I2C                                -----    -----      01D5H    0004H
  +--> ?PR?I2CSTART?I2C
  +--> ?PR?_I2CWRITEDATA?I2C
  +--> ?PR?I2CSTOP?I2C
  +--> ?PR?_DELAY?CPU

?PR?GETPROJECTNAMEEE?ETC_EEP                     -----    -----      01D5H    0001H
  +--> ?PR?_READEEP?I2C

?PR?CLEARBASICEE?ETC_EEP                         -----    -----      -----    -----
  +--> ?CO?ETC_EEP
  +--> ?PR?_PRINTF?PRINTF
  +--> ?PR?_WRITEEEP?I2C

?PR?LOADEEPROM?MAIN                              -----    -----      -----    -----
BL51 BANKED LINKER/LOCATER V6.22.2.0                                                  11/30/2020  09:23:01  PAGE 6


  +--> ?PR?_READEEP?I2C
  +--> ?PR?_WRITEEEP?I2C

?PR?INITIALTIMEREVENT?MAIN                       -----    -----      -----    -----
  +--> ?PR?MCUTIMERINITIALTIMEREVENT?SYSTIMER
  +--> ?PR?_MCUTIMERACTIVETIMEREVENT?SYSTIMER

?PR?_MCUTIMERACTIVETIMEREVENT?SYSTIMER           -----    -----      01F1H    0004H
  +--> ?PR?_MCUTIMERCHECKTIMEREVENT?SYSTIMER

?PR?_MCUTIMERCHECKTIMEREVENT?SYSTIMER            -----    -----      01F5H    0005H
  +--> ?PR?MCUTIMERGETTIMERCOUNTER?SYSTIMER

?PR?MCUTIMERGETTIMERCOUNTER?SYSTIMER             -----    -----      01FAH    0002H
  +--> ?PR?_ABS?ABS

?PR?_SETAD5110STEP?MAIN                          -----    -----      01D5H    0002H
  +--> ?PR?_MAPPING1?MAIN
  +--> ?PR?_WRITEAD5110?I2C

?PR?_MAPPING1?MAIN                               -----    -----      01D7H    000FH

?PR?_WRITEAD5110?I2C                             -----    -----      -----    -----
  +--> ?PR?I2CSTART?I2C
  +--> ?PR?_AD5110_I2CWRITEDATA?I2C
  +--> ?PR?I2CSTOP?I2C
  +--> ?PR?_DELAY?CPU

?PR?_AD5110_I2CWRITEDATA?I2C                     -----    -----      -----    -----
  +--> ?PR?I2CDELAY?I2C

?PR?CHECK_ADAP_IN?CPU                            -----    -----      -----    -----
  +--> ?PR?_MCUTIMERDELAYXMS?SYSTIMER

?PR?MAIN_LOOP?MAIN                               -----    -----      -----    -----
  +--> ?CO?MAIN
  +--> ?PR?_PRINTF?PRINTF
  +--> ?PR?DVRRECEIVEPASER?HS_DVRPROTOCOL
  +--> ?PR?SYSTIMERHANDLER?SYSTIMER
  +--> ?PR?SYSPOWERHANDLER?SYSPOWER
  +--> ?PR?SCANKEY?KEYREMO
  +--> ?PR?ENCORDERHANDLER?MAIN

?PR?DVRRECEIVEPASER?HS_DVRPROTOCOL               -----    -----      01D1H    0001H
  +--> ?PR?RS2_READY?CPU
  +--> ?PR?RS2_RX?CPU
  +--> ?PR?_USERINTERFACEBATTERYCHARGEMODE?S...
  +--> ?PR?_MCUTIMERCANCELTIMEREVENT?SYSTIMER
  +--> ?PR?_MCUTIMERREACTIVETIMEREVENT?SYSTIMER
  +--> ?PR?_MCUTIMERACTIVETIMEREVENT?SYSTIMER
  +--> ?PR?_WRITEEEP?I2C
  +--> ?PR?_READEEP?I2C

?PR?_USERINTERFACEBATTERYCHARGEMODE?S...         -----    -----      01D5H    0001H
  +--> ?PR?_MCUTIMERCANCELTIMEREVENT?SYSTIMER
  +--> ?PR?_SET_PWM?CPU
  +--> ?PR?_USERINTERFACEPOWERSWITCH?SYSPOWER
BL51 BANKED LINKER/LOCATER V6.22.2.0                                                  11/30/2020  09:23:01  PAGE 7


  +--> ?PR?_MCUTIMERACTIVETIMEREVENT?SYSTIMER

?PR?_SET_PWM?CPU                                 -----    -----      01D6H    0002H
  +--> ?CO?CPU
  +--> ?PR?_PRINTF?PRINTF

?PR?_USERINTERFACEPOWERSWITCH?SYSPOWER           -----    -----      -----    -----
  +--> ?PR?_MCUTIMERDELAYXMS?SYSTIMER
  +--> ?PR?_MCUTIMERACTIVETIMEREVENT?SYSTIMER
  +--> ?PR?_MCU_SENDCMDTODVR?MAIN

?PR?_MCU_SENDCMDTODVR?MAIN                       -----    -----      01F1H    0008H
  +--> ?CO?MAIN
  +--> ?PR?_READEEP?I2C
  +--> ?PR?_MCULIB_PROTOCOLSENDCMDWITHPARAMN...

?PR?_MCULIB_PROTOCOLSENDCMDWITHPARAMN...         -----    -----      01F9H    0017H
  +--> ?PR?_MCULIB_PROTOCOLAPPEND?MAIN
  +--> ?PR?_RS2_TX?CPU

?PR?_MCULIB_PROTOCOLAPPEND?MAIN                  -----    -----      0210H    0007H

?PR?_MCUTIMERREACTIVETIMEREVENT?SYSTIMER         -----    -----      01D2H    0004H
  +--> ?PR?_MCUTIMERCHECKTIMEREVENT?SYSTIMER

?PR?SYSTIMERHANDLER?SYSTIMER                     -----    -----      01D1H    0004H
  +--> ?PR?MCUTIMERGETTIMERCOUNTER?SYSTIMER
  +--> ?PR?_MCUTIMERCHECKEVENTVALID?SYSTIMER
  +--> ?PR?_MCUTIMERGETEVENTTIME?SYSTIMER
  +--> ?PR?_MCUTIMERCLREVENTVALID?SYSTIMER
  +--> ?PR?_MCUTIMERGETEVENTID?SYSTIMER
  +--> ?PR?_USERINTERFACETIMEREVENTPROC?SYST...
  +--> ?PR?_SYSTIMEREVENTPROC?SYSTIMER

?PR?_USERINTERFACETIMEREVENTPROC?SYST...         -----    -----      -----    -----
  +--> ?PR?_SETAD5110STEP?MAIN
  +--> ?PR?_WRITEEEP?I2C
  +--> ?PR?_MCU_SENDCMDTODVR?MAIN
  +--> ?PR?_USERINTERFACEBATTERYCHARGEMODE?S...
  +--> ?PR?_MCUTIMERACTIVETIMEREVENT?SYSTIMER
  +--> ?PR?ENTER_ISP?MAIN
  +--> ?PR?_USERINTERFACEPOWERSWITCH?SYSPOWER

?PR?ENTER_ISP?MAIN                               -----    -----      01D5H    0001H
  +--> ?PR?ISP_INIT?MAIN
  +--> ?PR?_ISP_WRITE?MAIN

?PR?_ISP_WRITE?MAIN                              -----    -----      01D6H    0006H

?PR?_SYSTIMEREVENTPROC?SYSTIMER                  -----    -----      -----    -----
  +--> ?PR?_POWERLED?CPU
  +--> ?PR?_MCUTIMERDELAYXMS?SYSTIMER
  +--> ?PR?CHECK_ADAP_IN?CPU
  +--> ?PR?_MCUTIMERCHECKEVENTVALID?SYSTIMER
  +--> ?PR?_MCUTIMERCANCELTIMEREVENT?SYSTIMER
  +--> ?PR?_MCUTIMERACTIVETIMEREVENT?SYSTIMER
  +--> ?PR?_MCU_SENDCMDTODVR?MAIN
BL51 BANKED LINKER/LOCATER V6.22.2.0                                                  11/30/2020  09:23:01  PAGE 8


  +--> ?PR?GETBATTERYVOLTAGE?MAIN
  +--> ?PR?GETBATTERYBTH?MAIN
  +--> ?PR?_READEEP?I2C
  +--> ?PR?_WRITEEEP?I2C
  +--> ?PR?_USERINTERFACEBATTERYCHARGEMODE?S...
  +--> ?PR?SHOWWORKINGTIMER?CPU

?PR?GETBATTERYVOLTAGE?MAIN                       -----    -----      -----    -----
  +--> ?PR?_GETADCVALUE?MAIN

?PR?GETBATTERYBTH?MAIN                           -----    -----      -----    -----
  +--> ?PR?_GETADCVALUE?MAIN

?PR?SHOWWORKINGTIMER?CPU                         -----    -----      01D5H    0002H
  +--> ?CO?CPU
  +--> ?PR?_GRAPHICSPRINT?PRINTF

?PR?_GRAPHICSPRINT?PRINTF                        -----    -----      01D7H    002FH
  +--> ?PR?_DOPRINT?PRINTF

?PR?SYSPOWERHANDLER?SYSPOWER                     -----    -----      -----    -----
  +--> ?PR?_SYSPOWERSWITCH?SYSPOWER

?PR?_SYSPOWERSWITCH?SYSPOWER                     -----    -----      01D1H    0001H
  +--> ?PR?_USERINTERFACEPOWERSWITCH?SYSPOWER

?PR?SCANKEY?KEYREMO                              -----    -----      -----    -----
  +--> ?PR?_GETKEY?KEYREMO
  +--> ?PR?_MCUTIMERACTIVETIMEREVENT?SYSTIMER

?PR?_GETKEY?KEYREMO                              0021H.1  0000H.1    -----    -----

?PR?ENCORDERHANDLER?MAIN                         -----    -----      01D1H    0020H
  +--> ?PR?_MCU_SENDCMDTODVR?MAIN
  +--> ?PR?_MCUTIMERCANCELTIMEREVENT?SYSTIMER
  +--> ?PR?_MCUTIMERACTIVETIMEREVENT?SYSTIMER

?PR?WAITPOWERON?MAIN                             -----    -----      -----    -----
  +--> ?CO?MAIN
  +--> ?PR?_PRINTF?PRINTF
  +--> ?PR?_MCUTIMERCANCELTIMEREVENT?SYSTIMER
  +--> ?PR?SYSPOWERHANDLER?SYSPOWER
  +--> ?PR?SYSTIMERHANDLER?SYSTIMER
  +--> ?PR?SCANKEY?KEYREMO
  +--> ?PR?_MCUTIMERACTIVETIMEREVENT?SYSTIMER
  +--> ?PR?CHECK_ADAP_IN?CPU
  +--> ?PR?SET_MCU_POWER_DOWN_MODE?CPU
  +--> ?PR?_WRITEEEP?I2C

?PR?SET_MCU_POWER_DOWN_MODE?CPU                  -----    -----      -----    -----
  +--> ?CO?CPU
  +--> ?PR?_PRINTF?PRINTF

?C_INITSEG                                       -----    -----      -----    -----
  +--> ?CO?PRINTF


BL51 BANKED LINKER/LOCATER V6.22.2.0                                                  11/30/2020  09:23:01  PAGE 9



SYMBOL TABLE OF MODULE:  .\Output\ml070i_MRMCU (?C_STARTUP)

  VALUE           TYPE          NAME
  ----------------------------------

  -------         MODULE        ?C_STARTUP
  C:3FB2H         SEGMENT       ?C_C51STARTUP
  I:007AH         SEGMENT       ?STACK
  C:0000H         PUBLIC        ?C_STARTUP
  D:00E0H         SYMBOL        ACC
  D:00F0H         SYMBOL        B
  D:0083H         SYMBOL        DPH
  D:0082H         SYMBOL        DPL
  N:0000H         SYMBOL        IBPSTACK
  N:0100H         SYMBOL        IBPSTACKTOP
  N:0080H         SYMBOL        IDATALEN
  C:3FB5H         SYMBOL        IDATALOOP
  N:0000H         SYMBOL        PBPSTACK
  N:0100H         SYMBOL        PBPSTACKTOP
  N:0000H         SYMBOL        PDATALEN
  N:0000H         SYMBOL        PDATASTART
  N:0000H         SYMBOL        PPAGE
  N:0000H         SYMBOL        PPAGEENABLE
  D:00A0H         SYMBOL        PPAGE_SFR
  D:0081H         SYMBOL        SP
  C:3FB2H         SYMBOL        STARTUP1
  N:0000H         SYMBOL        XBPSTACK
  N:0000H         SYMBOL        XBPSTACKTOP
  N:0000H         SYMBOL        XDATALEN
  N:0000H         SYMBOL        XDATASTART
  C:0000H         LINE#         126
  C:3FB2H         LINE#         133
  C:3FB4H         LINE#         134
  C:3FB5H         LINE#         135
  C:3FB6H         LINE#         136
  C:3FB8H         LINE#         185
  C:3FBBH         LINE#         196
  -------         ENDMOD        ?C_STARTUP

  -------         MODULE        CPU
  C:0000H         SYMBOL        _ICE_DUMMY_
  D:0091H         PUBLIC        P1M0
  X:0253H         PUBLIC        second
  C:44CEH         PUBLIC        InitCPU
  D:00B1H         PUBLIC        P3M0
  C:2CBDH         PUBLIC        timer0_int
  X:0254H         PUBLIC        FormatSDCard
  D:00B3H         PUBLIC        P4M0
  D:00B2H         PUBLIC        P3M1
  D:00B4H         PUBLIC        P4M1
  D:00B0H         PUBLIC        P3
  C:4BBCH         PUBLIC        timer2_int
  D:00E8H         PUBLIC        P4
  X:0255H         PUBLIC        FormatWait
  X:0256H         PUBLIC        Power_Msg_Count
  X:0258H         PUBLIC        IE_Temp
BL51 BANKED LINKER/LOCATER V6.22.2.0                                                  11/30/2020  09:23:01  PAGE 10


  D:00F9H         PUBLIC        CH
  D:0022H         PUBLIC        DVR_buf
  D:0040H         PUBLIC        keytic
  D:00A8H         PUBLIC        IE
  C:249AH         PUBLIC        ShowWorkingTimer
  D:00E9H         PUBLIC        CL
  D:0042H         PUBLIC        RS2_in
  B:0020H.0       PUBLIC        RepeatKey
  X:0259H         PUBLIC        LED_FLASH_COUNT
  D:0043H         PUBLIC        RS2_out
  C:4ADBH         PUBLIC        _delay
  D:00FCH         PUBLIC        CCAP2H
  B:00E8H.0       PUBLIC        P4_0
  D:00FDH         PUBLIC        CCAP3H
  B:00E8H.1       PUBLIC        P4_1
  B:0090H.4       PUBLIC        P1_4
  B:0080H.5       PUBLIC        P0_5
  X:025BH         PUBLIC        minute
  D:00ECH         PUBLIC        CCAP2L
  B:00A8H.4       PUBLIC        ES
  D:00EDH         PUBLIC        CCAP3L
  D:00DCH         PUBLIC        CCAPM2
  D:00DDH         PUBLIC        CCAPM3
  D:00B8H         PUBLIC        IP
  B:0098H.0       PUBLIC        RI
  B:0098H.1       PUBLIC        TI
  D:0044H         PUBLIC        tic01
  B:0020H.1       PUBLIC        KeyReady
  C:4A70H         PUBLIC        RS2_rx
  B:0020H.2       PUBLIC        RS_Xbusy
  D:0045H         PUBLIC        tic02
  D:00D9H         PUBLIC        CMOD
  D:00D8H         PUBLIC        CCON
  C:0003H         PUBLIC        _RS2_tx
  X:025CH         PUBLIC        Time5ms
  X:025DH         PUBLIC        month
  X:025EH         PUBLIC        keyticSec
  D:0046H         PUBLIC        Key
  C:4A13H         PUBLIC        int2_int
  C:4A32H         PUBLIC        int3_int
  C:48D7H         PUBLIC        serial_int
  C:0026H         PUBLIC        ext1_int
  D:0099H         PUBLIC        SBUF
  D:0087H         PUBLIC        PCON
  D:0098H         PUBLIC        SCON
  C:4B21H         PUBLIC        InitVars
  D:0089H         PUBLIC        TMOD
  D:0088H         PUBLIC        TCON
  C:38B6H         PUBLIC        main_init
  X:025FH         PUBLIC        day
  X:0260H         PUBLIC        hour
  B:00C0H.1       PUBLIC        IE2
  B:00C0H.5       PUBLIC        IE3
  C:43B6H         PUBLIC        _SET_PWM
  X:0261H         PUBLIC        PowerDownWait
  D:0047H         PUBLIC        tm01
  D:0049H         PUBLIC        stopWatch
BL51 BANKED LINKER/LOCATER V6.22.2.0                                                  11/30/2020  09:23:01  PAGE 11


  X:0262H         PUBLIC        EncorderCount
  D:004BH         SYMBOL        RS_buf
  C:48A8H         PUBLIC        SET_MCU_POWER_DOWN_MODE
  D:0069H         PUBLIC        tic_PWR_SAVING
  D:006DH         PUBLIC        tic_Init_time
  B:00A8H.5       PUBLIC        ET2
  B:00C8H.7       PUBLIC        TF2
  D:008CH         PUBLIC        TH0
  D:008DH         PUBLIC        TH1
  B:00A8H.2       PUBLIC        EX1
  B:00C0H.2       PUBLIC        EX2
  B:00C0H.0       PUBLIC        IT2
  C:4BD7H         PUBLIC        RS2_ready
  C:4B0BH         PUBLIC        Check_ADAP_IN
  B:00C0H.6       PUBLIC        EX3
  B:00C0H.4       PUBLIC        IT3
  D:008AH         PUBLIC        TL0
  B:0020H.3       PUBLIC        RS2_Xbusy
  B:00C8H.2       PUBLIC        TR2
  X:0264H         PUBLIC        updn_reg
  B:0020H.4       PUBLIC        PWR_SAVING_ACT_FLAG
  D:0071H         PUBLIC        RS_in
  D:0072H         PUBLIC        RS_out
  C:47CEH         PUBLIC        serial2_int
  D:009AH         PUBLIC        S2BUF
  X:0268H         PUBLIC        year1
  X:0269H         PUBLIC        year2
  C:433DH         PUBLIC        _PowerLED
  D:00AAH         PUBLIC        S2CON
  D:00C8H         PUBLIC        T2CON
  D:00BAH         PUBLIC        S2BRT
  X:026AH         PUBLIC        DVR_FACTORY_MODE
  D:0073H         PUBLIC        tm001
  D:00A6H         PUBLIC        AUXR2
  B:0020H.5       PUBLIC        ChangeKey
  D:0074H         PUBLIC        tic_pc
  D:0076H         PUBLIC        SystemClock
  D:0093H         PUBLIC        P0M0
  D:00ADH         PUBLIC        AUXIE
  -------         PROC          MAIN_INIT
  -------         DO            
  X:01D1H         SYMBOL        rev
  -------         ENDDO         
  C:38B6H         LINE#         86
  C:38B6H         LINE#         87
  C:38B6H         LINE#         90
  C:38BFH         LINE#         93
  C:3901H         LINE#         95
  C:3910H         LINE#         96
  C:3910H         LINE#         97
  C:392AH         LINE#         98
  C:392DH         LINE#         99
  C:396FH         LINE#         100
  C:396FH         LINE#         104
  C:397EH         LINE#         105
  C:397EH         LINE#         108
  C:397EH         LINE#         109
BL51 BANKED LINKER/LOCATER V6.22.2.0                                                  11/30/2020  09:23:01  PAGE 12


  C:3984H         LINE#         110
  C:3987H         LINE#         111
  C:3987H         LINE#         112
  C:3989H         LINE#         114
  C:3989H         LINE#         115
  C:3992H         LINE#         116
  C:399BH         LINE#         117
  C:39A2H         LINE#         119
  C:39A2H         LINE#         121
  C:39A7H         LINE#         124
  C:39AFH         LINE#         125
  C:39B4H         LINE#         127
  -------         ENDPROC       MAIN_INIT
  -------         PROC          INITCPU
  C:44CEH         LINE#         135
  C:44CEH         LINE#         136
  C:44CEH         LINE#         140
  C:44D1H         LINE#         148
  C:44D4H         LINE#         150
  C:44D7H         LINE#         152
  C:44DAH         LINE#         156
  C:44E0H         LINE#         158
  C:44E3H         LINE#         159
  C:44E6H         LINE#         163
  C:44E9H         LINE#         166
  C:44EBH         LINE#         167
  C:44EDH         LINE#         173
  C:44F0H         LINE#         174
  C:44F2H         LINE#         175
  C:44F4H         LINE#         181
  C:44F7H         LINE#         182
  C:44FAH         LINE#         185
  C:44FDH         LINE#         188
  C:4500H         LINE#         190
  C:4502H         LINE#         192
  C:4504H         LINE#         193
  C:4506H         LINE#         197
  C:4509H         LINE#         198
  C:450CH         LINE#         208
  C:450FH         LINE#         211
  C:4512H         LINE#         214
  C:4515H         LINE#         215
  C:4517H         LINE#         216
  C:451AH         LINE#         217
  C:451CH         LINE#         219
  -------         ENDPROC       INITCPU
  -------         PROC          SET_MCU_POWER_DOWN_MODE
  C:48A8H         LINE#         222
  C:48A8H         LINE#         223
  C:48A8H         LINE#         225
  C:48B1H         LINE#         227
  C:48B3H         LINE#         228
  C:48B5H         LINE#         229
  C:48B7H         LINE#         231
  C:48B9H         LINE#         232
  C:48BBH         LINE#         233
  C:48BDH         LINE#         235
BL51 BANKED LINKER/LOCATER V6.22.2.0                                                  11/30/2020  09:23:01  PAGE 13


  C:48C3H         LINE#         236
  C:48C6H         LINE#         238
  C:48CCH         LINE#         239
  C:48CEH         LINE#         240
  C:48D0H         LINE#         241
  C:48D3H         LINE#         242
  C:48D4H         LINE#         243
  C:48D5H         LINE#         244
  C:48D6H         LINE#         248
  -------         ENDPROC       SET_MCU_POWER_DOWN_MODE
  -------         PROC          CHECK_ADAP_IN
  C:4B0BH         LINE#         251
  C:4B0BH         LINE#         252
  C:4B0BH         LINE#         254
  C:4B0EH         LINE#         255
  C:4B0EH         LINE#         256
  C:4B15H         LINE#         258
  C:4B18H         LINE#         259
  C:4B1BH         LINE#         261
  C:4B1EH         LINE#         262
  C:4B1EH         LINE#         264
  C:4B20H         LINE#         265
  -------         ENDPROC       CHECK_ADAP_IN
  -------         PROC          _SET_PWM
  X:01D6H         SYMBOL        index
  X:01D7H         SYMBOL        val
  C:43B6H         LINE#         267
  C:43BEH         LINE#         268
  C:43BEH         LINE#         270
  C:43D7H         LINE#         272
  C:43E9H         LINE#         273
  C:43E9H         LINE#         274
  C:43E9H         LINE#         276
  C:43ECH         LINE#         277
  C:43F7H         LINE#         278
  C:43FAH         LINE#         280
  C:43FDH         LINE#         281
  C:43FDH         LINE#         282
  C:43FFH         LINE#         283
  C:4401H         LINE#         284
  C:4401H         LINE#         317
  C:4402H         LINE#         318
  C:4402H         LINE#         319
  C:4405H         LINE#         320
  C:4410H         LINE#         321
  C:4413H         LINE#         322
  C:4414H         LINE#         323
  C:4414H         LINE#         324
  C:4417H         LINE#         325
  C:4418H         LINE#         326
  C:4418H         LINE#         327
  C:441BH         LINE#         328
  C:441BH         LINE#         330
  C:441BH         LINE#         331
  C:441BH         LINE#         332
  C:441BH         LINE#         335
  -------         ENDPROC       _SET_PWM
BL51 BANKED LINKER/LOCATER V6.22.2.0                                                  11/30/2020  09:23:01  PAGE 14


  -------         PROC          TIMER0_INT
  -------         DO            
  D:000FH         SYMBOL        TempKey
  -------         ENDDO         
  C:2CBDH         LINE#         344
  C:2CC8H         LINE#         348
  C:2CCAH         LINE#         351
  C:2CCCH         LINE#         354
  C:2CD7H         LINE#         355
  C:2CD7H         LINE#         356
  C:2CE5H         LINE#         357
  C:2CE8H         LINE#         358
  C:2CEAH         LINE#         359
  C:2CEAH         LINE#         361
  C:2CF0H         LINE#         362
  C:2CF2H         LINE#         363
  C:2CFBH         LINE#         364
  C:2CFBH         LINE#         366
  C:2D04H         LINE#         367
  C:2D0EH         LINE#         368
  C:2D0EH         LINE#         369
  C:2D16H         LINE#         370
  C:2D1EH         LINE#         371
  C:2D26H         LINE#         372
  C:2D29H         LINE#         373
  C:2D2BH         LINE#         376
  C:2D31H         LINE#         378
  C:2D4CH         LINE#         379
  C:2D5AH         LINE#         380
  C:2D72H         LINE#         381
  C:2D80H         LINE#         382
  C:2D98H         LINE#         383
  C:2DA6H         LINE#         384
  C:2DC1H         LINE#         385
  C:2DCFH         LINE#         387
  C:2DE7H         LINE#         388
  C:2DF5H         LINE#         389
  C:2E0DH         LINE#         390
  C:2E1BH         LINE#         391
  C:2E36H         LINE#         392
  C:2E44H         LINE#         393
  C:2E5CH         LINE#         394
  C:2E6AH         LINE#         397
  C:2E6AH         LINE#         398
  C:2E6AH         LINE#         407
  C:2E78H         LINE#         410
  C:2E80H         LINE#         411
  C:2E83H         LINE#         412
  C:2E85H         LINE#         414
  C:2E8BH         LINE#         415
  C:2E8BH         LINE#         417
  C:2E8DH         LINE#         420
  C:2E94H         LINE#         421
  C:2E99H         LINE#         423
  C:2E9BH         LINE#         425
  C:2E9BH         LINE#         426
  C:2EA5H         LINE#         427
BL51 BANKED LINKER/LOCATER V6.22.2.0                                                  11/30/2020  09:23:01  PAGE 15


  C:2EADH         LINE#         430
  C:2EBBH         LINE#         431
  C:2ECFH         LINE#         432
  C:2ED9H         LINE#         433
  C:2EE7H         LINE#         474
  C:2EF3H         LINE#         475
  C:2EF3H         LINE#         476
  C:2EFBH         LINE#         477
  C:2EFBH         LINE#         478
  C:2F0CH         LINE#         479
  C:2F0CH         LINE#         480
  C:2F0FH         LINE#         481
  C:2F11H         LINE#         482
  C:2F13H         LINE#         483
  C:2F13H         LINE#         484
  C:2F15H         LINE#         485
  C:2F1FH         LINE#         487
  C:2F22H         LINE#         488
  C:2F22H         LINE#         489
  C:2F25H         LINE#         490
  C:2F27H         LINE#         491
  C:2F2DH         LINE#         492
  C:2F2FH         LINE#         493
  C:2F2FH         LINE#         495
  C:2F35H         LINE#         496
  C:2F35H         LINE#         498
  C:2F3DH         LINE#         499
  C:2F3FH         LINE#         501
  C:2F3FH         LINE#         502
  C:2F55H         LINE#         503
  C:2F58H         LINE#         504
  C:2F5AH         LINE#         505
  C:2F5CH         LINE#         507
  C:2F5CH         LINE#         508
  C:2F5FH         LINE#         509
  C:2F61H         LINE#         510
  C:2F61H         LINE#         512
  C:2F63H         LINE#         513
  C:2F69H         LINE#         514
  C:2F69H         LINE#         545
  C:2F69H         LINE#         547
  -------         ENDPROC       TIMER0_INT
  -------         PROC          SHOWWORKINGTIMER
  -------         DO            
  X:01D5H         SYMBOL        val
  -------         ENDDO         
  C:249AH         LINE#         552
  C:249AH         LINE#         553
  C:249AH         LINE#         556
  C:24A5H         LINE#         558
  C:24ACH         LINE#         559
  C:24ACH         LINE#         560
  C:24DCH         LINE#         561
  C:24DEH         LINE#         562
  C:24E5H         LINE#         563
  C:24E5H         LINE#         564
  C:2508H         LINE#         565
BL51 BANKED LINKER/LOCATER V6.22.2.0                                                  11/30/2020  09:23:01  PAGE 16


  C:250AH         LINE#         566
  C:2513H         LINE#         567
  C:2513H         LINE#         568
  C:2527H         LINE#         569
  C:2529H         LINE#         571
  C:2529H         LINE#         572
  C:253FH         LINE#         573
  C:253FH         LINE#         577
  C:2587H         LINE#         581
  C:2591H         LINE#         582
  C:259BH         LINE#         583
  C:25A4H         LINE#         584
  C:25AEH         LINE#         586
  C:25B8H         LINE#         587
  C:25C2H         LINE#         588
  C:25CFH         LINE#         589
  C:25D7H         LINE#         591
  C:25E0H         LINE#         597
  C:25EAH         LINE#         598
  C:25EAH         LINE#         599
  C:2649H         LINE#         600
  C:2657H         LINE#         602
  C:2659H         LINE#         604
  C:2659H         LINE#         608
  C:2695H         LINE#         610
  C:26A3H         LINE#         611
  C:26BAH         LINE#         613
  C:26CEH         LINE#         617
  C:26CEH         LINE#         620
  C:2721H         LINE#         624
  C:272BH         LINE#         625
  C:2735H         LINE#         626
  C:273FH         LINE#         627
  C:2749H         LINE#         628
  C:2753H         LINE#         629
  C:275DH         LINE#         630
  C:2767H         LINE#         631
  C:2771H         LINE#         632
  C:277BH         LINE#         633
  C:2786H         LINE#         635
  C:2790H         LINE#         636
  C:2798H         LINE#         637
  C:27A2H         LINE#         638
  C:27AAH         LINE#         639
  C:27B4H         LINE#         640
  C:27BCH         LINE#         641
  C:27C6H         LINE#         642
  C:27CEH         LINE#         643
  C:27D6H         LINE#         644
  C:27E0H         LINE#         645
  C:27EAH         LINE#         646
  C:27F4H         LINE#         647
  C:27FEH         LINE#         648
  C:2808H         LINE#         649
  C:2812H         LINE#         650
  C:281CH         LINE#         651
  C:2826H         LINE#         652
BL51 BANKED LINKER/LOCATER V6.22.2.0                                                  11/30/2020  09:23:01  PAGE 17


  C:2830H         LINE#         653
  C:283AH         LINE#         654
  C:2845H         LINE#         656
  C:2851H         LINE#         657
  C:285CH         LINE#         659
  C:2866H         LINE#         660
  C:286EH         LINE#         661
  C:2878H         LINE#         662
  C:2880H         LINE#         663
  C:288CH         LINE#         664
  C:2892H         LINE#         666
  C:28AAH         LINE#         684
  -------         ENDPROC       SHOWWORKINGTIMER
  -------         PROC          INITVARS
  -------         DO            
  D:0007H         SYMBOL        j
  -------         ENDDO         
  C:4B21H         LINE#         694
  C:4B21H         LINE#         695
  C:4B21H         LINE#         697
  C:4B2DH         LINE#         698
  C:4B36H         LINE#         700
  -------         ENDPROC       INITVARS
  -------         PROC          _POWERLED
  D:0007H         SYMBOL        flag
  C:433DH         LINE#         706
  C:433DH         LINE#         707
  C:433DH         LINE#         709
  C:4371H         LINE#         710
  C:4371H         LINE#         711
  C:4371H         LINE#         712
  C:4373H         LINE#         713
  C:4375H         LINE#         714
  C:4376H         LINE#         715
  C:4376H         LINE#         716
  C:4378H         LINE#         717
  C:437AH         LINE#         718
  C:437BH         LINE#         719
  C:437BH         LINE#         720
  C:437BH         LINE#         721
  C:437BH         LINE#         722
  C:437DH         LINE#         723
  C:437DH         LINE#         724
  C:437DH         LINE#         725
  C:437DH         LINE#         726
  C:437FH         LINE#         727
  C:437FH         LINE#         728
  C:4382H         LINE#         729
  C:4382H         LINE#         730
  C:4384H         LINE#         731
  C:4386H         LINE#         732
  C:4387H         LINE#         739
  C:4387H         LINE#         740
  C:438AH         LINE#         741
  C:438AH         LINE#         742
  C:438CH         LINE#         743
  C:438EH         LINE#         744
BL51 BANKED LINKER/LOCATER V6.22.2.0                                                  11/30/2020  09:23:01  PAGE 18


  C:438FH         LINE#         746
  C:438FH         LINE#         747
  C:438FH         LINE#         748
  C:438FH         LINE#         749
  C:438FH         LINE#         750
  C:4391H         LINE#         751
  C:4391H         LINE#         752
  C:4394H         LINE#         753
  C:4394H         LINE#         754
  C:4396H         LINE#         755
  C:4398H         LINE#         756
  C:4399H         LINE#         758
  C:4399H         LINE#         759
  C:439BH         LINE#         760
  C:439DH         LINE#         761
  C:439DH         LINE#         762
  C:439EH         LINE#         763
  C:439EH         LINE#         764
  C:43A1H         LINE#         765
  C:43A1H         LINE#         766
  C:43A3H         LINE#         767
  C:43A5H         LINE#         769
  C:43A5H         LINE#         770
  C:43A7H         LINE#         771
  C:43A7H         LINE#         773
  C:43A9H         LINE#         775
  C:43AAH         LINE#         776
  C:43AAH         LINE#         777
  C:43ADH         LINE#         778
  C:43ADH         LINE#         779
  C:43AFH         LINE#         780
  C:43B1H         LINE#         782
  C:43B1H         LINE#         783
  C:43B3H         LINE#         784
  C:43B3H         LINE#         786
  C:43B5H         LINE#         789
  C:43B5H         LINE#         790
  C:43B5H         LINE#         791
  C:43B5H         LINE#         792
  C:43B5H         LINE#         793
  -------         ENDPROC       _POWERLED
  -------         PROC          EXT1_INT
  C:0026H         LINE#         802
  C:0026H         LINE#         804
  C:0028H         LINE#         805
  -------         ENDPROC       EXT1_INT
  -------         PROC          SERIAL_INT
  C:48D7H         LINE#         828
  C:48DEH         LINE#         834
  C:48E1H         LINE#         843
  C:48E8H         LINE#         844
  C:48EAH         LINE#         845
  C:48F8H         LINE#         849
  C:48FAH         LINE#         851
  C:48FAH         LINE#         853
  C:48FDH         LINE#         854
  C:48FFH         LINE#         855
BL51 BANKED LINKER/LOCATER V6.22.2.0                                                  11/30/2020  09:23:01  PAGE 19


  C:4901H         LINE#         856
  C:4901H         LINE#         857
  -------         ENDPROC       SERIAL_INT
  -------         PROC          SERIAL2_INT
  C:47CEH         LINE#         861
  C:47D5H         LINE#         866
  C:47DDH         LINE#         867
  C:47DDH         LINE#         869
  C:47E0H         LINE#         871
  C:47E7H         LINE#         874
  C:47E9H         LINE#         875
  C:47F7H         LINE#         876
  C:47F7H         LINE#         878
  C:47FFH         LINE#         879
  C:47FFH         LINE#         880
  C:4802H         LINE#         881
  C:4804H         LINE#         882
  C:4804H         LINE#         883
  -------         ENDPROC       SERIAL2_INT
  -------         PROC          RS2_READY
  C:4BD7H         LINE#         919
  C:4BD7H         LINE#         920
  C:4BD7H         LINE#         921
  C:4BDFH         LINE#         922
  C:4BE1H         LINE#         923
  -------         ENDPROC       RS2_READY
  -------         PROC          RS2_RX
  -------         DO            
  D:0007H         SYMBOL        ret
  -------         ENDDO         
  C:4A70H         LINE#         927
  C:4A70H         LINE#         928
  C:4A70H         LINE#         931
  C:4A73H         LINE#         932
  C:4A7AH         LINE#         933
  C:4A7CH         LINE#         934
  C:4A87H         LINE#         935
  C:4A8AH         LINE#         936
  C:4A8DH         LINE#         938
  C:4A8DH         LINE#         939
  -------         ENDPROC       RS2_RX
  -------         PROC          _RS2_TX
  D:0007H         SYMBOL        tx_buf
  C:0003H         LINE#         956
  C:0003H         LINE#         957
  C:0003H         LINE#         959
  C:0006H         LINE#         960
  C:0008H         LINE#         961
  C:000AH         LINE#         962
  -------         ENDPROC       _RS2_TX
  -------         PROC          TIMER2_INT
  C:4BBCH         LINE#         1003
  C:4BBEH         LINE#         1005
  C:4BC0H         LINE#         1007
  C:4BC8H         LINE#         1009
  -------         ENDPROC       TIMER2_INT
  -------         PROC          _DELAY
BL51 BANKED LINKER/LOCATER V6.22.2.0                                                  11/30/2020  09:23:01  PAGE 20


  D:0007H         SYMBOL        cnt
  -------         DO            
  D:0004H         SYMBOL        ttic01
  -------         ENDDO         
  C:4ADBH         LINE#         1011
  C:4ADBH         LINE#         1012
  C:4ADBH         LINE#         1015
  C:4AE9H         LINE#         1016
  C:4AE9H         LINE#         1018
  C:4AF2H         LINE#         1019
  -------         ENDPROC       _DELAY
  -------         PROC          INT2_INT
  C:4A13H         LINE#         1023
  C:4A19H         LINE#         1025
  C:4A1BH         LINE#         1026
  C:4A1DH         LINE#         1027
  C:4A20H         LINE#         1028
  C:4A26H         LINE#         1029
  C:4A2BH         LINE#         1030
  -------         ENDPROC       INT2_INT
  -------         PROC          INT3_INT
  C:4A32H         LINE#         1032
  C:4A38H         LINE#         1034
  C:4A3AH         LINE#         1035
  C:4A3CH         LINE#         1036
  C:4A3FH         LINE#         1037
  C:4A45H         LINE#         1038
  C:4A4AH         LINE#         1039
  -------         ENDPROC       INT3_INT
  -------         ENDMOD        CPU

  -------         MODULE        ETC_EEP
  C:0000H         SYMBOL        _ICE_DUMMY_
  C:45FFH         PUBLIC        GetProjectNameEE
  C:441CH         PUBLIC        ClearBasicEE
  C:4AA9H         PUBLIC        SaveFWRevEE
  C:456BH         PUBLIC        GetFWRevEE
  -------         PROC          GETFWREVEE
  -------         DO            
  D:0004H         SYMBOL        rev
  -------         ENDDO         
  C:456BH         LINE#         17
  C:456BH         LINE#         18
  C:456BH         LINE#         19
  C:4571H         LINE#         26
  C:45B4H         LINE#         28
  C:45B4H         LINE#         29
  -------         ENDPROC       GETFWREVEE
  -------         PROC          GETPROJECTNAMEEE
  -------         DO            
  X:01D5H         SYMBOL        rev
  -------         ENDDO         
  C:45FFH         LINE#         31
  C:45FFH         LINE#         32
  C:45FFH         LINE#         33
  C:4605H         LINE#         35
  C:4613H         LINE#         36
BL51 BANKED LINKER/LOCATER V6.22.2.0                                                  11/30/2020  09:23:01  PAGE 21


  C:4622H         LINE#         37
  C:4631H         LINE#         38
  C:4640H         LINE#         40
  C:4645H         LINE#         41
  -------         ENDPROC       GETPROJECTNAMEEE
  -------         PROC          SAVEFWREVEE
  C:4AA9H         LINE#         43
  C:4AA9H         LINE#         44
  C:4AA9H         LINE#         51
  C:4AB1H         LINE#         52
  C:4AB9H         LINE#         53
  -------         ENDPROC       SAVEFWREVEE
  -------         PROC          CLEARBASICEE
  C:441CH         LINE#         67
  C:441CH         LINE#         68
  C:441CH         LINE#         70
  C:4425H         LINE#         72
  C:442DH         LINE#         73
  C:4436H         LINE#         74
  C:443FH         LINE#         75
  C:4448H         LINE#         77
  C:4451H         LINE#         80
  C:445AH         LINE#         82
  C:4462H         LINE#         84
  C:446AH         LINE#         86
  C:4472H         LINE#         88
  -------         ENDPROC       CLEARBASICEE
  -------         ENDMOD        ETC_EEP

  -------         MODULE        HS_DVRPROTOCOL
  C:0000H         SYMBOL        _ICE_DUMMY_
  X:0000H         PUBLIC        protocol_data_count
  X:0001H         PUBLIC        protocol_len
  X:0002H         PUBLIC        protocol_type
  B:0021H.3       PUBLIC        protocol_escape_flag
  X:0003H         PUBLIC        protocol_chksum
  X:0004H         PUBLIC        protocol_param
  X:0005H         PUBLIC        protocol_data
  C:1C35H         PUBLIC        DvrReceivePaser
  X:0105H         PUBLIC        protocol_state
  -------         PROC          DVRRECEIVEPASER
  -------         DO            
  X:01D1H         SYMBOL        c
  -------         ENDDO         
  C:1C35H         LINE#         37
  C:1C35H         LINE#         38
  C:1C35H         LINE#         40
  C:1C3EH         LINE#         41
  C:1C3EH         LINE#         42
  C:1C46H         LINE#         44
  C:1C4CH         LINE#         45
  C:1C4CH         LINE#         49
  C:1C4EH         LINE#         50
  C:1C53H         LINE#         51
  C:1C59H         LINE#         53
  C:1C59H         LINE#         55
  C:1C5FH         LINE#         56
BL51 BANKED LINKER/LOCATER V6.22.2.0                                                  11/30/2020  09:23:01  PAGE 22


  C:1C5FH         LINE#         57
  C:1C62H         LINE#         59
  C:1C62H         LINE#         61
  C:1C65H         LINE#         62
  C:1C65H         LINE#         63
  C:1C67H         LINE#         64
  C:1C6EH         LINE#         65
  C:1C6EH         LINE#         67
  C:1C77H         LINE#         68
  C:1C77H         LINE#         69
  C:1C87H         LINE#         70
  C:1C87H         LINE#         72
  C:1C9CH         LINE#         73
  C:1C9CH         LINE#         74
  C:1C9CH         LINE#         75
  C:1CA4H         LINE#         76
  C:1CB3H         LINE#         77
  C:1CB3H         LINE#         78
  C:1CB3H         LINE#         79
  C:1CB3H         LINE#         80
  C:1CB3H         LINE#         81
  C:1CB3H         LINE#         82
  C:1CB3H         LINE#         83
  C:1CB3H         LINE#         84
  C:1CB3H         LINE#         85
  C:1CB3H         LINE#         86
  C:1CB3H         LINE#         87
  C:1CB3H         LINE#         88
  C:1CB3H         LINE#         89
  C:1CB3H         LINE#         90
  C:1CB9H         LINE#         91
  C:1CBAH         LINE#         92
  C:1CBAH         LINE#         95
  C:1CBAH         LINE#         96
  C:1CBAH         LINE#         98
  C:1CBAH         LINE#         99
  C:1CC2H         LINE#         100
  C:1CD3H         LINE#         101
  C:1CD3H         LINE#         102
  C:1CD3H         LINE#         103
  C:1CD3H         LINE#         104
  C:1CD3H         LINE#         105
  C:1CD3H         LINE#         106
  C:1CD3H         LINE#         107
  C:1CD3H         LINE#         108
  C:1CD3H         LINE#         109
  C:1CD3H         LINE#         110
  C:1CD3H         LINE#         111
  C:1CD3H         LINE#         112
  C:1CD3H         LINE#         113
  C:1CD3H         LINE#         114
  C:1CD9H         LINE#         115
  C:1CD9H         LINE#         116
  C:1CD9H         LINE#         117
  C:1CDBH         LINE#         119
  C:1CDBH         LINE#         120
  C:1CE0H         LINE#         121
BL51 BANKED LINKER/LOCATER V6.22.2.0                                                  11/30/2020  09:23:01  PAGE 23


  C:1CE6H         LINE#         126
  C:1CE6H         LINE#         127
  C:1CE7H         LINE#         128
  C:1CE7H         LINE#         129
  C:1CE7H         LINE#         130
  C:1CEAH         LINE#         131
  C:1CEAH         LINE#         132
  C:1CEAH         LINE#         134
  C:1CEAH         LINE#         135
  C:1CFDH         LINE#         136
  C:1CFDH         LINE#         137
  C:1CFDH         LINE#         138
  C:1CFDH         LINE#         139
  C:1CFDH         LINE#         140
  C:1CFDH         LINE#         141
  C:1CFDH         LINE#         142
  C:1CFDH         LINE#         143
  C:1CFDH         LINE#         144
  C:1CFDH         LINE#         145
  C:1CFDH         LINE#         146
  C:1CFDH         LINE#         147
  C:1CFDH         LINE#         149
  C:1D11H         LINE#         150
  C:1D17H         LINE#         151
  C:1D24H         LINE#         152
  C:1D2AH         LINE#         156
  C:1D2AH         LINE#         161
  C:1D2BH         LINE#         162
  C:1D2BH         LINE#         163
  C:1D2BH         LINE#         164
  C:1D2EH         LINE#         165
  C:1D2EH         LINE#         166
  C:1D2EH         LINE#         168
  C:1D2EH         LINE#         169
  C:1D3DH         LINE#         170
  C:1D3DH         LINE#         175
  C:1D6CH         LINE#         176
  C:1D6CH         LINE#         177
  C:1D6CH         LINE#         181
  C:1D73H         LINE#         182
  C:1D7CH         LINE#         183
  C:1D89H         LINE#         184
  C:1D89H         LINE#         185
  C:1D8DH         LINE#         186
  C:1D92H         LINE#         187
  C:1D97H         LINE#         188
  C:1D97H         LINE#         189
  C:1DA3H         LINE#         190
  C:1DA3H         LINE#         192
  C:1DA5H         LINE#         193
  C:1DA5H         LINE#         197
  C:1DAAH         LINE#         198
  C:1DB6H         LINE#         199
  C:1DBCH         LINE#         200
  C:1DBFH         LINE#         201
  C:1DBFH         LINE#         206
  C:1DC5H         LINE#         207
BL51 BANKED LINKER/LOCATER V6.22.2.0                                                  11/30/2020  09:23:01  PAGE 24


  C:1DC8H         LINE#         208
  C:1DC8H         LINE#         213
  C:1DCEH         LINE#         214
  C:1DD1H         LINE#         215
  C:1DD1H         LINE#         228
  C:1DF2H         LINE#         229
  C:1E13H         LINE#         231
  C:1E34H         LINE#         232
  C:1E55H         LINE#         234
  C:1E76H         LINE#         235
  C:1E97H         LINE#         237
  C:1EB8H         LINE#         238
  C:1ED9H         LINE#         240
  C:1EDFH         LINE#         242
  C:1EE2H         LINE#         244
  C:1EE2H         LINE#         250
  C:1EEFH         LINE#         251
  C:1EF2H         LINE#         253
  C:1F04H         LINE#         255
  C:1F0DH         LINE#         256
  C:1F12H         LINE#         258
  C:1F1CH         LINE#         259
  C:1F25H         LINE#         286
  C:1F28H         LINE#         288
  C:1F28H         LINE#         293
  C:1F31H         LINE#         294
  C:1F31H         LINE#         295
  C:1F38H         LINE#         299
  C:1F3BH         LINE#         300
  C:1F44H         LINE#         301
  C:1F44H         LINE#         302
  C:1F49H         LINE#         303
  C:1F50H         LINE#         307
  C:1F50H         LINE#         308
  C:1F53H         LINE#         310
  C:1F53H         LINE#         314
  C:1F59H         LINE#         315
  C:1F5CH         LINE#         317
  C:1F5CH         LINE#         322
  C:1F62H         LINE#         323
  C:1F62H         LINE#         324
  C:1F69H         LINE#         325
  C:1F6EH         LINE#         328
  C:1F73H         LINE#         329
  C:1F78H         LINE#         330
  C:1F7DH         LINE#         331
  C:1F82H         LINE#         332
  C:1F87H         LINE#         333
  C:1F8CH         LINE#         335
  C:1F92H         LINE#         337
  C:1F95H         LINE#         338
  C:1F9DH         LINE#         339
  C:1F9DH         LINE#         340
  C:1FA3H         LINE#         341
  C:1FA3H         LINE#         342
  C:1FA3H         LINE#         343
  C:1FA5H         LINE#         344
BL51 BANKED LINKER/LOCATER V6.22.2.0                                                  11/30/2020  09:23:01  PAGE 25


  C:1FB0H         LINE#         345
  C:1FB0H         LINE#         346
  C:1FB7H         LINE#         347
  C:1FBAH         LINE#         348
  C:1FC3H         LINE#         349
  C:1FC5H         LINE#         350
  C:1FC5H         LINE#         352
  C:1FC7H         LINE#         354
  C:1FC7H         LINE#         359
  C:1FD2H         LINE#         360
  C:1FD2H         LINE#         361
  C:1FD9H         LINE#         362
  C:1FDBH         LINE#         363
  C:1FE7H         LINE#         364
  C:1FE7H         LINE#         365
  C:1FEEH         LINE#         366
  C:1FF3H         LINE#         367
  C:1FFAH         LINE#         368
  C:1FFAH         LINE#         369
  C:200AH         LINE#         370
  C:200AH         LINE#         371
  C:2011H         LINE#         372
  C:2018H         LINE#         373
  C:201DH         LINE#         374
  C:2024H         LINE#         375
  C:202EH         LINE#         376
  C:2036H         LINE#         380
  C:2036H         LINE#         382
  C:203BH         LINE#         384
  C:203DH         LINE#         386
  C:203DH         LINE#         390
  C:2046H         LINE#         391
  C:2048H         LINE#         393
  C:2048H         LINE#         395
  C:2050H         LINE#         396
  C:2050H         LINE#         397
  C:2058H         LINE#         398
  C:205EH         LINE#         399
  C:2060H         LINE#         401
  C:2060H         LINE#         402
  C:2068H         LINE#         403
  C:206DH         LINE#         404
  C:206DH         LINE#         411
  C:206DH         LINE#         412
  C:206DH         LINE#         413
  C:206DH         LINE#         414
  C:206DH         LINE#         416
  C:206DH         LINE#         418
  C:206DH         LINE#         422
  C:206DH         LINE#         423
  C:2072H         LINE#         424
  C:2072H         LINE#         425
  C:2072H         LINE#         426
  C:2072H         LINE#         427
  C:2072H         LINE#         428
  C:2072H         LINE#         431
  -------         ENDPROC       DVRRECEIVEPASER
BL51 BANKED LINKER/LOCATER V6.22.2.0                                                  11/30/2020  09:23:01  PAGE 26


  -------         ENDMOD        HS_DVRPROTOCOL

  -------         MODULE        I2C
  C:0000H         SYMBOL        _ICE_DUMMY_
  B:0090H.0       PUBLIC        P1_0
  B:0090H.1       PUBLIC        P1_1
  C:4842H         PUBLIC        I2CReadData
  C:4809H         PUBLIC        _ReadI2C
  C:4247H         PUBLIC        _I2CWriteData
  C:4B99H         PUBLIC        I2CStart
  C:4B50H         PUBLIC        I2Cdelay
  C:498CH         PUBLIC        _ReadEEP
  C:49D3H         PUBLIC        _WriteAD5110
  C:0016H         PUBLIC        I2CStop
  C:4646H         PUBLIC        _WriteEEP
  C:41C9H         PUBLIC        _AD5110_I2CWriteData
  C:4B4CH         SYMBOL        L?0054
  -------         PROC          L?0053
  -------         ENDPROC       L?0053
  C:4B4CH         SYMBOL        L?0054
  -------         PROC          I2CDELAY
  -------         DO            
  D:0007H         SYMBOL        i
  -------         ENDDO         
  C:4B50H         LINE#         34
  C:4B50H         LINE#         35
  C:4B50H         LINE#         37
  C:4B5CH         LINE#         38
  C:4B5FH         LINE#         39
  -------         ENDPROC       I2CDELAY
  -------         PROC          _WRITEEEP
  X:01D5H         SYMBOL        index
  X:01D7H         SYMBOL        dat
  -------         DO            
  X:01D8H         SYMBOL        addr
  -------         ENDDO         
  C:4646H         LINE#         42
  C:4651H         LINE#         43
  C:4651H         LINE#         46
  C:4669H         LINE#         48
  C:466CH         LINE#         49
  C:4674H         LINE#         50
  C:467DH         LINE#         51
  C:4685H         LINE#         52
  C:4688H         LINE#         58
  -------         ENDPROC       _WRITEEEP
  -------         PROC          _READEEP
  D:0004H         SYMBOL        index
  -------         DO            
  X:01F9H         SYMBOL        val
  D:0007H         SYMBOL        addr
  -------         ENDDO         
  C:498CH         LINE#         61
  C:4990H         LINE#         62
  C:4990H         LINE#         66
  C:499FH         LINE#         68
  C:49A7H         LINE#         73
BL51 BANKED LINKER/LOCATER V6.22.2.0                                                  11/30/2020  09:23:01  PAGE 27


  C:49ACH         LINE#         74
  C:49B1H         LINE#         75
  -------         ENDPROC       _READEEP
  -------         PROC          _READI2C
  X:01FAH         SYMBOL        addr
  X:01FBH         SYMBOL        index
  -------         DO            
  X:01FCH         SYMBOL        val
  -------         ENDDO         
  C:4809H         LINE#         77
  C:4811H         LINE#         78
  C:4811H         LINE#         81
  C:4814H         LINE#         82
  C:481CH         LINE#         83
  C:4824H         LINE#         84
  C:4827H         LINE#         85
  C:4831H         LINE#         86
  C:4839H         LINE#         87
  C:483CH         LINE#         89
  C:4841H         LINE#         90
  -------         ENDPROC       _READI2C
  -------         PROC          I2CSTART
  C:4B99H         LINE#         106
  C:4B99H         LINE#         107
  C:4B99H         LINE#         108
  C:4B9EH         LINE#         109
  C:4BA3H         LINE#         110
  C:4BA8H         LINE#         111
  C:4BAAH         LINE#         112
  -------         ENDPROC       I2CSTART
  -------         PROC          I2CSTOP
  C:0016H         LINE#         114
  C:0016H         LINE#         115
  C:0016H         LINE#         116
  C:001BH         LINE#         117
  C:0020H         LINE#         118
  C:0022H         LINE#         119
  -------         ENDPROC       I2CSTOP
  -------         PROC          _I2CWRITEDATA
  D:0006H         SYMBOL        value
  C:4247H         LINE#         121
  C:4249H         LINE#         122
  C:4249H         LINE#         124
  C:4256H         LINE#         125
  C:4263H         LINE#         126
  C:4270H         LINE#         127
  C:427DH         LINE#         129
  C:428AH         LINE#         130
  C:4297H         LINE#         131
  C:42A4H         LINE#         132
  C:42B1H         LINE#         135
  C:42B3H         LINE#         136
  C:42B5H         LINE#         137
  C:42B7H         LINE#         138
  C:42B9H         LINE#         140
  C:42BBH         LINE#         141
  C:42BDH         LINE#         142
BL51 BANKED LINKER/LOCATER V6.22.2.0                                                  11/30/2020  09:23:01  PAGE 28


  C:42BFH         LINE#         143
  C:42C1H         LINE#         144
  -------         ENDPROC       _I2CWRITEDATA
  -------         PROC          I2CREADDATA
  -------         DO            
  D:0004H         SYMBOL        i
  D:0006H         SYMBOL        value
  -------         ENDDO         
  C:4842H         LINE#         146
  C:4842H         LINE#         147
  C:4842H         LINE#         149
  C:4844H         LINE#         151
  C:4849H         LINE#         152
  C:484BH         LINE#         154
  C:484EH         LINE#         155
  C:4850H         LINE#         156
  C:4854H         LINE#         157
  C:485AH         LINE#         158
  C:485CH         LINE#         159
  C:4867H         LINE#         160
  C:486AH         LINE#         162
  C:486CH         LINE#         163
  C:486EH         LINE#         164
  C:4870H         LINE#         165
  C:4872H         LINE#         167
  C:4874H         LINE#         169
  -------         ENDPROC       I2CREADDATA
  -------         PROC          _AD5110_I2CWRITEDATA
  D:0006H         SYMBOL        value
  C:41C9H         LINE#         172
  C:41CBH         LINE#         173
  C:41CBH         LINE#         175
  C:41D8H         LINE#         176
  C:41E5H         LINE#         177
  C:41F2H         LINE#         178
  C:41FFH         LINE#         180
  C:420CH         LINE#         181
  C:4219H         LINE#         182
  C:4226H         LINE#         183
  C:4233H         LINE#         186
  C:4235H         LINE#         187
  C:4237H         LINE#         188
  C:4239H         LINE#         189
  C:423BH         LINE#         190
  C:423EH         LINE#         191
  C:4240H         LINE#         192
  C:4242H         LINE#         193
  C:4244H         LINE#         194
  C:4246H         LINE#         196
  -------         ENDPROC       _AD5110_I2CWRITEDATA
  -------         PROC          _WRITEAD5110
  D:0002H         SYMBOL        index
  D:0005H         SYMBOL        dat
  -------         DO            
  D:0006H         SYMBOL        addr
  -------         ENDDO         
  C:49D3H         LINE#         229
BL51 BANKED LINKER/LOCATER V6.22.2.0                                                  11/30/2020  09:23:01  PAGE 29


  C:49D7H         LINE#         230
  C:49D7H         LINE#         233
  C:49D9H         LINE#         235
  C:49DCH         LINE#         236
  C:49E1H         LINE#         237
  C:49E6H         LINE#         238
  C:49EBH         LINE#         239
  C:49EEH         LINE#         245
  -------         ENDPROC       _WRITEAD5110
  -------         ENDMOD        I2C

  -------         MODULE        KEYREMO
  C:0000H         SYMBOL        _ICE_DUMMY_
  C:4A8EH         PUBLIC        _GetKey
  C:4906H         PUBLIC        Scankey
  -------         PROC          SCANKEY
  C:4906H         LINE#         31
  C:4906H         LINE#         32
  C:4906H         LINE#         34
  C:490EH         LINE#         35
  C:490EH         LINE#         37
  C:491EH         LINE#         38
  C:491EH         LINE#         39
  C:4922H         LINE#         40
  C:4928H         LINE#         41
  C:492AH         LINE#         43
  C:4933H         LINE#         44
  C:4933H         LINE#         46
  -------         ENDPROC       SCANKEY
  -------         PROC          _GETKEY
  D:0007H         SYMBOL        repeat
  -------         DO            
  B:0021H.1       SYMBOL        ready
  -------         ENDDO         
  C:4A8EH         LINE#         51
  C:4A8EH         LINE#         52
  C:4A8EH         LINE#         56
  C:4A92H         LINE#         57
  C:4A94H         LINE#         59
  C:4A9AH         LINE#         60
  C:4AA0H         LINE#         61
  C:4AA6H         LINE#         63
  C:4AA8H         LINE#         64
  -------         ENDPROC       _GETKEY
  -------         ENDMOD        KEYREMO

  -------         MODULE        MAIN
  C:0000H         SYMBOL        _ICE_DUMMY_
  C:3612H         PUBLIC        _Mapping1
  C:3F22H         PUBLIC        _mcuLib_ProtocolSendCmdWithParamNum
  D:00E7H         PUBLIC        ISPCR
  X:0106H         PUBLIC        PowerFlag
  B:0080H.0       PUBLIC        P0_0
  X:0107H         PUBLIC        LowBatteryFlag
  B:0080H.1       PUBLIC        P0_1
  X:0108H         PUBLIC        UserRange
  B:00B0H.4       PUBLIC        P3_4
BL51 BANKED LINKER/LOCATER V6.22.2.0                                                  11/30/2020  09:23:01  PAGE 30


  B:00B0H.5       PUBLIC        P3_5
  C:4714H         PUBLIC        _SetAD5110Step
  C:3210H         PUBLIC        _MCU_SendCmdToDVR
  X:010EH         PUBLIC        g_stBatteryInfo
  D:00C6H         PUBLIC        ADCV
  X:0114H         PUBLIC        EncorderLen_Offset
  X:0116H         PUBLIC        EncorderLenint
  C:4147H         PUBLIC        main
  D:00E6H         PUBLIC        SCMD
  X:0117H         PUBLIC        g_stDVRInfo
  X:0119H         PUBLIC        PowerOffToOnFlag
  D:00E3H         PUBLIC        IFADRH
  D:00E5H         PUBLIC        IFMT
  X:011AH         PUBLIC        Power_down_mode
  D:00E4H         PUBLIC        IFADRL
  X:011BH         PUBLIC        AD5110Range
  C:4336H         SYMBOL        _?ix1000
  C:4A51H         PUBLIC        main_loop
  C:3E82H         PUBLIC        LoadEEPROM
  X:0121H         PUBLIC        EncorderCountPN_offset
  C:49B2H         PUBLIC        enter_isp
  D:00E2H         PUBLIC        IFD
  X:0122H         PUBLIC        EncorderLenfloaat
  X:0124H         PUBLIC        EncorderLen
  C:4BE9H         PUBLIC        GetBatteryVoltage
  C:447BH         PUBLIC        InitialTimerEvent
  C:4875H         PUBLIC        _isp_write
  C:4BE2H         PUBLIC        GetBatteryBTH
  X:0128H         PUBLIC        EncorderCountPN
  C:000EH         PUBLIC        isp_init
  X:0129H         PUBLIC        Decimal1
  X:012DH         PUBLIC        DebugLevel
  X:012EH         PUBLIC        Decimal2
  X:0132H         PUBLIC        Decimal3
  C:3C57H         PUBLIC        WaitPowerOn
  X:0136H         PUBLIC        Decimal4
  X:013AH         PUBLIC        PWR_START_flag
  X:013BH         PUBLIC        Encorder1
  X:013FH         PUBLIC        Encorder2
  D:00C5H         PUBLIC        ADCTL
  X:0143H         PUBLIC        Encorder3
  C:49F3H         PUBLIC        _GetADCValue
  X:0147H         PUBLIC        Encorder4
  D:00E8H         PUBLIC        ADCVL
  X:014BH         PUBLIC        AD5110_setp
  X:0174H         PUBLIC        CameraVolt
  C:3DEFH         PUBLIC        _mcuLib_ProtocolAppend
  C:2073H         PUBLIC        EncorderHandler
  -------         PROC          _ISP_WRITE
  D:0001H         SYMBOL        buf
  D:0005H         SYMBOL        addr_high
  X:01DAH         SYMBOL        addr_low
  X:01DBH         SYMBOL        len
  C:4875H         LINE#         85
  C:4875H         LINE#         86
  C:4875H         LINE#         87
  C:4878H         LINE#         88
BL51 BANKED LINKER/LOCATER V6.22.2.0                                                  11/30/2020  09:23:01  PAGE 31


  C:487AH         LINE#         90
  C:487AH         LINE#         91
  C:4880H         LINE#         92
  C:4885H         LINE#         93
  C:4888H         LINE#         94
  C:488BH         LINE#         96
  C:4892H         LINE#         97
  C:4898H         LINE#         98
  C:489BH         LINE#         99
  C:489BH         LINE#         100
  C:489CH         LINE#         101
  C:489EH         LINE#         102
  C:489EH         LINE#         103
  C:48A4H         LINE#         104
  C:48A4H         LINE#         105
  C:48A7H         LINE#         106
  -------         ENDPROC       _ISP_WRITE
  -------         PROC          ISP_INIT
  C:000EH         LINE#         108
  C:000EH         LINE#         109
  C:000EH         LINE#         110
  C:0011H         LINE#         111
  -------         ENDPROC       ISP_INIT
  -------         PROC          ENTER_ISP
  -------         DO            
  X:01D5H         SYMBOL        mark
  -------         ENDDO         
  C:49B2H         LINE#         113
  C:49B2H         LINE#         114
  C:49B2H         LINE#         116
  C:49B7H         LINE#         117
  C:49BAH         LINE#         118
  C:49CFH         LINE#         119
  C:49D2H         LINE#         120
  -------         ENDPROC       ENTER_ISP
  C:3DD7H         SYMBOL        L?0104
  C:3DE7H         SYMBOL        L?0105
  -------         PROC          L?0103
  -------         ENDPROC       L?0103
  C:3DD7H         SYMBOL        L?0104
  C:3DE7H         SYMBOL        L?0105
  -------         PROC          _MCULIB_PROTOCOLAPPEND
  X:0210H         SYMBOL        pucBuf
  X:0213H         SYMBOL        piLen
  X:0216H         SYMBOL        ucByte
  C:3DEFH         LINE#         123
  C:3DFAH         LINE#         124
  C:3E08H         LINE#         125
  C:3E2CH         LINE#         126
  C:3E3CH         LINE#         127
  C:3E45H         LINE#         128
  C:3E45H         LINE#         129
  C:3E47H         LINE#         130
  C:3E6FH         LINE#         131
  C:3E7FH         LINE#         132
  C:3E7FH         LINE#         133
  C:3E81H         LINE#         134
BL51 BANKED LINKER/LOCATER V6.22.2.0                                                  11/30/2020  09:23:01  PAGE 32


  -------         ENDPROC       _MCULIB_PROTOCOLAPPEND
  -------         PROC          _MCULIB_PROTOCOLSENDCMDWITHPARAMNUM
  D:0007H         SYMBOL        ucType
  X:01FAH         SYMBOL        pucParam
  X:01FDH         SYMBOL        ucSize
  -------         DO            
  D:0005H         SYMBOL        ucChecksum
  X:01FEH         SYMBOL        pucBuf
  X:020EH         SYMBOL        iLen
  X:020FH         SYMBOL        i
  -------         ENDDO         
  C:3F22H         LINE#         136
  C:3F2DH         LINE#         137
  C:3F2DH         LINE#         142
  C:3F33H         LINE#         143
  C:3F39H         LINE#         144
  C:3F3AH         LINE#         145
  C:3F3DH         LINE#         146
  C:3F41H         LINE#         147
  C:3F44H         LINE#         149
  C:3F57H         LINE#         150
  C:3F6AH         LINE#         151
  C:3F6DH         LINE#         152
  C:3F75H         LINE#         154
  C:3F87H         LINE#         156
  C:3F98H         LINE#         157
  C:3FA7H         LINE#         158
  C:3FAFH         LINE#         161
  C:3FB1H         LINE#         162
  -------         ENDPROC       _MCULIB_PROTOCOLSENDCMDWITHPARAMNUM
  -------         PROC          _MCU_SENDCMDTODVR
  X:01F1H         SYMBOL        ucType
  -------         DO            
  X:01F2H         SYMBOL        buf
  D:0002H         SYMBOL        val
  -------         ENDDO         
  C:3210H         LINE#         165
  C:3215H         LINE#         166
  C:3215H         LINE#         167
  C:3228H         LINE#         169
  C:3249H         LINE#         170
  C:3249H         LINE#         171
  C:3249H         LINE#         172
  C:3255H         LINE#         173
  C:3261H         LINE#         174
  C:326DH         LINE#         175
  C:327BH         LINE#         176
  C:327EH         LINE#         178
  C:327EH         LINE#         183
  C:32B5H         LINE#         185
  C:32C9H         LINE#         186
  C:32D2H         LINE#         188
  C:32D7H         LINE#         218
  C:32DCH         LINE#         229
  C:32E9H         LINE#         231
  C:32ECH         LINE#         233
  C:3305H         LINE#         236
BL51 BANKED LINKER/LOCATER V6.22.2.0                                                  11/30/2020  09:23:01  PAGE 33


  C:332EH         LINE#         240
  C:3336H         LINE#         242
  C:3343H         LINE#         243
  C:334AH         LINE#         245
  C:3357H         LINE#         246
  C:335EH         LINE#         248
  C:3364H         LINE#         249
  C:336BH         LINE#         251
  C:3373H         LINE#         252
  C:337AH         LINE#         254
  C:3382H         LINE#         255
  C:3389H         LINE#         257
  C:338FH         LINE#         258
  C:3396H         LINE#         260
  C:33A1H         LINE#         261
  C:33A8H         LINE#         263
  C:33E6H         LINE#         264
  C:33EDH         LINE#         267
  C:33FBH         LINE#         268
  C:33FDH         LINE#         270
  C:33FDH         LINE#         271
  C:340BH         LINE#         272
  C:340BH         LINE#         273
  C:3411H         LINE#         274
  C:3418H         LINE#         278
  C:3418H         LINE#         279
  C:3426H         LINE#         280
  C:3428H         LINE#         282
  C:3428H         LINE#         283
  C:3436H         LINE#         284
  C:3438H         LINE#         286
  C:3438H         LINE#         287
  C:3449H         LINE#         288
  C:3449H         LINE#         290
  C:3449H         LINE#         291
  C:3449H         LINE#         293
  C:3449H         LINE#         295
  -------         ENDPROC       _MCU_SENDCMDTODVR
  -------         PROC          INITIALTIMEREVENT
  C:447BH         LINE#         298
  C:447BH         LINE#         299
  C:447BH         LINE#         300
  C:447EH         LINE#         301
  C:4487H         LINE#         302
  C:4490H         LINE#         303
  C:4499H         LINE#         304
  C:44A2H         LINE#         305
  C:44ABH         LINE#         306
  C:44B4H         LINE#         307
  C:44BDH         LINE#         308
  C:44C6H         LINE#         309
  C:44CDH         LINE#         315
  -------         ENDPROC       INITIALTIMEREVENT
  -------         PROC          _MAPPING1
  X:01D7H         SYMBOL        fromValue
  X:01D9H         SYMBOL        fromRange
  X:01DCH         SYMBOL        toValue
BL51 BANKED LINKER/LOCATER V6.22.2.0                                                  11/30/2020  09:23:01  PAGE 34


  X:01DFH         SYMBOL        toRange
  -------         DO            
  X:01E2H         SYMBOL        a
  X:01E4H         SYMBOL        b
  -------         ENDDO         
  C:3612H         LINE#         317
  C:3623H         LINE#         318
  C:3623H         LINE#         325
  C:363BH         LINE#         326
  C:3661H         LINE#         327
  C:3689H         LINE#         329
  C:368EH         LINE#         331
  C:36C3H         LINE#         332
  C:36C6H         LINE#         333
  C:36C6H         LINE#         334
  C:36EDH         LINE#         335
  C:3715H         LINE#         337
  C:371AH         LINE#         339
  C:3785H         LINE#         340
  C:3785H         LINE#         342
  C:3787H         LINE#         344
  -------         ENDPROC       _MAPPING1
  -------         PROC          _SETAD5110STEP
  D:0007H         SYMBOL        newv
  -------         DO            
  X:01D5H         SYMBOL        regv
  -------         ENDDO         
  C:4714H         LINE#         346
  C:4714H         LINE#         347
  C:4714H         LINE#         351
  C:4739H         LINE#         352
  -------         ENDPROC       _SETAD5110STEP
  -------         PROC          LOADEEPROM
  C:3E82H         LINE#         356
  C:3E82H         LINE#         357
  C:3E82H         LINE#         358
  C:3E8EH         LINE#         359
  C:3E9AH         LINE#         360
  C:3EA6H         LINE#         361
  C:3EB2H         LINE#         363
  C:3EBCH         LINE#         364
  C:3EC3H         LINE#         366
  C:3ECBH         LINE#         367
  C:3ECBH         LINE#         368
  C:3ED1H         LINE#         369
  C:3ED1H         LINE#         370
  C:3ED9H         LINE#         371
  C:3EDFH         LINE#         372
  C:3EDFH         LINE#         374
  C:3EE7H         LINE#         375
  C:3EE7H         LINE#         376
  C:3EE7H         LINE#         377
  C:3EE7H         LINE#         378
  C:3EE7H         LINE#         380
  C:3EE9H         LINE#         382
  C:3EE9H         LINE#         384
  C:3EF1H         LINE#         385
[...]
  C:0718H         LINE#         1005
  C:0718H         LINE#         1006
  C:0724H         LINE#         1007
  C:0724H         LINE#         1011
  C:0728H         LINE#         1012
  C:0731H         LINE#         1014
  C:073BH         LINE#         1015
  C:0743H         LINE#         1016
  C:0743H         LINE#         1018
  C:0748H         LINE#         1019
  C:0748H         LINE#         1022
  C:0757H         LINE#         1023
  C:0757H         LINE#         1028
  C:0759H         LINE#         1058
  C:075CH         LINE#         1060
  C:075CH         LINE#         1065
  C:0767H         LINE#         1066
  C:0767H         LINE#         1067
  C:076FH         LINE#         1074
  C:0770H         LINE#         1083
  C:0778H         LINE#         1084
BL51 BANKED LINKER/LOCATER V6.22.2.0                                                  11/30/2020  09:23:01  PAGE 60


  C:077AH         LINE#         1087
  C:077AH         LINE#         1088
  C:0785H         LINE#         1089
  C:0785H         LINE#         1090
  C:079CH         LINE#         1091
  C:079CH         LINE#         1092
  C:07A2H         LINE#         1093
  C:07AAH         LINE#         1094
  C:07AAH         LINE#         1096
  C:07AAH         LINE#         1100
  C:07B0H         LINE#         1101
  C:07B0H         LINE#         1107
  C:07B3H         LINE#         1109
  C:07B9H         LINE#         1111
  C:07B9H         LINE#         1113
  C:07BCH         LINE#         1114
  C:07BCH         LINE#         1115
  C:07C7H         LINE#         1116
  C:07CCH         LINE#         1117
  C:07CFH         LINE#         1118
  C:07CFH         LINE#         1122
  C:07DAH         LINE#         1134
  C:07EDH         LINE#         1135
  C:07EDH         LINE#         1136
  C:07F2H         LINE#         1137
  C:07F6H         LINE#         1138
  C:07FAH         LINE#         1139
  C:0800H         LINE#         1140
  C:0801H         LINE#         1141
  C:0804H         LINE#         1142
  C:081DH         LINE#         1143
  C:081DH         LINE#         1144
  C:0822H         LINE#         1145
  C:0826H         LINE#         1146
  C:082AH         LINE#         1147
  C:082EH         LINE#         1148
  C:0834H         LINE#         1149
  C:0837H         LINE#         1150
  C:0849H         LINE#         1151
  C:0849H         LINE#         1152
  C:084FH         LINE#         1153
  C:0854H         LINE#         1154
  C:0858H         LINE#         1155
  C:085CH         LINE#         1156
  C:085CH         LINE#         1157
  C:085EH         LINE#         1158
  C:0870H         LINE#         1159
  C:0870H         LINE#         1160
  C:0875H         LINE#         1161
  C:0879H         LINE#         1162
  C:087FH         LINE#         1163
  C:0884H         LINE#         1164
  C:0884H         LINE#         1166
  C:0886H         LINE#         1167
  C:0898H         LINE#         1168
  C:0898H         LINE#         1169
  C:089DH         LINE#         1170
BL51 BANKED LINKER/LOCATER V6.22.2.0                                                  11/30/2020  09:23:01  PAGE 61


  C:08A3H         LINE#         1171
  C:08A8H         LINE#         1172
  C:08ACH         LINE#         1173
  C:08ACH         LINE#         1174
  C:08AEH         LINE#         1176
  C:08AEH         LINE#         1179
  C:08B5H         LINE#         1180
  C:08BAH         LINE#         1182
  C:08C0H         LINE#         1183
  C:08C5H         LINE#         1184
  C:08C9H         LINE#         1185
  C:08CDH         LINE#         1186
  C:08D1H         LINE#         1187
  C:08D5H         LINE#         1188
  C:08D5H         LINE#         1190
  C:092BH         LINE#         1192
  C:0931H         LINE#         1195
  C:0939H         LINE#         1196
  C:0939H         LINE#         1197
  C:093FH         LINE#         1198
  C:0944H         LINE#         1199
  C:094BH         LINE#         1200
  C:094EH         LINE#         1201
  C:0955H         LINE#         1202
  C:0955H         LINE#         1204
  C:095DH         LINE#         1205
  C:095DH         LINE#         1206
  C:0963H         LINE#         1207
  C:0968H         LINE#         1208
  C:096FH         LINE#         1209
  C:0972H         LINE#         1210
  C:0979H         LINE#         1211
  C:0979H         LINE#         1213
  C:0981H         LINE#         1214
  C:0981H         LINE#         1215
  C:0985H         LINE#         1216
  C:098AH         LINE#         1217
  C:0991H         LINE#         1218
  C:0994H         LINE#         1219
  C:099BH         LINE#         1220
  C:099BH         LINE#         1222
  C:09A3H         LINE#         1223
  C:09A3H         LINE#         1224
  C:09A9H         LINE#         1225
  C:09AEH         LINE#         1226
  C:09B5H         LINE#         1227
  C:09B8H         LINE#         1228
  C:09BFH         LINE#         1229
  C:09BFH         LINE#         1231
  C:09C7H         LINE#         1232
  C:09C7H         LINE#         1233
  C:09CDH         LINE#         1234
  C:09D2H         LINE#         1235
  C:09D9H         LINE#         1236
  C:09DCH         LINE#         1237
  C:09E3H         LINE#         1238
  C:09E3H         LINE#         1248
BL51 BANKED LINKER/LOCATER V6.22.2.0                                                  11/30/2020  09:23:01  PAGE 62


  C:09F2H         LINE#         1251
  C:0A0BH         LINE#         1252
  C:0A0BH         LINE#         1253
  C:0A11H         LINE#         1254
  C:0A16H         LINE#         1255
  C:0A18H         LINE#         1257
  C:0A18H         LINE#         1258
  C:0A1DH         LINE#         1259
  C:0A23H         LINE#         1261
  C:0A23H         LINE#         1263
  C:0A2BH         LINE#         1264
  C:0A2BH         LINE#         1265
  C:0A2CH         LINE#         1266
  C:0A41H         LINE#         1267
  C:0A48H         LINE#         1271
  C:0A4AH         LINE#         1272
  C:0A52H         LINE#         1273
  C:0A52H         LINE#         1274
  C:0A53H         LINE#         1275
  C:0A5AH         LINE#         1276
  C:0A5AH         LINE#         1309
  C:0A60H         LINE#         1310
  C:0A63H         LINE#         1312
  C:0A63H         LINE#         1315
  C:0A70H         LINE#         1316
  C:0A70H         LINE#         1320
  C:0A74H         LINE#         1321
  C:0A77H         LINE#         1322
  C:0A7DH         LINE#         1323
  C:0A7DH         LINE#         1324
  C:0A80H         LINE#         1326
  C:0A80H         LINE#         1342
  C:0A8BH         LINE#         1343
  C:0A8BH         LINE#         1344
  C:0A98H         LINE#         1345
  C:0A98H         LINE#         1346
  C:0A9CH         LINE#         1348
  C:0A9EH         LINE#         1350
  C:0AA0H         LINE#         1353
  C:0AA8H         LINE#         1354
  C:0AB1H         LINE#         1355
  C:0AB3H         LINE#         1357
  C:0ABBH         LINE#         1358
  C:0AC4H         LINE#         1359
  C:0AC6H         LINE#         1361
  C:0AC6H         LINE#         1363
  C:0AD1H         LINE#         1364
  C:0AD1H         LINE#         1365
  C:0AD3H         LINE#         1366
  C:0AD6H         LINE#         1368
  C:0AD6H         LINE#         1370
  C:0AE0H         LINE#         1371
  C:0AE0H         LINE#         1373
  C:0B03H         LINE#         1374
  C:0B03H         LINE#         1375
  C:0B0EH         LINE#         1376
  C:0B12H         LINE#         1378
BL51 BANKED LINKER/LOCATER V6.22.2.0                                                  11/30/2020  09:23:01  PAGE 63


  C:0B14H         LINE#         1379
  C:0B17H         LINE#         1380
  C:0B21H         LINE#         1381
  C:0B24H         LINE#         1385
  C:0B2EH         LINE#         1386
  C:0B2EH         LINE#         1388
  C:0B51H         LINE#         1389
  C:0B51H         LINE#         1390
  C:0B5CH         LINE#         1391
  C:0B60H         LINE#         1393
  C:0B62H         LINE#         1394
  C:0B64H         LINE#         1395
  C:0B6EH         LINE#         1396
  C:0B70H         LINE#         1398
  C:0B70H         LINE#         1399
  C:0B72H         LINE#         1400
  C:0B7CH         LINE#         1401
  C:0B7CH         LINE#         1403
  C:0B9FH         LINE#         1404
  C:0B9FH         LINE#         1405
  C:0BAAH         LINE#         1406
  C:0BAEH         LINE#         1408
  C:0BB0H         LINE#         1409
  C:0BB2H         LINE#         1410
  C:0BBCH         LINE#         1411
  C:0BC3H         LINE#         1413
  C:0BCCH         LINE#         1414
  C:0BCCH         LINE#         1417
  C:0BCCH         LINE#         1419
  C:0BD2H         LINE#         1422
  C:0BD4H         LINE#         1424
  C:0BD4H         LINE#         1425
  C:0BDBH         LINE#         1426
  C:0BDDH         LINE#         1427
  C:0BE0H         LINE#         1428
  C:0BE5H         LINE#         1429
  C:0BF5H         LINE#         1430
  C:0BFAH         LINE#         1431
  C:0C03H         LINE#         1432
  C:0C0CH         LINE#         1433
  C:0C0CH         LINE#         1435
  C:0C0CH         LINE#         1436
  C:0C0CH         LINE#         1437
  C:0C0FH         LINE#         1438
  C:0C0FH         LINE#         1440
  C:0C17H         LINE#         1441
  C:0C1FH         LINE#         1450
  C:0C36H         LINE#         1451
  C:0C36H         LINE#         1452
  C:0C3BH         LINE#         1453
  C:0C44H         LINE#         1454
  C:0C44H         LINE#         1456
  C:0C5BH         LINE#         1457
  C:0C5BH         LINE#         1458
  C:0C60H         LINE#         1459
  C:0C69H         LINE#         1460
  C:0C69H         LINE#         1463
BL51 BANKED LINKER/LOCATER V6.22.2.0                                                  11/30/2020  09:23:01  PAGE 64


  C:0C71H         LINE#         1464
  C:0C71H         LINE#         1465
  C:0C7FH         LINE#         1466
  C:0C7FH         LINE#         1470
  C:0C86H         LINE#         1471
  C:0C89H         LINE#         1472
  C:0C89H         LINE#         1474
  C:0C89H         LINE#         1476
  C:0CAFH         LINE#         1477
  C:0CAFH         LINE#         1479
  C:0CAFH         LINE#         1481
  C:0CBCH         LINE#         1482
  C:0CBCH         LINE#         1486
  C:0CC0H         LINE#         1487
  C:0CC0H         LINE#         1489
  C:0CCCH         LINE#         1490
  C:0CCCH         LINE#         1494
  C:0CD0H         LINE#         1495
  C:0CD9H         LINE#         1496
  C:0CE3H         LINE#         1497
  C:0CEBH         LINE#         1498
  C:0CEBH         LINE#         1499
  C:0CF2H         LINE#         1500
  C:0CF5H         LINE#         1501
  C:0CF5H         LINE#         1502
  C:0CF5H         LINE#         1503
  C:0D14H         LINE#         1504
  C:0D14H         LINE#         1505
  C:0D19H         LINE#         1507
  C:0D23H         LINE#         1508
  C:0D2BH         LINE#         1513
  C:0D2EH         LINE#         1514
  C:0D30H         LINE#         1515
  C:0D4CH         LINE#         1516
  C:0D4CH         LINE#         1517
  C:0D4EH         LINE#         1518
  C:0D55H         LINE#         1519
  C:0D55H         LINE#         1520
  C:0D5CH         LINE#         1521
  C:0D61H         LINE#         1522
  C:0D63H         LINE#         1524
  C:0D63H         LINE#         1525
  C:0D63H         LINE#         1527
  C:0D65H         LINE#         1528
  C:0D65H         LINE#         1529
  C:0D65H         LINE#         1530
  C:0D65H         LINE#         1531
  C:0D65H         LINE#         1532
  C:0D65H         LINE#         1534
  C:0D6CH         LINE#         1545
  C:0D73H         LINE#         1546
  C:0D73H         LINE#         1551
  C:0D73H         LINE#         1611
  C:0D79H         LINE#         1612
  C:0D7CH         LINE#         1613
  C:0D7CH         LINE#         1627
  C:0D84H         LINE#         1628
BL51 BANKED LINKER/LOCATER V6.22.2.0                                                  11/30/2020  09:23:01  PAGE 65


  C:0D84H         LINE#         1630
  C:0D92H         LINE#         1631
  C:0D92H         LINE#         1632
  C:0D9AH         LINE#         1633
  C:0D9AH         LINE#         1635
  C:0DA3H         LINE#         1636
  C:0DA9H         LINE#         1637
  C:0DABH         LINE#         1639
  C:0DABH         LINE#         1640
  C:0DAEH         LINE#         1641
  C:0DAEH         LINE#         1643
  C:0DB0H         LINE#         1645
  C:0DB2H         LINE#         1646
  C:0DB2H         LINE#         1651
  C:0DB7H         LINE#         1654
  C:0DC0H         LINE#         1655
  C:0DC0H         LINE#         1657
  C:0DC2H         LINE#         1658
  C:0DC4H         LINE#         1659
  C:0DC5H         LINE#         1661
  C:0DC5H         LINE#         1662
  C:0DD2H         LINE#         1663
  C:0DD4H         LINE#         1664
  C:0DD6H         LINE#         1666
  C:0DD6H         LINE#         1667
  C:0DE0H         LINE#         1668
  C:0DE2H         LINE#         1669
  C:0DE4H         LINE#         1670
  C:0DE4H         LINE#         1671
  C:0DEEH         LINE#         1672
  C:0DF0H         LINE#         1673
  C:0DF2H         LINE#         1675
  C:0DF2H         LINE#         1676
  C:0DFCH         LINE#         1677
  C:0DFEH         LINE#         1678
  C:0E00H         LINE#         1681
  C:0E00H         LINE#         1682
  C:0E0AH         LINE#         1683
  C:0E0FH         LINE#         1684
  C:0E0FH         LINE#         1687
  C:0E0FH         LINE#         1689
  C:0E16H         LINE#         1691
  C:0E1BH         LINE#         1692
  C:0E1BH         LINE#         1693
  C:0E1CH         LINE#         1694
  C:0E22H         LINE#         1695
  C:0E22H         LINE#         1697
  C:0E2AH         LINE#         1698
  C:0E2AH         LINE#         1699
  C:0E2BH         LINE#         1700
  C:0E31H         LINE#         1701
  C:0E31H         LINE#         1703
  C:0E39H         LINE#         1704
  C:0E39H         LINE#         1705
  C:0E3AH         LINE#         1706
  C:0E40H         LINE#         1707
  C:0E40H         LINE#         1709
BL51 BANKED LINKER/LOCATER V6.22.2.0                                                  11/30/2020  09:23:01  PAGE 66


  C:0E43H         LINE#         1711
  C:0E4CH         LINE#         1712
  C:0E4CH         LINE#         1714
  C:0E4CH         LINE#         1716
  C:0E52H         LINE#         1718
  C:0E52H         LINE#         1720
  C:0E52H         LINE#         1721
  C:0E52H         LINE#         1722
  C:0E52H         LINE#         1723
  -------         ENDPROC       _SYSTIMEREVENTPROC
  -------         ENDMOD        SYSTIMER

  -------         MODULE        ?C?FPADD
  C:0E5AH         PUBLIC        ?C?FPADD
  C:0E56H         PUBLIC        ?C?FPSUB
  -------         ENDMOD        ?C?FPADD

  -------         MODULE        ?C?FPMUL
  C:0F4BH         PUBLIC        ?C?FPMUL
  -------         ENDMOD        ?C?FPMUL

  -------         MODULE        ?C?FPDIV
  C:1054H         PUBLIC        ?C?FPDIV
  -------         ENDMOD        ?C?FPDIV

  -------         MODULE        ?C?FCAST
  C:10FBH         PUBLIC        ?C?FCASTC
  C:10F6H         PUBLIC        ?C?FCASTI
  C:10F1H         PUBLIC        ?C?FCASTL
  -------         ENDMOD        ?C?FCAST

  -------         MODULE        ?C?CASTF
  C:112FH         PUBLIC        ?C?CASTF
  -------         ENDMOD        ?C?CASTF

  -------         MODULE        ?C?COPY
  C:1280H         PUBLIC        ?C?COPY
  -------         ENDMOD        ?C?COPY

  -------         MODULE        ?C?CLDPTR
  C:12A6H         PUBLIC        ?C?CLDPTR
  -------         ENDMOD        ?C?CLDPTR

  -------         MODULE        ?C?CLDOPTR
  C:12BFH         PUBLIC        ?C?CLDOPTR
  -------         ENDMOD        ?C?CLDOPTR

  -------         MODULE        ?C?CILDPTR
  C:12ECH         PUBLIC        ?C?CILDPTR
  -------         ENDMOD        ?C?CILDPTR

  -------         MODULE        ?C?CSTOPTR
  C:130EH         PUBLIC        ?C?CSTOPTR
  -------         ENDMOD        ?C?CSTOPTR

  -------         MODULE        ?C?IMUL
  C:1330H         PUBLIC        ?C?IMUL
BL51 BANKED LINKER/LOCATER V6.22.2.0                                                  11/30/2020  09:23:01  PAGE 67


  -------         ENDMOD        ?C?IMUL

  -------         MODULE        ?C?UIDIV
  C:1342H         PUBLIC        ?C?UIDIV
  -------         ENDMOD        ?C?UIDIV

  -------         MODULE        ?C?SIDIV
  C:1397H         PUBLIC        ?C?SIDIV
  -------         ENDMOD        ?C?SIDIV

  -------         MODULE        ?C?IILDX
  C:13CDH         PUBLIC        ?C?IILDX
  -------         ENDMOD        ?C?IILDX

  -------         MODULE        ?C?ILDIX
  C:13E3H         PUBLIC        ?C?ILDIX
  -------         ENDMOD        ?C?ILDIX

  -------         MODULE        ?C?ILDPTR
  C:13F9H         PUBLIC        ?C?ILDPTR
  -------         ENDMOD        ?C?ILDPTR

  -------         MODULE        ?C?ILDOPTR
  C:1424H         PUBLIC        ?C?ILDOPTR
  -------         ENDMOD        ?C?ILDOPTR

  -------         MODULE        ?C?ISTPTR
  C:145CH         PUBLIC        ?C?ISTPTR
  -------         ENDMOD        ?C?ISTPTR

  -------         MODULE        ?C?LMUL
  C:147BH         PUBLIC        ?C?LMUL
  -------         ENDMOD        ?C?LMUL

  -------         MODULE        ?C?ULDIV
  C:1506H         PUBLIC        ?C?ULDIV
  -------         ENDMOD        ?C?ULDIV

  -------         MODULE        ?C?LNEG
  C:1598H         PUBLIC        ?C?LNEG
  -------         ENDMOD        ?C?LNEG

  -------         MODULE        ?C?SLCMP
  C:15A6H         PUBLIC        ?C?SLCMP
  -------         ENDMOD        ?C?SLCMP

  -------         MODULE        ?C?ULCMP
  C:15BCH         PUBLIC        ?C?ULCMP
  -------         ENDMOD        ?C?ULCMP

  -------         MODULE        ?C?SLSHR
  C:15CDH         PUBLIC        ?C?SLSHR
  -------         ENDMOD        ?C?SLSHR

  -------         MODULE        ?C?LLDPTR
  C:15E1H         PUBLIC        ?C?LLDPTR
  -------         ENDMOD        ?C?LLDPTR
BL51 BANKED LINKER/LOCATER V6.22.2.0                                                  11/30/2020  09:23:01  PAGE 68



  -------         MODULE        ?C?LSTXDATA
  C:1601H         PUBLIC        ?C?LSTXDATA
  -------         ENDMOD        ?C?LSTXDATA

  -------         MODULE        ?C?LSTKXDATA
  C:160DH         PUBLIC        ?C?LSTKXDATA
  -------         ENDMOD        ?C?LSTKXDATA

  -------         MODULE        ?C?PLDPTR
  C:163EH         PUBLIC        ?C?PLDPTR
  -------         ENDMOD        ?C?PLDPTR

  -------         MODULE        ?C?CCASE
  C:165EH         PUBLIC        ?C?CCASE
  -------         ENDMOD        ?C?CCASE

  -------         MODULE        ABS
  C:4BCBH         PUBLIC        _ABS
  -------         ENDMOD        ABS

  -------         MODULE        ?C?LLDIDATA
  C:1684H         PUBLIC        ?C?LLDIDATA
  -------         ENDMOD        ?C?LLDIDATA

  -------         MODULE        ?C?LLDXDATA
  C:1690H         PUBLIC        ?C?LLDXDATA
  -------         ENDMOD        ?C?LLDXDATA

  -------         MODULE        ?C?LLDPDATA
  C:169CH         PUBLIC        ?C?LLDPDATA
  -------         ENDMOD        ?C?LLDPDATA

  -------         MODULE        ?C?LLDCODE
  C:16A8H         PUBLIC        ?C?LLDCODE
  -------         ENDMOD        ?C?LLDCODE

  -------         MODULE        ?C?PLDIDATA
  C:16B8H         PUBLIC        ?C?PLDIDATA
  -------         ENDMOD        ?C?PLDIDATA

  -------         MODULE        ?C?PLDXDATA
  C:16C1H         PUBLIC        ?C?PLDXDATA
  -------         ENDMOD        ?C?PLDXDATA

  -------         MODULE        ?C?PLDPDATA
  C:16CAH         PUBLIC        ?C?PLDPDATA
  -------         ENDMOD        ?C?PLDPDATA

  -------         MODULE        ?C?PLDCODE
  C:16D3H         PUBLIC        ?C?PLDCODE
  -------         ENDMOD        ?C?PLDCODE

Program Size: data=109.5 xdata=643 code=19424
LINK/LOCATE RUN COMPLETE.  0 WARNING(S),  0 ERROR(S)
