BL51 BANKED LINKER/LOCATER V6.22.2.0                                                    02/26/2021  09:41:56  PAGE 1


BL51 BANKED LINKER/LOCATER V6.22.2.0, INVOKED BY:
C:\KEIL_V5\C51\BIN\BL51.EXE .\Output\STARTUP.obj, .\Output\CPU.obj, .\Output\etc_eep.obj, .\Output\HS_DVRProtocol.obj, .
>> \Output\i2c.obj, .\Output\keyremo.obj, .\Output\main.obj, .\Output\monitor.obj, .\Output\Printf.obj, .\Output\SysPowe
>> r.obj, .\Output\SysTimer.obj TO .\Output\ml070i_MRMCU PRINT (.\Listings\ml070i_MRMCU.m51) RAMSIZE (256)


MEMORY MODEL: LARGE WITH FLOATING POINT ARITHMETIC


INPUT MODULES INCLUDED:
  .\Output\STARTUP.obj (?C_STARTUP)
  .\Output\CPU.obj (CPU)
  .\Output\etc_eep.obj (ETC_EEP)
  .\Output\HS_DVRProtocol.obj (HS_DVRPROTOCOL)
  .\Output\i2c.obj (I2C)
  .\Output\keyremo.obj (KEYREMO)
  .\Output\main.obj (MAIN)
  .\Output\monitor.obj (MONITOR)
  .\Output\Printf.obj (PRINTF)
  .\Output\SysPower.obj (SYSPOWER)
  .\Output\SysTimer.obj (SYSTIMER)
  C:\KEIL_V5\C51\LIB\C51FPL.LIB (?C?FPADD)
  C:\KEIL_V5\C51\LIB\C51FPL.LIB (?C?FPMUL)
  C:\KEIL_V5\C51\LIB\C51FPL.LIB (?C?FPDIV)
  C:\KEIL_V5\C51\LIB\C51FPL.LIB (?C?FCAST)
  C:\KEIL_V5\C51\LIB\C51FPL.LIB (?C?CASTF)
  C:\KEIL_V5\C51\LIB\C51FPL.LIB (?C?FPGETOPN)
  C:\KEIL_V5\C51\LIB\C51L.LIB (?C_INIT)
  C:\KEIL_V5\C51\LIB\C51L.LIB (?C?COPY)
  C:\KEIL_V5\C51\LIB\C51L.LIB (?C?CLDPTR)
  C:\KEIL_V5\C51\LIB\C51L.LIB (?C?CLDOPTR)
  C:\KEIL_V5\C51\LIB\C51L.LIB (?C?CILDPTR)
  C:\KEIL_V5\C51\LIB\C51L.LIB (?C?CSTOPTR)
  C:\KEIL_V5\C51\LIB\C51L.LIB (?C?IMUL)
  C:\KEIL_V5\C51\LIB\C51L.LIB (?C?UIDIV)
  C:\KEIL_V5\C51\LIB\C51L.LIB (?C?SIDIV)
  C:\KEIL_V5\C51\LIB\C51L.LIB (?C?IILDX)
  C:\KEIL_V5\C51\LIB\C51L.LIB (?C?ILDIX)
  C:\KEIL_V5\C51\LIB\C51L.LIB (?C?ILDPTR)
  C:\KEIL_V5\C51\LIB\C51L.LIB (?C?ILDOPTR)
  C:\KEIL_V5\C51\LIB\C51L.LIB (?C?ISTPTR)
  C:\KEIL_V5\C51\LIB\C51L.LIB (?C?LMUL)
  C:\KEIL_V5\C51\LIB\C51L.LIB (?C?ULDIV)
  C:\KEIL_V5\C51\LIB\C51L.LIB (?C?LNEG)
  C:\KEIL_V5\C51\LIB\C51L.LIB (?C?SLCMP)
  C:\KEIL_V5\C51\LIB\C51L.LIB (?C?ULCMP)
  C:\KEIL_V5\C51\LIB\C51L.LIB (?C?SLSHR)
  C:\KEIL_V5\C51\LIB\C51L.LIB (?C?LLDPTR)
  C:\KEIL_V5\C51\LIB\C51L.LIB (?C?LSTXDATA)
  C:\KEIL_V5\C51\LIB\C51L.LIB (?C?LSTKXDATA)
  C:\KEIL_V5\C51\LIB\C51L.LIB (?C?PLDPTR)
  C:\KEIL_V5\C51\LIB\C51L.LIB (?C?CCASE)
  C:\KEIL_V5\C51\LIB\C51L.LIB (ABS)
  C:\KEIL_V5\C51\LIB\C51L.LIB (?C?LLDIDATA)
  C:\KEIL_V5\C51\LIB\C51L.LIB (?C?LLDXDATA)
  C:\KEIL_V5\C51\LIB\C51L.LIB (?C?LLDPDATA)
  C:\KEIL_V5\C51\LIB\C51L.LIB (?C?LLDCODE)
  C:\KEIL_V5\C51\LIB\C51L.LIB (?C?PLDIDATA)
BL51 BANKED LINKER/LOCATER V6.22.2.0                                                  02/26/2021  09:41:56  PAGE 2


  C:\KEIL_V5\C51\LIB\C51L.LIB (?C?PLDXDATA)
  C:\KEIL_V5\C51\LIB\C51L.LIB (?C?PLDPDATA)
  C:\KEIL_V5\C51\LIB\C51L.LIB (?C?PLDCODE)


LINK MAP OF MODULE:  .\Output\ml070i_MRMCU (?C_STARTUP)


            TYPE    BASE      LENGTH    RELOCATION   SEGMENT NAME
            -----------------------------------------------------

            * * * * * * *   D A T A   M E M O R Y   * * * * * * *
            REG     0000H     0008H     ABSOLUTE     "REG BANK 0"
            REG     0008H     0008H     ABSOLUTE     "REG BANK 1"
            DATA    0010H     0001H     UNIT         ?DT?MONITOR
            IDATA   0011H     0002H     UNIT         ?ID?SYSPOWER
                    0013H     000DH                  *** GAP ***
            BIT     0020H.0   0000H.6   UNIT         ?BI?CPU
            BIT     0020H.6   0000H.3   UNIT         ?BI?MONITOR
            BIT     0021H.1   0000H.2   UNIT         _BIT_GROUP_
            BIT     0021H.3   0000H.1   UNIT         ?BI?HS_DVRPROTOCOL
            BIT     0021H.4   0000H.1   UNIT         ?BI?SYSTIMER
                    0021H.5   0000H.3                *** GAP ***
            DATA    0022H     0058H     UNIT         ?DT?CPU
            IDATA   007AH     0001H     UNIT         ?STACK

            * * * * * * *  X D A T A   M E M O R Y  * * * * * * *
            XDATA   0000H     0106H     UNIT         ?XD?HS_DVRPROTOCOL
            XDATA   0106H     0070H     UNIT         ?XD?MAIN
            XDATA   0176H     005CH     UNIT         ?XD?SYSTIMER
            XDATA   01D2H     004AH     UNIT         _XDATA_GROUP_
            XDATA   021CH     0038H     UNIT         ?XD?MONITOR
            XDATA   0254H     0018H     UNIT         ?XD?CPU
            XDATA   026CH     0018H     UNIT         ?XD?PRINTF

            * * * * * * *   C O D E   M E M O R Y   * * * * * * *
            CODE    0000H     0003H     ABSOLUTE     
            CODE    0003H     0008H     UNIT         ?PR?_RS2_TX?CPU
            CODE    000BH     0003H     ABSOLUTE     
            CODE    000EH     0004H     UNIT         ?PR?ISP_INIT?MAIN
                    0012H     0001H                  *** GAP ***
            CODE    0013H     0003H     ABSOLUTE     
            CODE    0016H     000DH     UNIT         ?PR?I2CSTOP?I2C
            CODE    0023H     0003H     ABSOLUTE     
            CODE    0026H     0003H     UNIT         ?PR?EXT1_INT?CPU
                    0029H     0002H                  *** GAP ***
            CODE    002BH     0003H     ABSOLUTE     
                    002EH     0005H                  *** GAP ***
            CODE    0033H     0003H     ABSOLUTE     
                    0036H     0005H                  *** GAP ***
            CODE    003BH     0003H     ABSOLUTE     
            CODE    003EH     0022H     UNIT         ?PR?MCUTIMERINITIALTIMEREVENT?SYSTIMER
                    0060H     0003H                  *** GAP ***
            CODE    0063H     0003H     ABSOLUTE     
            CODE    0066H     0E49H     UNIT         ?PR?_SYSTIMEREVENTPROC?SYSTIMER
            CODE    0EAFH     088CH     UNIT         ?C?LIB_CODE
            CODE    173BH     0556H     UNIT         ?PR?_DOPRINT?PRINTF
BL51 BANKED LINKER/LOCATER V6.22.2.0                                                  02/26/2021  09:41:56  PAGE 3


            CODE    1C91H     04F6H     UNIT         ?PR?DVRRECEIVEPASER?HS_DVRPROTOCOL
            CODE    2187H     043DH     UNIT         ?CO?CPU
            CODE    25C4H     0427H     UNIT         ?PR?ENCORDERHANDLER?MAIN
            CODE    29EBH     041BH     UNIT         ?PR?SHOWWORKINGTIMER?CPU
            CODE    2E06H     02B5H     UNIT         ?PR?TIMER0_INT?CPU
            CODE    30BBH     029EH     UNIT         ?PR?_USERINTERFACEBATTERYCHARGEMODE?SYSPOWER
            CODE    3359H     023AH     UNIT         ?PR?_MCU_SENDCMDTODVR?MAIN
            CODE    3593H     0238H     UNIT         ?PR?LOADEEPROM?MAIN
            CODE    37CBH     01CCH     UNIT         ?C_INITSEG
            CODE    3997H     0176H     UNIT         ?PR?_MAPPING1?MAIN
            CODE    3B0DH     012EH     UNIT         ?PR?_MCUTIMERCHECKTIMEREVENT?SYSTIMER
            CODE    3C3BH     00FFH     UNIT         ?PR?MAIN_INIT?CPU
            CODE    3D3AH     00F2H     UNIT         ?PR?WAITPOWERON?MAIN
            CODE    3E2CH     00E7H     UNIT         ?PR?_USERINTERFACETIMEREVENTPROC?SYSTIMER
            CODE    3F13H     00E5H     UNIT         ?PR?_MCUTIMERACTIVETIMEREVENT?SYSTIMER
            CODE    3FF8H     00DEH     UNIT         ?PR?_MCUTIMERREACTIVETIMEREVENT?SYSTIMER
            CODE    40D6H     00D5H     UNIT         ?PR?_USERINTERFACEPOWERSWITCH?SYSPOWER
            CODE    41ABH     00ADH     UNIT         ?PR?_MCULIB_PROTOCOLAPPEND?MAIN
            CODE    4258H     00A3H     UNIT         ?PR?CLEARBASICEE?ETC_EEP
            CODE    42FBH     0098H     UNIT         ?PR?_SET_PWM?CPU
            CODE    4393H     0090H     UNIT         ?PR?_MCULIB_PROTOCOLSENDCMDWITHPARAMNUM?MAIN
            CODE    4423H     008CH     UNIT         ?C_C51STARTUP
            CODE    44AFH     0085H     UNIT         ?PR?SYSTIMERHANDLER?SYSTIMER
            CODE    4534H     0084H     UNIT         ?PR?SYSPOWERHANDLER?SYSPOWER
            CODE    45B8H     0082H     UNIT         ?PR?MAIN?MAIN
            CODE    463AH     007EH     UNIT         ?PR?_AD5110_I2CWRITEDATA?I2C
            CODE    46B8H     007BH     UNIT         ?PR?_I2CWRITEDATA?I2C
            CODE    4733H     0079H     UNIT         ?PR?_POWERLED?CPU
            CODE    47ACH     0077H     UNIT         ?CO?MAIN
            CODE    4823H     0053H     UNIT         ?PR?INITIALTIMEREVENT?MAIN
            CODE    4876H     004FH     UNIT         ?PR?INITCPU?CPU
            CODE    48C5H     004EH     UNIT         ?CO?PRINTF
            CODE    4913H     004AH     UNIT         ?PR?GETFWREVEE?ETC_EEP
            CODE    495DH     004AH     UNIT         ?PR?MCUTIMERGETTIMERCOUNTER?SYSTIMER
            CODE    49A7H     0047H     UNIT         ?PR?GETPROJECTNAMEEE?ETC_EEP
            CODE    49EEH     0047H     UNIT         ?PR?_WRITEEEP?I2C
            CODE    4A35H     0046H     UNIT         ?PR?_GRAPHICSPRINT?PRINTF
            CODE    4A7BH     0041H     UNIT         ?PR?_MCUTIMERCANCELTIMEREVENT?SYSTIMER
            CODE    4ABCH     003EH     UNIT         ?PR?_SETAD5110STEP?MAIN
            CODE    4AFAH     003EH     UNIT         ?PR?_PRINTF?PRINTF
            CODE    4B38H     003EH     UNIT         ?PR?_DEBUG_MESSAGE?PRINTF
            CODE    4B76H     003BH     UNIT         ?PR?SERIAL2_INT?CPU
            CODE    4BB1H     0039H     UNIT         ?PR?_READI2C?I2C
            CODE    4BEAH     0033H     UNIT         ?PR?I2CREADDATA?I2C
            CODE    4C1DH     0033H     UNIT         ?PR?_ISP_WRITE?MAIN
            CODE    4C50H     002FH     UNIT         ?PR?SET_MCU_POWER_DOWN_MODE?CPU
            CODE    4C7FH     002FH     UNIT         ?PR?SERIAL_INT?CPU
            CODE    4CAEH     002EH     UNIT         ?PR?SCANKEY?KEYREMO
            CODE    4CDCH     002DH     UNIT         ?CO?SYSPOWER
            CODE    4D09H     002CH     UNIT         ?PR?SYSPOWERINITIAL?SYSPOWER
            CODE    4D35H     002CH     UNIT         ?PR?_SYSPOWERSWITCH?SYSPOWER
            CODE    4D61H     0026H     UNIT         ?PR?_READEEP?I2C
            CODE    4D87H     0021H     UNIT         ?PR?ENTER_ISP?MAIN
            CODE    4DA8H     0020H     UNIT         ?PR?_WRITEAD5110?I2C
            CODE    4DC8H     0020H     UNIT         ?PR?_GETADCVALUE?MAIN
            CODE    4DE8H     001FH     UNIT         ?PR?INT2_INT?CPU
            CODE    4E07H     001FH     UNIT         ?PR?INT3_INT?CPU
BL51 BANKED LINKER/LOCATER V6.22.2.0                                                  02/26/2021  09:41:56  PAGE 4


            CODE    4E26H     001FH     UNIT         ?PR?MAIN_LOOP?MAIN
            CODE    4E45H     001EH     UNIT         ?PR?RS2_RX?CPU
            CODE    4E63H     001CH     UNIT         ?PR?CHECK_ADAP_IN?CPU
            CODE    4E7FH     001BH     UNIT         ?PR?_GETKEY?KEYREMO
            CODE    4E9AH     0019H     UNIT         ?PR?SAVEFWREVEE?ETC_EEP
            CODE    4EB3H     0019H     UNIT         ?PR?_MCUTIMERDELAYXMS?SYSTIMER
            CODE    4ECCH     0018H     UNIT         ?PR?_DELAY?CPU
            CODE    4EE4H     0016H     UNIT         ?PR?INITVARS?CPU
            CODE    4EFAH     0015H     UNIT         ?PR?_MCUTIMERGETEVENTID?SYSTIMER
            CODE    4F0FH     0014H     UNIT         ?PR?I2CDELAY?I2C
            CODE    4F23H     0014H     UNIT         ?PR?_MCUTIMERGETEVENTTIME?SYSTIMER
            CODE    4F37H     0013H     UNIT         ?PR?_MCUTIMERCLREVENTVALID?SYSTIMER
            CODE    4F4AH     0012H     UNIT         ?CO?ETC_EEP
            CODE    4F5CH     0012H     UNIT         ?PR?I2CSTART?I2C
            CODE    4F6EH     0011H     UNIT         ?PR?_MCUTIMERCHECKEVENTVALID?SYSTIMER
            CODE    4F7FH     000FH     UNIT         ?PR?TIMER2_INT?CPU
            CODE    4F8EH     000CH     UNIT         ?PR?_ABS?ABS
            CODE    4F9AH     000BH     UNIT         ?PR?RS2_READY?CPU
            CODE    4FA5H     0007H     UNIT         ?PR?GETBATTERYBTH?MAIN
            CODE    4FACH     0007H     UNIT         ?PR?GETBATTERYVOLTAGE?MAIN



OVERLAY MAP OF MODULE:   .\Output\ml070i_MRMCU (?C_STARTUP)


SEGMENT                                             BIT_GROUP          XDATA_GROUP
  +--> CALLED SEGMENT                            START    LENGTH     START    LENGTH
------------------------------------------------------------------------------------
?C_C51STARTUP                                    -----    -----      -----    -----
  +--> ?PR?MAIN?MAIN
  +--> ?C_INITSEG

?PR?MAIN?MAIN                                    -----    -----      -----    -----
  +--> ?PR?INITCPU?CPU
  +--> ?PR?SYSPOWERINITIAL?SYSPOWER
  +--> ?CO?MAIN
  +--> ?PR?_PRINTF?PRINTF
  +--> ?PR?MAIN_INIT?CPU
  +--> ?PR?INITVARS?CPU
  +--> ?PR?LOADEEPROM?MAIN
  +--> ?PR?INITIALTIMEREVENT?MAIN
  +--> ?PR?_SETAD5110STEP?MAIN
  +--> ?PR?CHECK_ADAP_IN?CPU
  +--> ?PR?MAIN_LOOP?MAIN
  +--> ?PR?WAITPOWERON?MAIN

?PR?SYSPOWERINITIAL?SYSPOWER                     -----    -----      -----    -----
  +--> ?PR?_MCUTIMERDELAYXMS?SYSTIMER
  +--> ?CO?SYSPOWER
  +--> ?PR?_DEBUG_MESSAGE?PRINTF

?PR?_DEBUG_MESSAGE?PRINTF                        -----    -----      01D2H    002EH
  +--> ?PR?_DOPRINT?PRINTF

?PR?_DOPRINT?PRINTF                              0021H.1  0000H.2    0207H    0015H
  +--> ?CO?PRINTF
BL51 BANKED LINKER/LOCATER V6.22.2.0                                                  02/26/2021  09:41:56  PAGE 5



?PR?_PRINTF?PRINTF                               -----    -----      01D9H    002EH
  +--> ?PR?_DOPRINT?PRINTF

?PR?MAIN_INIT?CPU                                -----    -----      01D2H    0004H
  +--> ?PR?GETFWREVEE?ETC_EEP
  +--> ?PR?_READEEP?I2C
  +--> ?CO?CPU
  +--> ?PR?_PRINTF?PRINTF
  +--> ?PR?SAVEFWREVEE?ETC_EEP
  +--> ?PR?GETPROJECTNAMEEE?ETC_EEP
  +--> ?PR?CLEARBASICEE?ETC_EEP
  +--> ?PR?_DELAY?CPU

?PR?GETFWREVEE?ETC_EEP                           -----    -----      -----    -----
  +--> ?PR?_READEEP?I2C

?PR?_READEEP?I2C                                 -----    -----      01FAH    0001H
  +--> ?PR?_READI2C?I2C
  +--> ?PR?_DELAY?CPU

?PR?_READI2C?I2C                                 -----    -----      01FBH    0003H
  +--> ?PR?I2CSTART?I2C
  +--> ?PR?_I2CWRITEDATA?I2C
  +--> ?PR?I2CREADDATA?I2C
  +--> ?PR?I2CSTOP?I2C

?PR?I2CSTART?I2C                                 -----    -----      -----    -----
  +--> ?PR?I2CDELAY?I2C

?PR?_I2CWRITEDATA?I2C                            -----    -----      -----    -----
  +--> ?PR?I2CDELAY?I2C

?PR?I2CREADDATA?I2C                              -----    -----      -----    -----
  +--> ?PR?I2CDELAY?I2C

?PR?I2CSTOP?I2C                                  -----    -----      -----    -----
  +--> ?PR?I2CDELAY?I2C

?PR?SAVEFWREVEE?ETC_EEP                          -----    -----      -----    -----
  +--> ?PR?_WRITEEEP?I2C

?PR?_WRITEEEP?I2C                                -----    -----      01D6H    0004H
  +--> ?PR?I2CSTART?I2C
  +--> ?PR?_I2CWRITEDATA?I2C
  +--> ?PR?I2CSTOP?I2C
  +--> ?PR?_DELAY?CPU

?PR?GETPROJECTNAMEEE?ETC_EEP                     -----    -----      01D6H    0001H
  +--> ?PR?_READEEP?I2C

?PR?CLEARBASICEE?ETC_EEP                         -----    -----      -----    -----
  +--> ?CO?ETC_EEP
  +--> ?PR?_PRINTF?PRINTF
  +--> ?PR?_WRITEEEP?I2C

?PR?LOADEEPROM?MAIN                              -----    -----      -----    -----
BL51 BANKED LINKER/LOCATER V6.22.2.0                                                  02/26/2021  09:41:56  PAGE 6


  +--> ?PR?_READEEP?I2C
  +--> ?PR?_WRITEEEP?I2C

?PR?INITIALTIMEREVENT?MAIN                       -----    -----      -----    -----
  +--> ?PR?MCUTIMERINITIALTIMEREVENT?SYSTIMER
  +--> ?PR?_MCUTIMERACTIVETIMEREVENT?SYSTIMER

?PR?_MCUTIMERACTIVETIMEREVENT?SYSTIMER           -----    -----      01F2H    0004H
  +--> ?PR?_MCUTIMERCHECKTIMEREVENT?SYSTIMER

?PR?_MCUTIMERCHECKTIMEREVENT?SYSTIMER            -----    -----      01F6H    0005H
  +--> ?PR?MCUTIMERGETTIMERCOUNTER?SYSTIMER

?PR?MCUTIMERGETTIMERCOUNTER?SYSTIMER             -----    -----      01FBH    0002H
  +--> ?PR?_ABS?ABS

?PR?_SETAD5110STEP?MAIN                          -----    -----      01D6H    0002H
  +--> ?PR?_MAPPING1?MAIN
  +--> ?PR?_WRITEAD5110?I2C

?PR?_MAPPING1?MAIN                               -----    -----      01D8H    000FH

?PR?_WRITEAD5110?I2C                             -----    -----      -----    -----
  +--> ?PR?I2CSTART?I2C
  +--> ?PR?_AD5110_I2CWRITEDATA?I2C
  +--> ?PR?I2CSTOP?I2C
  +--> ?PR?_DELAY?CPU

?PR?_AD5110_I2CWRITEDATA?I2C                     -----    -----      -----    -----
  +--> ?PR?I2CDELAY?I2C

?PR?CHECK_ADAP_IN?CPU                            -----    -----      -----    -----
  +--> ?PR?_MCUTIMERDELAYXMS?SYSTIMER

?PR?MAIN_LOOP?MAIN                               -----    -----      -----    -----
  +--> ?CO?MAIN
  +--> ?PR?_PRINTF?PRINTF
  +--> ?PR?DVRRECEIVEPASER?HS_DVRPROTOCOL
  +--> ?PR?SYSTIMERHANDLER?SYSTIMER
  +--> ?PR?SYSPOWERHANDLER?SYSPOWER
  +--> ?PR?SCANKEY?KEYREMO
  +--> ?PR?ENCORDERHANDLER?MAIN

?PR?DVRRECEIVEPASER?HS_DVRPROTOCOL               -----    -----      01D2H    0001H
  +--> ?PR?RS2_READY?CPU
  +--> ?PR?RS2_RX?CPU
  +--> ?PR?_USERINTERFACEBATTERYCHARGEMODE?S...
  +--> ?PR?_MCUTIMERCANCELTIMEREVENT?SYSTIMER
  +--> ?PR?_MCUTIMERACTIVETIMEREVENT?SYSTIMER
  +--> ?PR?_WRITEEEP?I2C
  +--> ?PR?_MCUTIMERREACTIVETIMEREVENT?SYSTIMER
  +--> ?PR?_READEEP?I2C

?PR?_USERINTERFACEBATTERYCHARGEMODE?S...         -----    -----      01D6H    0001H
  +--> ?PR?_MCUTIMERCANCELTIMEREVENT?SYSTIMER
  +--> ?PR?_SET_PWM?CPU
  +--> ?PR?_USERINTERFACEPOWERSWITCH?SYSPOWER
BL51 BANKED LINKER/LOCATER V6.22.2.0                                                  02/26/2021  09:41:56  PAGE 7


  +--> ?PR?_MCUTIMERACTIVETIMEREVENT?SYSTIMER

?PR?_SET_PWM?CPU                                 -----    -----      01D7H    0002H
  +--> ?CO?CPU
  +--> ?PR?_PRINTF?PRINTF

?PR?_USERINTERFACEPOWERSWITCH?SYSPOWER           -----    -----      01D7H    0001H
  +--> ?CO?SYSPOWER
  +--> ?PR?_PRINTF?PRINTF
  +--> ?PR?_MCUTIMERDELAYXMS?SYSTIMER
  +--> ?PR?_MCUTIMERACTIVETIMEREVENT?SYSTIMER
  +--> ?PR?_MCU_SENDCMDTODVR?MAIN

?PR?_MCU_SENDCMDTODVR?MAIN                       -----    -----      01F2H    0008H
  +--> ?CO?MAIN
  +--> ?PR?_READEEP?I2C
  +--> ?PR?_MCULIB_PROTOCOLSENDCMDWITHPARAMN...

?PR?_MCULIB_PROTOCOLSENDCMDWITHPARAMN...         -----    -----      01FAH    0017H
  +--> ?PR?_MCULIB_PROTOCOLAPPEND?MAIN
  +--> ?PR?_RS2_TX?CPU

?PR?_MCULIB_PROTOCOLAPPEND?MAIN                  -----    -----      0211H    0007H

?PR?_MCUTIMERREACTIVETIMEREVENT?SYSTIMER         -----    -----      01D3H    0004H
  +--> ?PR?_MCUTIMERCHECKTIMEREVENT?SYSTIMER

?PR?SYSTIMERHANDLER?SYSTIMER                     -----    -----      01D2H    0004H
  +--> ?PR?MCUTIMERGETTIMERCOUNTER?SYSTIMER
  +--> ?PR?_MCUTIMERCHECKEVENTVALID?SYSTIMER
  +--> ?PR?_MCUTIMERGETEVENTTIME?SYSTIMER
  +--> ?PR?_MCUTIMERCLREVENTVALID?SYSTIMER
  +--> ?PR?_MCUTIMERGETEVENTID?SYSTIMER
  +--> ?PR?_USERINTERFACETIMEREVENTPROC?SYST...
  +--> ?PR?_SYSTIMEREVENTPROC?SYSTIMER

?PR?_USERINTERFACETIMEREVENTPROC?SYST...         -----    -----      -----    -----
  +--> ?PR?_SETAD5110STEP?MAIN
  +--> ?PR?_WRITEEEP?I2C
  +--> ?PR?_MCU_SENDCMDTODVR?MAIN
  +--> ?PR?_USERINTERFACEBATTERYCHARGEMODE?S...
  +--> ?PR?_MCUTIMERACTIVETIMEREVENT?SYSTIMER
  +--> ?PR?ENTER_ISP?MAIN
  +--> ?PR?_USERINTERFACEPOWERSWITCH?SYSPOWER

?PR?ENTER_ISP?MAIN                               -----    -----      01D6H    0001H
  +--> ?PR?ISP_INIT?MAIN
  +--> ?PR?_ISP_WRITE?MAIN

?PR?_ISP_WRITE?MAIN                              -----    -----      01D7H    0006H

?PR?_SYSTIMEREVENTPROC?SYSTIMER                  -----    -----      -----    -----
  +--> ?PR?_POWERLED?CPU
  +--> ?PR?_MCUTIMERDELAYXMS?SYSTIMER
  +--> ?PR?CHECK_ADAP_IN?CPU
  +--> ?PR?_MCUTIMERCHECKEVENTVALID?SYSTIMER
  +--> ?PR?_MCUTIMERCANCELTIMEREVENT?SYSTIMER
BL51 BANKED LINKER/LOCATER V6.22.2.0                                                  02/26/2021  09:41:56  PAGE 8


  +--> ?PR?_MCUTIMERACTIVETIMEREVENT?SYSTIMER
  +--> ?PR?_MCU_SENDCMDTODVR?MAIN
  +--> ?PR?GETBATTERYVOLTAGE?MAIN
  +--> ?PR?GETBATTERYBTH?MAIN
  +--> ?PR?_READEEP?I2C
  +--> ?PR?_WRITEEEP?I2C
  +--> ?PR?_USERINTERFACEBATTERYCHARGEMODE?S...
  +--> ?PR?SHOWWORKINGTIMER?CPU

?PR?GETBATTERYVOLTAGE?MAIN                       -----    -----      -----    -----
  +--> ?PR?_GETADCVALUE?MAIN

?PR?GETBATTERYBTH?MAIN                           -----    -----      -----    -----
  +--> ?PR?_GETADCVALUE?MAIN

?PR?SHOWWORKINGTIMER?CPU                         -----    -----      01D6H    0002H
  +--> ?CO?CPU
  +--> ?PR?_GRAPHICSPRINT?PRINTF

?PR?_GRAPHICSPRINT?PRINTF                        -----    -----      01D8H    002FH
  +--> ?PR?_DOPRINT?PRINTF

?PR?SYSPOWERHANDLER?SYSPOWER                     -----    -----      -----    -----
  +--> ?PR?_SYSPOWERSWITCH?SYSPOWER

?PR?_SYSPOWERSWITCH?SYSPOWER                     -----    -----      01D2H    0001H
  +--> ?PR?_USERINTERFACEPOWERSWITCH?SYSPOWER

?PR?SCANKEY?KEYREMO                              -----    -----      -----    -----
  +--> ?PR?_GETKEY?KEYREMO
  +--> ?PR?_MCUTIMERACTIVETIMEREVENT?SYSTIMER

?PR?_GETKEY?KEYREMO                              0021H.1  0000H.1    -----    -----

?PR?ENCORDERHANDLER?MAIN                         -----    -----      01D2H    0020H
  +--> ?PR?_MCU_SENDCMDTODVR?MAIN
  +--> ?PR?_MCUTIMERCANCELTIMEREVENT?SYSTIMER
  +--> ?PR?_MCUTIMERACTIVETIMEREVENT?SYSTIMER

?PR?WAITPOWERON?MAIN                             -----    -----      -----    -----
  +--> ?CO?MAIN
  +--> ?PR?_PRINTF?PRINTF
  +--> ?PR?_MCUTIMERCANCELTIMEREVENT?SYSTIMER
  +--> ?PR?SYSPOWERHANDLER?SYSPOWER
  +--> ?PR?SYSTIMERHANDLER?SYSTIMER
  +--> ?PR?SCANKEY?KEYREMO
  +--> ?PR?_MCUTIMERACTIVETIMEREVENT?SYSTIMER
  +--> ?PR?CHECK_ADAP_IN?CPU
  +--> ?PR?SET_MCU_POWER_DOWN_MODE?CPU
  +--> ?PR?_WRITEEEP?I2C

?PR?SET_MCU_POWER_DOWN_MODE?CPU                  -----    -----      -----    -----
  +--> ?CO?CPU
  +--> ?PR?_PRINTF?PRINTF

?C_INITSEG                                       -----    -----      -----    -----
  +--> ?CO?PRINTF
BL51 BANKED LINKER/LOCATER V6.22.2.0                                                  02/26/2021  09:41:56  PAGE 9





SYMBOL TABLE OF MODULE:  .\Output\ml070i_MRMCU (?C_STARTUP)

  VALUE           TYPE          NAME
  ----------------------------------

  -------         MODULE        ?C_STARTUP
  C:4423H         SEGMENT       ?C_C51STARTUP
  I:007AH         SEGMENT       ?STACK
  C:0000H         PUBLIC        ?C_STARTUP
  D:00E0H         SYMBOL        ACC
  D:00F0H         SYMBOL        B
  D:0083H         SYMBOL        DPH
  D:0082H         SYMBOL        DPL
  N:0000H         SYMBOL        IBPSTACK
  N:0100H         SYMBOL        IBPSTACKTOP
  N:0080H         SYMBOL        IDATALEN
  C:4426H         SYMBOL        IDATALOOP
  N:0000H         SYMBOL        PBPSTACK
  N:0100H         SYMBOL        PBPSTACKTOP
  N:0000H         SYMBOL        PDATALEN
  N:0000H         SYMBOL        PDATASTART
  N:0000H         SYMBOL        PPAGE
  N:0000H         SYMBOL        PPAGEENABLE
  D:00A0H         SYMBOL        PPAGE_SFR
  D:0081H         SYMBOL        SP
  C:4423H         SYMBOL        STARTUP1
  N:0000H         SYMBOL        XBPSTACK
  N:0000H         SYMBOL        XBPSTACKTOP
  N:0000H         SYMBOL        XDATALEN
  N:0000H         SYMBOL        XDATASTART
  C:0000H         LINE#         126
  C:4423H         LINE#         133
  C:4425H         LINE#         134
  C:4426H         LINE#         135
  C:4427H         LINE#         136
  C:4429H         LINE#         185
  C:442CH         LINE#         196
  -------         ENDMOD        ?C_STARTUP

  -------         MODULE        CPU
  C:0000H         SYMBOL        _ICE_DUMMY_
  D:0091H         PUBLIC        P1M0
  X:0254H         PUBLIC        second
  C:4876H         PUBLIC        InitCPU
  D:00B1H         PUBLIC        P3M0
  C:2E06H         PUBLIC        timer0_int
  X:0255H         PUBLIC        FormatSDCard
  D:00B3H         PUBLIC        P4M0
  D:00B2H         PUBLIC        P3M1
  D:00B4H         PUBLIC        P4M1
  D:00B0H         PUBLIC        P3
  C:4F7FH         PUBLIC        timer2_int
  D:00E8H         PUBLIC        P4
  X:0256H         PUBLIC        FormatWait
BL51 BANKED LINKER/LOCATER V6.22.2.0                                                  02/26/2021  09:41:56  PAGE 10


  X:0257H         PUBLIC        Power_Msg_Count
  X:0259H         PUBLIC        IE_Temp
  D:00F9H         PUBLIC        CH
  D:0022H         PUBLIC        DVR_buf
  D:0040H         PUBLIC        keytic
  D:00A8H         PUBLIC        IE
  C:29EBH         PUBLIC        ShowWorkingTimer
  D:00E9H         PUBLIC        CL
  D:0042H         PUBLIC        RS2_in
  B:0020H.0       PUBLIC        RepeatKey
  X:025AH         PUBLIC        LED_FLASH_COUNT
  D:0043H         PUBLIC        RS2_out
  C:4ECCH         PUBLIC        _delay
  D:00FCH         PUBLIC        CCAP2H
  B:00E8H.0       PUBLIC        P4_0
  D:00FDH         PUBLIC        CCAP3H
  B:00E8H.1       PUBLIC        P4_1
  B:0090H.4       PUBLIC        P1_4
  B:0080H.5       PUBLIC        P0_5
  X:025CH         PUBLIC        minute
  B:00E8H.2       PUBLIC        P4_2
  D:00ECH         PUBLIC        CCAP2L
  B:00A8H.4       PUBLIC        ES
  D:00EDH         PUBLIC        CCAP3L
  D:00DCH         PUBLIC        CCAPM2
  D:00DDH         PUBLIC        CCAPM3
  D:00B8H         PUBLIC        IP
  B:0098H.0       PUBLIC        RI
  B:0098H.1       PUBLIC        TI
  D:0044H         PUBLIC        tic01
  B:0020H.1       PUBLIC        KeyReady
  C:4E45H         PUBLIC        RS2_rx
  B:0020H.2       PUBLIC        RS_Xbusy
  D:0045H         PUBLIC        tic02
  D:00D9H         PUBLIC        CMOD
  D:00D8H         PUBLIC        CCON
  C:0003H         PUBLIC        _RS2_tx
  X:025DH         PUBLIC        Time5ms
  X:025EH         PUBLIC        month
  X:025FH         PUBLIC        keyticSec
  D:0046H         PUBLIC        Key
  C:4DE8H         PUBLIC        int2_int
  C:4E07H         PUBLIC        int3_int
  C:4C7FH         PUBLIC        serial_int
  C:0026H         PUBLIC        ext1_int
  D:0099H         PUBLIC        SBUF
  D:0087H         PUBLIC        PCON
  D:0098H         PUBLIC        SCON
  C:4EE4H         PUBLIC        InitVars
  D:0089H         PUBLIC        TMOD
  D:0088H         PUBLIC        TCON
  C:3C3BH         PUBLIC        main_init
  X:0260H         PUBLIC        day
  X:0261H         PUBLIC        hour
  B:00C0H.1       PUBLIC        IE2
  B:00C0H.5       PUBLIC        IE3
  C:42FBH         PUBLIC        _SET_PWM
BL51 BANKED LINKER/LOCATER V6.22.2.0                                                  02/26/2021  09:41:56  PAGE 11


  X:0262H         PUBLIC        PowerDownWait
  D:0047H         PUBLIC        tm01
  D:0049H         PUBLIC        stopWatch
  X:0263H         PUBLIC        EncorderCount
  D:004BH         SYMBOL        RS_buf
  C:4C50H         PUBLIC        SET_MCU_POWER_DOWN_MODE
  D:0069H         PUBLIC        tic_PWR_SAVING
  D:006DH         PUBLIC        tic_Init_time
  B:00A8H.5       PUBLIC        ET2
  B:00C8H.7       PUBLIC        TF2
  D:008CH         PUBLIC        TH0
  D:008DH         PUBLIC        TH1
  B:00A8H.2       PUBLIC        EX1
  B:00C0H.2       PUBLIC        EX2
  B:00C0H.0       PUBLIC        IT2
  C:4F9AH         PUBLIC        RS2_ready
  C:4E63H         PUBLIC        Check_ADAP_IN
  B:00C0H.6       PUBLIC        EX3
  B:00C0H.4       PUBLIC        IT3
  D:008AH         PUBLIC        TL0
  B:0020H.3       PUBLIC        RS2_Xbusy
  B:00C8H.2       PUBLIC        TR2
  X:0265H         PUBLIC        updn_reg
  B:0020H.4       PUBLIC        PWR_SAVING_ACT_FLAG
  D:0071H         PUBLIC        RS_in
  D:0072H         PUBLIC        RS_out
  C:4B76H         PUBLIC        serial2_int
  D:009AH         PUBLIC        S2BUF
  X:0269H         PUBLIC        year1
  X:026AH         PUBLIC        year2
  C:4733H         PUBLIC        _PowerLED
  D:00AAH         PUBLIC        S2CON
  D:00C8H         PUBLIC        T2CON
  D:00BAH         PUBLIC        S2BRT
  X:026BH         PUBLIC        DVR_FACTORY_MODE
  D:0073H         PUBLIC        tm001
  D:00A6H         PUBLIC        AUXR2
  B:0020H.5       PUBLIC        ChangeKey
  D:0074H         PUBLIC        tic_pc
  D:0076H         PUBLIC        SystemClock
  D:0093H         PUBLIC        P0M0
  D:00ADH         PUBLIC        AUXIE
  -------         PROC          MAIN_INIT
  -------         DO            
  X:01D2H         SYMBOL        rev
  -------         ENDDO         
  C:3C3BH         LINE#         87
  C:3C3BH         LINE#         88
  C:3C3BH         LINE#         91
  C:3C44H         LINE#         94
  C:3C86H         LINE#         96
  C:3C95H         LINE#         97
  C:3C95H         LINE#         98
  C:3CAFH         LINE#         99
  C:3CB2H         LINE#         100
  C:3CF4H         LINE#         101
  C:3CF4H         LINE#         105
BL51 BANKED LINKER/LOCATER V6.22.2.0                                                  02/26/2021  09:41:56  PAGE 12


  C:3D03H         LINE#         106
  C:3D03H         LINE#         109
  C:3D03H         LINE#         110
  C:3D09H         LINE#         111
  C:3D0CH         LINE#         112
  C:3D0CH         LINE#         113
  C:3D0EH         LINE#         115
  C:3D0EH         LINE#         116
  C:3D17H         LINE#         117
  C:3D20H         LINE#         118
  C:3D27H         LINE#         120
  C:3D27H         LINE#         122
  C:3D2CH         LINE#         125
  C:3D34H         LINE#         126
  C:3D39H         LINE#         128
  -------         ENDPROC       MAIN_INIT
  -------         PROC          INITCPU
  C:4876H         LINE#         136
  C:4876H         LINE#         137
  C:4876H         LINE#         141
  C:4879H         LINE#         149
  C:487CH         LINE#         151
  C:487FH         LINE#         153
  C:4882H         LINE#         161
  C:4888H         LINE#         163
  C:488BH         LINE#         164
  C:488EH         LINE#         168
  C:4891H         LINE#         171
  C:4893H         LINE#         172
  C:4895H         LINE#         191
  C:4898H         LINE#         192
  C:489AH         LINE#         193
  C:489CH         LINE#         200
  C:489FH         LINE#         201
  C:48A2H         LINE#         204
  C:48A5H         LINE#         207
  C:48A8H         LINE#         209
  C:48AAH         LINE#         211
  C:48ACH         LINE#         212
  C:48AEH         LINE#         216
  C:48B1H         LINE#         217
  C:48B4H         LINE#         227
  C:48B7H         LINE#         230
  C:48BAH         LINE#         233
  C:48BDH         LINE#         234
  C:48BFH         LINE#         235
  C:48C2H         LINE#         236
  C:48C4H         LINE#         238
  -------         ENDPROC       INITCPU
  -------         PROC          SET_MCU_POWER_DOWN_MODE
  C:4C50H         LINE#         241
  C:4C50H         LINE#         242
  C:4C50H         LINE#         244
  C:4C59H         LINE#         246
  C:4C5BH         LINE#         247
  C:4C5DH         LINE#         248
  C:4C5FH         LINE#         250
BL51 BANKED LINKER/LOCATER V6.22.2.0                                                  02/26/2021  09:41:56  PAGE 13


  C:4C61H         LINE#         251
  C:4C63H         LINE#         252
  C:4C65H         LINE#         254
  C:4C6BH         LINE#         255
  C:4C6EH         LINE#         257
  C:4C74H         LINE#         258
  C:4C76H         LINE#         259
  C:4C78H         LINE#         260
  C:4C7BH         LINE#         261
  C:4C7CH         LINE#         262
  C:4C7DH         LINE#         263
  C:4C7EH         LINE#         267
  -------         ENDPROC       SET_MCU_POWER_DOWN_MODE
  -------         PROC          CHECK_ADAP_IN
  C:4E63H         LINE#         270
  C:4E63H         LINE#         271
  C:4E63H         LINE#         273
  C:4E69H         LINE#         274
  C:4E69H         LINE#         275
  C:4E70H         LINE#         277
  C:4E76H         LINE#         278
  C:4E79H         LINE#         280
  C:4E7CH         LINE#         281
  C:4E7CH         LINE#         283
  C:4E7EH         LINE#         284
  -------         ENDPROC       CHECK_ADAP_IN
  -------         PROC          _SET_PWM
  X:01D7H         SYMBOL        index
  X:01D8H         SYMBOL        val
  C:42FBH         LINE#         286
  C:4303H         LINE#         287
  C:4303H         LINE#         289
  C:431CH         LINE#         291
  C:432EH         LINE#         292
  C:432EH         LINE#         293
  C:432EH         LINE#         295
  C:4331H         LINE#         296
  C:433CH         LINE#         297
  C:433FH         LINE#         299
  C:4342H         LINE#         300
  C:4342H         LINE#         301
  C:4344H         LINE#         302
  C:4346H         LINE#         303
  C:4346H         LINE#         305
  C:434EH         LINE#         306
  C:434EH         LINE#         307
  C:4351H         LINE#         308
  C:4354H         LINE#         309
  C:4357H         LINE#         310
  C:435DH         LINE#         311
  C:435FH         LINE#         312
  C:4367H         LINE#         313
  C:4367H         LINE#         314
  C:436AH         LINE#         315
  C:436DH         LINE#         316
  C:4370H         LINE#         317
  C:4379H         LINE#         318
BL51 BANKED LINKER/LOCATER V6.22.2.0                                                  02/26/2021  09:41:56  PAGE 14


  C:4379H         LINE#         352
  C:4379H         LINE#         353
  C:4379H         LINE#         354
  C:437CH         LINE#         355
  C:4387H         LINE#         356
  C:438AH         LINE#         357
  C:438BH         LINE#         358
  C:438BH         LINE#         359
  C:438EH         LINE#         360
  C:438FH         LINE#         361
  C:438FH         LINE#         362
  C:4392H         LINE#         363
  C:4392H         LINE#         365
  C:4392H         LINE#         366
  C:4392H         LINE#         367
  C:4392H         LINE#         370
  -------         ENDPROC       _SET_PWM
  -------         PROC          TIMER0_INT
  -------         DO            
  D:000FH         SYMBOL        TempKey
  -------         ENDDO         
  C:2E06H         LINE#         379
  C:2E11H         LINE#         386
  C:2E13H         LINE#         389
  C:2E15H         LINE#         392
  C:2E20H         LINE#         393
  C:2E20H         LINE#         394
  C:2E2EH         LINE#         395
  C:2E31H         LINE#         396
  C:2E33H         LINE#         397
  C:2E33H         LINE#         399
  C:2E39H         LINE#         400
  C:2E3BH         LINE#         401
  C:2E44H         LINE#         402
  C:2E44H         LINE#         404
  C:2E4DH         LINE#         405
  C:2E57H         LINE#         406
  C:2E57H         LINE#         407
  C:2E5FH         LINE#         408
  C:2E67H         LINE#         409
  C:2E6FH         LINE#         410
  C:2E72H         LINE#         411
  C:2E74H         LINE#         414
  C:2E7AH         LINE#         416
  C:2E95H         LINE#         417
  C:2EA3H         LINE#         418
  C:2EBBH         LINE#         419
  C:2EC9H         LINE#         420
  C:2EE1H         LINE#         421
  C:2EEFH         LINE#         422
  C:2F0AH         LINE#         423
  C:2F18H         LINE#         425
  C:2F30H         LINE#         426
  C:2F3EH         LINE#         427
  C:2F56H         LINE#         428
  C:2F64H         LINE#         429
  C:2F7FH         LINE#         430
BL51 BANKED LINKER/LOCATER V6.22.2.0                                                  02/26/2021  09:41:56  PAGE 15


  C:2F8DH         LINE#         431
  C:2FA5H         LINE#         432
  C:2FB3H         LINE#         435
  C:2FB3H         LINE#         436
  C:2FB3H         LINE#         445
  C:2FC1H         LINE#         448
  C:2FC9H         LINE#         449
  C:2FCCH         LINE#         450
  C:2FCEH         LINE#         452
  C:2FD4H         LINE#         453
  C:2FD4H         LINE#         455
  C:2FD6H         LINE#         458
  C:2FDDH         LINE#         459
  C:2FE2H         LINE#         461
  C:2FE4H         LINE#         463
  C:2FE4H         LINE#         464
  C:2FEEH         LINE#         465
  C:2FF6H         LINE#         468
  C:3004H         LINE#         469
  C:3018H         LINE#         470
  C:3022H         LINE#         471
  C:3030H         LINE#         512
  C:303CH         LINE#         513
  C:303CH         LINE#         514
  C:3044H         LINE#         515
  C:3044H         LINE#         516
  C:3055H         LINE#         517
  C:3055H         LINE#         518
  C:3058H         LINE#         519
  C:305AH         LINE#         520
  C:305CH         LINE#         521
  C:305CH         LINE#         522
  C:305EH         LINE#         523
  C:3068H         LINE#         525
  C:306BH         LINE#         526
  C:306BH         LINE#         527
  C:306EH         LINE#         528
  C:3070H         LINE#         529
  C:3076H         LINE#         530
  C:3078H         LINE#         531
  C:3078H         LINE#         533
  C:307EH         LINE#         534
  C:307EH         LINE#         536
  C:3086H         LINE#         537
  C:3088H         LINE#         539
  C:3088H         LINE#         540
  C:309EH         LINE#         541
  C:30A1H         LINE#         542
  C:30A3H         LINE#         543
  C:30A5H         LINE#         545
  C:30A5H         LINE#         546
  C:30A8H         LINE#         547
  C:30AAH         LINE#         548
  C:30AAH         LINE#         550
  C:30ACH         LINE#         551
  C:30B2H         LINE#         552
  C:30B2H         LINE#         583
BL51 BANKED LINKER/LOCATER V6.22.2.0                                                  02/26/2021  09:41:56  PAGE 16


  C:30B2H         LINE#         585
  -------         ENDPROC       TIMER0_INT
  -------         PROC          SHOWWORKINGTIMER
  -------         DO            
  X:01D6H         SYMBOL        val
  -------         ENDDO         
  C:29EBH         LINE#         590
  C:29EBH         LINE#         591
  C:29EBH         LINE#         594
  C:29F6H         LINE#         596
  C:29FDH         LINE#         597
  C:29FDH         LINE#         598
  C:2A2DH         LINE#         599
  C:2A2FH         LINE#         600
  C:2A36H         LINE#         601
  C:2A36H         LINE#         602
  C:2A59H         LINE#         603
  C:2A5BH         LINE#         604
  C:2A64H         LINE#         605
  C:2A64H         LINE#         606
  C:2A78H         LINE#         607
  C:2A7AH         LINE#         609
  C:2A7AH         LINE#         610
  C:2A90H         LINE#         611
  C:2A90H         LINE#         615
  C:2AD8H         LINE#         619
  C:2AE2H         LINE#         620
  C:2AECH         LINE#         621
  C:2AF5H         LINE#         622
  C:2AFFH         LINE#         624
  C:2B09H         LINE#         625
  C:2B13H         LINE#         626
  C:2B20H         LINE#         627
  C:2B28H         LINE#         629
  C:2B31H         LINE#         635
  C:2B3BH         LINE#         636
  C:2B3BH         LINE#         637
  C:2B9AH         LINE#         638
  C:2BA8H         LINE#         640
  C:2BAAH         LINE#         642
  C:2BAAH         LINE#         646
  C:2BE6H         LINE#         648
  C:2BF4H         LINE#         649
  C:2C0BH         LINE#         651
  C:2C1FH         LINE#         655
  C:2C1FH         LINE#         658
  C:2C72H         LINE#         662
  C:2C7CH         LINE#         663
  C:2C86H         LINE#         664
  C:2C90H         LINE#         665
  C:2C9AH         LINE#         666
  C:2CA4H         LINE#         667
  C:2CAEH         LINE#         668
  C:2CB8H         LINE#         669
  C:2CC2H         LINE#         670
  C:2CCCH         LINE#         671
  C:2CD7H         LINE#         673
BL51 BANKED LINKER/LOCATER V6.22.2.0                                                  02/26/2021  09:41:56  PAGE 17


  C:2CE1H         LINE#         674
  C:2CE9H         LINE#         675
  C:2CF3H         LINE#         676
  C:2CFBH         LINE#         677
  C:2D05H         LINE#         678
  C:2D0DH         LINE#         679
  C:2D17H         LINE#         680
  C:2D1FH         LINE#         681
  C:2D27H         LINE#         682
  C:2D31H         LINE#         683
  C:2D3BH         LINE#         684
  C:2D45H         LINE#         685
  C:2D4FH         LINE#         686
  C:2D59H         LINE#         687
  C:2D63H         LINE#         688
  C:2D6DH         LINE#         689
  C:2D77H         LINE#         690
  C:2D81H         LINE#         691
  C:2D8BH         LINE#         692
  C:2D96H         LINE#         694
  C:2DA2H         LINE#         695
  C:2DADH         LINE#         697
  C:2DB7H         LINE#         698
  C:2DBFH         LINE#         699
  C:2DC9H         LINE#         700
  C:2DD1H         LINE#         701
  C:2DDDH         LINE#         702
  C:2DE3H         LINE#         704
  C:2DFBH         LINE#         722
  -------         ENDPROC       SHOWWORKINGTIMER
  -------         PROC          INITVARS
  -------         DO            
  D:0007H         SYMBOL        j
  -------         ENDDO         
  C:4EE4H         LINE#         732
  C:4EE4H         LINE#         733
  C:4EE4H         LINE#         735
  C:4EF0H         LINE#         736
  C:4EF9H         LINE#         738
  -------         ENDPROC       INITVARS
  -------         PROC          _POWERLED
  D:0007H         SYMBOL        flag
  C:4733H         LINE#         744
  C:4733H         LINE#         745
  C:4733H         LINE#         747
  C:4767H         LINE#         748
  C:4767H         LINE#         749
  C:4767H         LINE#         750
  C:4769H         LINE#         751
  C:476BH         LINE#         752
  C:476CH         LINE#         753
  C:476CH         LINE#         754
  C:476EH         LINE#         755
  C:4770H         LINE#         756
  C:4771H         LINE#         757
  C:4771H         LINE#         758
  C:4771H         LINE#         759
BL51 BANKED LINKER/LOCATER V6.22.2.0                                                  02/26/2021  09:41:56  PAGE 18


  C:4771H         LINE#         760
  C:4773H         LINE#         761
  C:4773H         LINE#         762
  C:4773H         LINE#         763
  C:4773H         LINE#         764
  C:4775H         LINE#         765
  C:4775H         LINE#         766
  C:4778H         LINE#         767
  C:4778H         LINE#         768
  C:477AH         LINE#         769
  C:477CH         LINE#         770
  C:477DH         LINE#         777
  C:477DH         LINE#         778
  C:4780H         LINE#         779
  C:4780H         LINE#         780
  C:4782H         LINE#         781
  C:4784H         LINE#         782
  C:4785H         LINE#         784
  C:4785H         LINE#         785
  C:4785H         LINE#         786
  C:4785H         LINE#         787
  C:4785H         LINE#         788
  C:4787H         LINE#         789
  C:4787H         LINE#         790
  C:478AH         LINE#         791
  C:478AH         LINE#         792
  C:478CH         LINE#         793
  C:478EH         LINE#         794
  C:478FH         LINE#         796
  C:478FH         LINE#         797
  C:4791H         LINE#         798
  C:4793H         LINE#         799
  C:4793H         LINE#         800
  C:4794H         LINE#         801
  C:4794H         LINE#         802
  C:4797H         LINE#         803
  C:4797H         LINE#         804
  C:4799H         LINE#         805
  C:479BH         LINE#         807
  C:479BH         LINE#         808
  C:479DH         LINE#         809
  C:479DH         LINE#         811
  C:479FH         LINE#         813
  C:47A0H         LINE#         814
  C:47A0H         LINE#         815
  C:47A3H         LINE#         816
  C:47A3H         LINE#         817
  C:47A5H         LINE#         818
  C:47A7H         LINE#         820
  C:47A7H         LINE#         821
  C:47A9H         LINE#         822
  C:47A9H         LINE#         824
  C:47ABH         LINE#         827
  C:47ABH         LINE#         828
  C:47ABH         LINE#         829
  C:47ABH         LINE#         830
  C:47ABH         LINE#         831
BL51 BANKED LINKER/LOCATER V6.22.2.0                                                  02/26/2021  09:41:56  PAGE 19


  -------         ENDPROC       _POWERLED
  -------         PROC          EXT1_INT
  C:0026H         LINE#         840
  C:0026H         LINE#         842
  C:0028H         LINE#         843
  -------         ENDPROC       EXT1_INT
  -------         PROC          SERIAL_INT
  C:4C7FH         LINE#         866
  C:4C86H         LINE#         872
  C:4C89H         LINE#         881
  C:4C90H         LINE#         882
  C:4C92H         LINE#         883
  C:4CA0H         LINE#         887
  C:4CA2H         LINE#         889
  C:4CA2H         LINE#         891
  C:4CA5H         LINE#         892
  C:4CA7H         LINE#         893
  C:4CA9H         LINE#         894
  C:4CA9H         LINE#         895
  -------         ENDPROC       SERIAL_INT
  -------         PROC          SERIAL2_INT
  C:4B76H         LINE#         899
  C:4B7DH         LINE#         904
  C:4B85H         LINE#         905
  C:4B85H         LINE#         907
  C:4B88H         LINE#         909
  C:4B8FH         LINE#         912
  C:4B91H         LINE#         913
  C:4B9FH         LINE#         914
  C:4B9FH         LINE#         916
  C:4BA7H         LINE#         917
  C:4BA7H         LINE#         918
  C:4BAAH         LINE#         919
  C:4BACH         LINE#         920
  C:4BACH         LINE#         921
  -------         ENDPROC       SERIAL2_INT
  -------         PROC          RS2_READY
  C:4F9AH         LINE#         957
  C:4F9AH         LINE#         958
  C:4F9AH         LINE#         959
  C:4FA2H         LINE#         960
  C:4FA4H         LINE#         961
  -------         ENDPROC       RS2_READY
  -------         PROC          RS2_RX
  -------         DO            
  D:0007H         SYMBOL        ret
  -------         ENDDO         
  C:4E45H         LINE#         965
  C:4E45H         LINE#         966
  C:4E45H         LINE#         969
  C:4E48H         LINE#         970
  C:4E4FH         LINE#         971
  C:4E51H         LINE#         972
  C:4E5CH         LINE#         973
  C:4E5FH         LINE#         974
  C:4E62H         LINE#         976
  C:4E62H         LINE#         977
BL51 BANKED LINKER/LOCATER V6.22.2.0                                                  02/26/2021  09:41:56  PAGE 20


  -------         ENDPROC       RS2_RX
  -------         PROC          _RS2_TX
  D:0007H         SYMBOL        tx_buf
  C:0003H         LINE#         994
  C:0003H         LINE#         995
  C:0003H         LINE#         997
  C:0006H         LINE#         998
  C:0008H         LINE#         999
  C:000AH         LINE#         1000
  -------         ENDPROC       _RS2_TX
  -------         PROC          TIMER2_INT
  C:4F7FH         LINE#         1041
  C:4F81H         LINE#         1200
  C:4F83H         LINE#         1202
  C:4F8BH         LINE#         1204
  -------         ENDPROC       TIMER2_INT
  -------         PROC          _DELAY
  D:0007H         SYMBOL        cnt
  -------         DO            
  D:0004H         SYMBOL        ttic01
  -------         ENDDO         
  C:4ECCH         LINE#         1206
  C:4ECCH         LINE#         1207
  C:4ECCH         LINE#         1210
  C:4EDAH         LINE#         1211
  C:4EDAH         LINE#         1213
  C:4EE3H         LINE#         1214
  -------         ENDPROC       _DELAY
  -------         PROC          INT2_INT
  C:4DE8H         LINE#         1218
  C:4DEEH         LINE#         1220
  C:4DF0H         LINE#         1221
  C:4DF2H         LINE#         1222
  C:4DF5H         LINE#         1223
  C:4DFBH         LINE#         1224
  C:4E00H         LINE#         1225
  -------         ENDPROC       INT2_INT
  -------         PROC          INT3_INT
  C:4E07H         LINE#         1227
  C:4E0DH         LINE#         1229
  C:4E0FH         LINE#         1230
  C:4E11H         LINE#         1231
  C:4E14H         LINE#         1232
  C:4E1AH         LINE#         1233
  C:4E1FH         LINE#         1234
  -------         ENDPROC       INT3_INT
  -------         ENDMOD        CPU

  -------         MODULE        ETC_EEP
  C:0000H         SYMBOL        _ICE_DUMMY_
  C:49A7H         PUBLIC        GetProjectNameEE
  C:4258H         PUBLIC        ClearBasicEE
  C:4E9AH         PUBLIC        SaveFWRevEE
  C:4913H         PUBLIC        GetFWRevEE
  -------         PROC          GETFWREVEE
  -------         DO            
  D:0004H         SYMBOL        rev
BL51 BANKED LINKER/LOCATER V6.22.2.0                                                  02/26/2021  09:41:56  PAGE 21


  -------         ENDDO         
  C:4913H         LINE#         17
  C:4913H         LINE#         18
  C:4913H         LINE#         19
  C:4919H         LINE#         26
  C:495CH         LINE#         28
  C:495CH         LINE#         29
  -------         ENDPROC       GETFWREVEE
  -------         PROC          GETPROJECTNAMEEE
  -------         DO            
  X:01D6H         SYMBOL        rev
  -------         ENDDO         
  C:49A7H         LINE#         31
  C:49A7H         LINE#         32
  C:49A7H         LINE#         33
  C:49ADH         LINE#         35
  C:49BBH         LINE#         36
  C:49CAH         LINE#         37
  C:49D9H         LINE#         38
  C:49E8H         LINE#         40
  C:49EDH         LINE#         41
  -------         ENDPROC       GETPROJECTNAMEEE
  -------         PROC          SAVEFWREVEE
  C:4E9AH         LINE#         43
  C:4E9AH         LINE#         44
  C:4E9AH         LINE#         51
  C:4EA2H         LINE#         52
  C:4EAAH         LINE#         53
  -------         ENDPROC       SAVEFWREVEE
  -------         PROC          CLEARBASICEE
  C:4258H         LINE#         67
  C:4258H         LINE#         68
  C:4258H         LINE#         70
  C:4261H         LINE#         72
  C:4269H         LINE#         73
  C:4272H         LINE#         74
  C:427BH         LINE#         75
  C:4284H         LINE#         77
  C:428DH         LINE#         80
  C:4296H         LINE#         82
  C:429EH         LINE#         84
  C:42A6H         LINE#         86
  C:42AEH         LINE#         88
  C:42B7H         LINE#         90
  C:42C0H         LINE#         91
  C:42C8H         LINE#         93
  C:42D1H         LINE#         94
  C:42D9H         LINE#         96
  C:42E2H         LINE#         97
  C:42EAH         LINE#         99
  C:42F3H         LINE#         100
  -------         ENDPROC       CLEARBASICEE
  -------         ENDMOD        ETC_EEP

  -------         MODULE        HS_DVRPROTOCOL
  C:0000H         SYMBOL        _ICE_DUMMY_
  X:0000H         PUBLIC        protocol_data_count
BL51 BANKED LINKER/LOCATER V6.22.2.0                                                  02/26/2021  09:41:56  PAGE 22


  D:00B2H         PUBLIC        P3M1
  X:0001H         PUBLIC        protocol_len
  X:0002H         PUBLIC        protocol_type
  B:0021H.3       PUBLIC        protocol_escape_flag
  X:0003H         PUBLIC        protocol_chksum
  X:0004H         PUBLIC        protocol_param
  X:0005H         PUBLIC        protocol_data
  C:1C91H         PUBLIC        DvrReceivePaser
  X:0105H         PUBLIC        protocol_state
  -------         PROC          DVRRECEIVEPASER
  -------         DO            
  X:01D2H         SYMBOL        c
  -------         ENDDO         
  C:1C91H         LINE#         39
  C:1C91H         LINE#         40
  C:1C91H         LINE#         42
  C:1C9AH         LINE#         43
  C:1C9AH         LINE#         44
  C:1CA2H         LINE#         46
  C:1CA8H         LINE#         47
  C:1CA8H         LINE#         51
  C:1CAAH         LINE#         52
  C:1CAFH         LINE#         53
  C:1CB5H         LINE#         55
  C:1CB5H         LINE#         57
  C:1CBBH         LINE#         58
  C:1CBBH         LINE#         59
  C:1CBEH         LINE#         61
  C:1CBEH         LINE#         63
  C:1CC1H         LINE#         64
  C:1CC1H         LINE#         65
  C:1CC3H         LINE#         66
  C:1CCAH         LINE#         67
  C:1CCAH         LINE#         69
  C:1CD3H         LINE#         70
  C:1CD3H         LINE#         71
  C:1CE3H         LINE#         72
  C:1CE3H         LINE#         74
  C:1CF8H         LINE#         75
  C:1CF8H         LINE#         76
  C:1CF8H         LINE#         77
  C:1D00H         LINE#         78
  C:1D13H         LINE#         79
  C:1D13H         LINE#         80
  C:1D13H         LINE#         81
  C:1D13H         LINE#         82
  C:1D13H         LINE#         83
  C:1D13H         LINE#         84
  C:1D13H         LINE#         85
  C:1D13H         LINE#         86
  C:1D13H         LINE#         87
  C:1D13H         LINE#         88
  C:1D13H         LINE#         89
  C:1D13H         LINE#         90
  C:1D13H         LINE#         91
  C:1D13H         LINE#         92
  C:1D13H         LINE#         93
BL51 BANKED LINKER/LOCATER V6.22.2.0                                                  02/26/2021  09:41:56  PAGE 23


  C:1D19H         LINE#         94
  C:1D1AH         LINE#         95
  C:1D1AH         LINE#         98
  C:1D1AH         LINE#         99
  C:1D1AH         LINE#         101
  C:1D1AH         LINE#         102
  C:1D22H         LINE#         103
  C:1D37H         LINE#         104
  C:1D37H         LINE#         105
  C:1D37H         LINE#         106
  C:1D37H         LINE#         107
  C:1D37H         LINE#         108
  C:1D37H         LINE#         109
  C:1D37H         LINE#         110
  C:1D37H         LINE#         111
  C:1D37H         LINE#         112
  C:1D37H         LINE#         113
  C:1D37H         LINE#         114
  C:1D37H         LINE#         115
  C:1D37H         LINE#         116
  C:1D37H         LINE#         117
  C:1D37H         LINE#         119
  C:1D3DH         LINE#         120
  C:1D3DH         LINE#         121
  C:1D3DH         LINE#         122
  C:1D3FH         LINE#         124
  C:1D3FH         LINE#         125
  C:1D44H         LINE#         126
  C:1D4AH         LINE#         131
  C:1D4AH         LINE#         132
  C:1D4BH         LINE#         133
  C:1D4BH         LINE#         134
  C:1D4BH         LINE#         135
  C:1D4EH         LINE#         136
  C:1D4EH         LINE#         137
  C:1D4EH         LINE#         139
  C:1D4EH         LINE#         140
  C:1D65H         LINE#         141
  C:1D65H         LINE#         142
  C:1D65H         LINE#         143
  C:1D65H         LINE#         144
  C:1D65H         LINE#         145
  C:1D65H         LINE#         146
  C:1D65H         LINE#         147
  C:1D65H         LINE#         148
  C:1D65H         LINE#         149
  C:1D65H         LINE#         150
  C:1D65H         LINE#         151
  C:1D65H         LINE#         152
  C:1D65H         LINE#         153
  C:1D65H         LINE#         156
  C:1D79H         LINE#         157
  C:1D7FH         LINE#         158
  C:1D8CH         LINE#         159
  C:1D92H         LINE#         163
  C:1D92H         LINE#         168
  C:1D93H         LINE#         169
BL51 BANKED LINKER/LOCATER V6.22.2.0                                                  02/26/2021  09:41:56  PAGE 24


  C:1D93H         LINE#         170
  C:1D93H         LINE#         171
  C:1D96H         LINE#         172
  C:1D96H         LINE#         173
  C:1D96H         LINE#         175
  C:1D96H         LINE#         176
  C:1DA5H         LINE#         177
  C:1DA5H         LINE#         182
  C:1DD7H         LINE#         183
  C:1DD7H         LINE#         184
  C:1DD7H         LINE#         188
  C:1DDEH         LINE#         189
  C:1DE7H         LINE#         190
  C:1DF4H         LINE#         191
  C:1DF4H         LINE#         192
  C:1DF8H         LINE#         193
  C:1DFDH         LINE#         194
  C:1E02H         LINE#         195
  C:1E02H         LINE#         196
  C:1E0BH         LINE#         197
  C:1E14H         LINE#         198
  C:1E17H         LINE#         199
  C:1E1AH         LINE#         200
  C:1E1AH         LINE#         204
  C:1E1FH         LINE#         205
  C:1E2BH         LINE#         206
  C:1E31H         LINE#         207
  C:1E34H         LINE#         208
  C:1E34H         LINE#         213
  C:1E3AH         LINE#         214
  C:1E3DH         LINE#         215
  C:1E3DH         LINE#         220
  C:1E43H         LINE#         221
  C:1E46H         LINE#         222
  C:1E46H         LINE#         235
  C:1E67H         LINE#         236
  C:1E88H         LINE#         238
  C:1EA9H         LINE#         239
  C:1ECAH         LINE#         241
  C:1EEBH         LINE#         242
  C:1F0CH         LINE#         244
  C:1F2DH         LINE#         245
  C:1F4EH         LINE#         247
  C:1F5AH         LINE#         248
  C:1F66H         LINE#         250
  C:1F72H         LINE#         251
  C:1F7EH         LINE#         253
  C:1F8AH         LINE#         254
  C:1F96H         LINE#         256
  C:1FA2H         LINE#         257
  C:1FAEH         LINE#         259
  C:1FB4H         LINE#         261
  C:1FB7H         LINE#         263
  C:1FB7H         LINE#         269
  C:1FC4H         LINE#         270
  C:1FC7H         LINE#         272
  C:1FD9H         LINE#         274
BL51 BANKED LINKER/LOCATER V6.22.2.0                                                  02/26/2021  09:41:56  PAGE 25


  C:1FE2H         LINE#         275
  C:1FE7H         LINE#         277
  C:1FF1H         LINE#         278
  C:1FFAH         LINE#         305
  C:1FFDH         LINE#         307
  C:1FFDH         LINE#         312
  C:2006H         LINE#         313
  C:2006H         LINE#         314
  C:200DH         LINE#         318
  C:2010H         LINE#         319
  C:2019H         LINE#         320
  C:2019H         LINE#         321
  C:201EH         LINE#         322
  C:2025H         LINE#         326
  C:2025H         LINE#         327
  C:2028H         LINE#         329
  C:2028H         LINE#         333
  C:202EH         LINE#         334
  C:2031H         LINE#         336
  C:2031H         LINE#         341
  C:2037H         LINE#         342
  C:2037H         LINE#         343
  C:203EH         LINE#         344
  C:2043H         LINE#         347
  C:2048H         LINE#         348
  C:204DH         LINE#         349
  C:2052H         LINE#         350
  C:2057H         LINE#         351
  C:205CH         LINE#         352
  C:2061H         LINE#         354
  C:2067H         LINE#         356
  C:206AH         LINE#         357
  C:2072H         LINE#         358
  C:2072H         LINE#         359
  C:2078H         LINE#         360
  C:2078H         LINE#         361
  C:2078H         LINE#         362
  C:207AH         LINE#         363
  C:2085H         LINE#         364
  C:2085H         LINE#         365
  C:208CH         LINE#         366
  C:208FH         LINE#         367
  C:2098H         LINE#         368
  C:209AH         LINE#         369
  C:209AH         LINE#         371
  C:209DH         LINE#         373
  C:209DH         LINE#         378
  C:20A8H         LINE#         379
  C:20A8H         LINE#         380
  C:20AFH         LINE#         381
  C:20B1H         LINE#         382
  C:20BDH         LINE#         383
  C:20BDH         LINE#         384
  C:20C4H         LINE#         385
  C:20C9H         LINE#         386
  C:20D0H         LINE#         388
  C:20DCH         LINE#         389
BL51 BANKED LINKER/LOCATER V6.22.2.0                                                  02/26/2021  09:41:56  PAGE 26


  C:20E0H         LINE#         390
  C:20E0H         LINE#         391
  C:20F0H         LINE#         392
  C:20F0H         LINE#         393
  C:20F7H         LINE#         394
  C:20FEH         LINE#         395
  C:2103H         LINE#         396
  C:210AH         LINE#         397
  C:2114H         LINE#         398
  C:211CH         LINE#         402
  C:2128H         LINE#         403
  C:212CH         LINE#         404
  C:212CH         LINE#         406
  C:2131H         LINE#         408
  C:2133H         LINE#         410
  C:2133H         LINE#         414
  C:213CH         LINE#         415
  C:213EH         LINE#         417
  C:213EH         LINE#         419
  C:2146H         LINE#         420
  C:2146H         LINE#         421
  C:214EH         LINE#         422
  C:2154H         LINE#         423
  C:2156H         LINE#         425
  C:2156H         LINE#         426
  C:215EH         LINE#         427
  C:2163H         LINE#         428
  C:2163H         LINE#         435
  C:2165H         LINE#         436
  C:2165H         LINE#         437
  C:2170H         LINE#         438
  C:2175H         LINE#         440
  C:2178H         LINE#         445
  C:2181H         LINE#         448
  C:2181H         LINE#         449
  C:2181H         LINE#         450
  C:2181H         LINE#         451
  C:2181H         LINE#         453
  C:2181H         LINE#         455
  C:2181H         LINE#         459
  C:2181H         LINE#         460
  C:2186H         LINE#         461
  C:2186H         LINE#         462
  C:2186H         LINE#         463
  C:2186H         LINE#         464
  C:2186H         LINE#         465
  C:2186H         LINE#         468
  -------         ENDPROC       DVRRECEIVEPASER
  -------         ENDMOD        HS_DVRPROTOCOL

  -------         MODULE        I2C
  C:0000H         SYMBOL        _ICE_DUMMY_
  B:0090H.0       PUBLIC        P1_0
  B:0090H.1       PUBLIC        P1_1
  C:4BEAH         PUBLIC        I2CReadData
  C:4BB1H         PUBLIC        _ReadI2C
  C:46B8H         PUBLIC        _I2CWriteData
BL51 BANKED LINKER/LOCATER V6.22.2.0                                                  02/26/2021  09:41:56  PAGE 27


  C:4F5CH         PUBLIC        I2CStart
  C:4F13H         PUBLIC        I2Cdelay
  C:4D61H         PUBLIC        _ReadEEP
  C:4DA8H         PUBLIC        _WriteAD5110
  C:0016H         PUBLIC        I2CStop
  C:49EEH         PUBLIC        _WriteEEP
  C:463AH         PUBLIC        _AD5110_I2CWriteData
  C:4F0FH         SYMBOL        L?0054
  -------         PROC          L?0053
  -------         ENDPROC       L?0053
  C:4F0FH         SYMBOL        L?0054
  -------         PROC          I2CDELAY
  -------         DO            
  D:0007H         SYMBOL        i
  -------         ENDDO         
  C:4F13H         LINE#         34
  C:4F13H         LINE#         35
  C:4F13H         LINE#         37
  C:4F1FH         LINE#         38
  C:4F22H         LINE#         39
  -------         ENDPROC       I2CDELAY
  -------         PROC          _WRITEEEP
  X:01D6H         SYMBOL        index
  X:01D8H         SYMBOL        dat
  -------         DO            
  X:01D9H         SYMBOL        addr
  -------         ENDDO         
  C:49EEH         LINE#         42
  C:49F9H         LINE#         43
  C:49F9H         LINE#         46
  C:4A11H         LINE#         48
  C:4A14H         LINE#         49
  C:4A1CH         LINE#         50
  C:4A25H         LINE#         51
  C:4A2DH         LINE#         52
  C:4A30H         LINE#         58
  -------         ENDPROC       _WRITEEEP
  -------         PROC          _READEEP
  D:0004H         SYMBOL        index
  -------         DO            
  X:01FAH         SYMBOL        val
  D:0007H         SYMBOL        addr
  -------         ENDDO         
  C:4D61H         LINE#         61
  C:4D65H         LINE#         62
  C:4D65H         LINE#         66
  C:4D74H         LINE#         68
  C:4D7CH         LINE#         73
  C:4D81H         LINE#         74
  C:4D86H         LINE#         75
  -------         ENDPROC       _READEEP
  -------         PROC          _READI2C
  X:01FBH         SYMBOL        addr
  X:01FCH         SYMBOL        index
  -------         DO            
  X:01FDH         SYMBOL        val
  -------         ENDDO         
BL51 BANKED LINKER/LOCATER V6.22.2.0                                                  02/26/2021  09:41:56  PAGE 28


  C:4BB1H         LINE#         77
  C:4BB9H         LINE#         78
  C:4BB9H         LINE#         81
  C:4BBCH         LINE#         82
  C:4BC4H         LINE#         83
  C:4BCCH         LINE#         84
  C:4BCFH         LINE#         85
  C:4BD9H         LINE#         86
  C:4BE1H         LINE#         87
  C:4BE4H         LINE#         89
  C:4BE9H         LINE#         90
  -------         ENDPROC       _READI2C
  -------         PROC          I2CSTART
  C:4F5CH         LINE#         106
  C:4F5CH         LINE#         107
  C:4F5CH         LINE#         108
  C:4F61H         LINE#         109
  C:4F66H         LINE#         110
  C:4F6BH         LINE#         111
  C:4F6DH         LINE#         112
  -------         ENDPROC       I2CSTART
  -------         PROC          I2CSTOP
  C:0016H         LINE#         114
  C:0016H         LINE#         115
  C:0016H         LINE#         116
  C:001BH         LINE#         117
  C:0020H         LINE#         118
  C:0022H         LINE#         119
  -------         ENDPROC       I2CSTOP
  -------         PROC          _I2CWRITEDATA
  D:0006H         SYMBOL        value
  C:46B8H         LINE#         121
  C:46BAH         LINE#         122
  C:46BAH         LINE#         124
  C:46C7H         LINE#         125
  C:46D4H         LINE#         126
  C:46E1H         LINE#         127
  C:46EEH         LINE#         129
  C:46FBH         LINE#         130
  C:4708H         LINE#         131
  C:4715H         LINE#         132
  C:4722H         LINE#         135
  C:4724H         LINE#         136
  C:4726H         LINE#         137
  C:4728H         LINE#         138
  C:472AH         LINE#         140
  C:472CH         LINE#         141
  C:472EH         LINE#         142
  C:4730H         LINE#         143
  C:4732H         LINE#         144
  -------         ENDPROC       _I2CWRITEDATA
  -------         PROC          I2CREADDATA
  -------         DO            
  D:0004H         SYMBOL        i
  D:0006H         SYMBOL        value
  -------         ENDDO         
  C:4BEAH         LINE#         146
BL51 BANKED LINKER/LOCATER V6.22.2.0                                                  02/26/2021  09:41:56  PAGE 29


  C:4BEAH         LINE#         147
  C:4BEAH         LINE#         149
  C:4BECH         LINE#         151
  C:4BF1H         LINE#         152
  C:4BF3H         LINE#         154
  C:4BF6H         LINE#         155
  C:4BF8H         LINE#         156
  C:4BFCH         LINE#         157
  C:4C02H         LINE#         158
  C:4C04H         LINE#         159
  C:4C0FH         LINE#         160
  C:4C12H         LINE#         162
  C:4C14H         LINE#         163
  C:4C16H         LINE#         164
  C:4C18H         LINE#         165
  C:4C1AH         LINE#         167
  C:4C1CH         LINE#         169
  -------         ENDPROC       I2CREADDATA
  -------         PROC          _AD5110_I2CWRITEDATA
  D:0006H         SYMBOL        value
  C:463AH         LINE#         172
  C:463CH         LINE#         173
  C:463CH         LINE#         175
  C:4649H         LINE#         176
  C:4656H         LINE#         177
  C:4663H         LINE#         178
  C:4670H         LINE#         180
  C:467DH         LINE#         181
  C:468AH         LINE#         182
  C:4697H         LINE#         183
  C:46A4H         LINE#         186
  C:46A6H         LINE#         187
  C:46A8H         LINE#         188
  C:46AAH         LINE#         189
  C:46ACH         LINE#         190
  C:46AFH         LINE#         191
  C:46B1H         LINE#         192
  C:46B3H         LINE#         193
  C:46B5H         LINE#         194
  C:46B7H         LINE#         196
  -------         ENDPROC       _AD5110_I2CWRITEDATA
  -------         PROC          _WRITEAD5110
  D:0002H         SYMBOL        index
  D:0005H         SYMBOL        dat
  -------         DO            
  D:0006H         SYMBOL        addr
  -------         ENDDO         
  C:4DA8H         LINE#         229
  C:4DACH         LINE#         230
  C:4DACH         LINE#         233
  C:4DAEH         LINE#         235
  C:4DB1H         LINE#         236
  C:4DB6H         LINE#         237
  C:4DBBH         LINE#         238
  C:4DC0H         LINE#         239
  C:4DC3H         LINE#         245
  -------         ENDPROC       _WRITEAD5110
BL51 BANKED LINKER/LOCATER V6.22.2.0                                                  02/26/2021  09:41:56  PAGE 30


  -------         ENDMOD        I2C

  -------         MODULE        KEYREMO
  C:0000H         SYMBOL        _ICE_DUMMY_
  C:4E7FH         PUBLIC        _GetKey
  C:4CAEH         PUBLIC        Scankey
  -------         PROC          SCANKEY
  C:4CAEH         LINE#         31
  C:4CAEH         LINE#         32
  C:4CAEH         LINE#         34
  C:4CB6H         LINE#         35
  C:4CB6H         LINE#         37
  C:4CC6H         LINE#         38
  C:4CC6H         LINE#         39
  C:4CCAH         LINE#         40
  C:4CD0H         LINE#         41
  C:4CD2H         LINE#         43
  C:4CDBH         LINE#         44
  C:4CDBH         LINE#         46
  -------         ENDPROC       SCANKEY
  -------         PROC          _GETKEY
  D:0007H         SYMBOL        repeat
  -------         DO            
  B:0021H.1       SYMBOL        ready
  -------         ENDDO         
  C:4E7FH         LINE#         51
  C:4E7FH         LINE#         52
  C:4E7FH         LINE#         56
  C:4E83H         LINE#         57
  C:4E85H         LINE#         59
  C:4E8BH         LINE#         60
  C:4E91H         LINE#         61
  C:4E97H         LINE#         63
  C:4E99H         LINE#         64
  -------         ENDPROC       _GETKEY
  -------         ENDMOD        KEYREMO

  -------         MODULE        MAIN
  C:0000H         SYMBOL        _ICE_DUMMY_
  C:3997H         PUBLIC        _Mapping1
  C:4393H         PUBLIC        _mcuLib_ProtocolSendCmdWithParamNum
  D:00B2H         PUBLIC        P3M1
  D:00E7H         PUBLIC        ISPCR
  D:00E8H         PUBLIC        P4
  X:0106H         PUBLIC        PowerFlag
  B:0080H.0       PUBLIC        P0_0
  X:0107H         PUBLIC        LowBatteryFlag
  B:0080H.1       PUBLIC        P0_1
  X:0108H         PUBLIC        UserRange
  B:00B0H.4       PUBLIC        P3_4
  B:00B0H.5       PUBLIC        P3_5
  C:4ABCH         PUBLIC        _SetAD5110Step
  C:3359H         PUBLIC        _MCU_SendCmdToDVR
  X:010EH         PUBLIC        g_stBatteryInfo
  D:00C6H         PUBLIC        ADCV
  X:0114H         PUBLIC        DVRChangeCurrent
  X:0115H         PUBLIC        EncorderLen_Offset
BL51 BANKED LINKER/LOCATER V6.22.2.0                                                  02/26/2021  09:41:56  PAGE 31


  X:0117H         PUBLIC        EncorderLenint
  C:45B8H         PUBLIC        main
  D:00E6H         PUBLIC        SCMD
  X:0118H         PUBLIC        g_stDVRInfo
  X:011AH         PUBLIC        PowerOffToOnFlag
  D:00E3H         PUBLIC        IFADRH
  D:00E5H         PUBLIC        IFMT
  X:011BH         PUBLIC        Power_down_mode
  D:00E4H         PUBLIC        IFADRL
  X:011CH         PUBLIC        AD5110Range
  C:481CH         SYMBOL        _?ix1000
  C:4E26H         PUBLIC        main_loop
  C:3593H         PUBLIC        LoadEEPROM
  X:0122H         PUBLIC        EncorderCountPN_offset
  C:4D87H         PUBLIC        enter_isp
  D:00E2H         PUBLIC        IFD
  X:0123H         PUBLIC        EncorderLenfloaat
  X:0125H         PUBLIC        EncorderLen
  C:4FACH         PUBLIC        GetBatteryVoltage
  C:4823H         PUBLIC        InitialTimerEvent
  C:4C1DH         PUBLIC        _isp_write
  C:4FA5H         PUBLIC        GetBatteryBTH
  X:0129H         PUBLIC        EncorderCountPN
  C:000EH         PUBLIC        isp_init
  X:012AH         PUBLIC        Decimal1
  X:012EH         PUBLIC        DebugLevel
  X:012FH         PUBLIC        Decimal2
  X:0133H         PUBLIC        Decimal3
  C:3D3AH         PUBLIC        WaitPowerOn
  X:0137H         PUBLIC        Decimal4
  X:013BH         PUBLIC        PWR_START_flag
  X:013CH         PUBLIC        Encorder1
  X:0140H         PUBLIC        Encorder2
  D:00C5H         PUBLIC        ADCTL
  X:0144H         PUBLIC        Encorder3
  C:4DC8H         PUBLIC        _GetADCValue
  X:0148H         PUBLIC        Encorder4
  D:00E8H         PUBLIC        ADCVL
  X:014CH         PUBLIC        AD5110_setp
  X:0175H         PUBLIC        CameraVolt
  C:41C5H         PUBLIC        _mcuLib_ProtocolAppend
  C:25C4H         PUBLIC        EncorderHandler
  -------         PROC          _ISP_WRITE
  D:0001H         SYMBOL        buf
  D:0005H         SYMBOL        addr_high
  X:01DBH         SYMBOL        addr_low
  X:01DCH         SYMBOL        len
  C:4C1DH         LINE#         85
  C:4C1DH         LINE#         86
  C:4C1DH         LINE#         87
  C:4C20H         LINE#         88
  C:4C22H         LINE#         90
  C:4C22H         LINE#         91
  C:4C28H         LINE#         92
  C:4C2DH         LINE#         93
  C:4C30H         LINE#         94
  C:4C33H         LINE#         96
BL51 BANKED LINKER/LOCATER V6.22.2.0                                                  02/26/2021  09:41:56  PAGE 32


  C:4C3AH         LINE#         97
  C:4C40H         LINE#         98
  C:4C43H         LINE#         99
  C:4C43H         LINE#         100
  C:4C44H         LINE#         101
  C:4C46H         LINE#         102
  C:4C46H         LINE#         103
  C:4C4CH         LINE#         104
  C:4C4CH         LINE#         105
  C:4C4FH         LINE#         106
  -------         ENDPROC       _ISP_WRITE
  -------         PROC          ISP_INIT
  C:000EH         LINE#         108
  C:000EH         LINE#         109
  C:000EH         LINE#         110
  C:0011H         LINE#         111
  -------         ENDPROC       ISP_INIT
  -------         PROC          ENTER_ISP
  -------         DO            
  X:01D6H         SYMBOL        mark
  -------         ENDDO         
  C:4D87H         LINE#         113
  C:4D87H         LINE#         114
  C:4D87H         LINE#         116
  C:4D8CH         LINE#         117
  C:4D8FH         LINE#         118
  C:4DA4H         LINE#         119
  C:4DA7H         LINE#         120
  -------         ENDPROC       ENTER_ISP
  C:41ADH         SYMBOL        L?0105
  C:41BDH         SYMBOL        L?0106
  -------         PROC          L?0104
  -------         ENDPROC       L?0104
  C:41ADH         SYMBOL        L?0105
  C:41BDH         SYMBOL        L?0106
  -------         PROC          _MCULIB_PROTOCOLAPPEND
  X:0211H         SYMBOL        pucBuf
  X:0214H         SYMBOL        piLen
  X:0217H         SYMBOL        ucByte
  C:41C5H         LINE#         123
  C:41D0H         LINE#         124
  C:41DEH         LINE#         125
  C:4202H         LINE#         126
  C:4212H         LINE#         127
  C:421BH         LINE#         128
  C:421BH         LINE#         129
  C:421DH         LINE#         130
  C:4245H         LINE#         131
  C:4255H         LINE#         132
  C:4255H         LINE#         133
  C:4257H         LINE#         134
  -------         ENDPROC       _MCULIB_PROTOCOLAPPEND
  -------         PROC          _MCULIB_PROTOCOLSENDCMDWITHPARAMNUM
  D:0007H         SYMBOL        ucType
  X:01FBH         SYMBOL        pucParam
  X:01FEH         SYMBOL        ucSize
  -------         DO            
BL51 BANKED LINKER/LOCATER V6.22.2.0                                                  02/26/2021  09:41:56  PAGE 33


  D:0005H         SYMBOL        ucChecksum
  X:01FFH         SYMBOL        pucBuf
  X:020FH         SYMBOL        iLen
  X:0210H         SYMBOL        i
  -------         ENDDO         
  C:4393H         LINE#         136
  C:439EH         LINE#         137
  C:439EH         LINE#         142
  C:43A4H         LINE#         143
  C:43AAH         LINE#         144
  C:43ABH         LINE#         145
  C:43AEH         LINE#         146
  C:43B2H         LINE#         147
  C:43B5H         LINE#         149
  C:43C8H         LINE#         150
  C:43DBH         LINE#         151
  C:43DEH         LINE#         152
  C:43E6H         LINE#         154
  C:43F8H         LINE#         156
  C:4409H         LINE#         157
  C:4418H         LINE#         158
  C:4420H         LINE#         161
  C:4422H         LINE#         162
  -------         ENDPROC       _MCULIB_PROTOCOLSENDCMDWITHPARAMNUM
  -------         PROC          _MCU_SENDCMDTODVR
  X:01F2H         SYMBOL        ucType
  -------         DO            
  X:01F3H         SYMBOL        buf
  D:0002H         SYMBOL        val
  -------         ENDDO         
  C:3359H         LINE#         165
  C:335EH         LINE#         166
  C:335EH         LINE#         167
  C:3371H         LINE#         169
  C:3392H         LINE#         170
  C:3392H         LINE#         171
  C:3392H         LINE#         172
  C:339EH         LINE#         173
  C:33AAH         LINE#         174
  C:33B6H         LINE#         175
  C:33C4H         LINE#         176
  C:33C7H         LINE#         178
  C:33C7H         LINE#         183
  C:33FEH         LINE#         185
  C:3412H         LINE#         186
  C:341BH         LINE#         188
  C:3420H         LINE#         218
  C:3425H         LINE#         229
  C:3432H         LINE#         231
  C:3435H         LINE#         233
  C:344EH         LINE#         236
  C:3477H         LINE#         240
  C:347FH         LINE#         242
  C:348CH         LINE#         243
  C:3493H         LINE#         245
  C:34A0H         LINE#         246
  C:34A7H         LINE#         248
BL51 BANKED LINKER/LOCATER V6.22.2.0                                                  02/26/2021  09:41:56  PAGE 34


  C:34ADH         LINE#         249
  C:34B4H         LINE#         251
  C:34BCH         LINE#         252
  C:34C3H         LINE#         254
  C:34CBH         LINE#         255
  C:34D2H         LINE#         257
  C:34D8H         LINE#         258
  C:34DFH         LINE#         260
  C:34EAH         LINE#         261
  C:34F1H         LINE#         263
  C:352FH         LINE#         264
  C:3536H         LINE#         267
  C:3544H         LINE#         268
  C:3546H         LINE#         270
  C:3546H         LINE#         271
  C:3554H         LINE#         272
  C:3554H         LINE#         273
  C:355AH         LINE#         274
  C:3561H         LINE#         278
  C:3561H         LINE#         279
  C:356FH         LINE#         280
  C:3571H         LINE#         282
  C:3571H         LINE#         283
  C:357FH         LINE#         284
  C:3581H         LINE#         286
  C:3581H         LINE#         287
  C:3592H         LINE#         288
  C:3592H         LINE#         290
  C:3592H         LINE#         291
  C:3592H         LINE#         293
  C:3592H         LINE#         295
  -------         ENDPROC       _MCU_SENDCMDTODVR
  -------         PROC          INITIALTIMEREVENT
  C:4823H         LINE#         298
  C:4823H         LINE#         299
  C:4823H         LINE#         300
  C:4826H         LINE#         301
  C:482FH         LINE#         302
  C:4838H         LINE#         303
  C:4841H         LINE#         304
  C:484AH         LINE#         305
  C:4853H         LINE#         306
  C:485CH         LINE#         307
  C:4865H         LINE#         308
  C:486EH         LINE#         309
  C:4875H         LINE#         315
  -------         ENDPROC       INITIALTIMEREVENT
  -------         PROC          _MAPPING1
  X:01D8H         SYMBOL        fromValue
  X:01DAH         SYMBOL        fromRange
  X:01DDH         SYMBOL        toValue
  X:01E0H         SYMBOL        toRange
  -------         DO            
  X:01E3H         SYMBOL        a
  X:01E5H         SYMBOL        b
  -------         ENDDO         
  C:3997H         LINE#         317
[...]
  C:0762H         LINE#         1032
  C:0766H         LINE#         1062
  C:0769H         LINE#         1064
  C:0769H         LINE#         1069
  C:0774H         LINE#         1070
  C:0774H         LINE#         1071
  C:077CH         LINE#         1078
  C:077DH         LINE#         1087
  C:0785H         LINE#         1088
  C:078DH         LINE#         1091
  C:078DH         LINE#         1092
  C:0798H         LINE#         1093
  C:0798H         LINE#         1094
  C:07AFH         LINE#         1095
  C:07AFH         LINE#         1096
  C:07B5H         LINE#         1097
  C:07BDH         LINE#         1098
  C:07BDH         LINE#         1100
  C:07BDH         LINE#         1104
  C:07C3H         LINE#         1105
  C:07C3H         LINE#         1111
  C:07C6H         LINE#         1113
  C:07CCH         LINE#         1115
  C:07CCH         LINE#         1117
  C:07CFH         LINE#         1118
  C:07CFH         LINE#         1119
  C:07DAH         LINE#         1120
  C:07DFH         LINE#         1121
  C:07E2H         LINE#         1122
  C:07E2H         LINE#         1126
  C:07EDH         LINE#         1138
  C:0800H         LINE#         1139
  C:0800H         LINE#         1140
  C:0805H         LINE#         1141
  C:0809H         LINE#         1142
  C:080DH         LINE#         1143
  C:0813H         LINE#         1144
  C:0814H         LINE#         1145
  C:0817H         LINE#         1146
  C:0830H         LINE#         1147
  C:0830H         LINE#         1148
  C:0835H         LINE#         1149
  C:0839H         LINE#         1150
  C:083DH         LINE#         1151
  C:0841H         LINE#         1152
  C:0847H         LINE#         1153
  C:084AH         LINE#         1154
  C:085CH         LINE#         1155
  C:085CH         LINE#         1156
  C:0862H         LINE#         1157
  C:0867H         LINE#         1158
  C:086BH         LINE#         1159
  C:086FH         LINE#         1160
  C:086FH         LINE#         1161
BL51 BANKED LINKER/LOCATER V6.22.2.0                                                  02/26/2021  09:41:56  PAGE 62


  C:0871H         LINE#         1162
  C:0883H         LINE#         1163
  C:0883H         LINE#         1164
  C:0888H         LINE#         1165
  C:088CH         LINE#         1166
  C:0892H         LINE#         1167
  C:0897H         LINE#         1168
  C:0897H         LINE#         1170
  C:0899H         LINE#         1171
  C:08ABH         LINE#         1172
  C:08ABH         LINE#         1173
  C:08B0H         LINE#         1174
  C:08B6H         LINE#         1175
  C:08BBH         LINE#         1176
  C:08BFH         LINE#         1177
  C:08BFH         LINE#         1178
  C:08C1H         LINE#         1180
  C:08C1H         LINE#         1183
  C:08C8H         LINE#         1184
  C:08CDH         LINE#         1186
  C:08D3H         LINE#         1187
  C:08D8H         LINE#         1188
  C:08DCH         LINE#         1189
  C:08E0H         LINE#         1190
  C:08E4H         LINE#         1191
  C:08E8H         LINE#         1192
  C:08E8H         LINE#         1194
  C:093EH         LINE#         1196
  C:0944H         LINE#         1199
  C:094CH         LINE#         1200
  C:094CH         LINE#         1201
  C:0952H         LINE#         1202
  C:0957H         LINE#         1203
  C:095EH         LINE#         1204
  C:0961H         LINE#         1205
  C:0968H         LINE#         1206
  C:0968H         LINE#         1208
  C:0970H         LINE#         1209
  C:0970H         LINE#         1210
  C:0976H         LINE#         1211
  C:097BH         LINE#         1212
  C:0982H         LINE#         1213
  C:0985H         LINE#         1214
  C:098CH         LINE#         1215
  C:098CH         LINE#         1217
  C:0994H         LINE#         1218
  C:0994H         LINE#         1219
  C:0998H         LINE#         1220
  C:099DH         LINE#         1221
  C:09A4H         LINE#         1222
  C:09A7H         LINE#         1223
  C:09AEH         LINE#         1224
  C:09AEH         LINE#         1226
  C:09B6H         LINE#         1227
  C:09B6H         LINE#         1228
  C:09BCH         LINE#         1229
  C:09C1H         LINE#         1230
BL51 BANKED LINKER/LOCATER V6.22.2.0                                                  02/26/2021  09:41:56  PAGE 63


  C:09C8H         LINE#         1231
  C:09CBH         LINE#         1232
  C:09D2H         LINE#         1233
  C:09D2H         LINE#         1235
  C:09DAH         LINE#         1236
  C:09DAH         LINE#         1237
  C:09E0H         LINE#         1238
  C:09E5H         LINE#         1239
  C:09ECH         LINE#         1240
  C:09EFH         LINE#         1241
  C:09F6H         LINE#         1242
  C:09F6H         LINE#         1252
  C:0A05H         LINE#         1255
  C:0A1EH         LINE#         1256
  C:0A1EH         LINE#         1257
  C:0A24H         LINE#         1258
  C:0A29H         LINE#         1259
  C:0A2BH         LINE#         1261
  C:0A2BH         LINE#         1262
  C:0A30H         LINE#         1263
  C:0A36H         LINE#         1265
  C:0A36H         LINE#         1267
  C:0A3EH         LINE#         1268
  C:0A3EH         LINE#         1269
  C:0A3FH         LINE#         1270
  C:0A54H         LINE#         1271
  C:0A5BH         LINE#         1275
  C:0A5DH         LINE#         1276
  C:0A65H         LINE#         1277
  C:0A65H         LINE#         1278
  C:0A66H         LINE#         1279
  C:0A6DH         LINE#         1280
  C:0A6DH         LINE#         1312
  C:0A75H         LINE#         1313
  C:0A7BH         LINE#         1315
  C:0A7FH         LINE#         1316
  C:0A82H         LINE#         1318
  C:0A82H         LINE#         1321
  C:0A8FH         LINE#         1322
  C:0A8FH         LINE#         1326
  C:0A93H         LINE#         1327
  C:0A96H         LINE#         1328
  C:0A9CH         LINE#         1329
  C:0A9CH         LINE#         1330
  C:0A9FH         LINE#         1332
  C:0A9FH         LINE#         1348
  C:0AAAH         LINE#         1349
  C:0AAAH         LINE#         1350
  C:0AB7H         LINE#         1351
  C:0AB7H         LINE#         1352
  C:0ABBH         LINE#         1354
  C:0ABDH         LINE#         1356
  C:0ABFH         LINE#         1359
  C:0AC7H         LINE#         1360
  C:0AD0H         LINE#         1361
  C:0AD2H         LINE#         1363
  C:0ADAH         LINE#         1364
BL51 BANKED LINKER/LOCATER V6.22.2.0                                                  02/26/2021  09:41:56  PAGE 64


  C:0AE3H         LINE#         1365
  C:0AE5H         LINE#         1367
  C:0AE5H         LINE#         1369
  C:0AF0H         LINE#         1370
  C:0AF0H         LINE#         1371
  C:0AF2H         LINE#         1372
  C:0AF5H         LINE#         1374
  C:0AF5H         LINE#         1376
  C:0AFFH         LINE#         1377
  C:0AFFH         LINE#         1379
  C:0B22H         LINE#         1380
  C:0B22H         LINE#         1381
  C:0B2DH         LINE#         1382
  C:0B31H         LINE#         1384
  C:0B33H         LINE#         1385
  C:0B36H         LINE#         1386
  C:0B40H         LINE#         1387
  C:0B43H         LINE#         1391
  C:0B4DH         LINE#         1392
  C:0B4DH         LINE#         1394
  C:0B70H         LINE#         1395
  C:0B70H         LINE#         1396
  C:0B7BH         LINE#         1397
  C:0B7FH         LINE#         1399
  C:0B81H         LINE#         1400
  C:0B83H         LINE#         1401
  C:0B8DH         LINE#         1402
  C:0B8FH         LINE#         1404
  C:0B8FH         LINE#         1405
  C:0B91H         LINE#         1406
  C:0B9BH         LINE#         1407
  C:0B9BH         LINE#         1409
  C:0BBEH         LINE#         1410
  C:0BBEH         LINE#         1411
  C:0BC9H         LINE#         1412
  C:0BCDH         LINE#         1414
  C:0BCFH         LINE#         1415
  C:0BD1H         LINE#         1416
  C:0BDBH         LINE#         1417
  C:0BE2H         LINE#         1419
  C:0BEBH         LINE#         1420
  C:0BEBH         LINE#         1423
  C:0BEBH         LINE#         1425
  C:0BF1H         LINE#         1428
  C:0BF3H         LINE#         1430
  C:0BF3H         LINE#         1431
  C:0BFAH         LINE#         1432
  C:0BFCH         LINE#         1433
  C:0BFFH         LINE#         1434
  C:0C04H         LINE#         1435
  C:0C14H         LINE#         1436
  C:0C19H         LINE#         1437
  C:0C22H         LINE#         1438
  C:0C2BH         LINE#         1439
  C:0C2BH         LINE#         1441
  C:0C2BH         LINE#         1442
  C:0C2BH         LINE#         1443
BL51 BANKED LINKER/LOCATER V6.22.2.0                                                  02/26/2021  09:41:56  PAGE 65


  C:0C2EH         LINE#         1444
  C:0C2EH         LINE#         1446
  C:0C36H         LINE#         1447
  C:0C3EH         LINE#         1456
  C:0C55H         LINE#         1457
  C:0C55H         LINE#         1458
  C:0C5AH         LINE#         1459
  C:0C63H         LINE#         1460
  C:0C63H         LINE#         1462
  C:0C7AH         LINE#         1463
  C:0C7AH         LINE#         1464
  C:0C7FH         LINE#         1465
  C:0C88H         LINE#         1466
  C:0C88H         LINE#         1469
  C:0C90H         LINE#         1470
  C:0C90H         LINE#         1471
  C:0C9EH         LINE#         1472
  C:0C9EH         LINE#         1476
  C:0CA5H         LINE#         1477
  C:0CA8H         LINE#         1478
  C:0CA8H         LINE#         1480
  C:0CA8H         LINE#         1482
  C:0CCEH         LINE#         1483
  C:0CCEH         LINE#         1485
  C:0CCEH         LINE#         1487
  C:0CDBH         LINE#         1488
  C:0CDBH         LINE#         1492
  C:0CDFH         LINE#         1493
  C:0CDFH         LINE#         1495
  C:0CEBH         LINE#         1496
  C:0CEBH         LINE#         1500
  C:0CEFH         LINE#         1501
  C:0CF8H         LINE#         1502
  C:0D02H         LINE#         1503
  C:0D0AH         LINE#         1504
  C:0D0AH         LINE#         1505
  C:0D11H         LINE#         1506
  C:0D14H         LINE#         1507
  C:0D14H         LINE#         1508
  C:0D14H         LINE#         1509
  C:0D33H         LINE#         1510
  C:0D33H         LINE#         1511
  C:0D38H         LINE#         1513
  C:0D42H         LINE#         1514
  C:0D4AH         LINE#         1519
  C:0D4DH         LINE#         1520
  C:0D4FH         LINE#         1521
  C:0D6BH         LINE#         1522
  C:0D6BH         LINE#         1523
  C:0D6DH         LINE#         1524
  C:0D74H         LINE#         1526
  C:0D80H         LINE#         1527
  C:0D84H         LINE#         1528
  C:0D84H         LINE#         1530
  C:0D8FH         LINE#         1531
  C:0D8FH         LINE#         1532
  C:0D97H         LINE#         1536
BL51 BANKED LINKER/LOCATER V6.22.2.0                                                  02/26/2021  09:41:56  PAGE 66


  C:0D97H         LINE#         1538
  C:0D9EH         LINE#         1539
  C:0DA3H         LINE#         1540
  C:0DA5H         LINE#         1542
  C:0DA5H         LINE#         1543
  C:0DACH         LINE#         1545
  C:0DB7H         LINE#         1546
  C:0DB7H         LINE#         1547
  C:0DBFH         LINE#         1551
  C:0DBFH         LINE#         1552
  C:0DC1H         LINE#         1553
  C:0DC1H         LINE#         1554
  C:0DC1H         LINE#         1555
  C:0DC1H         LINE#         1556
  C:0DC1H         LINE#         1557
  C:0DC1H         LINE#         1559
  C:0DC8H         LINE#         1570
  C:0DCFH         LINE#         1571
  C:0DCFH         LINE#         1576
  C:0DCFH         LINE#         1636
  C:0DD5H         LINE#         1637
  C:0DD8H         LINE#         1638
  C:0DD8H         LINE#         1652
  C:0DE0H         LINE#         1653
  C:0DE0H         LINE#         1655
  C:0DEEH         LINE#         1656
  C:0DEEH         LINE#         1657
  C:0DF6H         LINE#         1658
  C:0DF6H         LINE#         1660
  C:0DFFH         LINE#         1661
  C:0E05H         LINE#         1662
  C:0E07H         LINE#         1664
  C:0E07H         LINE#         1665
  C:0E0AH         LINE#         1666
  C:0E0AH         LINE#         1668
  C:0E0CH         LINE#         1670
  C:0E0EH         LINE#         1671
  C:0E0EH         LINE#         1676
  C:0E13H         LINE#         1679
  C:0E1CH         LINE#         1680
  C:0E1CH         LINE#         1682
  C:0E1EH         LINE#         1683
  C:0E20H         LINE#         1684
  C:0E21H         LINE#         1686
  C:0E21H         LINE#         1687
  C:0E2EH         LINE#         1688
  C:0E30H         LINE#         1689
  C:0E32H         LINE#         1691
  C:0E32H         LINE#         1692
  C:0E3CH         LINE#         1693
  C:0E3EH         LINE#         1694
  C:0E40H         LINE#         1695
  C:0E40H         LINE#         1696
  C:0E4AH         LINE#         1697
  C:0E4CH         LINE#         1698
  C:0E4EH         LINE#         1700
  C:0E4EH         LINE#         1701
BL51 BANKED LINKER/LOCATER V6.22.2.0                                                  02/26/2021  09:41:56  PAGE 67


  C:0E58H         LINE#         1702
  C:0E5AH         LINE#         1703
  C:0E5CH         LINE#         1706
  C:0E5CH         LINE#         1707
  C:0E66H         LINE#         1708
  C:0E6BH         LINE#         1709
  C:0E6BH         LINE#         1712
  C:0E6BH         LINE#         1714
  C:0E72H         LINE#         1716
  C:0E77H         LINE#         1717
  C:0E77H         LINE#         1718
  C:0E78H         LINE#         1719
  C:0E7EH         LINE#         1720
  C:0E7EH         LINE#         1722
  C:0E86H         LINE#         1723
  C:0E86H         LINE#         1724
  C:0E87H         LINE#         1725
  C:0E8DH         LINE#         1726
  C:0E8DH         LINE#         1728
  C:0E95H         LINE#         1729
  C:0E95H         LINE#         1730
  C:0E96H         LINE#         1731
  C:0E9CH         LINE#         1732
  C:0E9CH         LINE#         1734
  C:0E9FH         LINE#         1736
  C:0EA8H         LINE#         1737
  C:0EA8H         LINE#         1739
  C:0EA8H         LINE#         1741
  C:0EAEH         LINE#         1743
  C:0EAEH         LINE#         1745
  C:0EAEH         LINE#         1746
  C:0EAEH         LINE#         1747
  C:0EAEH         LINE#         1748
  -------         ENDPROC       _SYSTIMEREVENTPROC
  -------         ENDMOD        SYSTIMER

  -------         MODULE        ?C?FPADD
  C:0EB6H         PUBLIC        ?C?FPADD
  C:0EB2H         PUBLIC        ?C?FPSUB
  -------         ENDMOD        ?C?FPADD

  -------         MODULE        ?C?FPMUL
  C:0FA7H         PUBLIC        ?C?FPMUL
  -------         ENDMOD        ?C?FPMUL

  -------         MODULE        ?C?FPDIV
  C:10B0H         PUBLIC        ?C?FPDIV
  -------         ENDMOD        ?C?FPDIV

  -------         MODULE        ?C?FCAST
  C:1157H         PUBLIC        ?C?FCASTC
  C:1152H         PUBLIC        ?C?FCASTI
  C:114DH         PUBLIC        ?C?FCASTL
  -------         ENDMOD        ?C?FCAST

  -------         MODULE        ?C?CASTF
  C:118BH         PUBLIC        ?C?CASTF
BL51 BANKED LINKER/LOCATER V6.22.2.0                                                  02/26/2021  09:41:56  PAGE 68


  -------         ENDMOD        ?C?CASTF

  -------         MODULE        ?C?COPY
  C:12DCH         PUBLIC        ?C?COPY
  -------         ENDMOD        ?C?COPY

  -------         MODULE        ?C?CLDPTR
  C:1302H         PUBLIC        ?C?CLDPTR
  -------         ENDMOD        ?C?CLDPTR

  -------         MODULE        ?C?CLDOPTR
  C:131BH         PUBLIC        ?C?CLDOPTR
  -------         ENDMOD        ?C?CLDOPTR

  -------         MODULE        ?C?CILDPTR
  C:1348H         PUBLIC        ?C?CILDPTR
  -------         ENDMOD        ?C?CILDPTR

  -------         MODULE        ?C?CSTOPTR
  C:136AH         PUBLIC        ?C?CSTOPTR
  -------         ENDMOD        ?C?CSTOPTR

  -------         MODULE        ?C?IMUL
  C:138CH         PUBLIC        ?C?IMUL
  -------         ENDMOD        ?C?IMUL

  -------         MODULE        ?C?UIDIV
  C:139EH         PUBLIC        ?C?UIDIV
  -------         ENDMOD        ?C?UIDIV

  -------         MODULE        ?C?SIDIV
  C:13F3H         PUBLIC        ?C?SIDIV
  -------         ENDMOD        ?C?SIDIV

  -------         MODULE        ?C?IILDX
  C:1429H         PUBLIC        ?C?IILDX
  -------         ENDMOD        ?C?IILDX

  -------         MODULE        ?C?ILDIX
  C:143FH         PUBLIC        ?C?ILDIX
  -------         ENDMOD        ?C?ILDIX

  -------         MODULE        ?C?ILDPTR
  C:1455H         PUBLIC        ?C?ILDPTR
  -------         ENDMOD        ?C?ILDPTR

  -------         MODULE        ?C?ILDOPTR
  C:1480H         PUBLIC        ?C?ILDOPTR
  -------         ENDMOD        ?C?ILDOPTR

  -------         MODULE        ?C?ISTPTR
  C:14B8H         PUBLIC        ?C?ISTPTR
  -------         ENDMOD        ?C?ISTPTR

  -------         MODULE        ?C?LMUL
  C:14D7H         PUBLIC        ?C?LMUL
  -------         ENDMOD        ?C?LMUL
BL51 BANKED LINKER/LOCATER V6.22.2.0                                                  02/26/2021  09:41:56  PAGE 69



  -------         MODULE        ?C?ULDIV
  C:1562H         PUBLIC        ?C?ULDIV
  -------         ENDMOD        ?C?ULDIV

  -------         MODULE        ?C?LNEG
  C:15F4H         PUBLIC        ?C?LNEG
  -------         ENDMOD        ?C?LNEG

  -------         MODULE        ?C?SLCMP
  C:1602H         PUBLIC        ?C?SLCMP
  -------         ENDMOD        ?C?SLCMP

  -------         MODULE        ?C?ULCMP
  C:1618H         PUBLIC        ?C?ULCMP
  -------         ENDMOD        ?C?ULCMP

  -------         MODULE        ?C?SLSHR
  C:1629H         PUBLIC        ?C?SLSHR
  -------         ENDMOD        ?C?SLSHR

  -------         MODULE        ?C?LLDPTR
  C:163DH         PUBLIC        ?C?LLDPTR
  -------         ENDMOD        ?C?LLDPTR

  -------         MODULE        ?C?LSTXDATA
  C:165DH         PUBLIC        ?C?LSTXDATA
  -------         ENDMOD        ?C?LSTXDATA

  -------         MODULE        ?C?LSTKXDATA
  C:1669H         PUBLIC        ?C?LSTKXDATA
  -------         ENDMOD        ?C?LSTKXDATA

  -------         MODULE        ?C?PLDPTR
  C:169AH         PUBLIC        ?C?PLDPTR
  -------         ENDMOD        ?C?PLDPTR

  -------         MODULE        ?C?CCASE
  C:16BAH         PUBLIC        ?C?CCASE
  -------         ENDMOD        ?C?CCASE

  -------         MODULE        ABS
  C:4F8EH         PUBLIC        _ABS
  -------         ENDMOD        ABS

  -------         MODULE        ?C?LLDIDATA
  C:16E0H         PUBLIC        ?C?LLDIDATA
  -------         ENDMOD        ?C?LLDIDATA

  -------         MODULE        ?C?LLDXDATA
  C:16ECH         PUBLIC        ?C?LLDXDATA
  -------         ENDMOD        ?C?LLDXDATA

  -------         MODULE        ?C?LLDPDATA
  C:16F8H         PUBLIC        ?C?LLDPDATA
  -------         ENDMOD        ?C?LLDPDATA

BL51 BANKED LINKER/LOCATER V6.22.2.0                                                  02/26/2021  09:41:56  PAGE 70


  -------         MODULE        ?C?LLDCODE
  C:1704H         PUBLIC        ?C?LLDCODE
  -------         ENDMOD        ?C?LLDCODE

  -------         MODULE        ?C?PLDIDATA
  C:1714H         PUBLIC        ?C?PLDIDATA
  -------         ENDMOD        ?C?PLDIDATA

  -------         MODULE        ?C?PLDXDATA
  C:171DH         PUBLIC        ?C?PLDXDATA
  -------         ENDMOD        ?C?PLDXDATA

  -------         MODULE        ?C?PLDPDATA
  C:1726H         PUBLIC        ?C?PLDPDATA
  -------         ENDMOD        ?C?PLDPDATA

  -------         MODULE        ?C?PLDCODE
  C:172FH         PUBLIC        ?C?PLDCODE
  -------         ENDMOD        ?C?PLDCODE

Program Size: data=109.5 xdata=644 code=20387
LINK/LOCATE RUN COMPLETE.  0 WARNING(S),  0 ERROR(S)
