BL51 BANKED LINKER/LOCATER V6.22.2.0                                                    02/23/2021  11:35:22  PAGE 1


BL51 BANKED LINKER/LOCATER V6.22.2.0, INVOKED BY:
C:\KEIL_V5\C51\BIN\BL51.EXE .\Output\STARTUP.obj, .\Output\CPU.obj, .\Output\etc_eep.obj, .\Output\HS_DVRProtocol.obj, .
>> \Output\i2c.obj, .\Output\keyremo.obj, .\Output\main.obj, .\Output\monitor.obj, .\Output\Printf.obj, .\Output\SysPowe
>> r.obj, .\Output\SysTimer.obj TO .\Output\ml070i_MRMCU PRINT (.\Listings\ml070i_MRMCU.m51) RAMSIZE (256)


MEMORY MODEL: LARGE WITH FLOATING POINT ARITHMETIC


INPUT MODULES INCLUDED:
  .\Output\STARTUP.obj (?C_STARTUP)
  .\Output\CPU.obj (CPU)
  .\Output\etc_eep.obj (ETC_EEP)
  .\Output\HS_DVRProtocol.obj (HS_DVRPROTOCOL)
  .\Output\i2c.obj (I2C)
  .\Output\keyremo.obj (KEYREMO)
  .\Output\main.obj (MAIN)
  .\Output\monitor.obj (MONITOR)
  .\Output\Printf.obj (PRINTF)
  .\Output\SysPower.obj (SYSPOWER)
  .\Output\SysTimer.obj (SYSTIMER)
  C:\KEIL_V5\C51\LIB\C51FPL.LIB (?C?FPADD)
  C:\KEIL_V5\C51\LIB\C51FPL.LIB (?C?FPMUL)
  C:\KEIL_V5\C51\LIB\C51FPL.LIB (?C?FPDIV)
  C:\KEIL_V5\C51\LIB\C51FPL.LIB (?C?FCAST)
  C:\KEIL_V5\C51\LIB\C51FPL.LIB (?C?CASTF)
  C:\KEIL_V5\C51\LIB\C51FPL.LIB (?C?FPGETOPN)
  C:\KEIL_V5\C51\LIB\C51L.LIB (?C_INIT)
  C:\KEIL_V5\C51\LIB\C51L.LIB (?C?COPY)
  C:\KEIL_V5\C51\LIB\C51L.LIB (?C?CLDPTR)
  C:\KEIL_V5\C51\LIB\C51L.LIB (?C?CLDOPTR)
  C:\KEIL_V5\C51\LIB\C51L.LIB (?C?CILDPTR)
  C:\KEIL_V5\C51\LIB\C51L.LIB (?C?CSTOPTR)
  C:\KEIL_V5\C51\LIB\C51L.LIB (?C?IMUL)
  C:\KEIL_V5\C51\LIB\C51L.LIB (?C?UIDIV)
  C:\KEIL_V5\C51\LIB\C51L.LIB (?C?SIDIV)
  C:\KEIL_V5\C51\LIB\C51L.LIB (?C?IILDX)
  C:\KEIL_V5\C51\LIB\C51L.LIB (?C?ILDIX)
  C:\KEIL_V5\C51\LIB\C51L.LIB (?C?ILDPTR)
  C:\KEIL_V5\C51\LIB\C51L.LIB (?C?ILDOPTR)
  C:\KEIL_V5\C51\LIB\C51L.LIB (?C?ISTPTR)
  C:\KEIL_V5\C51\LIB\C51L.LIB (?C?LMUL)
  C:\KEIL_V5\C51\LIB\C51L.LIB (?C?ULDIV)
  C:\KEIL_V5\C51\LIB\C51L.LIB (?C?LNEG)
  C:\KEIL_V5\C51\LIB\C51L.LIB (?C?SLCMP)
  C:\KEIL_V5\C51\LIB\C51L.LIB (?C?ULCMP)
  C:\KEIL_V5\C51\LIB\C51L.LIB (?C?SLSHR)
  C:\KEIL_V5\C51\LIB\C51L.LIB (?C?LLDPTR)
  C:\KEIL_V5\C51\LIB\C51L.LIB (?C?LSTXDATA)
  C:\KEIL_V5\C51\LIB\C51L.LIB (?C?LSTKXDATA)
  C:\KEIL_V5\C51\LIB\C51L.LIB (?C?PLDPTR)
  C:\KEIL_V5\C51\LIB\C51L.LIB (?C?CCASE)
  C:\KEIL_V5\C51\LIB\C51L.LIB (ABS)
  C:\KEIL_V5\C51\LIB\C51L.LIB (?C?LLDIDATA)
  C:\KEIL_V5\C51\LIB\C51L.LIB (?C?LLDXDATA)
  C:\KEIL_V5\C51\LIB\C51L.LIB (?C?LLDPDATA)
  C:\KEIL_V5\C51\LIB\C51L.LIB (?C?LLDCODE)
  C:\KEIL_V5\C51\LIB\C51L.LIB (?C?PLDIDATA)
BL51 BANKED LINKER/LOCATER V6.22.2.0                                                  02/23/2021  11:35:22  PAGE 2


  C:\KEIL_V5\C51\LIB\C51L.LIB (?C?PLDXDATA)
  C:\KEIL_V5\C51\LIB\C51L.LIB (?C?PLDPDATA)
  C:\KEIL_V5\C51\LIB\C51L.LIB (?C?PLDCODE)


LINK MAP OF MODULE:  .\Output\ml070i_MRMCU (?C_STARTUP)


            TYPE    BASE      LENGTH    RELOCATION   SEGMENT NAME
            -----------------------------------------------------

            * * * * * * *   D A T A   M E M O R Y   * * * * * * *
            REG     0000H     0008H     ABSOLUTE     "REG BANK 0"
            REG     0008H     0008H     ABSOLUTE     "REG BANK 1"
            DATA    0010H     0001H     UNIT         ?DT?MONITOR
            IDATA   0011H     0002H     UNIT         ?ID?SYSPOWER
                    0013H     000DH                  *** GAP ***
            BIT     0020H.0   0000H.6   UNIT         ?BI?CPU
            BIT     0020H.6   0000H.3   UNIT         ?BI?MONITOR
            BIT     0021H.1   0000H.2   UNIT         _BIT_GROUP_
            BIT     0021H.3   0000H.1   UNIT         ?BI?HS_DVRPROTOCOL
            BIT     0021H.4   0000H.1   UNIT         ?BI?SYSTIMER
                    0021H.5   0000H.3                *** GAP ***
            DATA    0022H     0058H     UNIT         ?DT?CPU
            IDATA   007AH     0001H     UNIT         ?STACK

            * * * * * * *  X D A T A   M E M O R Y  * * * * * * *
            XDATA   0000H     0106H     UNIT         ?XD?HS_DVRPROTOCOL
            XDATA   0106H     0070H     UNIT         ?XD?MAIN
            XDATA   0176H     005CH     UNIT         ?XD?SYSTIMER
            XDATA   01D2H     004AH     UNIT         _XDATA_GROUP_
            XDATA   021CH     0038H     UNIT         ?XD?MONITOR
            XDATA   0254H     0018H     UNIT         ?XD?CPU
            XDATA   026CH     0018H     UNIT         ?XD?PRINTF

            * * * * * * *   C O D E   M E M O R Y   * * * * * * *
            CODE    0000H     0003H     ABSOLUTE     
            CODE    0003H     0008H     UNIT         ?PR?_RS2_TX?CPU
            CODE    000BH     0003H     ABSOLUTE     
            CODE    000EH     0004H     UNIT         ?PR?ISP_INIT?MAIN
                    0012H     0001H                  *** GAP ***
            CODE    0013H     0003H     ABSOLUTE     
            CODE    0016H     000DH     UNIT         ?PR?I2CSTOP?I2C
            CODE    0023H     0003H     ABSOLUTE     
            CODE    0026H     0003H     UNIT         ?PR?EXT1_INT?CPU
                    0029H     0002H                  *** GAP ***
            CODE    002BH     0003H     ABSOLUTE     
                    002EH     0005H                  *** GAP ***
            CODE    0033H     0003H     ABSOLUTE     
                    0036H     0005H                  *** GAP ***
            CODE    003BH     0003H     ABSOLUTE     
            CODE    003EH     0022H     UNIT         ?PR?MCUTIMERINITIALTIMEREVENT?SYSTIMER
                    0060H     0003H                  *** GAP ***
            CODE    0063H     0003H     ABSOLUTE     
            CODE    0066H     0E49H     UNIT         ?PR?_SYSTIMEREVENTPROC?SYSTIMER
            CODE    0EAFH     088CH     UNIT         ?C?LIB_CODE
            CODE    173BH     0556H     UNIT         ?PR?_DOPRINT?PRINTF
BL51 BANKED LINKER/LOCATER V6.22.2.0                                                  02/23/2021  11:35:22  PAGE 3


            CODE    1C91H     0496H     UNIT         ?PR?DVRRECEIVEPASER?HS_DVRPROTOCOL
            CODE    2127H     043DH     UNIT         ?CO?CPU
            CODE    2564H     0427H     UNIT         ?PR?ENCORDERHANDLER?MAIN
            CODE    298BH     041BH     UNIT         ?PR?SHOWWORKINGTIMER?CPU
            CODE    2DA6H     02B5H     UNIT         ?PR?TIMER0_INT?CPU
            CODE    305BH     029EH     UNIT         ?PR?_USERINTERFACEBATTERYCHARGEMODE?SYSPOWER
            CODE    32F9H     023AH     UNIT         ?PR?_MCU_SENDCMDTODVR?MAIN
            CODE    3533H     01CCH     UNIT         ?C_INITSEG
            CODE    36FFH     0176H     UNIT         ?PR?_MAPPING1?MAIN
            CODE    3875H     012EH     UNIT         ?PR?_MCUTIMERCHECKTIMEREVENT?SYSTIMER
            CODE    39A3H     00FFH     UNIT         ?PR?MAIN_INIT?CPU
            CODE    3AA2H     00F0H     UNIT         ?PR?WAITPOWERON?MAIN
            CODE    3B92H     00E5H     UNIT         ?PR?_MCUTIMERACTIVETIMEREVENT?SYSTIMER
            CODE    3C77H     00DFH     UNIT         ?PR?_USERINTERFACETIMEREVENTPROC?SYSTIMER
            CODE    3D56H     00DEH     UNIT         ?PR?_MCUTIMERREACTIVETIMEREVENT?SYSTIMER
            CODE    3E34H     00D5H     UNIT         ?PR?_USERINTERFACEPOWERSWITCH?SYSPOWER
            CODE    3F09H     00ADH     UNIT         ?PR?_MCULIB_PROTOCOLAPPEND?MAIN
            CODE    3FB6H     00A0H     UNIT         ?PR?LOADEEPROM?MAIN
            CODE    4056H     0098H     UNIT         ?PR?_SET_PWM?CPU
            CODE    40EEH     0090H     UNIT         ?PR?_MCULIB_PROTOCOLSENDCMDWITHPARAMNUM?MAIN
            CODE    417EH     008CH     UNIT         ?C_C51STARTUP
            CODE    420AH     0085H     UNIT         ?PR?SYSTIMERHANDLER?SYSTIMER
            CODE    428FH     0084H     UNIT         ?PR?SYSPOWERHANDLER?SYSPOWER
            CODE    4313H     0082H     UNIT         ?PR?MAIN?MAIN
            CODE    4395H     007EH     UNIT         ?PR?_AD5110_I2CWRITEDATA?I2C
            CODE    4413H     007BH     UNIT         ?PR?_I2CWRITEDATA?I2C
            CODE    448EH     0079H     UNIT         ?PR?_POWERLED?CPU
            CODE    4507H     0077H     UNIT         ?CO?MAIN
            CODE    457EH     005FH     UNIT         ?PR?CLEARBASICEE?ETC_EEP
            CODE    45DDH     0053H     UNIT         ?PR?INITIALTIMEREVENT?MAIN
            CODE    4630H     004FH     UNIT         ?PR?INITCPU?CPU
            CODE    467FH     004EH     UNIT         ?CO?PRINTF
            CODE    46CDH     004AH     UNIT         ?PR?GETFWREVEE?ETC_EEP
            CODE    4717H     004AH     UNIT         ?PR?MCUTIMERGETTIMERCOUNTER?SYSTIMER
            CODE    4761H     0047H     UNIT         ?PR?GETPROJECTNAMEEE?ETC_EEP
            CODE    47A8H     0047H     UNIT         ?PR?_WRITEEEP?I2C
            CODE    47EFH     0046H     UNIT         ?PR?_GRAPHICSPRINT?PRINTF
            CODE    4835H     0041H     UNIT         ?PR?_MCUTIMERCANCELTIMEREVENT?SYSTIMER
            CODE    4876H     003EH     UNIT         ?PR?_SETAD5110STEP?MAIN
            CODE    48B4H     003EH     UNIT         ?PR?_PRINTF?PRINTF
            CODE    48F2H     003EH     UNIT         ?PR?_DEBUG_MESSAGE?PRINTF
            CODE    4930H     003BH     UNIT         ?PR?SERIAL2_INT?CPU
            CODE    496BH     0039H     UNIT         ?PR?_READI2C?I2C
            CODE    49A4H     0033H     UNIT         ?PR?I2CREADDATA?I2C
            CODE    49D7H     0033H     UNIT         ?PR?_ISP_WRITE?MAIN
            CODE    4A0AH     002FH     UNIT         ?PR?SET_MCU_POWER_DOWN_MODE?CPU
            CODE    4A39H     002FH     UNIT         ?PR?SERIAL_INT?CPU
            CODE    4A68H     002EH     UNIT         ?PR?SCANKEY?KEYREMO
            CODE    4A96H     002DH     UNIT         ?CO?SYSPOWER
            CODE    4AC3H     002CH     UNIT         ?PR?SYSPOWERINITIAL?SYSPOWER
            CODE    4AEFH     002CH     UNIT         ?PR?_SYSPOWERSWITCH?SYSPOWER
            CODE    4B1BH     0026H     UNIT         ?PR?_READEEP?I2C
            CODE    4B41H     0021H     UNIT         ?PR?ENTER_ISP?MAIN
            CODE    4B62H     0020H     UNIT         ?PR?_WRITEAD5110?I2C
            CODE    4B82H     0020H     UNIT         ?PR?_GETADCVALUE?MAIN
            CODE    4BA2H     001FH     UNIT         ?PR?INT2_INT?CPU
            CODE    4BC1H     001FH     UNIT         ?PR?INT3_INT?CPU
BL51 BANKED LINKER/LOCATER V6.22.2.0                                                  02/23/2021  11:35:22  PAGE 4


            CODE    4BE0H     001FH     UNIT         ?PR?MAIN_LOOP?MAIN
            CODE    4BFFH     001EH     UNIT         ?PR?RS2_RX?CPU
            CODE    4C1DH     001CH     UNIT         ?PR?CHECK_ADAP_IN?CPU
            CODE    4C39H     001BH     UNIT         ?PR?_GETKEY?KEYREMO
            CODE    4C54H     0019H     UNIT         ?PR?SAVEFWREVEE?ETC_EEP
            CODE    4C6DH     0019H     UNIT         ?PR?_MCUTIMERDELAYXMS?SYSTIMER
            CODE    4C86H     0018H     UNIT         ?PR?_DELAY?CPU
            CODE    4C9EH     0016H     UNIT         ?PR?INITVARS?CPU
            CODE    4CB4H     0015H     UNIT         ?PR?_MCUTIMERGETEVENTID?SYSTIMER
            CODE    4CC9H     0014H     UNIT         ?PR?I2CDELAY?I2C
            CODE    4CDDH     0014H     UNIT         ?PR?_MCUTIMERGETEVENTTIME?SYSTIMER
            CODE    4CF1H     0013H     UNIT         ?PR?_MCUTIMERCLREVENTVALID?SYSTIMER
            CODE    4D04H     0012H     UNIT         ?CO?ETC_EEP
            CODE    4D16H     0012H     UNIT         ?PR?I2CSTART?I2C
            CODE    4D28H     0011H     UNIT         ?PR?_MCUTIMERCHECKEVENTVALID?SYSTIMER
            CODE    4D39H     000FH     UNIT         ?PR?TIMER2_INT?CPU
            CODE    4D48H     000CH     UNIT         ?PR?_ABS?ABS
            CODE    4D54H     000BH     UNIT         ?PR?RS2_READY?CPU
            CODE    4D5FH     0007H     UNIT         ?PR?GETBATTERYBTH?MAIN
            CODE    4D66H     0007H     UNIT         ?PR?GETBATTERYVOLTAGE?MAIN



OVERLAY MAP OF MODULE:   .\Output\ml070i_MRMCU (?C_STARTUP)


SEGMENT                                             BIT_GROUP          XDATA_GROUP
  +--> CALLED SEGMENT                            START    LENGTH     START    LENGTH
------------------------------------------------------------------------------------
?C_C51STARTUP                                    -----    -----      -----    -----
  +--> ?PR?MAIN?MAIN
  +--> ?C_INITSEG

?PR?MAIN?MAIN                                    -----    -----      -----    -----
  +--> ?PR?INITCPU?CPU
  +--> ?PR?SYSPOWERINITIAL?SYSPOWER
  +--> ?CO?MAIN
  +--> ?PR?_PRINTF?PRINTF
  +--> ?PR?MAIN_INIT?CPU
  +--> ?PR?INITVARS?CPU
  +--> ?PR?LOADEEPROM?MAIN
  +--> ?PR?INITIALTIMEREVENT?MAIN
  +--> ?PR?_SETAD5110STEP?MAIN
  +--> ?PR?CHECK_ADAP_IN?CPU
  +--> ?PR?MAIN_LOOP?MAIN
  +--> ?PR?WAITPOWERON?MAIN

?PR?SYSPOWERINITIAL?SYSPOWER                     -----    -----      -----    -----
  +--> ?PR?_MCUTIMERDELAYXMS?SYSTIMER
  +--> ?CO?SYSPOWER
  +--> ?PR?_DEBUG_MESSAGE?PRINTF

?PR?_DEBUG_MESSAGE?PRINTF                        -----    -----      01D2H    002EH
  +--> ?PR?_DOPRINT?PRINTF

?PR?_DOPRINT?PRINTF                              0021H.1  0000H.2    0207H    0015H
  +--> ?CO?PRINTF
BL51 BANKED LINKER/LOCATER V6.22.2.0                                                  02/23/2021  11:35:22  PAGE 5



?PR?_PRINTF?PRINTF                               -----    -----      01D9H    002EH
  +--> ?PR?_DOPRINT?PRINTF

?PR?MAIN_INIT?CPU                                -----    -----      01D2H    0004H
  +--> ?PR?GETFWREVEE?ETC_EEP
  +--> ?PR?_READEEP?I2C
  +--> ?CO?CPU
  +--> ?PR?_PRINTF?PRINTF
  +--> ?PR?SAVEFWREVEE?ETC_EEP
  +--> ?PR?GETPROJECTNAMEEE?ETC_EEP
  +--> ?PR?CLEARBASICEE?ETC_EEP
  +--> ?PR?_DELAY?CPU

?PR?GETFWREVEE?ETC_EEP                           -----    -----      -----    -----
  +--> ?PR?_READEEP?I2C

?PR?_READEEP?I2C                                 -----    -----      01FAH    0001H
  +--> ?PR?_READI2C?I2C
  +--> ?PR?_DELAY?CPU

?PR?_READI2C?I2C                                 -----    -----      01FBH    0003H
  +--> ?PR?I2CSTART?I2C
  +--> ?PR?_I2CWRITEDATA?I2C
  +--> ?PR?I2CREADDATA?I2C
  +--> ?PR?I2CSTOP?I2C

?PR?I2CSTART?I2C                                 -----    -----      -----    -----
  +--> ?PR?I2CDELAY?I2C

?PR?_I2CWRITEDATA?I2C                            -----    -----      -----    -----
  +--> ?PR?I2CDELAY?I2C

?PR?I2CREADDATA?I2C                              -----    -----      -----    -----
  +--> ?PR?I2CDELAY?I2C

?PR?I2CSTOP?I2C                                  -----    -----      -----    -----
  +--> ?PR?I2CDELAY?I2C

?PR?SAVEFWREVEE?ETC_EEP                          -----    -----      -----    -----
  +--> ?PR?_WRITEEEP?I2C

?PR?_WRITEEEP?I2C                                -----    -----      01D6H    0004H
  +--> ?PR?I2CSTART?I2C
  +--> ?PR?_I2CWRITEDATA?I2C
  +--> ?PR?I2CSTOP?I2C
  +--> ?PR?_DELAY?CPU

?PR?GETPROJECTNAMEEE?ETC_EEP                     -----    -----      01D6H    0001H
  +--> ?PR?_READEEP?I2C

?PR?CLEARBASICEE?ETC_EEP                         -----    -----      -----    -----
  +--> ?CO?ETC_EEP
  +--> ?PR?_PRINTF?PRINTF
  +--> ?PR?_WRITEEEP?I2C

?PR?LOADEEPROM?MAIN                              -----    -----      -----    -----
BL51 BANKED LINKER/LOCATER V6.22.2.0                                                  02/23/2021  11:35:22  PAGE 6


  +--> ?PR?_READEEP?I2C
  +--> ?PR?_WRITEEEP?I2C

?PR?INITIALTIMEREVENT?MAIN                       -----    -----      -----    -----
  +--> ?PR?MCUTIMERINITIALTIMEREVENT?SYSTIMER
  +--> ?PR?_MCUTIMERACTIVETIMEREVENT?SYSTIMER

?PR?_MCUTIMERACTIVETIMEREVENT?SYSTIMER           -----    -----      01F2H    0004H
  +--> ?PR?_MCUTIMERCHECKTIMEREVENT?SYSTIMER

?PR?_MCUTIMERCHECKTIMEREVENT?SYSTIMER            -----    -----      01F6H    0005H
  +--> ?PR?MCUTIMERGETTIMERCOUNTER?SYSTIMER

?PR?MCUTIMERGETTIMERCOUNTER?SYSTIMER             -----    -----      01FBH    0002H
  +--> ?PR?_ABS?ABS

?PR?_SETAD5110STEP?MAIN                          -----    -----      01D6H    0002H
  +--> ?PR?_MAPPING1?MAIN
  +--> ?PR?_WRITEAD5110?I2C

?PR?_MAPPING1?MAIN                               -----    -----      01D8H    000FH

?PR?_WRITEAD5110?I2C                             -----    -----      -----    -----
  +--> ?PR?I2CSTART?I2C
  +--> ?PR?_AD5110_I2CWRITEDATA?I2C
  +--> ?PR?I2CSTOP?I2C
  +--> ?PR?_DELAY?CPU

?PR?_AD5110_I2CWRITEDATA?I2C                     -----    -----      -----    -----
  +--> ?PR?I2CDELAY?I2C

?PR?CHECK_ADAP_IN?CPU                            -----    -----      -----    -----
  +--> ?PR?_MCUTIMERDELAYXMS?SYSTIMER

?PR?MAIN_LOOP?MAIN                               -----    -----      -----    -----
  +--> ?CO?MAIN
  +--> ?PR?_PRINTF?PRINTF
  +--> ?PR?DVRRECEIVEPASER?HS_DVRPROTOCOL
  +--> ?PR?SYSTIMERHANDLER?SYSTIMER
  +--> ?PR?SYSPOWERHANDLER?SYSPOWER
  +--> ?PR?SCANKEY?KEYREMO
  +--> ?PR?ENCORDERHANDLER?MAIN

?PR?DVRRECEIVEPASER?HS_DVRPROTOCOL               -----    -----      01D2H    0001H
  +--> ?PR?RS2_READY?CPU
  +--> ?PR?RS2_RX?CPU
  +--> ?PR?_USERINTERFACEBATTERYCHARGEMODE?S...
  +--> ?PR?_MCUTIMERCANCELTIMEREVENT?SYSTIMER
  +--> ?PR?_MCUTIMERACTIVETIMEREVENT?SYSTIMER
  +--> ?PR?_MCUTIMERREACTIVETIMEREVENT?SYSTIMER
  +--> ?PR?_WRITEEEP?I2C
  +--> ?PR?_READEEP?I2C

?PR?_USERINTERFACEBATTERYCHARGEMODE?S...         -----    -----      01D6H    0001H
  +--> ?PR?_MCUTIMERCANCELTIMEREVENT?SYSTIMER
  +--> ?PR?_SET_PWM?CPU
  +--> ?PR?_USERINTERFACEPOWERSWITCH?SYSPOWER
BL51 BANKED LINKER/LOCATER V6.22.2.0                                                  02/23/2021  11:35:22  PAGE 7


  +--> ?PR?_MCUTIMERACTIVETIMEREVENT?SYSTIMER

?PR?_SET_PWM?CPU                                 -----    -----      01D7H    0002H
  +--> ?CO?CPU
  +--> ?PR?_PRINTF?PRINTF

?PR?_USERINTERFACEPOWERSWITCH?SYSPOWER           -----    -----      01D7H    0001H
  +--> ?CO?SYSPOWER
  +--> ?PR?_PRINTF?PRINTF
  +--> ?PR?_MCUTIMERDELAYXMS?SYSTIMER
  +--> ?PR?_MCUTIMERACTIVETIMEREVENT?SYSTIMER
  +--> ?PR?_MCU_SENDCMDTODVR?MAIN

?PR?_MCU_SENDCMDTODVR?MAIN                       -----    -----      01F2H    0008H
  +--> ?CO?MAIN
  +--> ?PR?_READEEP?I2C
  +--> ?PR?_MCULIB_PROTOCOLSENDCMDWITHPARAMN...

?PR?_MCULIB_PROTOCOLSENDCMDWITHPARAMN...         -----    -----      01FAH    0017H
  +--> ?PR?_MCULIB_PROTOCOLAPPEND?MAIN
  +--> ?PR?_RS2_TX?CPU

?PR?_MCULIB_PROTOCOLAPPEND?MAIN                  -----    -----      0211H    0007H

?PR?_MCUTIMERREACTIVETIMEREVENT?SYSTIMER         -----    -----      01D3H    0004H
  +--> ?PR?_MCUTIMERCHECKTIMEREVENT?SYSTIMER

?PR?SYSTIMERHANDLER?SYSTIMER                     -----    -----      01D2H    0004H
  +--> ?PR?MCUTIMERGETTIMERCOUNTER?SYSTIMER
  +--> ?PR?_MCUTIMERCHECKEVENTVALID?SYSTIMER
  +--> ?PR?_MCUTIMERGETEVENTTIME?SYSTIMER
  +--> ?PR?_MCUTIMERCLREVENTVALID?SYSTIMER
  +--> ?PR?_MCUTIMERGETEVENTID?SYSTIMER
  +--> ?PR?_USERINTERFACETIMEREVENTPROC?SYST...
  +--> ?PR?_SYSTIMEREVENTPROC?SYSTIMER

?PR?_USERINTERFACETIMEREVENTPROC?SYST...         -----    -----      -----    -----
  +--> ?PR?_SETAD5110STEP?MAIN
  +--> ?PR?_WRITEEEP?I2C
  +--> ?PR?_MCU_SENDCMDTODVR?MAIN
  +--> ?PR?_USERINTERFACEBATTERYCHARGEMODE?S...
  +--> ?PR?_MCUTIMERACTIVETIMEREVENT?SYSTIMER
  +--> ?PR?ENTER_ISP?MAIN
  +--> ?PR?_USERINTERFACEPOWERSWITCH?SYSPOWER

?PR?ENTER_ISP?MAIN                               -----    -----      01D6H    0001H
  +--> ?PR?ISP_INIT?MAIN
  +--> ?PR?_ISP_WRITE?MAIN

?PR?_ISP_WRITE?MAIN                              -----    -----      01D7H    0006H

?PR?_SYSTIMEREVENTPROC?SYSTIMER                  -----    -----      -----    -----
  +--> ?PR?_POWERLED?CPU
  +--> ?PR?_MCUTIMERDELAYXMS?SYSTIMER
  +--> ?PR?CHECK_ADAP_IN?CPU
  +--> ?PR?_MCUTIMERCHECKEVENTVALID?SYSTIMER
  +--> ?PR?_MCUTIMERCANCELTIMEREVENT?SYSTIMER
BL51 BANKED LINKER/LOCATER V6.22.2.0                                                  02/23/2021  11:35:22  PAGE 8


  +--> ?PR?_MCUTIMERACTIVETIMEREVENT?SYSTIMER
  +--> ?PR?_MCU_SENDCMDTODVR?MAIN
  +--> ?PR?GETBATTERYVOLTAGE?MAIN
  +--> ?PR?GETBATTERYBTH?MAIN
  +--> ?PR?_READEEP?I2C
  +--> ?PR?_WRITEEEP?I2C
  +--> ?PR?_USERINTERFACEBATTERYCHARGEMODE?S...
  +--> ?PR?SHOWWORKINGTIMER?CPU

?PR?GETBATTERYVOLTAGE?MAIN                       -----    -----      -----    -----
  +--> ?PR?_GETADCVALUE?MAIN

?PR?GETBATTERYBTH?MAIN                           -----    -----      -----    -----
  +--> ?PR?_GETADCVALUE?MAIN

?PR?SHOWWORKINGTIMER?CPU                         -----    -----      01D6H    0002H
  +--> ?CO?CPU
  +--> ?PR?_GRAPHICSPRINT?PRINTF

?PR?_GRAPHICSPRINT?PRINTF                        -----    -----      01D8H    002FH
  +--> ?PR?_DOPRINT?PRINTF

?PR?SYSPOWERHANDLER?SYSPOWER                     -----    -----      -----    -----
  +--> ?PR?_SYSPOWERSWITCH?SYSPOWER

?PR?_SYSPOWERSWITCH?SYSPOWER                     -----    -----      01D2H    0001H
  +--> ?PR?_USERINTERFACEPOWERSWITCH?SYSPOWER

?PR?SCANKEY?KEYREMO                              -----    -----      -----    -----
  +--> ?PR?_GETKEY?KEYREMO
  +--> ?PR?_MCUTIMERACTIVETIMEREVENT?SYSTIMER

?PR?_GETKEY?KEYREMO                              0021H.1  0000H.1    -----    -----

?PR?ENCORDERHANDLER?MAIN                         -----    -----      01D2H    0020H
  +--> ?PR?_MCU_SENDCMDTODVR?MAIN
  +--> ?PR?_MCUTIMERCANCELTIMEREVENT?SYSTIMER
  +--> ?PR?_MCUTIMERACTIVETIMEREVENT?SYSTIMER

?PR?WAITPOWERON?MAIN                             -----    -----      -----    -----
  +--> ?CO?MAIN
  +--> ?PR?_PRINTF?PRINTF
  +--> ?PR?_MCUTIMERCANCELTIMEREVENT?SYSTIMER
  +--> ?PR?SYSPOWERHANDLER?SYSPOWER
  +--> ?PR?SYSTIMERHANDLER?SYSTIMER
  +--> ?PR?SCANKEY?KEYREMO
  +--> ?PR?_MCUTIMERACTIVETIMEREVENT?SYSTIMER
  +--> ?PR?CHECK_ADAP_IN?CPU
  +--> ?PR?SET_MCU_POWER_DOWN_MODE?CPU
  +--> ?PR?_WRITEEEP?I2C

?PR?SET_MCU_POWER_DOWN_MODE?CPU                  -----    -----      -----    -----
  +--> ?CO?CPU
  +--> ?PR?_PRINTF?PRINTF

?C_INITSEG                                       -----    -----      -----    -----
  +--> ?CO?PRINTF
BL51 BANKED LINKER/LOCATER V6.22.2.0                                                  02/23/2021  11:35:22  PAGE 9





SYMBOL TABLE OF MODULE:  .\Output\ml070i_MRMCU (?C_STARTUP)

  VALUE           TYPE          NAME
  ----------------------------------

  -------         MODULE        ?C_STARTUP
  C:417EH         SEGMENT       ?C_C51STARTUP
  I:007AH         SEGMENT       ?STACK
  C:0000H         PUBLIC        ?C_STARTUP
  D:00E0H         SYMBOL        ACC
  D:00F0H         SYMBOL        B
  D:0083H         SYMBOL        DPH
  D:0082H         SYMBOL        DPL
  N:0000H         SYMBOL        IBPSTACK
  N:0100H         SYMBOL        IBPSTACKTOP
  N:0080H         SYMBOL        IDATALEN
  C:4181H         SYMBOL        IDATALOOP
  N:0000H         SYMBOL        PBPSTACK
  N:0100H         SYMBOL        PBPSTACKTOP
  N:0000H         SYMBOL        PDATALEN
  N:0000H         SYMBOL        PDATASTART
  N:0000H         SYMBOL        PPAGE
  N:0000H         SYMBOL        PPAGEENABLE
  D:00A0H         SYMBOL        PPAGE_SFR
  D:0081H         SYMBOL        SP
  C:417EH         SYMBOL        STARTUP1
  N:0000H         SYMBOL        XBPSTACK
  N:0000H         SYMBOL        XBPSTACKTOP
  N:0000H         SYMBOL        XDATALEN
  N:0000H         SYMBOL        XDATASTART
  C:0000H         LINE#         126
  C:417EH         LINE#         133
  C:4180H         LINE#         134
  C:4181H         LINE#         135
  C:4182H         LINE#         136
  C:4184H         LINE#         185
  C:4187H         LINE#         196
  -------         ENDMOD        ?C_STARTUP

  -------         MODULE        CPU
  C:0000H         SYMBOL        _ICE_DUMMY_
  D:0091H         PUBLIC        P1M0
  X:0254H         PUBLIC        second
  C:4630H         PUBLIC        InitCPU
  D:00B1H         PUBLIC        P3M0
  C:2DA6H         PUBLIC        timer0_int
  X:0255H         PUBLIC        FormatSDCard
  D:00B3H         PUBLIC        P4M0
  D:00B2H         PUBLIC        P3M1
  D:00B4H         PUBLIC        P4M1
  D:00B0H         PUBLIC        P3
  C:4D39H         PUBLIC        timer2_int
  D:00E8H         PUBLIC        P4
  X:0256H         PUBLIC        FormatWait
BL51 BANKED LINKER/LOCATER V6.22.2.0                                                  02/23/2021  11:35:22  PAGE 10


  X:0257H         PUBLIC        Power_Msg_Count
  X:0259H         PUBLIC        IE_Temp
  D:00F9H         PUBLIC        CH
  D:0022H         PUBLIC        DVR_buf
  D:0040H         PUBLIC        keytic
  D:00A8H         PUBLIC        IE
  C:298BH         PUBLIC        ShowWorkingTimer
  D:00E9H         PUBLIC        CL
  D:0042H         PUBLIC        RS2_in
  B:0020H.0       PUBLIC        RepeatKey
  X:025AH         PUBLIC        LED_FLASH_COUNT
  D:0043H         PUBLIC        RS2_out
  C:4C86H         PUBLIC        _delay
  D:00FCH         PUBLIC        CCAP2H
  B:00E8H.0       PUBLIC        P4_0
  D:00FDH         PUBLIC        CCAP3H
  B:00E8H.1       PUBLIC        P4_1
  B:0090H.4       PUBLIC        P1_4
  B:0080H.5       PUBLIC        P0_5
  X:025CH         PUBLIC        minute
  B:00E8H.2       PUBLIC        P4_2
  D:00ECH         PUBLIC        CCAP2L
  B:00A8H.4       PUBLIC        ES
  D:00EDH         PUBLIC        CCAP3L
  D:00DCH         PUBLIC        CCAPM2
  D:00DDH         PUBLIC        CCAPM3
  D:00B8H         PUBLIC        IP
  B:0098H.0       PUBLIC        RI
  B:0098H.1       PUBLIC        TI
  D:0044H         PUBLIC        tic01
  B:0020H.1       PUBLIC        KeyReady
  C:4BFFH         PUBLIC        RS2_rx
  B:0020H.2       PUBLIC        RS_Xbusy
  D:0045H         PUBLIC        tic02
  D:00D9H         PUBLIC        CMOD
  D:00D8H         PUBLIC        CCON
  C:0003H         PUBLIC        _RS2_tx
  X:025DH         PUBLIC        Time5ms
  X:025EH         PUBLIC        month
  X:025FH         PUBLIC        keyticSec
  D:0046H         PUBLIC        Key
  C:4BA2H         PUBLIC        int2_int
  C:4BC1H         PUBLIC        int3_int
  C:4A39H         PUBLIC        serial_int
  C:0026H         PUBLIC        ext1_int
  D:0099H         PUBLIC        SBUF
  D:0087H         PUBLIC        PCON
  D:0098H         PUBLIC        SCON
  C:4C9EH         PUBLIC        InitVars
  D:0089H         PUBLIC        TMOD
  D:0088H         PUBLIC        TCON
  C:39A3H         PUBLIC        main_init
  X:0260H         PUBLIC        day
  X:0261H         PUBLIC        hour
  B:00C0H.1       PUBLIC        IE2
  B:00C0H.5       PUBLIC        IE3
  C:4056H         PUBLIC        _SET_PWM
BL51 BANKED LINKER/LOCATER V6.22.2.0                                                  02/23/2021  11:35:22  PAGE 11


  X:0262H         PUBLIC        PowerDownWait
  D:0047H         PUBLIC        tm01
  D:0049H         PUBLIC        stopWatch
  X:0263H         PUBLIC        EncorderCount
  D:004BH         SYMBOL        RS_buf
  C:4A0AH         PUBLIC        SET_MCU_POWER_DOWN_MODE
  D:0069H         PUBLIC        tic_PWR_SAVING
  D:006DH         PUBLIC        tic_Init_time
  B:00A8H.5       PUBLIC        ET2
  B:00C8H.7       PUBLIC        TF2
  D:008CH         PUBLIC        TH0
  D:008DH         PUBLIC        TH1
  B:00A8H.2       PUBLIC        EX1
  B:00C0H.2       PUBLIC        EX2
  B:00C0H.0       PUBLIC        IT2
  C:4D54H         PUBLIC        RS2_ready
  C:4C1DH         PUBLIC        Check_ADAP_IN
  B:00C0H.6       PUBLIC        EX3
  B:00C0H.4       PUBLIC        IT3
  D:008AH         PUBLIC        TL0
  B:0020H.3       PUBLIC        RS2_Xbusy
  B:00C8H.2       PUBLIC        TR2
  X:0265H         PUBLIC        updn_reg
  B:0020H.4       PUBLIC        PWR_SAVING_ACT_FLAG
  D:0071H         PUBLIC        RS_in
  D:0072H         PUBLIC        RS_out
  C:4930H         PUBLIC        serial2_int
  D:009AH         PUBLIC        S2BUF
  X:0269H         PUBLIC        year1
  X:026AH         PUBLIC        year2
  C:448EH         PUBLIC        _PowerLED
  D:00AAH         PUBLIC        S2CON
  D:00C8H         PUBLIC        T2CON
  D:00BAH         PUBLIC        S2BRT
  X:026BH         PUBLIC        DVR_FACTORY_MODE
  D:0073H         PUBLIC        tm001
  D:00A6H         PUBLIC        AUXR2
  B:0020H.5       PUBLIC        ChangeKey
  D:0074H         PUBLIC        tic_pc
  D:0076H         PUBLIC        SystemClock
  D:0093H         PUBLIC        P0M0
  D:00ADH         PUBLIC        AUXIE
  -------         PROC          MAIN_INIT
  -------         DO            
  X:01D2H         SYMBOL        rev
  -------         ENDDO         
  C:39A3H         LINE#         87
  C:39A3H         LINE#         88
  C:39A3H         LINE#         91
  C:39ACH         LINE#         94
  C:39EEH         LINE#         96
  C:39FDH         LINE#         97
  C:39FDH         LINE#         98
  C:3A17H         LINE#         99
  C:3A1AH         LINE#         100
  C:3A5CH         LINE#         101
  C:3A5CH         LINE#         105
BL51 BANKED LINKER/LOCATER V6.22.2.0                                                  02/23/2021  11:35:22  PAGE 12


  C:3A6BH         LINE#         106
  C:3A6BH         LINE#         109
  C:3A6BH         LINE#         110
  C:3A71H         LINE#         111
  C:3A74H         LINE#         112
  C:3A74H         LINE#         113
  C:3A76H         LINE#         115
  C:3A76H         LINE#         116
  C:3A7FH         LINE#         117
  C:3A88H         LINE#         118
  C:3A8FH         LINE#         120
  C:3A8FH         LINE#         122
  C:3A94H         LINE#         125
  C:3A9CH         LINE#         126
  C:3AA1H         LINE#         128
  -------         ENDPROC       MAIN_INIT
  -------         PROC          INITCPU
  C:4630H         LINE#         136
  C:4630H         LINE#         137
  C:4630H         LINE#         141
  C:4633H         LINE#         149
  C:4636H         LINE#         151
  C:4639H         LINE#         153
  C:463CH         LINE#         157
  C:4642H         LINE#         159
  C:4645H         LINE#         160
  C:4648H         LINE#         164
  C:464BH         LINE#         167
  C:464DH         LINE#         168
  C:464FH         LINE#         174
  C:4652H         LINE#         175
  C:4654H         LINE#         176
  C:4656H         LINE#         182
  C:4659H         LINE#         183
  C:465CH         LINE#         186
  C:465FH         LINE#         189
  C:4662H         LINE#         191
  C:4664H         LINE#         193
  C:4666H         LINE#         194
  C:4668H         LINE#         198
  C:466BH         LINE#         199
  C:466EH         LINE#         209
  C:4671H         LINE#         212
  C:4674H         LINE#         215
  C:4677H         LINE#         216
  C:4679H         LINE#         217
  C:467CH         LINE#         218
  C:467EH         LINE#         220
  -------         ENDPROC       INITCPU
  -------         PROC          SET_MCU_POWER_DOWN_MODE
  C:4A0AH         LINE#         223
  C:4A0AH         LINE#         224
  C:4A0AH         LINE#         226
  C:4A13H         LINE#         228
  C:4A15H         LINE#         229
  C:4A17H         LINE#         230
  C:4A19H         LINE#         232
BL51 BANKED LINKER/LOCATER V6.22.2.0                                                  02/23/2021  11:35:22  PAGE 13


  C:4A1BH         LINE#         233
  C:4A1DH         LINE#         234
  C:4A1FH         LINE#         236
  C:4A25H         LINE#         237
  C:4A28H         LINE#         239
  C:4A2EH         LINE#         240
  C:4A30H         LINE#         241
  C:4A32H         LINE#         242
  C:4A35H         LINE#         243
  C:4A36H         LINE#         244
  C:4A37H         LINE#         245
  C:4A38H         LINE#         249
  -------         ENDPROC       SET_MCU_POWER_DOWN_MODE
  -------         PROC          CHECK_ADAP_IN
  C:4C1DH         LINE#         252
  C:4C1DH         LINE#         253
  C:4C1DH         LINE#         255
  C:4C23H         LINE#         256
  C:4C23H         LINE#         257
  C:4C2AH         LINE#         259
  C:4C30H         LINE#         260
  C:4C33H         LINE#         262
  C:4C36H         LINE#         263
  C:4C36H         LINE#         265
  C:4C38H         LINE#         266
  -------         ENDPROC       CHECK_ADAP_IN
  -------         PROC          _SET_PWM
  X:01D7H         SYMBOL        index
  X:01D8H         SYMBOL        val
  C:4056H         LINE#         268
  C:405EH         LINE#         269
  C:405EH         LINE#         271
  C:4077H         LINE#         273
  C:4089H         LINE#         274
  C:4089H         LINE#         275
  C:4089H         LINE#         277
  C:408CH         LINE#         278
  C:4097H         LINE#         279
  C:409AH         LINE#         281
  C:409DH         LINE#         282
  C:409DH         LINE#         283
  C:409FH         LINE#         284
  C:40A1H         LINE#         285
  C:40A1H         LINE#         287
  C:40A9H         LINE#         288
  C:40A9H         LINE#         289
  C:40ACH         LINE#         290
  C:40AFH         LINE#         291
  C:40B2H         LINE#         292
  C:40B8H         LINE#         293
  C:40BAH         LINE#         294
  C:40C2H         LINE#         295
  C:40C2H         LINE#         296
  C:40C5H         LINE#         297
  C:40C8H         LINE#         298
  C:40CBH         LINE#         299
  C:40D4H         LINE#         300
BL51 BANKED LINKER/LOCATER V6.22.2.0                                                  02/23/2021  11:35:22  PAGE 14


  C:40D4H         LINE#         334
  C:40D4H         LINE#         335
  C:40D4H         LINE#         336
  C:40D7H         LINE#         337
  C:40E2H         LINE#         338
  C:40E5H         LINE#         339
  C:40E6H         LINE#         340
  C:40E6H         LINE#         341
  C:40E9H         LINE#         342
  C:40EAH         LINE#         343
  C:40EAH         LINE#         344
  C:40EDH         LINE#         345
  C:40EDH         LINE#         347
  C:40EDH         LINE#         348
  C:40EDH         LINE#         349
  C:40EDH         LINE#         352
  -------         ENDPROC       _SET_PWM
  -------         PROC          TIMER0_INT
  -------         DO            
  D:000FH         SYMBOL        TempKey
  -------         ENDDO         
  C:2DA6H         LINE#         361
  C:2DB1H         LINE#         365
  C:2DB3H         LINE#         368
  C:2DB5H         LINE#         371
  C:2DC0H         LINE#         372
  C:2DC0H         LINE#         373
  C:2DCEH         LINE#         374
  C:2DD1H         LINE#         375
  C:2DD3H         LINE#         376
  C:2DD3H         LINE#         378
  C:2DD9H         LINE#         379
  C:2DDBH         LINE#         380
  C:2DE4H         LINE#         381
  C:2DE4H         LINE#         383
  C:2DEDH         LINE#         384
  C:2DF7H         LINE#         385
  C:2DF7H         LINE#         386
  C:2DFFH         LINE#         387
  C:2E07H         LINE#         388
  C:2E0FH         LINE#         389
  C:2E12H         LINE#         390
  C:2E14H         LINE#         393
  C:2E1AH         LINE#         395
  C:2E35H         LINE#         396
  C:2E43H         LINE#         397
  C:2E5BH         LINE#         398
  C:2E69H         LINE#         399
  C:2E81H         LINE#         400
  C:2E8FH         LINE#         401
  C:2EAAH         LINE#         402
  C:2EB8H         LINE#         404
  C:2ED0H         LINE#         405
  C:2EDEH         LINE#         406
  C:2EF6H         LINE#         407
  C:2F04H         LINE#         408
  C:2F1FH         LINE#         409
BL51 BANKED LINKER/LOCATER V6.22.2.0                                                  02/23/2021  11:35:22  PAGE 15


  C:2F2DH         LINE#         410
  C:2F45H         LINE#         411
  C:2F53H         LINE#         414
  C:2F53H         LINE#         415
  C:2F53H         LINE#         424
  C:2F61H         LINE#         427
  C:2F69H         LINE#         428
  C:2F6CH         LINE#         429
  C:2F6EH         LINE#         431
  C:2F74H         LINE#         432
  C:2F74H         LINE#         434
  C:2F76H         LINE#         437
  C:2F7DH         LINE#         438
  C:2F82H         LINE#         440
  C:2F84H         LINE#         442
  C:2F84H         LINE#         443
  C:2F8EH         LINE#         444
  C:2F96H         LINE#         447
  C:2FA4H         LINE#         448
  C:2FB8H         LINE#         449
  C:2FC2H         LINE#         450
  C:2FD0H         LINE#         491
  C:2FDCH         LINE#         492
  C:2FDCH         LINE#         493
  C:2FE4H         LINE#         494
  C:2FE4H         LINE#         495
  C:2FF5H         LINE#         496
  C:2FF5H         LINE#         497
  C:2FF8H         LINE#         498
  C:2FFAH         LINE#         499
  C:2FFCH         LINE#         500
  C:2FFCH         LINE#         501
  C:2FFEH         LINE#         502
  C:3008H         LINE#         504
  C:300BH         LINE#         505
  C:300BH         LINE#         506
  C:300EH         LINE#         507
  C:3010H         LINE#         508
  C:3016H         LINE#         509
  C:3018H         LINE#         510
  C:3018H         LINE#         512
  C:301EH         LINE#         513
  C:301EH         LINE#         515
  C:3026H         LINE#         516
  C:3028H         LINE#         518
  C:3028H         LINE#         519
  C:303EH         LINE#         520
  C:3041H         LINE#         521
  C:3043H         LINE#         522
  C:3045H         LINE#         524
  C:3045H         LINE#         525
  C:3048H         LINE#         526
  C:304AH         LINE#         527
  C:304AH         LINE#         529
  C:304CH         LINE#         530
  C:3052H         LINE#         531
  C:3052H         LINE#         562
BL51 BANKED LINKER/LOCATER V6.22.2.0                                                  02/23/2021  11:35:22  PAGE 16


  C:3052H         LINE#         564
  -------         ENDPROC       TIMER0_INT
  -------         PROC          SHOWWORKINGTIMER
  -------         DO            
  X:01D6H         SYMBOL        val
  -------         ENDDO         
  C:298BH         LINE#         569
  C:298BH         LINE#         570
  C:298BH         LINE#         573
  C:2996H         LINE#         575
  C:299DH         LINE#         576
  C:299DH         LINE#         577
  C:29CDH         LINE#         578
  C:29CFH         LINE#         579
  C:29D6H         LINE#         580
  C:29D6H         LINE#         581
  C:29F9H         LINE#         582
  C:29FBH         LINE#         583
  C:2A04H         LINE#         584
  C:2A04H         LINE#         585
  C:2A18H         LINE#         586
  C:2A1AH         LINE#         588
  C:2A1AH         LINE#         589
  C:2A30H         LINE#         590
  C:2A30H         LINE#         594
  C:2A78H         LINE#         598
  C:2A82H         LINE#         599
  C:2A8CH         LINE#         600
  C:2A95H         LINE#         601
  C:2A9FH         LINE#         603
  C:2AA9H         LINE#         604
  C:2AB3H         LINE#         605
  C:2AC0H         LINE#         606
  C:2AC8H         LINE#         608
  C:2AD1H         LINE#         614
  C:2ADBH         LINE#         615
  C:2ADBH         LINE#         616
  C:2B3AH         LINE#         617
  C:2B48H         LINE#         619
  C:2B4AH         LINE#         621
  C:2B4AH         LINE#         625
  C:2B86H         LINE#         627
  C:2B94H         LINE#         628
  C:2BABH         LINE#         630
  C:2BBFH         LINE#         634
  C:2BBFH         LINE#         637
  C:2C12H         LINE#         641
  C:2C1CH         LINE#         642
  C:2C26H         LINE#         643
  C:2C30H         LINE#         644
  C:2C3AH         LINE#         645
  C:2C44H         LINE#         646
  C:2C4EH         LINE#         647
  C:2C58H         LINE#         648
  C:2C62H         LINE#         649
  C:2C6CH         LINE#         650
  C:2C77H         LINE#         652
BL51 BANKED LINKER/LOCATER V6.22.2.0                                                  02/23/2021  11:35:22  PAGE 17


  C:2C81H         LINE#         653
  C:2C89H         LINE#         654
  C:2C93H         LINE#         655
  C:2C9BH         LINE#         656
  C:2CA5H         LINE#         657
  C:2CADH         LINE#         658
  C:2CB7H         LINE#         659
  C:2CBFH         LINE#         660
  C:2CC7H         LINE#         661
  C:2CD1H         LINE#         662
  C:2CDBH         LINE#         663
  C:2CE5H         LINE#         664
  C:2CEFH         LINE#         665
  C:2CF9H         LINE#         666
  C:2D03H         LINE#         667
  C:2D0DH         LINE#         668
  C:2D17H         LINE#         669
  C:2D21H         LINE#         670
  C:2D2BH         LINE#         671
  C:2D36H         LINE#         673
  C:2D42H         LINE#         674
  C:2D4DH         LINE#         676
  C:2D57H         LINE#         677
  C:2D5FH         LINE#         678
  C:2D69H         LINE#         679
  C:2D71H         LINE#         680
  C:2D7DH         LINE#         681
  C:2D83H         LINE#         683
  C:2D9BH         LINE#         701
  -------         ENDPROC       SHOWWORKINGTIMER
  -------         PROC          INITVARS
  -------         DO            
  D:0007H         SYMBOL        j
  -------         ENDDO         
  C:4C9EH         LINE#         711
  C:4C9EH         LINE#         712
  C:4C9EH         LINE#         714
  C:4CAAH         LINE#         715
  C:4CB3H         LINE#         717
  -------         ENDPROC       INITVARS
  -------         PROC          _POWERLED
  D:0007H         SYMBOL        flag
  C:448EH         LINE#         723
  C:448EH         LINE#         724
  C:448EH         LINE#         726
  C:44C2H         LINE#         727
  C:44C2H         LINE#         728
  C:44C2H         LINE#         729
  C:44C4H         LINE#         730
  C:44C6H         LINE#         731
  C:44C7H         LINE#         732
  C:44C7H         LINE#         733
  C:44C9H         LINE#         734
  C:44CBH         LINE#         735
  C:44CCH         LINE#         736
  C:44CCH         LINE#         737
  C:44CCH         LINE#         738
BL51 BANKED LINKER/LOCATER V6.22.2.0                                                  02/23/2021  11:35:22  PAGE 18


  C:44CCH         LINE#         739
  C:44CEH         LINE#         740
  C:44CEH         LINE#         741
  C:44CEH         LINE#         742
  C:44CEH         LINE#         743
  C:44D0H         LINE#         744
  C:44D0H         LINE#         745
  C:44D3H         LINE#         746
  C:44D3H         LINE#         747
  C:44D5H         LINE#         748
  C:44D7H         LINE#         749
  C:44D8H         LINE#         756
  C:44D8H         LINE#         757
  C:44DBH         LINE#         758
  C:44DBH         LINE#         759
  C:44DDH         LINE#         760
  C:44DFH         LINE#         761
  C:44E0H         LINE#         763
  C:44E0H         LINE#         764
  C:44E0H         LINE#         765
  C:44E0H         LINE#         766
  C:44E0H         LINE#         767
  C:44E2H         LINE#         768
  C:44E2H         LINE#         769
  C:44E5H         LINE#         770
  C:44E5H         LINE#         771
  C:44E7H         LINE#         772
  C:44E9H         LINE#         773
  C:44EAH         LINE#         775
  C:44EAH         LINE#         776
  C:44ECH         LINE#         777
  C:44EEH         LINE#         778
  C:44EEH         LINE#         779
  C:44EFH         LINE#         780
  C:44EFH         LINE#         781
  C:44F2H         LINE#         782
  C:44F2H         LINE#         783
  C:44F4H         LINE#         784
  C:44F6H         LINE#         786
  C:44F6H         LINE#         787
  C:44F8H         LINE#         788
  C:44F8H         LINE#         790
  C:44FAH         LINE#         792
  C:44FBH         LINE#         793
  C:44FBH         LINE#         794
  C:44FEH         LINE#         795
  C:44FEH         LINE#         796
  C:4500H         LINE#         797
  C:4502H         LINE#         799
  C:4502H         LINE#         800
  C:4504H         LINE#         801
  C:4504H         LINE#         803
  C:4506H         LINE#         806
  C:4506H         LINE#         807
  C:4506H         LINE#         808
  C:4506H         LINE#         809
  C:4506H         LINE#         810
BL51 BANKED LINKER/LOCATER V6.22.2.0                                                  02/23/2021  11:35:22  PAGE 19


  -------         ENDPROC       _POWERLED
  -------         PROC          EXT1_INT
  C:0026H         LINE#         819
  C:0026H         LINE#         821
  C:0028H         LINE#         822
  -------         ENDPROC       EXT1_INT
  -------         PROC          SERIAL_INT
  C:4A39H         LINE#         845
  C:4A40H         LINE#         851
  C:4A43H         LINE#         860
  C:4A4AH         LINE#         861
  C:4A4CH         LINE#         862
  C:4A5AH         LINE#         866
  C:4A5CH         LINE#         868
  C:4A5CH         LINE#         870
  C:4A5FH         LINE#         871
  C:4A61H         LINE#         872
  C:4A63H         LINE#         873
  C:4A63H         LINE#         874
  -------         ENDPROC       SERIAL_INT
  -------         PROC          SERIAL2_INT
  C:4930H         LINE#         878
  C:4937H         LINE#         883
  C:493FH         LINE#         884
  C:493FH         LINE#         886
  C:4942H         LINE#         888
  C:4949H         LINE#         891
  C:494BH         LINE#         892
  C:4959H         LINE#         893
  C:4959H         LINE#         895
  C:4961H         LINE#         896
  C:4961H         LINE#         897
  C:4964H         LINE#         898
  C:4966H         LINE#         899
  C:4966H         LINE#         900
  -------         ENDPROC       SERIAL2_INT
  -------         PROC          RS2_READY
  C:4D54H         LINE#         936
  C:4D54H         LINE#         937
  C:4D54H         LINE#         938
  C:4D5CH         LINE#         939
  C:4D5EH         LINE#         940
  -------         ENDPROC       RS2_READY
  -------         PROC          RS2_RX
  -------         DO            
  D:0007H         SYMBOL        ret
  -------         ENDDO         
  C:4BFFH         LINE#         944
  C:4BFFH         LINE#         945
  C:4BFFH         LINE#         948
  C:4C02H         LINE#         949
  C:4C09H         LINE#         950
  C:4C0BH         LINE#         951
  C:4C16H         LINE#         952
  C:4C19H         LINE#         953
  C:4C1CH         LINE#         955
  C:4C1CH         LINE#         956
BL51 BANKED LINKER/LOCATER V6.22.2.0                                                  02/23/2021  11:35:22  PAGE 20


  -------         ENDPROC       RS2_RX
  -------         PROC          _RS2_TX
  D:0007H         SYMBOL        tx_buf
  C:0003H         LINE#         973
  C:0003H         LINE#         974
  C:0003H         LINE#         976
  C:0006H         LINE#         977
  C:0008H         LINE#         978
  C:000AH         LINE#         979
  -------         ENDPROC       _RS2_TX
  -------         PROC          TIMER2_INT
  C:4D39H         LINE#         1020
  C:4D3BH         LINE#         1022
  C:4D3DH         LINE#         1024
  C:4D45H         LINE#         1026
  -------         ENDPROC       TIMER2_INT
  -------         PROC          _DELAY
  D:0007H         SYMBOL        cnt
  -------         DO            
  D:0004H         SYMBOL        ttic01
  -------         ENDDO         
  C:4C86H         LINE#         1028
  C:4C86H         LINE#         1029
  C:4C86H         LINE#         1032
  C:4C94H         LINE#         1033
  C:4C94H         LINE#         1035
  C:4C9DH         LINE#         1036
  -------         ENDPROC       _DELAY
  -------         PROC          INT2_INT
  C:4BA2H         LINE#         1040
  C:4BA8H         LINE#         1042
  C:4BAAH         LINE#         1043
  C:4BACH         LINE#         1044
  C:4BAFH         LINE#         1045
  C:4BB5H         LINE#         1046
  C:4BBAH         LINE#         1047
  -------         ENDPROC       INT2_INT
  -------         PROC          INT3_INT
  C:4BC1H         LINE#         1049
  C:4BC7H         LINE#         1051
  C:4BC9H         LINE#         1052
  C:4BCBH         LINE#         1053
  C:4BCEH         LINE#         1054
  C:4BD4H         LINE#         1055
  C:4BD9H         LINE#         1056
  -------         ENDPROC       INT3_INT
  -------         ENDMOD        CPU

  -------         MODULE        ETC_EEP
  C:0000H         SYMBOL        _ICE_DUMMY_
  C:4761H         PUBLIC        GetProjectNameEE
  C:457EH         PUBLIC        ClearBasicEE
  C:4C54H         PUBLIC        SaveFWRevEE
  C:46CDH         PUBLIC        GetFWRevEE
  -------         PROC          GETFWREVEE
  -------         DO            
  D:0004H         SYMBOL        rev
BL51 BANKED LINKER/LOCATER V6.22.2.0                                                  02/23/2021  11:35:22  PAGE 21


  -------         ENDDO         
  C:46CDH         LINE#         17
  C:46CDH         LINE#         18
  C:46CDH         LINE#         19
  C:46D3H         LINE#         26
  C:4716H         LINE#         28
  C:4716H         LINE#         29
  -------         ENDPROC       GETFWREVEE
  -------         PROC          GETPROJECTNAMEEE
  -------         DO            
  X:01D6H         SYMBOL        rev
  -------         ENDDO         
  C:4761H         LINE#         31
  C:4761H         LINE#         32
  C:4761H         LINE#         33
  C:4767H         LINE#         35
  C:4775H         LINE#         36
  C:4784H         LINE#         37
  C:4793H         LINE#         38
  C:47A2H         LINE#         40
  C:47A7H         LINE#         41
  -------         ENDPROC       GETPROJECTNAMEEE
  -------         PROC          SAVEFWREVEE
  C:4C54H         LINE#         43
  C:4C54H         LINE#         44
  C:4C54H         LINE#         51
  C:4C5CH         LINE#         52
  C:4C64H         LINE#         53
  -------         ENDPROC       SAVEFWREVEE
  -------         PROC          CLEARBASICEE
  C:457EH         LINE#         67
  C:457EH         LINE#         68
  C:457EH         LINE#         70
  C:4587H         LINE#         72
  C:458FH         LINE#         73
  C:4598H         LINE#         74
  C:45A1H         LINE#         75
  C:45AAH         LINE#         77
  C:45B3H         LINE#         80
  C:45BCH         LINE#         82
  C:45C4H         LINE#         84
  C:45CCH         LINE#         86
  C:45D4H         LINE#         88
  -------         ENDPROC       CLEARBASICEE
  -------         ENDMOD        ETC_EEP

  -------         MODULE        HS_DVRPROTOCOL
  C:0000H         SYMBOL        _ICE_DUMMY_
  X:0000H         PUBLIC        protocol_data_count
  D:00B2H         PUBLIC        P3M1
  X:0001H         PUBLIC        protocol_len
  X:0002H         PUBLIC        protocol_type
  B:0021H.3       PUBLIC        protocol_escape_flag
  X:0003H         PUBLIC        protocol_chksum
  X:0004H         PUBLIC        protocol_param
  X:0005H         PUBLIC        protocol_data
  C:1C91H         PUBLIC        DvrReceivePaser
BL51 BANKED LINKER/LOCATER V6.22.2.0                                                  02/23/2021  11:35:22  PAGE 22


  X:0105H         PUBLIC        protocol_state
  -------         PROC          DVRRECEIVEPASER
  -------         DO            
  X:01D2H         SYMBOL        c
  -------         ENDDO         
  C:1C91H         LINE#         39
  C:1C91H         LINE#         40
  C:1C91H         LINE#         42
  C:1C9AH         LINE#         43
  C:1C9AH         LINE#         44
  C:1CA2H         LINE#         46
  C:1CA8H         LINE#         47
  C:1CA8H         LINE#         51
  C:1CAAH         LINE#         52
  C:1CAFH         LINE#         53
  C:1CB5H         LINE#         55
  C:1CB5H         LINE#         57
  C:1CBBH         LINE#         58
  C:1CBBH         LINE#         59
  C:1CBEH         LINE#         61
  C:1CBEH         LINE#         63
  C:1CC1H         LINE#         64
  C:1CC1H         LINE#         65
  C:1CC3H         LINE#         66
  C:1CCAH         LINE#         67
  C:1CCAH         LINE#         69
  C:1CD3H         LINE#         70
  C:1CD3H         LINE#         71
  C:1CE3H         LINE#         72
  C:1CE3H         LINE#         74
  C:1CF8H         LINE#         75
  C:1CF8H         LINE#         76
  C:1CF8H         LINE#         77
  C:1D00H         LINE#         78
  C:1D13H         LINE#         79
  C:1D13H         LINE#         80
  C:1D13H         LINE#         81
  C:1D13H         LINE#         82
  C:1D13H         LINE#         83
  C:1D13H         LINE#         84
  C:1D13H         LINE#         85
  C:1D13H         LINE#         86
  C:1D13H         LINE#         87
  C:1D13H         LINE#         88
  C:1D13H         LINE#         89
  C:1D13H         LINE#         90
  C:1D13H         LINE#         91
  C:1D13H         LINE#         92
  C:1D13H         LINE#         93
  C:1D19H         LINE#         94
  C:1D1AH         LINE#         95
  C:1D1AH         LINE#         98
  C:1D1AH         LINE#         99
  C:1D1AH         LINE#         101
  C:1D1AH         LINE#         102
  C:1D22H         LINE#         103
  C:1D37H         LINE#         104
BL51 BANKED LINKER/LOCATER V6.22.2.0                                                  02/23/2021  11:35:22  PAGE 23


  C:1D37H         LINE#         105
  C:1D37H         LINE#         106
  C:1D37H         LINE#         107
  C:1D37H         LINE#         108
  C:1D37H         LINE#         109
  C:1D37H         LINE#         110
  C:1D37H         LINE#         111
  C:1D37H         LINE#         112
  C:1D37H         LINE#         113
  C:1D37H         LINE#         114
  C:1D37H         LINE#         115
  C:1D37H         LINE#         116
  C:1D37H         LINE#         117
  C:1D37H         LINE#         119
  C:1D3DH         LINE#         120
  C:1D3DH         LINE#         121
  C:1D3DH         LINE#         122
  C:1D3FH         LINE#         124
  C:1D3FH         LINE#         125
  C:1D44H         LINE#         126
  C:1D4AH         LINE#         131
  C:1D4AH         LINE#         132
  C:1D4BH         LINE#         133
  C:1D4BH         LINE#         134
  C:1D4BH         LINE#         135
  C:1D4EH         LINE#         136
  C:1D4EH         LINE#         137
  C:1D4EH         LINE#         139
  C:1D4EH         LINE#         140
  C:1D65H         LINE#         141
  C:1D65H         LINE#         142
  C:1D65H         LINE#         143
  C:1D65H         LINE#         144
  C:1D65H         LINE#         145
  C:1D65H         LINE#         146
  C:1D65H         LINE#         147
  C:1D65H         LINE#         148
  C:1D65H         LINE#         149
  C:1D65H         LINE#         150
  C:1D65H         LINE#         151
  C:1D65H         LINE#         152
  C:1D65H         LINE#         153
  C:1D65H         LINE#         156
  C:1D79H         LINE#         157
  C:1D7FH         LINE#         158
  C:1D8CH         LINE#         159
  C:1D92H         LINE#         163
  C:1D92H         LINE#         168
  C:1D93H         LINE#         169
  C:1D93H         LINE#         170
  C:1D93H         LINE#         171
  C:1D96H         LINE#         172
  C:1D96H         LINE#         173
  C:1D96H         LINE#         175
  C:1D96H         LINE#         176
  C:1DA5H         LINE#         177
  C:1DA5H         LINE#         182
BL51 BANKED LINKER/LOCATER V6.22.2.0                                                  02/23/2021  11:35:22  PAGE 24


  C:1DD7H         LINE#         183
  C:1DD7H         LINE#         184
  C:1DD7H         LINE#         188
  C:1DDEH         LINE#         189
  C:1DE7H         LINE#         190
  C:1DF4H         LINE#         191
  C:1DF4H         LINE#         192
  C:1DF8H         LINE#         193
  C:1DFDH         LINE#         194
  C:1E02H         LINE#         195
  C:1E02H         LINE#         196
  C:1E0BH         LINE#         197
  C:1E14H         LINE#         198
  C:1E17H         LINE#         199
  C:1E1AH         LINE#         200
  C:1E1AH         LINE#         204
  C:1E1FH         LINE#         205
  C:1E2BH         LINE#         206
  C:1E31H         LINE#         207
  C:1E34H         LINE#         208
  C:1E34H         LINE#         213
  C:1E3AH         LINE#         214
  C:1E3DH         LINE#         215
  C:1E3DH         LINE#         220
  C:1E43H         LINE#         221
  C:1E46H         LINE#         222
  C:1E46H         LINE#         235
  C:1E67H         LINE#         236
  C:1E88H         LINE#         238
  C:1EA9H         LINE#         239
  C:1ECAH         LINE#         241
  C:1EEBH         LINE#         242
  C:1F0CH         LINE#         244
  C:1F2DH         LINE#         245
  C:1F4EH         LINE#         247
  C:1F54H         LINE#         249
  C:1F57H         LINE#         251
  C:1F57H         LINE#         257
  C:1F64H         LINE#         258
  C:1F67H         LINE#         260
  C:1F79H         LINE#         262
  C:1F82H         LINE#         263
  C:1F87H         LINE#         265
  C:1F91H         LINE#         266
  C:1F9AH         LINE#         293
  C:1F9DH         LINE#         295
  C:1F9DH         LINE#         300
  C:1FA6H         LINE#         301
  C:1FA6H         LINE#         302
  C:1FADH         LINE#         306
  C:1FB0H         LINE#         307
  C:1FB9H         LINE#         308
  C:1FB9H         LINE#         309
  C:1FBEH         LINE#         310
  C:1FC5H         LINE#         314
  C:1FC5H         LINE#         315
  C:1FC8H         LINE#         317
BL51 BANKED LINKER/LOCATER V6.22.2.0                                                  02/23/2021  11:35:22  PAGE 25


  C:1FC8H         LINE#         321
  C:1FCEH         LINE#         322
  C:1FD1H         LINE#         324
  C:1FD1H         LINE#         329
  C:1FD7H         LINE#         330
  C:1FD7H         LINE#         331
  C:1FDEH         LINE#         332
  C:1FE3H         LINE#         335
  C:1FE8H         LINE#         336
  C:1FEDH         LINE#         337
  C:1FF2H         LINE#         338
  C:1FF7H         LINE#         339
  C:1FFCH         LINE#         340
  C:2001H         LINE#         342
  C:2007H         LINE#         344
  C:200AH         LINE#         345
  C:2012H         LINE#         346
  C:2012H         LINE#         347
  C:2018H         LINE#         348
  C:2018H         LINE#         349
  C:2018H         LINE#         350
  C:201AH         LINE#         351
  C:2025H         LINE#         352
  C:2025H         LINE#         353
  C:202CH         LINE#         354
  C:202FH         LINE#         355
  C:2038H         LINE#         356
  C:203AH         LINE#         357
  C:203AH         LINE#         359
  C:203DH         LINE#         361
  C:203DH         LINE#         366
  C:2048H         LINE#         367
  C:2048H         LINE#         368
  C:204FH         LINE#         369
  C:2051H         LINE#         370
  C:205DH         LINE#         371
  C:205DH         LINE#         372
  C:2064H         LINE#         373
  C:2069H         LINE#         374
  C:2070H         LINE#         376
  C:207CH         LINE#         377
  C:2080H         LINE#         378
  C:2080H         LINE#         379
  C:2090H         LINE#         380
  C:2090H         LINE#         381
  C:2097H         LINE#         382
  C:209EH         LINE#         383
  C:20A3H         LINE#         384
  C:20AAH         LINE#         385
  C:20B4H         LINE#         386
  C:20BCH         LINE#         390
  C:20C8H         LINE#         391
  C:20CCH         LINE#         392
  C:20CCH         LINE#         394
  C:20D1H         LINE#         396
  C:20D3H         LINE#         398
  C:20D3H         LINE#         402
BL51 BANKED LINKER/LOCATER V6.22.2.0                                                  02/23/2021  11:35:22  PAGE 26


  C:20DCH         LINE#         403
  C:20DEH         LINE#         405
  C:20DEH         LINE#         407
  C:20E6H         LINE#         408
  C:20E6H         LINE#         409
  C:20EEH         LINE#         410
  C:20F4H         LINE#         411
  C:20F6H         LINE#         413
  C:20F6H         LINE#         414
  C:20FEH         LINE#         415
  C:2103H         LINE#         416
  C:2103H         LINE#         423
  C:2105H         LINE#         424
  C:2105H         LINE#         425
  C:2110H         LINE#         426
  C:2115H         LINE#         428
  C:2118H         LINE#         433
  C:2121H         LINE#         436
  C:2121H         LINE#         437
  C:2121H         LINE#         438
  C:2121H         LINE#         439
  C:2121H         LINE#         441
  C:2121H         LINE#         443
  C:2121H         LINE#         447
  C:2121H         LINE#         448
  C:2126H         LINE#         449
  C:2126H         LINE#         450
  C:2126H         LINE#         451
  C:2126H         LINE#         452
  C:2126H         LINE#         453
  C:2126H         LINE#         456
  -------         ENDPROC       DVRRECEIVEPASER
  -------         ENDMOD        HS_DVRPROTOCOL

  -------         MODULE        I2C
  C:0000H         SYMBOL        _ICE_DUMMY_
  B:0090H.0       PUBLIC        P1_0
  B:0090H.1       PUBLIC        P1_1
  C:49A4H         PUBLIC        I2CReadData
  C:496BH         PUBLIC        _ReadI2C
  C:4413H         PUBLIC        _I2CWriteData
  C:4D16H         PUBLIC        I2CStart
  C:4CCDH         PUBLIC        I2Cdelay
  C:4B1BH         PUBLIC        _ReadEEP
  C:4B62H         PUBLIC        _WriteAD5110
  C:0016H         PUBLIC        I2CStop
  C:47A8H         PUBLIC        _WriteEEP
  C:4395H         PUBLIC        _AD5110_I2CWriteData
  C:4CC9H         SYMBOL        L?0054
  -------         PROC          L?0053
  -------         ENDPROC       L?0053
  C:4CC9H         SYMBOL        L?0054
  -------         PROC          I2CDELAY
  -------         DO            
  D:0007H         SYMBOL        i
  -------         ENDDO         
  C:4CCDH         LINE#         34
BL51 BANKED LINKER/LOCATER V6.22.2.0                                                  02/23/2021  11:35:22  PAGE 27


  C:4CCDH         LINE#         35
  C:4CCDH         LINE#         37
  C:4CD9H         LINE#         38
  C:4CDCH         LINE#         39
  -------         ENDPROC       I2CDELAY
  -------         PROC          _WRITEEEP
  X:01D6H         SYMBOL        index
  X:01D8H         SYMBOL        dat
  -------         DO            
  X:01D9H         SYMBOL        addr
  -------         ENDDO         
  C:47A8H         LINE#         42
  C:47B3H         LINE#         43
  C:47B3H         LINE#         46
  C:47CBH         LINE#         48
  C:47CEH         LINE#         49
  C:47D6H         LINE#         50
  C:47DFH         LINE#         51
  C:47E7H         LINE#         52
  C:47EAH         LINE#         58
  -------         ENDPROC       _WRITEEEP
  -------         PROC          _READEEP
  D:0004H         SYMBOL        index
  -------         DO            
  X:01FAH         SYMBOL        val
  D:0007H         SYMBOL        addr
  -------         ENDDO         
  C:4B1BH         LINE#         61
  C:4B1FH         LINE#         62
  C:4B1FH         LINE#         66
  C:4B2EH         LINE#         68
  C:4B36H         LINE#         73
  C:4B3BH         LINE#         74
  C:4B40H         LINE#         75
  -------         ENDPROC       _READEEP
  -------         PROC          _READI2C
  X:01FBH         SYMBOL        addr
  X:01FCH         SYMBOL        index
  -------         DO            
  X:01FDH         SYMBOL        val
  -------         ENDDO         
  C:496BH         LINE#         77
  C:4973H         LINE#         78
  C:4973H         LINE#         81
  C:4976H         LINE#         82
  C:497EH         LINE#         83
  C:4986H         LINE#         84
  C:4989H         LINE#         85
  C:4993H         LINE#         86
  C:499BH         LINE#         87
  C:499EH         LINE#         89
  C:49A3H         LINE#         90
  -------         ENDPROC       _READI2C
  -------         PROC          I2CSTART
  C:4D16H         LINE#         106
  C:4D16H         LINE#         107
  C:4D16H         LINE#         108
BL51 BANKED LINKER/LOCATER V6.22.2.0                                                  02/23/2021  11:35:22  PAGE 28


  C:4D1BH         LINE#         109
  C:4D20H         LINE#         110
  C:4D25H         LINE#         111
  C:4D27H         LINE#         112
  -------         ENDPROC       I2CSTART
  -------         PROC          I2CSTOP
  C:0016H         LINE#         114
  C:0016H         LINE#         115
  C:0016H         LINE#         116
  C:001BH         LINE#         117
  C:0020H         LINE#         118
  C:0022H         LINE#         119
  -------         ENDPROC       I2CSTOP
  -------         PROC          _I2CWRITEDATA
  D:0006H         SYMBOL        value
  C:4413H         LINE#         121
  C:4415H         LINE#         122
  C:4415H         LINE#         124
  C:4422H         LINE#         125
  C:442FH         LINE#         126
  C:443CH         LINE#         127
  C:4449H         LINE#         129
  C:4456H         LINE#         130
  C:4463H         LINE#         131
  C:4470H         LINE#         132
  C:447DH         LINE#         135
  C:447FH         LINE#         136
  C:4481H         LINE#         137
  C:4483H         LINE#         138
  C:4485H         LINE#         140
  C:4487H         LINE#         141
  C:4489H         LINE#         142
  C:448BH         LINE#         143
  C:448DH         LINE#         144
  -------         ENDPROC       _I2CWRITEDATA
  -------         PROC          I2CREADDATA
  -------         DO            
  D:0004H         SYMBOL        i
  D:0006H         SYMBOL        value
  -------         ENDDO         
  C:49A4H         LINE#         146
  C:49A4H         LINE#         147
  C:49A4H         LINE#         149
  C:49A6H         LINE#         151
  C:49ABH         LINE#         152
  C:49ADH         LINE#         154
  C:49B0H         LINE#         155
  C:49B2H         LINE#         156
  C:49B6H         LINE#         157
  C:49BCH         LINE#         158
  C:49BEH         LINE#         159
  C:49C9H         LINE#         160
  C:49CCH         LINE#         162
  C:49CEH         LINE#         163
  C:49D0H         LINE#         164
  C:49D2H         LINE#         165
  C:49D4H         LINE#         167
BL51 BANKED LINKER/LOCATER V6.22.2.0                                                  02/23/2021  11:35:22  PAGE 29


  C:49D6H         LINE#         169
  -------         ENDPROC       I2CREADDATA
  -------         PROC          _AD5110_I2CWRITEDATA
  D:0006H         SYMBOL        value
  C:4395H         LINE#         172
  C:4397H         LINE#         173
  C:4397H         LINE#         175
  C:43A4H         LINE#         176
  C:43B1H         LINE#         177
  C:43BEH         LINE#         178
  C:43CBH         LINE#         180
  C:43D8H         LINE#         181
  C:43E5H         LINE#         182
  C:43F2H         LINE#         183
  C:43FFH         LINE#         186
  C:4401H         LINE#         187
  C:4403H         LINE#         188
  C:4405H         LINE#         189
  C:4407H         LINE#         190
  C:440AH         LINE#         191
  C:440CH         LINE#         192
  C:440EH         LINE#         193
  C:4410H         LINE#         194
  C:4412H         LINE#         196
  -------         ENDPROC       _AD5110_I2CWRITEDATA
  -------         PROC          _WRITEAD5110
  D:0002H         SYMBOL        index
  D:0005H         SYMBOL        dat
  -------         DO            
  D:0006H         SYMBOL        addr
  -------         ENDDO         
  C:4B62H         LINE#         229
  C:4B66H         LINE#         230
  C:4B66H         LINE#         233
  C:4B68H         LINE#         235
  C:4B6BH         LINE#         236
  C:4B70H         LINE#         237
  C:4B75H         LINE#         238
  C:4B7AH         LINE#         239
  C:4B7DH         LINE#         245
  -------         ENDPROC       _WRITEAD5110
  -------         ENDMOD        I2C

  -------         MODULE        KEYREMO
  C:0000H         SYMBOL        _ICE_DUMMY_
  C:4C39H         PUBLIC        _GetKey
  C:4A68H         PUBLIC        Scankey
  -------         PROC          SCANKEY
  C:4A68H         LINE#         31
  C:4A68H         LINE#         32
  C:4A68H         LINE#         34
  C:4A70H         LINE#         35
  C:4A70H         LINE#         37
  C:4A80H         LINE#         38
  C:4A80H         LINE#         39
  C:4A84H         LINE#         40
  C:4A8AH         LINE#         41
BL51 BANKED LINKER/LOCATER V6.22.2.0                                                  02/23/2021  11:35:22  PAGE 30


  C:4A8CH         LINE#         43
  C:4A95H         LINE#         44
  C:4A95H         LINE#         46
  -------         ENDPROC       SCANKEY
  -------         PROC          _GETKEY
  D:0007H         SYMBOL        repeat
  -------         DO            
  B:0021H.1       SYMBOL        ready
  -------         ENDDO         
  C:4C39H         LINE#         51
  C:4C39H         LINE#         52
  C:4C39H         LINE#         56
  C:4C3DH         LINE#         57
  C:4C3FH         LINE#         59
  C:4C45H         LINE#         60
  C:4C4BH         LINE#         61
  C:4C51H         LINE#         63
  C:4C53H         LINE#         64
  -------         ENDPROC       _GETKEY
  -------         ENDMOD        KEYREMO

  -------         MODULE        MAIN
  C:0000H         SYMBOL        _ICE_DUMMY_
  C:36FFH         PUBLIC        _Mapping1
  C:40EEH         PUBLIC        _mcuLib_ProtocolSendCmdWithParamNum
  D:00E7H         PUBLIC        ISPCR
  D:00E8H         PUBLIC        P4
  X:0106H         PUBLIC        PowerFlag
  B:0080H.0       PUBLIC        P0_0
  X:0107H         PUBLIC        LowBatteryFlag
  B:0080H.1       PUBLIC        P0_1
  X:0108H         PUBLIC        UserRange
  B:00B0H.4       PUBLIC        P3_4
  B:00B0H.5       PUBLIC        P3_5
  C:4876H         PUBLIC        _SetAD5110Step
  C:32F9H         PUBLIC        _MCU_SendCmdToDVR
  X:010EH         PUBLIC        g_stBatteryInfo
  D:00C6H         PUBLIC        ADCV
  X:0114H         PUBLIC        DVRChangeCurrent
  X:0115H         PUBLIC        EncorderLen_Offset
  X:0117H         PUBLIC        EncorderLenint
  C:4313H         PUBLIC        main
  D:00E6H         PUBLIC        SCMD
  X:0118H         PUBLIC        g_stDVRInfo
  X:011AH         PUBLIC        PowerOffToOnFlag
  D:00E3H         PUBLIC        IFADRH
  D:00E5H         PUBLIC        IFMT
  X:011BH         PUBLIC        Power_down_mode
  D:00E4H         PUBLIC        IFADRL
  X:011CH         PUBLIC        AD5110Range
  C:4577H         SYMBOL        _?ix1000
  C:4BE0H         PUBLIC        main_loop
  C:3FB6H         PUBLIC        LoadEEPROM
  X:0122H         PUBLIC        EncorderCountPN_offset
  C:4B41H         PUBLIC        enter_isp
  D:00E2H         PUBLIC        IFD
  X:0123H         PUBLIC        EncorderLenfloaat
BL51 BANKED LINKER/LOCATER V6.22.2.0                                                  02/23/2021  11:35:22  PAGE 31


  X:0125H         PUBLIC        EncorderLen
  C:4D66H         PUBLIC        GetBatteryVoltage
  C:45DDH         PUBLIC        InitialTimerEvent
  C:49D7H         PUBLIC        _isp_write
  C:4D5FH         PUBLIC        GetBatteryBTH
  X:0129H         PUBLIC        EncorderCountPN
  C:000EH         PUBLIC        isp_init
  X:012AH         PUBLIC        Decimal1
  X:012EH         PUBLIC        DebugLevel
  X:012FH         PUBLIC        Decimal2
  X:0133H         PUBLIC        Decimal3
  C:3AA2H         PUBLIC        WaitPowerOn
  X:0137H         PUBLIC        Decimal4
  X:013BH         PUBLIC        PWR_START_flag
  X:013CH         PUBLIC        Encorder1
  X:0140H         PUBLIC        Encorder2
  D:00C5H         PUBLIC        ADCTL
  X:0144H         PUBLIC        Encorder3
  C:4B82H         PUBLIC        _GetADCValue
  X:0148H         PUBLIC        Encorder4
  D:00E8H         PUBLIC        ADCVL
  X:014CH         PUBLIC        AD5110_setp
  X:0175H         PUBLIC        CameraVolt
  C:3F23H         PUBLIC        _mcuLib_ProtocolAppend
  C:2564H         PUBLIC        EncorderHandler
  -------         PROC          _ISP_WRITE
  D:0001H         SYMBOL        buf
  D:0005H         SYMBOL        addr_high
  X:01DBH         SYMBOL        addr_low
  X:01DCH         SYMBOL        len
  C:49D7H         LINE#         85
  C:49D7H         LINE#         86
  C:49D7H         LINE#         87
  C:49DAH         LINE#         88
  C:49DCH         LINE#         90
  C:49DCH         LINE#         91
  C:49E2H         LINE#         92
  C:49E7H         LINE#         93
  C:49EAH         LINE#         94
  C:49EDH         LINE#         96
  C:49F4H         LINE#         97
  C:49FAH         LINE#         98
  C:49FDH         LINE#         99
  C:49FDH         LINE#         100
  C:49FEH         LINE#         101
  C:4A00H         LINE#         102
  C:4A00H         LINE#         103
  C:4A06H         LINE#         104
  C:4A06H         LINE#         105
  C:4A09H         LINE#         106
  -------         ENDPROC       _ISP_WRITE
  -------         PROC          ISP_INIT
  C:000EH         LINE#         108
  C:000EH         LINE#         109
  C:000EH         LINE#         110
  C:0011H         LINE#         111
  -------         ENDPROC       ISP_INIT
BL51 BANKED LINKER/LOCATER V6.22.2.0                                                  02/23/2021  11:35:22  PAGE 32


  -------         PROC          ENTER_ISP
  -------         DO            
  X:01D6H         SYMBOL        mark
  -------         ENDDO         
  C:4B41H         LINE#         113
  C:4B41H         LINE#         114
  C:4B41H         LINE#         116
  C:4B46H         LINE#         117
  C:4B49H         LINE#         118
  C:4B5EH         LINE#         119
  C:4B61H         LINE#         120
  -------         ENDPROC       ENTER_ISP
  C:3F0BH         SYMBOL        L?0105
  C:3F1BH         SYMBOL        L?0106
  -------         PROC          L?0104
  -------         ENDPROC       L?0104
  C:3F0BH         SYMBOL        L?0105
  C:3F1BH         SYMBOL        L?0106
  -------         PROC          _MCULIB_PROTOCOLAPPEND
  X:0211H         SYMBOL        pucBuf
  X:0214H         SYMBOL        piLen
  X:0217H         SYMBOL        ucByte
  C:3F23H         LINE#         123
  C:3F2EH         LINE#         124
  C:3F3CH         LINE#         125
  C:3F60H         LINE#         126
  C:3F70H         LINE#         127
  C:3F79H         LINE#         128
  C:3F79H         LINE#         129
  C:3F7BH         LINE#         130
  C:3FA3H         LINE#         131
  C:3FB3H         LINE#         132
  C:3FB3H         LINE#         133
  C:3FB5H         LINE#         134
  -------         ENDPROC       _MCULIB_PROTOCOLAPPEND
  -------         PROC          _MCULIB_PROTOCOLSENDCMDWITHPARAMNUM
  D:0007H         SYMBOL        ucType
  X:01FBH         SYMBOL        pucParam
  X:01FEH         SYMBOL        ucSize
  -------         DO            
  D:0005H         SYMBOL        ucChecksum
  X:01FFH         SYMBOL        pucBuf
  X:020FH         SYMBOL        iLen
  X:0210H         SYMBOL        i
  -------         ENDDO         
  C:40EEH         LINE#         136
  C:40F9H         LINE#         137
  C:40F9H         LINE#         142
  C:40FFH         LINE#         143
  C:4105H         LINE#         144
  C:4106H         LINE#         145
  C:4109H         LINE#         146
  C:410DH         LINE#         147
  C:4110H         LINE#         149
  C:4123H         LINE#         150
  C:4136H         LINE#         151
  C:4139H         LINE#         152
BL51 BANKED LINKER/LOCATER V6.22.2.0                                                  02/23/2021  11:35:22  PAGE 33


  C:4141H         LINE#         154
  C:4153H         LINE#         156
  C:4164H         LINE#         157
  C:4173H         LINE#         158
  C:417BH         LINE#         161
  C:417DH         LINE#         162
  -------         ENDPROC       _MCULIB_PROTOCOLSENDCMDWITHPARAMNUM
  -------         PROC          _MCU_SENDCMDTODVR
  X:01F2H         SYMBOL        ucType
  -------         DO            
  X:01F3H         SYMBOL        buf
  D:0002H         SYMBOL        val
  -------         ENDDO         
  C:32F9H         LINE#         165
  C:32FEH         LINE#         166
  C:32FEH         LINE#         167
  C:3311H         LINE#         169
  C:3332H         LINE#         170
  C:3332H         LINE#         171
  C:3332H         LINE#         172
  C:333EH         LINE#         173
  C:334AH         LINE#         174
  C:3356H         LINE#         175
  C:3364H         LINE#         176
  C:3367H         LINE#         178
  C:3367H         LINE#         183
  C:339EH         LINE#         185
  C:33B2H         LINE#         186
  C:33BBH         LINE#         188
  C:33C0H         LINE#         218
  C:33C5H         LINE#         229
  C:33D2H         LINE#         231
  C:33D5H         LINE#         233
  C:33EEH         LINE#         236
  C:3417H         LINE#         240
  C:341FH         LINE#         242
  C:342CH         LINE#         243
  C:3433H         LINE#         245
  C:3440H         LINE#         246
  C:3447H         LINE#         248
  C:344DH         LINE#         249
  C:3454H         LINE#         251
  C:345CH         LINE#         252
  C:3463H         LINE#         254
  C:346BH         LINE#         255
  C:3472H         LINE#         257
  C:3478H         LINE#         258
  C:347FH         LINE#         260
  C:348AH         LINE#         261
  C:3491H         LINE#         263
  C:34CFH         LINE#         264
  C:34D6H         LINE#         267
  C:34E4H         LINE#         268
  C:34E6H         LINE#         270
  C:34E6H         LINE#         271
  C:34F4H         LINE#         272
  C:34F4H         LINE#         273
BL51 BANKED LINKER/LOCATER V6.22.2.0                                                  02/23/2021  11:35:22  PAGE 34


  C:34FAH         LINE#         274
  C:3501H         LINE#         278
  C:3501H         LINE#         279
  C:350FH         LINE#         280
  C:3511H         LINE#         282
  C:3511H         LINE#         283
  C:351FH         LINE#         284
  C:3521H         LINE#         286
  C:3521H         LINE#         287
  C:3532H         LINE#         288
  C:3532H         LINE#         290
  C:3532H         LINE#         291
  C:3532H         LINE#         293
  C:3532H         LINE#         295
  -------         ENDPROC       _MCU_SENDCMDTODVR
  -------         PROC          INITIALTIMEREVENT
  C:45DDH         LINE#         298
  C:45DDH         LINE#         299
  C:45DDH         LINE#         300
  C:45E0H         LINE#         301
  C:45E9H         LINE#         302
  C:45F2H         LINE#         303
  C:45FBH         LINE#         304
  C:4604H         LINE#         305
  C:460DH         LINE#         306
  C:4616H         LINE#         307
  C:461FH         LINE#         308
  C:4628H         LINE#         309
  C:462FH         LINE#         315
  -------         ENDPROC       INITIALTIMEREVENT
  -------         PROC          _MAPPING1
  X:01D8H         SYMBOL        fromValue
  X:01DAH         SYMBOL        fromRange
  X:01DDH         SYMBOL        toValue
  X:01E0H         SYMBOL        toRange
  -------         DO            
  X:01E3H         SYMBOL        a
  X:01E5H         SYMBOL        b
  -------         ENDDO         
  C:36FFH         LINE#         317
  C:3710H         LINE#         318
  C:3710H         LINE#         325
  C:3728H         LINE#         326
  C:374EH         LINE#         327
  C:3776H         LINE#         329
  C:377BH         LINE#         331
  C:37B0H         LINE#         332
  C:37B3H         LINE#         333
  C:37B3H         LINE#         334
  C:37DAH         LINE#         335
  C:3802H         LINE#         337
  C:3807H         LINE#         339
  C:3872H         LINE#         340
  C:3872H         LINE#         342
  C:3874H         LINE#         344
  -------         ENDPROC       _MAPPING1
  -------         PROC          _SETAD5110STEP
[...]
  C:0762H         LINE#         1030
  C:0766H         LINE#         1060
  C:0769H         LINE#         1062
  C:0769H         LINE#         1067
  C:0774H         LINE#         1068
  C:0774H         LINE#         1069
  C:077CH         LINE#         1076
  C:077DH         LINE#         1085
  C:0785H         LINE#         1086
  C:078DH         LINE#         1089
  C:078DH         LINE#         1090
  C:0798H         LINE#         1091
  C:0798H         LINE#         1092
  C:07AFH         LINE#         1093
  C:07AFH         LINE#         1094
  C:07B5H         LINE#         1095
  C:07BDH         LINE#         1096
  C:07BDH         LINE#         1098
  C:07BDH         LINE#         1102
  C:07C3H         LINE#         1103
  C:07C3H         LINE#         1109
  C:07C6H         LINE#         1111
  C:07CCH         LINE#         1113
  C:07CCH         LINE#         1115
  C:07CFH         LINE#         1116
BL51 BANKED LINKER/LOCATER V6.22.2.0                                                  02/23/2021  11:35:22  PAGE 61


  C:07CFH         LINE#         1117
  C:07DAH         LINE#         1118
  C:07DFH         LINE#         1119
  C:07E2H         LINE#         1120
  C:07E2H         LINE#         1124
  C:07EDH         LINE#         1136
  C:0800H         LINE#         1137
  C:0800H         LINE#         1138
  C:0805H         LINE#         1139
  C:0809H         LINE#         1140
  C:080DH         LINE#         1141
  C:0813H         LINE#         1142
  C:0814H         LINE#         1143
  C:0817H         LINE#         1144
  C:0830H         LINE#         1145
  C:0830H         LINE#         1146
  C:0835H         LINE#         1147
  C:0839H         LINE#         1148
  C:083DH         LINE#         1149
  C:0841H         LINE#         1150
  C:0847H         LINE#         1151
  C:084AH         LINE#         1152
  C:085CH         LINE#         1153
  C:085CH         LINE#         1154
  C:0862H         LINE#         1155
  C:0867H         LINE#         1156
  C:086BH         LINE#         1157
  C:086FH         LINE#         1158
  C:086FH         LINE#         1159
  C:0871H         LINE#         1160
  C:0883H         LINE#         1161
  C:0883H         LINE#         1162
  C:0888H         LINE#         1163
  C:088CH         LINE#         1164
  C:0892H         LINE#         1165
  C:0897H         LINE#         1166
  C:0897H         LINE#         1168
  C:0899H         LINE#         1169
  C:08ABH         LINE#         1170
  C:08ABH         LINE#         1171
  C:08B0H         LINE#         1172
  C:08B6H         LINE#         1173
  C:08BBH         LINE#         1174
  C:08BFH         LINE#         1175
  C:08BFH         LINE#         1176
  C:08C1H         LINE#         1178
  C:08C1H         LINE#         1181
  C:08C8H         LINE#         1182
  C:08CDH         LINE#         1184
  C:08D3H         LINE#         1185
  C:08D8H         LINE#         1186
  C:08DCH         LINE#         1187
  C:08E0H         LINE#         1188
  C:08E4H         LINE#         1189
  C:08E8H         LINE#         1190
  C:08E8H         LINE#         1192
  C:093EH         LINE#         1194
BL51 BANKED LINKER/LOCATER V6.22.2.0                                                  02/23/2021  11:35:22  PAGE 62


  C:0944H         LINE#         1197
  C:094CH         LINE#         1198
  C:094CH         LINE#         1199
  C:0952H         LINE#         1200
  C:0957H         LINE#         1201
  C:095EH         LINE#         1202
  C:0961H         LINE#         1203
  C:0968H         LINE#         1204
  C:0968H         LINE#         1206
  C:0970H         LINE#         1207
  C:0970H         LINE#         1208
  C:0976H         LINE#         1209
  C:097BH         LINE#         1210
  C:0982H         LINE#         1211
  C:0985H         LINE#         1212
  C:098CH         LINE#         1213
  C:098CH         LINE#         1215
  C:0994H         LINE#         1216
  C:0994H         LINE#         1217
  C:0998H         LINE#         1218
  C:099DH         LINE#         1219
  C:09A4H         LINE#         1220
  C:09A7H         LINE#         1221
  C:09AEH         LINE#         1222
  C:09AEH         LINE#         1224
  C:09B6H         LINE#         1225
  C:09B6H         LINE#         1226
  C:09BCH         LINE#         1227
  C:09C1H         LINE#         1228
  C:09C8H         LINE#         1229
  C:09CBH         LINE#         1230
  C:09D2H         LINE#         1231
  C:09D2H         LINE#         1233
  C:09DAH         LINE#         1234
  C:09DAH         LINE#         1235
  C:09E0H         LINE#         1236
  C:09E5H         LINE#         1237
  C:09ECH         LINE#         1238
  C:09EFH         LINE#         1239
  C:09F6H         LINE#         1240
  C:09F6H         LINE#         1250
  C:0A05H         LINE#         1253
  C:0A1EH         LINE#         1254
  C:0A1EH         LINE#         1255
  C:0A24H         LINE#         1256
  C:0A29H         LINE#         1257
  C:0A2BH         LINE#         1259
  C:0A2BH         LINE#         1260
  C:0A30H         LINE#         1261
  C:0A36H         LINE#         1263
  C:0A36H         LINE#         1265
  C:0A3EH         LINE#         1266
  C:0A3EH         LINE#         1267
  C:0A3FH         LINE#         1268
  C:0A54H         LINE#         1269
  C:0A5BH         LINE#         1273
  C:0A5DH         LINE#         1274
BL51 BANKED LINKER/LOCATER V6.22.2.0                                                  02/23/2021  11:35:22  PAGE 63


  C:0A65H         LINE#         1275
  C:0A65H         LINE#         1276
  C:0A66H         LINE#         1277
  C:0A6DH         LINE#         1278
  C:0A6DH         LINE#         1310
  C:0A75H         LINE#         1311
  C:0A7BH         LINE#         1313
  C:0A7FH         LINE#         1314
  C:0A82H         LINE#         1316
  C:0A82H         LINE#         1319
  C:0A8FH         LINE#         1320
  C:0A8FH         LINE#         1324
  C:0A93H         LINE#         1325
  C:0A96H         LINE#         1326
  C:0A9CH         LINE#         1327
  C:0A9CH         LINE#         1328
  C:0A9FH         LINE#         1330
  C:0A9FH         LINE#         1346
  C:0AAAH         LINE#         1347
  C:0AAAH         LINE#         1348
  C:0AB7H         LINE#         1349
  C:0AB7H         LINE#         1350
  C:0ABBH         LINE#         1352
  C:0ABDH         LINE#         1354
  C:0ABFH         LINE#         1357
  C:0AC7H         LINE#         1358
  C:0AD0H         LINE#         1359
  C:0AD2H         LINE#         1361
  C:0ADAH         LINE#         1362
  C:0AE3H         LINE#         1363
  C:0AE5H         LINE#         1365
  C:0AE5H         LINE#         1367
  C:0AF0H         LINE#         1368
  C:0AF0H         LINE#         1369
  C:0AF2H         LINE#         1370
  C:0AF5H         LINE#         1372
  C:0AF5H         LINE#         1374
  C:0AFFH         LINE#         1375
  C:0AFFH         LINE#         1377
  C:0B22H         LINE#         1378
  C:0B22H         LINE#         1379
  C:0B2DH         LINE#         1380
  C:0B31H         LINE#         1382
  C:0B33H         LINE#         1383
  C:0B36H         LINE#         1384
  C:0B40H         LINE#         1385
  C:0B43H         LINE#         1389
  C:0B4DH         LINE#         1390
  C:0B4DH         LINE#         1392
  C:0B70H         LINE#         1393
  C:0B70H         LINE#         1394
  C:0B7BH         LINE#         1395
  C:0B7FH         LINE#         1397
  C:0B81H         LINE#         1398
  C:0B83H         LINE#         1399
  C:0B8DH         LINE#         1400
  C:0B8FH         LINE#         1402
BL51 BANKED LINKER/LOCATER V6.22.2.0                                                  02/23/2021  11:35:22  PAGE 64


  C:0B8FH         LINE#         1403
  C:0B91H         LINE#         1404
  C:0B9BH         LINE#         1405
  C:0B9BH         LINE#         1407
  C:0BBEH         LINE#         1408
  C:0BBEH         LINE#         1409
  C:0BC9H         LINE#         1410
  C:0BCDH         LINE#         1412
  C:0BCFH         LINE#         1413
  C:0BD1H         LINE#         1414
  C:0BDBH         LINE#         1415
  C:0BE2H         LINE#         1417
  C:0BEBH         LINE#         1418
  C:0BEBH         LINE#         1421
  C:0BEBH         LINE#         1423
  C:0BF1H         LINE#         1426
  C:0BF3H         LINE#         1428
  C:0BF3H         LINE#         1429
  C:0BFAH         LINE#         1430
  C:0BFCH         LINE#         1431
  C:0BFFH         LINE#         1432
  C:0C04H         LINE#         1433
  C:0C14H         LINE#         1434
  C:0C19H         LINE#         1435
  C:0C22H         LINE#         1436
  C:0C2BH         LINE#         1437
  C:0C2BH         LINE#         1439
  C:0C2BH         LINE#         1440
  C:0C2BH         LINE#         1441
  C:0C2EH         LINE#         1442
  C:0C2EH         LINE#         1444
  C:0C36H         LINE#         1445
  C:0C3EH         LINE#         1454
  C:0C55H         LINE#         1455
  C:0C55H         LINE#         1456
  C:0C5AH         LINE#         1457
  C:0C63H         LINE#         1458
  C:0C63H         LINE#         1460
  C:0C7AH         LINE#         1461
  C:0C7AH         LINE#         1462
  C:0C7FH         LINE#         1463
  C:0C88H         LINE#         1464
  C:0C88H         LINE#         1467
  C:0C90H         LINE#         1468
  C:0C90H         LINE#         1469
  C:0C9EH         LINE#         1470
  C:0C9EH         LINE#         1474
  C:0CA5H         LINE#         1475
  C:0CA8H         LINE#         1476
  C:0CA8H         LINE#         1478
  C:0CA8H         LINE#         1480
  C:0CCEH         LINE#         1481
  C:0CCEH         LINE#         1483
  C:0CCEH         LINE#         1485
  C:0CDBH         LINE#         1486
  C:0CDBH         LINE#         1490
  C:0CDFH         LINE#         1491
BL51 BANKED LINKER/LOCATER V6.22.2.0                                                  02/23/2021  11:35:22  PAGE 65


  C:0CDFH         LINE#         1493
  C:0CEBH         LINE#         1494
  C:0CEBH         LINE#         1498
  C:0CEFH         LINE#         1499
  C:0CF8H         LINE#         1500
  C:0D02H         LINE#         1501
  C:0D0AH         LINE#         1502
  C:0D0AH         LINE#         1503
  C:0D11H         LINE#         1504
  C:0D14H         LINE#         1505
  C:0D14H         LINE#         1506
  C:0D14H         LINE#         1507
  C:0D33H         LINE#         1508
  C:0D33H         LINE#         1509
  C:0D38H         LINE#         1511
  C:0D42H         LINE#         1512
  C:0D4AH         LINE#         1517
  C:0D4DH         LINE#         1518
  C:0D4FH         LINE#         1519
  C:0D6BH         LINE#         1520
  C:0D6BH         LINE#         1521
  C:0D6DH         LINE#         1522
  C:0D74H         LINE#         1524
  C:0D80H         LINE#         1525
  C:0D84H         LINE#         1526
  C:0D84H         LINE#         1528
  C:0D8FH         LINE#         1529
  C:0D8FH         LINE#         1530
  C:0D97H         LINE#         1534
  C:0D97H         LINE#         1536
  C:0D9EH         LINE#         1537
  C:0DA3H         LINE#         1538
  C:0DA5H         LINE#         1540
  C:0DA5H         LINE#         1541
  C:0DACH         LINE#         1543
  C:0DB7H         LINE#         1544
  C:0DB7H         LINE#         1545
  C:0DBFH         LINE#         1549
  C:0DBFH         LINE#         1550
  C:0DC1H         LINE#         1551
  C:0DC1H         LINE#         1552
  C:0DC1H         LINE#         1553
  C:0DC1H         LINE#         1554
  C:0DC1H         LINE#         1555
  C:0DC1H         LINE#         1557
  C:0DC8H         LINE#         1568
  C:0DCFH         LINE#         1569
  C:0DCFH         LINE#         1574
  C:0DCFH         LINE#         1634
  C:0DD5H         LINE#         1635
  C:0DD8H         LINE#         1636
  C:0DD8H         LINE#         1650
  C:0DE0H         LINE#         1651
  C:0DE0H         LINE#         1653
  C:0DEEH         LINE#         1654
  C:0DEEH         LINE#         1655
  C:0DF6H         LINE#         1656
BL51 BANKED LINKER/LOCATER V6.22.2.0                                                  02/23/2021  11:35:22  PAGE 66


  C:0DF6H         LINE#         1658
  C:0DFFH         LINE#         1659
  C:0E05H         LINE#         1660
  C:0E07H         LINE#         1662
  C:0E07H         LINE#         1663
  C:0E0AH         LINE#         1664
  C:0E0AH         LINE#         1666
  C:0E0CH         LINE#         1668
  C:0E0EH         LINE#         1669
  C:0E0EH         LINE#         1674
  C:0E13H         LINE#         1677
  C:0E1CH         LINE#         1678
  C:0E1CH         LINE#         1680
  C:0E1EH         LINE#         1681
  C:0E20H         LINE#         1682
  C:0E21H         LINE#         1684
  C:0E21H         LINE#         1685
  C:0E2EH         LINE#         1686
  C:0E30H         LINE#         1687
  C:0E32H         LINE#         1689
  C:0E32H         LINE#         1690
  C:0E3CH         LINE#         1691
  C:0E3EH         LINE#         1692
  C:0E40H         LINE#         1693
  C:0E40H         LINE#         1694
  C:0E4AH         LINE#         1695
  C:0E4CH         LINE#         1696
  C:0E4EH         LINE#         1698
  C:0E4EH         LINE#         1699
  C:0E58H         LINE#         1700
  C:0E5AH         LINE#         1701
  C:0E5CH         LINE#         1704
  C:0E5CH         LINE#         1705
  C:0E66H         LINE#         1706
  C:0E6BH         LINE#         1707
  C:0E6BH         LINE#         1710
  C:0E6BH         LINE#         1712
  C:0E72H         LINE#         1714
  C:0E77H         LINE#         1715
  C:0E77H         LINE#         1716
  C:0E78H         LINE#         1717
  C:0E7EH         LINE#         1718
  C:0E7EH         LINE#         1720
  C:0E86H         LINE#         1721
  C:0E86H         LINE#         1722
  C:0E87H         LINE#         1723
  C:0E8DH         LINE#         1724
  C:0E8DH         LINE#         1726
  C:0E95H         LINE#         1727
  C:0E95H         LINE#         1728
  C:0E96H         LINE#         1729
  C:0E9CH         LINE#         1730
  C:0E9CH         LINE#         1732
  C:0E9FH         LINE#         1734
  C:0EA8H         LINE#         1735
  C:0EA8H         LINE#         1737
  C:0EA8H         LINE#         1739
BL51 BANKED LINKER/LOCATER V6.22.2.0                                                  02/23/2021  11:35:22  PAGE 67


  C:0EAEH         LINE#         1741
  C:0EAEH         LINE#         1743
  C:0EAEH         LINE#         1744
  C:0EAEH         LINE#         1745
  C:0EAEH         LINE#         1746
  -------         ENDPROC       _SYSTIMEREVENTPROC
  -------         ENDMOD        SYSTIMER

  -------         MODULE        ?C?FPADD
  C:0EB6H         PUBLIC        ?C?FPADD
  C:0EB2H         PUBLIC        ?C?FPSUB
  -------         ENDMOD        ?C?FPADD

  -------         MODULE        ?C?FPMUL
  C:0FA7H         PUBLIC        ?C?FPMUL
  -------         ENDMOD        ?C?FPMUL

  -------         MODULE        ?C?FPDIV
  C:10B0H         PUBLIC        ?C?FPDIV
  -------         ENDMOD        ?C?FPDIV

  -------         MODULE        ?C?FCAST
  C:1157H         PUBLIC        ?C?FCASTC
  C:1152H         PUBLIC        ?C?FCASTI
  C:114DH         PUBLIC        ?C?FCASTL
  -------         ENDMOD        ?C?FCAST

  -------         MODULE        ?C?CASTF
  C:118BH         PUBLIC        ?C?CASTF
  -------         ENDMOD        ?C?CASTF

  -------         MODULE        ?C?COPY
  C:12DCH         PUBLIC        ?C?COPY
  -------         ENDMOD        ?C?COPY

  -------         MODULE        ?C?CLDPTR
  C:1302H         PUBLIC        ?C?CLDPTR
  -------         ENDMOD        ?C?CLDPTR

  -------         MODULE        ?C?CLDOPTR
  C:131BH         PUBLIC        ?C?CLDOPTR
  -------         ENDMOD        ?C?CLDOPTR

  -------         MODULE        ?C?CILDPTR
  C:1348H         PUBLIC        ?C?CILDPTR
  -------         ENDMOD        ?C?CILDPTR

  -------         MODULE        ?C?CSTOPTR
  C:136AH         PUBLIC        ?C?CSTOPTR
  -------         ENDMOD        ?C?CSTOPTR

  -------         MODULE        ?C?IMUL
  C:138CH         PUBLIC        ?C?IMUL
  -------         ENDMOD        ?C?IMUL

  -------         MODULE        ?C?UIDIV
  C:139EH         PUBLIC        ?C?UIDIV
BL51 BANKED LINKER/LOCATER V6.22.2.0                                                  02/23/2021  11:35:22  PAGE 68


  -------         ENDMOD        ?C?UIDIV

  -------         MODULE        ?C?SIDIV
  C:13F3H         PUBLIC        ?C?SIDIV
  -------         ENDMOD        ?C?SIDIV

  -------         MODULE        ?C?IILDX
  C:1429H         PUBLIC        ?C?IILDX
  -------         ENDMOD        ?C?IILDX

  -------         MODULE        ?C?ILDIX
  C:143FH         PUBLIC        ?C?ILDIX
  -------         ENDMOD        ?C?ILDIX

  -------         MODULE        ?C?ILDPTR
  C:1455H         PUBLIC        ?C?ILDPTR
  -------         ENDMOD        ?C?ILDPTR

  -------         MODULE        ?C?ILDOPTR
  C:1480H         PUBLIC        ?C?ILDOPTR
  -------         ENDMOD        ?C?ILDOPTR

  -------         MODULE        ?C?ISTPTR
  C:14B8H         PUBLIC        ?C?ISTPTR
  -------         ENDMOD        ?C?ISTPTR

  -------         MODULE        ?C?LMUL
  C:14D7H         PUBLIC        ?C?LMUL
  -------         ENDMOD        ?C?LMUL

  -------         MODULE        ?C?ULDIV
  C:1562H         PUBLIC        ?C?ULDIV
  -------         ENDMOD        ?C?ULDIV

  -------         MODULE        ?C?LNEG
  C:15F4H         PUBLIC        ?C?LNEG
  -------         ENDMOD        ?C?LNEG

  -------         MODULE        ?C?SLCMP
  C:1602H         PUBLIC        ?C?SLCMP
  -------         ENDMOD        ?C?SLCMP

  -------         MODULE        ?C?ULCMP
  C:1618H         PUBLIC        ?C?ULCMP
  -------         ENDMOD        ?C?ULCMP

  -------         MODULE        ?C?SLSHR
  C:1629H         PUBLIC        ?C?SLSHR
  -------         ENDMOD        ?C?SLSHR

  -------         MODULE        ?C?LLDPTR
  C:163DH         PUBLIC        ?C?LLDPTR
  -------         ENDMOD        ?C?LLDPTR

  -------         MODULE        ?C?LSTXDATA
  C:165DH         PUBLIC        ?C?LSTXDATA
  -------         ENDMOD        ?C?LSTXDATA
BL51 BANKED LINKER/LOCATER V6.22.2.0                                                  02/23/2021  11:35:22  PAGE 69



  -------         MODULE        ?C?LSTKXDATA
  C:1669H         PUBLIC        ?C?LSTKXDATA
  -------         ENDMOD        ?C?LSTKXDATA

  -------         MODULE        ?C?PLDPTR
  C:169AH         PUBLIC        ?C?PLDPTR
  -------         ENDMOD        ?C?PLDPTR

  -------         MODULE        ?C?CCASE
  C:16BAH         PUBLIC        ?C?CCASE
  -------         ENDMOD        ?C?CCASE

  -------         MODULE        ABS
  C:4D48H         PUBLIC        _ABS
  -------         ENDMOD        ABS

  -------         MODULE        ?C?LLDIDATA
  C:16E0H         PUBLIC        ?C?LLDIDATA
  -------         ENDMOD        ?C?LLDIDATA

  -------         MODULE        ?C?LLDXDATA
  C:16ECH         PUBLIC        ?C?LLDXDATA
  -------         ENDMOD        ?C?LLDXDATA

  -------         MODULE        ?C?LLDPDATA
  C:16F8H         PUBLIC        ?C?LLDPDATA
  -------         ENDMOD        ?C?LLDPDATA

  -------         MODULE        ?C?LLDCODE
  C:1704H         PUBLIC        ?C?LLDCODE
  -------         ENDMOD        ?C?LLDCODE

  -------         MODULE        ?C?PLDIDATA
  C:1714H         PUBLIC        ?C?PLDIDATA
  -------         ENDMOD        ?C?PLDIDATA

  -------         MODULE        ?C?PLDXDATA
  C:171DH         PUBLIC        ?C?PLDXDATA
  -------         ENDMOD        ?C?PLDXDATA

  -------         MODULE        ?C?PLDPDATA
  C:1726H         PUBLIC        ?C?PLDPDATA
  -------         ENDMOD        ?C?PLDPDATA

  -------         MODULE        ?C?PLDCODE
  C:172FH         PUBLIC        ?C?PLDCODE
  -------         ENDMOD        ?C?PLDCODE

Program Size: data=109.5 xdata=644 code=19805
LINK/LOCATE RUN COMPLETE.  0 WARNING(S),  0 ERROR(S)
