BL51 BANKED LINKER/LOCATER V6.22.2.0                                                    02/22/2021  17:15:59  PAGE 1


BL51 BANKED LINKER/LOCATER V6.22.2.0, INVOKED BY:
C:\KEIL_V5\C51\BIN\BL51.EXE .\Output\STARTUP.obj, .\Output\CPU.obj, .\Output\etc_eep.obj, .\Output\HS_DVRProtocol.obj, .
>> \Output\i2c.obj, .\Output\keyremo.obj, .\Output\main.obj, .\Output\monitor.obj, .\Output\Printf.obj, .\Output\SysPowe
>> r.obj, .\Output\SysTimer.obj TO .\Output\ml070i_MRMCU PRINT (.\Listings\ml070i_MRMCU.m51) RAMSIZE (256)


MEMORY MODEL: LARGE WITH FLOATING POINT ARITHMETIC


INPUT MODULES INCLUDED:
  .\Output\STARTUP.obj (?C_STARTUP)
  .\Output\CPU.obj (CPU)
  .\Output\etc_eep.obj (ETC_EEP)
  .\Output\HS_DVRProtocol.obj (HS_DVRPROTOCOL)
  .\Output\i2c.obj (I2C)
  .\Output\keyremo.obj (KEYREMO)
  .\Output\main.obj (MAIN)
  .\Output\monitor.obj (MONITOR)
  .\Output\Printf.obj (PRINTF)
  .\Output\SysPower.obj (SYSPOWER)
  .\Output\SysTimer.obj (SYSTIMER)
  C:\KEIL_V5\C51\LIB\C51FPL.LIB (?C?FPADD)
  C:\KEIL_V5\C51\LIB\C51FPL.LIB (?C?FPMUL)
  C:\KEIL_V5\C51\LIB\C51FPL.LIB (?C?FPDIV)
  C:\KEIL_V5\C51\LIB\C51FPL.LIB (?C?FCAST)
  C:\KEIL_V5\C51\LIB\C51FPL.LIB (?C?CASTF)
  C:\KEIL_V5\C51\LIB\C51FPL.LIB (?C?FPGETOPN)
  C:\KEIL_V5\C51\LIB\C51L.LIB (?C_INIT)
  C:\KEIL_V5\C51\LIB\C51L.LIB (?C?COPY)
  C:\KEIL_V5\C51\LIB\C51L.LIB (?C?CLDPTR)
  C:\KEIL_V5\C51\LIB\C51L.LIB (?C?CLDOPTR)
  C:\KEIL_V5\C51\LIB\C51L.LIB (?C?CILDPTR)
  C:\KEIL_V5\C51\LIB\C51L.LIB (?C?CSTOPTR)
  C:\KEIL_V5\C51\LIB\C51L.LIB (?C?IMUL)
  C:\KEIL_V5\C51\LIB\C51L.LIB (?C?UIDIV)
  C:\KEIL_V5\C51\LIB\C51L.LIB (?C?SIDIV)
  C:\KEIL_V5\C51\LIB\C51L.LIB (?C?IILDX)
  C:\KEIL_V5\C51\LIB\C51L.LIB (?C?ILDIX)
  C:\KEIL_V5\C51\LIB\C51L.LIB (?C?ILDPTR)
  C:\KEIL_V5\C51\LIB\C51L.LIB (?C?ILDOPTR)
  C:\KEIL_V5\C51\LIB\C51L.LIB (?C?ISTPTR)
  C:\KEIL_V5\C51\LIB\C51L.LIB (?C?LMUL)
  C:\KEIL_V5\C51\LIB\C51L.LIB (?C?ULDIV)
  C:\KEIL_V5\C51\LIB\C51L.LIB (?C?LNEG)
  C:\KEIL_V5\C51\LIB\C51L.LIB (?C?SLCMP)
  C:\KEIL_V5\C51\LIB\C51L.LIB (?C?ULCMP)
  C:\KEIL_V5\C51\LIB\C51L.LIB (?C?SLSHR)
  C:\KEIL_V5\C51\LIB\C51L.LIB (?C?LLDPTR)
  C:\KEIL_V5\C51\LIB\C51L.LIB (?C?LSTXDATA)
  C:\KEIL_V5\C51\LIB\C51L.LIB (?C?LSTKXDATA)
  C:\KEIL_V5\C51\LIB\C51L.LIB (?C?PLDPTR)
  C:\KEIL_V5\C51\LIB\C51L.LIB (?C?CCASE)
  C:\KEIL_V5\C51\LIB\C51L.LIB (ABS)
  C:\KEIL_V5\C51\LIB\C51L.LIB (?C?LLDIDATA)
  C:\KEIL_V5\C51\LIB\C51L.LIB (?C?LLDXDATA)
  C:\KEIL_V5\C51\LIB\C51L.LIB (?C?LLDPDATA)
  C:\KEIL_V5\C51\LIB\C51L.LIB (?C?LLDCODE)
  C:\KEIL_V5\C51\LIB\C51L.LIB (?C?PLDIDATA)
BL51 BANKED LINKER/LOCATER V6.22.2.0                                                  02/22/2021  17:15:59  PAGE 2


  C:\KEIL_V5\C51\LIB\C51L.LIB (?C?PLDXDATA)
  C:\KEIL_V5\C51\LIB\C51L.LIB (?C?PLDPDATA)
  C:\KEIL_V5\C51\LIB\C51L.LIB (?C?PLDCODE)


LINK MAP OF MODULE:  .\Output\ml070i_MRMCU (?C_STARTUP)


            TYPE    BASE      LENGTH    RELOCATION   SEGMENT NAME
            -----------------------------------------------------

            * * * * * * *   D A T A   M E M O R Y   * * * * * * *
            REG     0000H     0008H     ABSOLUTE     "REG BANK 0"
            REG     0008H     0008H     ABSOLUTE     "REG BANK 1"
            DATA    0010H     0001H     UNIT         ?DT?MONITOR
            IDATA   0011H     0002H     UNIT         ?ID?SYSPOWER
                    0013H     000DH                  *** GAP ***
            BIT     0020H.0   0000H.6   UNIT         ?BI?CPU
            BIT     0020H.6   0000H.3   UNIT         ?BI?MONITOR
            BIT     0021H.1   0000H.2   UNIT         _BIT_GROUP_
            BIT     0021H.3   0000H.1   UNIT         ?BI?HS_DVRPROTOCOL
            BIT     0021H.4   0000H.1   UNIT         ?BI?SYSTIMER
                    0021H.5   0000H.3                *** GAP ***
            DATA    0022H     0058H     UNIT         ?DT?CPU
            IDATA   007AH     0001H     UNIT         ?STACK

            * * * * * * *  X D A T A   M E M O R Y  * * * * * * *
            XDATA   0000H     0106H     UNIT         ?XD?HS_DVRPROTOCOL
            XDATA   0106H     0070H     UNIT         ?XD?MAIN
            XDATA   0176H     005CH     UNIT         ?XD?SYSTIMER
            XDATA   01D2H     004AH     UNIT         _XDATA_GROUP_
            XDATA   021CH     0038H     UNIT         ?XD?MONITOR
            XDATA   0254H     0018H     UNIT         ?XD?CPU
            XDATA   026CH     0018H     UNIT         ?XD?PRINTF

            * * * * * * *   C O D E   M E M O R Y   * * * * * * *
            CODE    0000H     0003H     ABSOLUTE     
            CODE    0003H     0008H     UNIT         ?PR?_RS2_TX?CPU
            CODE    000BH     0003H     ABSOLUTE     
            CODE    000EH     0004H     UNIT         ?PR?ISP_INIT?MAIN
                    0012H     0001H                  *** GAP ***
            CODE    0013H     0003H     ABSOLUTE     
            CODE    0016H     000DH     UNIT         ?PR?I2CSTOP?I2C
            CODE    0023H     0003H     ABSOLUTE     
            CODE    0026H     0003H     UNIT         ?PR?EXT1_INT?CPU
                    0029H     0002H                  *** GAP ***
            CODE    002BH     0003H     ABSOLUTE     
                    002EH     0005H                  *** GAP ***
            CODE    0033H     0003H     ABSOLUTE     
                    0036H     0005H                  *** GAP ***
            CODE    003BH     0003H     ABSOLUTE     
            CODE    003EH     0022H     UNIT         ?PR?MCUTIMERINITIALTIMEREVENT?SYSTIMER
                    0060H     0003H                  *** GAP ***
            CODE    0063H     0003H     ABSOLUTE     
            CODE    0066H     0E49H     UNIT         ?PR?_SYSTIMEREVENTPROC?SYSTIMER
            CODE    0EAFH     088CH     UNIT         ?C?LIB_CODE
            CODE    173BH     0556H     UNIT         ?PR?_DOPRINT?PRINTF
BL51 BANKED LINKER/LOCATER V6.22.2.0                                                  02/22/2021  17:15:59  PAGE 3


            CODE    1C91H     048CH     UNIT         ?PR?DVRRECEIVEPASER?HS_DVRPROTOCOL
            CODE    211DH     043DH     UNIT         ?CO?CPU
            CODE    255AH     0427H     UNIT         ?PR?ENCORDERHANDLER?MAIN
            CODE    2981H     041BH     UNIT         ?PR?SHOWWORKINGTIMER?CPU
            CODE    2D9CH     02B5H     UNIT         ?PR?TIMER0_INT?CPU
            CODE    3051H     029EH     UNIT         ?PR?_USERINTERFACEBATTERYCHARGEMODE?SYSPOWER
            CODE    32EFH     023AH     UNIT         ?PR?_MCU_SENDCMDTODVR?MAIN
            CODE    3529H     01CCH     UNIT         ?C_INITSEG
            CODE    36F5H     0176H     UNIT         ?PR?_MAPPING1?MAIN
            CODE    386BH     012EH     UNIT         ?PR?_MCUTIMERCHECKTIMEREVENT?SYSTIMER
            CODE    3999H     00FFH     UNIT         ?PR?MAIN_INIT?CPU
            CODE    3A98H     00F0H     UNIT         ?PR?WAITPOWERON?MAIN
            CODE    3B88H     00E5H     UNIT         ?PR?_MCUTIMERACTIVETIMEREVENT?SYSTIMER
            CODE    3C6DH     00DFH     UNIT         ?PR?_USERINTERFACETIMEREVENTPROC?SYSTIMER
            CODE    3D4CH     00DEH     UNIT         ?PR?_MCUTIMERREACTIVETIMEREVENT?SYSTIMER
            CODE    3E2AH     00D5H     UNIT         ?PR?_USERINTERFACEPOWERSWITCH?SYSPOWER
            CODE    3EFFH     00ADH     UNIT         ?PR?_MCULIB_PROTOCOLAPPEND?MAIN
            CODE    3FACH     00A0H     UNIT         ?PR?LOADEEPROM?MAIN
            CODE    404CH     0098H     UNIT         ?PR?_SET_PWM?CPU
            CODE    40E4H     0090H     UNIT         ?PR?_MCULIB_PROTOCOLSENDCMDWITHPARAMNUM?MAIN
            CODE    4174H     008CH     UNIT         ?C_C51STARTUP
            CODE    4200H     0085H     UNIT         ?PR?SYSTIMERHANDLER?SYSTIMER
            CODE    4285H     0084H     UNIT         ?PR?SYSPOWERHANDLER?SYSPOWER
            CODE    4309H     0082H     UNIT         ?PR?MAIN?MAIN
            CODE    438BH     007EH     UNIT         ?PR?_AD5110_I2CWRITEDATA?I2C
            CODE    4409H     007BH     UNIT         ?PR?_I2CWRITEDATA?I2C
            CODE    4484H     0079H     UNIT         ?PR?_POWERLED?CPU
            CODE    44FDH     0077H     UNIT         ?CO?MAIN
            CODE    4574H     005FH     UNIT         ?PR?CLEARBASICEE?ETC_EEP
            CODE    45D3H     0053H     UNIT         ?PR?INITIALTIMEREVENT?MAIN
            CODE    4626H     0050H     UNIT         ?PR?INITCPU?CPU
            CODE    4676H     004EH     UNIT         ?CO?PRINTF
            CODE    46C4H     004AH     UNIT         ?PR?GETFWREVEE?ETC_EEP
            CODE    470EH     004AH     UNIT         ?PR?MCUTIMERGETTIMERCOUNTER?SYSTIMER
            CODE    4758H     0047H     UNIT         ?PR?GETPROJECTNAMEEE?ETC_EEP
            CODE    479FH     0047H     UNIT         ?PR?_WRITEEEP?I2C
            CODE    47E6H     0046H     UNIT         ?PR?_GRAPHICSPRINT?PRINTF
            CODE    482CH     0041H     UNIT         ?PR?_MCUTIMERCANCELTIMEREVENT?SYSTIMER
            CODE    486DH     003EH     UNIT         ?PR?_SETAD5110STEP?MAIN
            CODE    48ABH     003EH     UNIT         ?PR?_PRINTF?PRINTF
            CODE    48E9H     003EH     UNIT         ?PR?_DEBUG_MESSAGE?PRINTF
            CODE    4927H     003BH     UNIT         ?PR?SERIAL2_INT?CPU
            CODE    4962H     0039H     UNIT         ?PR?_READI2C?I2C
            CODE    499BH     0033H     UNIT         ?PR?I2CREADDATA?I2C
            CODE    49CEH     0033H     UNIT         ?PR?_ISP_WRITE?MAIN
            CODE    4A01H     002FH     UNIT         ?PR?SET_MCU_POWER_DOWN_MODE?CPU
            CODE    4A30H     002FH     UNIT         ?PR?SERIAL_INT?CPU
            CODE    4A5FH     002EH     UNIT         ?PR?SCANKEY?KEYREMO
            CODE    4A8DH     002DH     UNIT         ?CO?SYSPOWER
            CODE    4ABAH     002CH     UNIT         ?PR?SYSPOWERINITIAL?SYSPOWER
            CODE    4AE6H     002CH     UNIT         ?PR?_SYSPOWERSWITCH?SYSPOWER
            CODE    4B12H     0026H     UNIT         ?PR?_READEEP?I2C
            CODE    4B38H     0021H     UNIT         ?PR?ENTER_ISP?MAIN
            CODE    4B59H     0020H     UNIT         ?PR?_WRITEAD5110?I2C
            CODE    4B79H     0020H     UNIT         ?PR?_GETADCVALUE?MAIN
            CODE    4B99H     001FH     UNIT         ?PR?INT2_INT?CPU
            CODE    4BB8H     001FH     UNIT         ?PR?INT3_INT?CPU
BL51 BANKED LINKER/LOCATER V6.22.2.0                                                  02/22/2021  17:15:59  PAGE 4


            CODE    4BD7H     001FH     UNIT         ?PR?MAIN_LOOP?MAIN
            CODE    4BF6H     001EH     UNIT         ?PR?RS2_RX?CPU
            CODE    4C14H     001CH     UNIT         ?PR?CHECK_ADAP_IN?CPU
            CODE    4C30H     001BH     UNIT         ?PR?_GETKEY?KEYREMO
            CODE    4C4BH     0019H     UNIT         ?PR?SAVEFWREVEE?ETC_EEP
            CODE    4C64H     0019H     UNIT         ?PR?_MCUTIMERDELAYXMS?SYSTIMER
            CODE    4C7DH     0018H     UNIT         ?PR?_DELAY?CPU
            CODE    4C95H     0016H     UNIT         ?PR?INITVARS?CPU
            CODE    4CABH     0015H     UNIT         ?PR?_MCUTIMERGETEVENTID?SYSTIMER
            CODE    4CC0H     0014H     UNIT         ?PR?I2CDELAY?I2C
            CODE    4CD4H     0014H     UNIT         ?PR?_MCUTIMERGETEVENTTIME?SYSTIMER
            CODE    4CE8H     0013H     UNIT         ?PR?_MCUTIMERCLREVENTVALID?SYSTIMER
            CODE    4CFBH     0012H     UNIT         ?CO?ETC_EEP
            CODE    4D0DH     0012H     UNIT         ?PR?I2CSTART?I2C
            CODE    4D1FH     0011H     UNIT         ?PR?_MCUTIMERCHECKEVENTVALID?SYSTIMER
            CODE    4D30H     000FH     UNIT         ?PR?TIMER2_INT?CPU
            CODE    4D3FH     000CH     UNIT         ?PR?_ABS?ABS
            CODE    4D4BH     000BH     UNIT         ?PR?RS2_READY?CPU
            CODE    4D56H     0007H     UNIT         ?PR?GETBATTERYBTH?MAIN
            CODE    4D5DH     0007H     UNIT         ?PR?GETBATTERYVOLTAGE?MAIN



OVERLAY MAP OF MODULE:   .\Output\ml070i_MRMCU (?C_STARTUP)


SEGMENT                                             BIT_GROUP          XDATA_GROUP
  +--> CALLED SEGMENT                            START    LENGTH     START    LENGTH
------------------------------------------------------------------------------------
?C_C51STARTUP                                    -----    -----      -----    -----
  +--> ?PR?MAIN?MAIN
  +--> ?C_INITSEG

?PR?MAIN?MAIN                                    -----    -----      -----    -----
  +--> ?PR?INITCPU?CPU
  +--> ?PR?SYSPOWERINITIAL?SYSPOWER
  +--> ?CO?MAIN
  +--> ?PR?_PRINTF?PRINTF
  +--> ?PR?MAIN_INIT?CPU
  +--> ?PR?INITVARS?CPU
  +--> ?PR?LOADEEPROM?MAIN
  +--> ?PR?INITIALTIMEREVENT?MAIN
  +--> ?PR?_SETAD5110STEP?MAIN
  +--> ?PR?CHECK_ADAP_IN?CPU
  +--> ?PR?MAIN_LOOP?MAIN
  +--> ?PR?WAITPOWERON?MAIN

?PR?SYSPOWERINITIAL?SYSPOWER                     -----    -----      -----    -----
  +--> ?PR?_MCUTIMERDELAYXMS?SYSTIMER
  +--> ?CO?SYSPOWER
  +--> ?PR?_DEBUG_MESSAGE?PRINTF

?PR?_DEBUG_MESSAGE?PRINTF                        -----    -----      01D2H    002EH
  +--> ?PR?_DOPRINT?PRINTF

?PR?_DOPRINT?PRINTF                              0021H.1  0000H.2    0207H    0015H
  +--> ?CO?PRINTF
BL51 BANKED LINKER/LOCATER V6.22.2.0                                                  02/22/2021  17:15:59  PAGE 5



?PR?_PRINTF?PRINTF                               -----    -----      01D9H    002EH
  +--> ?PR?_DOPRINT?PRINTF

?PR?MAIN_INIT?CPU                                -----    -----      01D2H    0004H
  +--> ?PR?GETFWREVEE?ETC_EEP
  +--> ?PR?_READEEP?I2C
  +--> ?CO?CPU
  +--> ?PR?_PRINTF?PRINTF
  +--> ?PR?SAVEFWREVEE?ETC_EEP
  +--> ?PR?GETPROJECTNAMEEE?ETC_EEP
  +--> ?PR?CLEARBASICEE?ETC_EEP
  +--> ?PR?_DELAY?CPU

?PR?GETFWREVEE?ETC_EEP                           -----    -----      -----    -----
  +--> ?PR?_READEEP?I2C

?PR?_READEEP?I2C                                 -----    -----      01FAH    0001H
  +--> ?PR?_READI2C?I2C
  +--> ?PR?_DELAY?CPU

?PR?_READI2C?I2C                                 -----    -----      01FBH    0003H
  +--> ?PR?I2CSTART?I2C
  +--> ?PR?_I2CWRITEDATA?I2C
  +--> ?PR?I2CREADDATA?I2C
  +--> ?PR?I2CSTOP?I2C

?PR?I2CSTART?I2C                                 -----    -----      -----    -----
  +--> ?PR?I2CDELAY?I2C

?PR?_I2CWRITEDATA?I2C                            -----    -----      -----    -----
  +--> ?PR?I2CDELAY?I2C

?PR?I2CREADDATA?I2C                              -----    -----      -----    -----
  +--> ?PR?I2CDELAY?I2C

?PR?I2CSTOP?I2C                                  -----    -----      -----    -----
  +--> ?PR?I2CDELAY?I2C

?PR?SAVEFWREVEE?ETC_EEP                          -----    -----      -----    -----
  +--> ?PR?_WRITEEEP?I2C

?PR?_WRITEEEP?I2C                                -----    -----      01D6H    0004H
  +--> ?PR?I2CSTART?I2C
  +--> ?PR?_I2CWRITEDATA?I2C
  +--> ?PR?I2CSTOP?I2C
  +--> ?PR?_DELAY?CPU

?PR?GETPROJECTNAMEEE?ETC_EEP                     -----    -----      01D6H    0001H
  +--> ?PR?_READEEP?I2C

?PR?CLEARBASICEE?ETC_EEP                         -----    -----      -----    -----
  +--> ?CO?ETC_EEP
  +--> ?PR?_PRINTF?PRINTF
  +--> ?PR?_WRITEEEP?I2C

?PR?LOADEEPROM?MAIN                              -----    -----      -----    -----
BL51 BANKED LINKER/LOCATER V6.22.2.0                                                  02/22/2021  17:15:59  PAGE 6


  +--> ?PR?_READEEP?I2C
  +--> ?PR?_WRITEEEP?I2C

?PR?INITIALTIMEREVENT?MAIN                       -----    -----      -----    -----
  +--> ?PR?MCUTIMERINITIALTIMEREVENT?SYSTIMER
  +--> ?PR?_MCUTIMERACTIVETIMEREVENT?SYSTIMER

?PR?_MCUTIMERACTIVETIMEREVENT?SYSTIMER           -----    -----      01F2H    0004H
  +--> ?PR?_MCUTIMERCHECKTIMEREVENT?SYSTIMER

?PR?_MCUTIMERCHECKTIMEREVENT?SYSTIMER            -----    -----      01F6H    0005H
  +--> ?PR?MCUTIMERGETTIMERCOUNTER?SYSTIMER

?PR?MCUTIMERGETTIMERCOUNTER?SYSTIMER             -----    -----      01FBH    0002H
  +--> ?PR?_ABS?ABS

?PR?_SETAD5110STEP?MAIN                          -----    -----      01D6H    0002H
  +--> ?PR?_MAPPING1?MAIN
  +--> ?PR?_WRITEAD5110?I2C

?PR?_MAPPING1?MAIN                               -----    -----      01D8H    000FH

?PR?_WRITEAD5110?I2C                             -----    -----      -----    -----
  +--> ?PR?I2CSTART?I2C
  +--> ?PR?_AD5110_I2CWRITEDATA?I2C
  +--> ?PR?I2CSTOP?I2C
  +--> ?PR?_DELAY?CPU

?PR?_AD5110_I2CWRITEDATA?I2C                     -----    -----      -----    -----
  +--> ?PR?I2CDELAY?I2C

?PR?CHECK_ADAP_IN?CPU                            -----    -----      -----    -----
  +--> ?PR?_MCUTIMERDELAYXMS?SYSTIMER

?PR?MAIN_LOOP?MAIN                               -----    -----      -----    -----
  +--> ?CO?MAIN
  +--> ?PR?_PRINTF?PRINTF
  +--> ?PR?DVRRECEIVEPASER?HS_DVRPROTOCOL
  +--> ?PR?SYSTIMERHANDLER?SYSTIMER
  +--> ?PR?SYSPOWERHANDLER?SYSPOWER
  +--> ?PR?SCANKEY?KEYREMO
  +--> ?PR?ENCORDERHANDLER?MAIN

?PR?DVRRECEIVEPASER?HS_DVRPROTOCOL               -----    -----      01D2H    0001H
  +--> ?PR?RS2_READY?CPU
  +--> ?PR?RS2_RX?CPU
  +--> ?PR?_USERINTERFACEBATTERYCHARGEMODE?S...
  +--> ?PR?_MCUTIMERCANCELTIMEREVENT?SYSTIMER
  +--> ?PR?_MCUTIMERREACTIVETIMEREVENT?SYSTIMER
  +--> ?PR?_MCUTIMERACTIVETIMEREVENT?SYSTIMER
  +--> ?PR?_WRITEEEP?I2C
  +--> ?PR?_READEEP?I2C

?PR?_USERINTERFACEBATTERYCHARGEMODE?S...         -----    -----      01D6H    0001H
  +--> ?PR?_MCUTIMERCANCELTIMEREVENT?SYSTIMER
  +--> ?PR?_SET_PWM?CPU
  +--> ?PR?_USERINTERFACEPOWERSWITCH?SYSPOWER
BL51 BANKED LINKER/LOCATER V6.22.2.0                                                  02/22/2021  17:15:59  PAGE 7


  +--> ?PR?_MCUTIMERACTIVETIMEREVENT?SYSTIMER

?PR?_SET_PWM?CPU                                 -----    -----      01D7H    0002H
  +--> ?CO?CPU
  +--> ?PR?_PRINTF?PRINTF

?PR?_USERINTERFACEPOWERSWITCH?SYSPOWER           -----    -----      01D7H    0001H
  +--> ?CO?SYSPOWER
  +--> ?PR?_PRINTF?PRINTF
  +--> ?PR?_MCUTIMERDELAYXMS?SYSTIMER
  +--> ?PR?_MCUTIMERACTIVETIMEREVENT?SYSTIMER
  +--> ?PR?_MCU_SENDCMDTODVR?MAIN

?PR?_MCU_SENDCMDTODVR?MAIN                       -----    -----      01F2H    0008H
  +--> ?CO?MAIN
  +--> ?PR?_READEEP?I2C
  +--> ?PR?_MCULIB_PROTOCOLSENDCMDWITHPARAMN...

?PR?_MCULIB_PROTOCOLSENDCMDWITHPARAMN...         -----    -----      01FAH    0017H
  +--> ?PR?_MCULIB_PROTOCOLAPPEND?MAIN
  +--> ?PR?_RS2_TX?CPU

?PR?_MCULIB_PROTOCOLAPPEND?MAIN                  -----    -----      0211H    0007H

?PR?_MCUTIMERREACTIVETIMEREVENT?SYSTIMER         -----    -----      01D3H    0004H
  +--> ?PR?_MCUTIMERCHECKTIMEREVENT?SYSTIMER

?PR?SYSTIMERHANDLER?SYSTIMER                     -----    -----      01D2H    0004H
  +--> ?PR?MCUTIMERGETTIMERCOUNTER?SYSTIMER
  +--> ?PR?_MCUTIMERCHECKEVENTVALID?SYSTIMER
  +--> ?PR?_MCUTIMERGETEVENTTIME?SYSTIMER
  +--> ?PR?_MCUTIMERCLREVENTVALID?SYSTIMER
  +--> ?PR?_MCUTIMERGETEVENTID?SYSTIMER
  +--> ?PR?_USERINTERFACETIMEREVENTPROC?SYST...
  +--> ?PR?_SYSTIMEREVENTPROC?SYSTIMER

?PR?_USERINTERFACETIMEREVENTPROC?SYST...         -----    -----      -----    -----
  +--> ?PR?_SETAD5110STEP?MAIN
  +--> ?PR?_WRITEEEP?I2C
  +--> ?PR?_MCU_SENDCMDTODVR?MAIN
  +--> ?PR?_USERINTERFACEBATTERYCHARGEMODE?S...
  +--> ?PR?_MCUTIMERACTIVETIMEREVENT?SYSTIMER
  +--> ?PR?ENTER_ISP?MAIN
  +--> ?PR?_USERINTERFACEPOWERSWITCH?SYSPOWER

?PR?ENTER_ISP?MAIN                               -----    -----      01D6H    0001H
  +--> ?PR?ISP_INIT?MAIN
  +--> ?PR?_ISP_WRITE?MAIN

?PR?_ISP_WRITE?MAIN                              -----    -----      01D7H    0006H

?PR?_SYSTIMEREVENTPROC?SYSTIMER                  -----    -----      -----    -----
  +--> ?PR?_POWERLED?CPU
  +--> ?PR?_MCUTIMERDELAYXMS?SYSTIMER
  +--> ?PR?CHECK_ADAP_IN?CPU
  +--> ?PR?_MCUTIMERCHECKEVENTVALID?SYSTIMER
  +--> ?PR?_MCUTIMERCANCELTIMEREVENT?SYSTIMER
BL51 BANKED LINKER/LOCATER V6.22.2.0                                                  02/22/2021  17:15:59  PAGE 8


  +--> ?PR?_MCUTIMERACTIVETIMEREVENT?SYSTIMER
  +--> ?PR?_MCU_SENDCMDTODVR?MAIN
  +--> ?PR?GETBATTERYVOLTAGE?MAIN
  +--> ?PR?GETBATTERYBTH?MAIN
  +--> ?PR?_READEEP?I2C
  +--> ?PR?_WRITEEEP?I2C
  +--> ?PR?_USERINTERFACEBATTERYCHARGEMODE?S...
  +--> ?PR?SHOWWORKINGTIMER?CPU

?PR?GETBATTERYVOLTAGE?MAIN                       -----    -----      -----    -----
  +--> ?PR?_GETADCVALUE?MAIN

?PR?GETBATTERYBTH?MAIN                           -----    -----      -----    -----
  +--> ?PR?_GETADCVALUE?MAIN

?PR?SHOWWORKINGTIMER?CPU                         -----    -----      01D6H    0002H
  +--> ?CO?CPU
  +--> ?PR?_GRAPHICSPRINT?PRINTF

?PR?_GRAPHICSPRINT?PRINTF                        -----    -----      01D8H    002FH
  +--> ?PR?_DOPRINT?PRINTF

?PR?SYSPOWERHANDLER?SYSPOWER                     -----    -----      -----    -----
  +--> ?PR?_SYSPOWERSWITCH?SYSPOWER

?PR?_SYSPOWERSWITCH?SYSPOWER                     -----    -----      01D2H    0001H
  +--> ?PR?_USERINTERFACEPOWERSWITCH?SYSPOWER

?PR?SCANKEY?KEYREMO                              -----    -----      -----    -----
  +--> ?PR?_GETKEY?KEYREMO
  +--> ?PR?_MCUTIMERACTIVETIMEREVENT?SYSTIMER

?PR?_GETKEY?KEYREMO                              0021H.1  0000H.1    -----    -----

?PR?ENCORDERHANDLER?MAIN                         -----    -----      01D2H    0020H
  +--> ?PR?_MCU_SENDCMDTODVR?MAIN
  +--> ?PR?_MCUTIMERCANCELTIMEREVENT?SYSTIMER
  +--> ?PR?_MCUTIMERACTIVETIMEREVENT?SYSTIMER

?PR?WAITPOWERON?MAIN                             -----    -----      -----    -----
  +--> ?CO?MAIN
  +--> ?PR?_PRINTF?PRINTF
  +--> ?PR?_MCUTIMERCANCELTIMEREVENT?SYSTIMER
  +--> ?PR?SYSPOWERHANDLER?SYSPOWER
  +--> ?PR?SYSTIMERHANDLER?SYSTIMER
  +--> ?PR?SCANKEY?KEYREMO
  +--> ?PR?_MCUTIMERACTIVETIMEREVENT?SYSTIMER
  +--> ?PR?CHECK_ADAP_IN?CPU
  +--> ?PR?SET_MCU_POWER_DOWN_MODE?CPU
  +--> ?PR?_WRITEEEP?I2C

?PR?SET_MCU_POWER_DOWN_MODE?CPU                  -----    -----      -----    -----
  +--> ?CO?CPU
  +--> ?PR?_PRINTF?PRINTF

?C_INITSEG                                       -----    -----      -----    -----
  +--> ?CO?PRINTF
BL51 BANKED LINKER/LOCATER V6.22.2.0                                                  02/22/2021  17:15:59  PAGE 9





SYMBOL TABLE OF MODULE:  .\Output\ml070i_MRMCU (?C_STARTUP)

  VALUE           TYPE          NAME
  ----------------------------------

  -------         MODULE        ?C_STARTUP
  C:4174H         SEGMENT       ?C_C51STARTUP
  I:007AH         SEGMENT       ?STACK
  C:0000H         PUBLIC        ?C_STARTUP
  D:00E0H         SYMBOL        ACC
  D:00F0H         SYMBOL        B
  D:0083H         SYMBOL        DPH
  D:0082H         SYMBOL        DPL
  N:0000H         SYMBOL        IBPSTACK
  N:0100H         SYMBOL        IBPSTACKTOP
  N:0080H         SYMBOL        IDATALEN
  C:4177H         SYMBOL        IDATALOOP
  N:0000H         SYMBOL        PBPSTACK
  N:0100H         SYMBOL        PBPSTACKTOP
  N:0000H         SYMBOL        PDATALEN
  N:0000H         SYMBOL        PDATASTART
  N:0000H         SYMBOL        PPAGE
  N:0000H         SYMBOL        PPAGEENABLE
  D:00A0H         SYMBOL        PPAGE_SFR
  D:0081H         SYMBOL        SP
  C:4174H         SYMBOL        STARTUP1
  N:0000H         SYMBOL        XBPSTACK
  N:0000H         SYMBOL        XBPSTACKTOP
  N:0000H         SYMBOL        XDATALEN
  N:0000H         SYMBOL        XDATASTART
  C:0000H         LINE#         126
  C:4174H         LINE#         133
  C:4176H         LINE#         134
  C:4177H         LINE#         135
  C:4178H         LINE#         136
  C:417AH         LINE#         185
  C:417DH         LINE#         196
  -------         ENDMOD        ?C_STARTUP

  -------         MODULE        CPU
  C:0000H         SYMBOL        _ICE_DUMMY_
  D:0091H         PUBLIC        P1M0
  X:0254H         PUBLIC        second
  C:4626H         PUBLIC        InitCPU
  D:00B1H         PUBLIC        P3M0
  C:2D9CH         PUBLIC        timer0_int
  X:0255H         PUBLIC        FormatSDCard
  D:00B3H         PUBLIC        P4M0
  D:00B2H         PUBLIC        P3M1
  D:00B4H         PUBLIC        P4M1
  D:00B0H         PUBLIC        P3
  C:4D30H         PUBLIC        timer2_int
  D:00E8H         PUBLIC        P4
  X:0256H         PUBLIC        FormatWait
BL51 BANKED LINKER/LOCATER V6.22.2.0                                                  02/22/2021  17:15:59  PAGE 10


  X:0257H         PUBLIC        Power_Msg_Count
  X:0259H         PUBLIC        IE_Temp
  D:00F9H         PUBLIC        CH
  D:0022H         PUBLIC        DVR_buf
  D:0040H         PUBLIC        keytic
  D:00A8H         PUBLIC        IE
  C:2981H         PUBLIC        ShowWorkingTimer
  D:00E9H         PUBLIC        CL
  D:0042H         PUBLIC        RS2_in
  B:0020H.0       PUBLIC        RepeatKey
  X:025AH         PUBLIC        LED_FLASH_COUNT
  D:0043H         PUBLIC        RS2_out
  C:4C7DH         PUBLIC        _delay
  D:00FCH         PUBLIC        CCAP2H
  B:00E8H.0       PUBLIC        P4_0
  D:00FDH         PUBLIC        CCAP3H
  B:00E8H.1       PUBLIC        P4_1
  B:0090H.4       PUBLIC        P1_4
  B:0080H.5       PUBLIC        P0_5
  X:025CH         PUBLIC        minute
  B:00E8H.2       PUBLIC        P4_2
  D:00ECH         PUBLIC        CCAP2L
  B:00A8H.4       PUBLIC        ES
  D:00EDH         PUBLIC        CCAP3L
  D:00DCH         PUBLIC        CCAPM2
  D:00DDH         PUBLIC        CCAPM3
  D:00B8H         PUBLIC        IP
  B:0098H.0       PUBLIC        RI
  B:0098H.1       PUBLIC        TI
  D:0044H         PUBLIC        tic01
  B:0020H.1       PUBLIC        KeyReady
  C:4BF6H         PUBLIC        RS2_rx
  B:0020H.2       PUBLIC        RS_Xbusy
  D:0045H         PUBLIC        tic02
  D:00D9H         PUBLIC        CMOD
  D:00D8H         PUBLIC        CCON
  C:0003H         PUBLIC        _RS2_tx
  X:025DH         PUBLIC        Time5ms
  X:025EH         PUBLIC        month
  X:025FH         PUBLIC        keyticSec
  D:0046H         PUBLIC        Key
  C:4B99H         PUBLIC        int2_int
  C:4BB8H         PUBLIC        int3_int
  C:4A30H         PUBLIC        serial_int
  C:0026H         PUBLIC        ext1_int
  D:0099H         PUBLIC        SBUF
  D:0087H         PUBLIC        PCON
  D:0098H         PUBLIC        SCON
  C:4C95H         PUBLIC        InitVars
  D:0089H         PUBLIC        TMOD
  D:0088H         PUBLIC        TCON
  C:3999H         PUBLIC        main_init
  X:0260H         PUBLIC        day
  X:0261H         PUBLIC        hour
  B:00C0H.1       PUBLIC        IE2
  B:00C0H.5       PUBLIC        IE3
  C:404CH         PUBLIC        _SET_PWM
BL51 BANKED LINKER/LOCATER V6.22.2.0                                                  02/22/2021  17:15:59  PAGE 11


  X:0262H         PUBLIC        PowerDownWait
  D:0047H         PUBLIC        tm01
  D:0049H         PUBLIC        stopWatch
  X:0263H         PUBLIC        EncorderCount
  D:004BH         SYMBOL        RS_buf
  C:4A01H         PUBLIC        SET_MCU_POWER_DOWN_MODE
  D:0069H         PUBLIC        tic_PWR_SAVING
  D:006DH         PUBLIC        tic_Init_time
  B:00A8H.5       PUBLIC        ET2
  B:00C8H.7       PUBLIC        TF2
  D:008CH         PUBLIC        TH0
  D:008DH         PUBLIC        TH1
  B:00A8H.2       PUBLIC        EX1
  B:00C0H.2       PUBLIC        EX2
  B:00C0H.0       PUBLIC        IT2
  C:4D4BH         PUBLIC        RS2_ready
  C:4C14H         PUBLIC        Check_ADAP_IN
  B:00C0H.6       PUBLIC        EX3
  B:00C0H.4       PUBLIC        IT3
  D:008AH         PUBLIC        TL0
  B:0020H.3       PUBLIC        RS2_Xbusy
  B:00C8H.2       PUBLIC        TR2
  X:0265H         PUBLIC        updn_reg
  B:0020H.4       PUBLIC        PWR_SAVING_ACT_FLAG
  D:0071H         PUBLIC        RS_in
  D:0072H         PUBLIC        RS_out
  C:4927H         PUBLIC        serial2_int
  D:009AH         PUBLIC        S2BUF
  X:0269H         PUBLIC        year1
  X:026AH         PUBLIC        year2
  C:4484H         PUBLIC        _PowerLED
  D:00AAH         PUBLIC        S2CON
  D:00C8H         PUBLIC        T2CON
  D:00BAH         PUBLIC        S2BRT
  X:026BH         PUBLIC        DVR_FACTORY_MODE
  D:0073H         PUBLIC        tm001
  D:00A6H         PUBLIC        AUXR2
  B:0020H.5       PUBLIC        ChangeKey
  D:0074H         PUBLIC        tic_pc
  D:0076H         PUBLIC        SystemClock
  D:0093H         PUBLIC        P0M0
  D:00ADH         PUBLIC        AUXIE
  -------         PROC          MAIN_INIT
  -------         DO            
  X:01D2H         SYMBOL        rev
  -------         ENDDO         
  C:3999H         LINE#         87
  C:3999H         LINE#         88
  C:3999H         LINE#         91
  C:39A2H         LINE#         94
  C:39E4H         LINE#         96
  C:39F3H         LINE#         97
  C:39F3H         LINE#         98
  C:3A0DH         LINE#         99
  C:3A10H         LINE#         100
  C:3A52H         LINE#         101
  C:3A52H         LINE#         105
BL51 BANKED LINKER/LOCATER V6.22.2.0                                                  02/22/2021  17:15:59  PAGE 12


  C:3A61H         LINE#         106
  C:3A61H         LINE#         109
  C:3A61H         LINE#         110
  C:3A67H         LINE#         111
  C:3A6AH         LINE#         112
  C:3A6AH         LINE#         113
  C:3A6CH         LINE#         115
  C:3A6CH         LINE#         116
  C:3A75H         LINE#         117
  C:3A7EH         LINE#         118
  C:3A85H         LINE#         120
  C:3A85H         LINE#         122
  C:3A8AH         LINE#         125
  C:3A92H         LINE#         126
  C:3A97H         LINE#         128
  -------         ENDPROC       MAIN_INIT
  -------         PROC          INITCPU
  C:4626H         LINE#         136
  C:4626H         LINE#         137
  C:4626H         LINE#         141
  C:4629H         LINE#         149
  C:462CH         LINE#         151
  C:462FH         LINE#         153
  C:4632H         LINE#         157
  C:4638H         LINE#         159
  C:463BH         LINE#         160
  C:463EH         LINE#         164
  C:4641H         LINE#         167
  C:4643H         LINE#         168
  C:4645H         LINE#         174
  C:4648H         LINE#         175
  C:464AH         LINE#         176
  C:464CH         LINE#         182
  C:464FH         LINE#         183
  C:4652H         LINE#         186
  C:4655H         LINE#         189
  C:4658H         LINE#         191
  C:465AH         LINE#         193
  C:465CH         LINE#         194
  C:465EH         LINE#         198
  C:4661H         LINE#         199
  C:4664H         LINE#         209
  C:4667H         LINE#         212
  C:466AH         LINE#         215
  C:466DH         LINE#         216
  C:4670H         LINE#         217
  C:4673H         LINE#         218
  C:4675H         LINE#         220
  -------         ENDPROC       INITCPU
  -------         PROC          SET_MCU_POWER_DOWN_MODE
  C:4A01H         LINE#         223
  C:4A01H         LINE#         224
  C:4A01H         LINE#         226
  C:4A0AH         LINE#         228
  C:4A0CH         LINE#         229
  C:4A0EH         LINE#         230
  C:4A10H         LINE#         232
BL51 BANKED LINKER/LOCATER V6.22.2.0                                                  02/22/2021  17:15:59  PAGE 13


  C:4A12H         LINE#         233
  C:4A14H         LINE#         234
  C:4A16H         LINE#         236
  C:4A1CH         LINE#         237
  C:4A1FH         LINE#         239
  C:4A25H         LINE#         240
  C:4A27H         LINE#         241
  C:4A29H         LINE#         242
  C:4A2CH         LINE#         243
  C:4A2DH         LINE#         244
  C:4A2EH         LINE#         245
  C:4A2FH         LINE#         249
  -------         ENDPROC       SET_MCU_POWER_DOWN_MODE
  -------         PROC          CHECK_ADAP_IN
  C:4C14H         LINE#         252
  C:4C14H         LINE#         253
  C:4C14H         LINE#         255
  C:4C1AH         LINE#         256
  C:4C1AH         LINE#         257
  C:4C21H         LINE#         259
  C:4C27H         LINE#         260
  C:4C2AH         LINE#         262
  C:4C2DH         LINE#         263
  C:4C2DH         LINE#         265
  C:4C2FH         LINE#         266
  -------         ENDPROC       CHECK_ADAP_IN
  -------         PROC          _SET_PWM
  X:01D7H         SYMBOL        index
  X:01D8H         SYMBOL        val
  C:404CH         LINE#         268
  C:4054H         LINE#         269
  C:4054H         LINE#         271
  C:406DH         LINE#         273
  C:407FH         LINE#         274
  C:407FH         LINE#         275
  C:407FH         LINE#         277
  C:4082H         LINE#         278
  C:408DH         LINE#         279
  C:4090H         LINE#         281
  C:4093H         LINE#         282
  C:4093H         LINE#         283
  C:4095H         LINE#         284
  C:4097H         LINE#         285
  C:4097H         LINE#         287
  C:409FH         LINE#         288
  C:409FH         LINE#         289
  C:40A2H         LINE#         290
  C:40A5H         LINE#         291
  C:40A8H         LINE#         292
  C:40AEH         LINE#         293
  C:40B0H         LINE#         294
  C:40B8H         LINE#         295
  C:40B8H         LINE#         296
  C:40BBH         LINE#         297
  C:40BEH         LINE#         298
  C:40C1H         LINE#         299
  C:40CAH         LINE#         300
BL51 BANKED LINKER/LOCATER V6.22.2.0                                                  02/22/2021  17:15:59  PAGE 14


  C:40CAH         LINE#         334
  C:40CAH         LINE#         335
  C:40CAH         LINE#         336
  C:40CDH         LINE#         337
  C:40D8H         LINE#         338
  C:40DBH         LINE#         339
  C:40DCH         LINE#         340
  C:40DCH         LINE#         341
  C:40DFH         LINE#         342
  C:40E0H         LINE#         343
  C:40E0H         LINE#         344
  C:40E3H         LINE#         345
  C:40E3H         LINE#         347
  C:40E3H         LINE#         348
  C:40E3H         LINE#         349
  C:40E3H         LINE#         352
  -------         ENDPROC       _SET_PWM
  -------         PROC          TIMER0_INT
  -------         DO            
  D:000FH         SYMBOL        TempKey
  -------         ENDDO         
  C:2D9CH         LINE#         361
  C:2DA7H         LINE#         365
  C:2DA9H         LINE#         368
  C:2DABH         LINE#         371
  C:2DB6H         LINE#         372
  C:2DB6H         LINE#         373
  C:2DC4H         LINE#         374
  C:2DC7H         LINE#         375
  C:2DC9H         LINE#         376
  C:2DC9H         LINE#         378
  C:2DCFH         LINE#         379
  C:2DD1H         LINE#         380
  C:2DDAH         LINE#         381
  C:2DDAH         LINE#         383
  C:2DE3H         LINE#         384
  C:2DEDH         LINE#         385
  C:2DEDH         LINE#         386
  C:2DF5H         LINE#         387
  C:2DFDH         LINE#         388
  C:2E05H         LINE#         389
  C:2E08H         LINE#         390
  C:2E0AH         LINE#         393
  C:2E10H         LINE#         395
  C:2E2BH         LINE#         396
  C:2E39H         LINE#         397
  C:2E51H         LINE#         398
  C:2E5FH         LINE#         399
  C:2E77H         LINE#         400
  C:2E85H         LINE#         401
  C:2EA0H         LINE#         402
  C:2EAEH         LINE#         404
  C:2EC6H         LINE#         405
  C:2ED4H         LINE#         406
  C:2EECH         LINE#         407
  C:2EFAH         LINE#         408
  C:2F15H         LINE#         409
BL51 BANKED LINKER/LOCATER V6.22.2.0                                                  02/22/2021  17:15:59  PAGE 15


  C:2F23H         LINE#         410
  C:2F3BH         LINE#         411
  C:2F49H         LINE#         414
  C:2F49H         LINE#         415
  C:2F49H         LINE#         424
  C:2F57H         LINE#         427
  C:2F5FH         LINE#         428
  C:2F62H         LINE#         429
  C:2F64H         LINE#         431
  C:2F6AH         LINE#         432
  C:2F6AH         LINE#         434
  C:2F6CH         LINE#         437
  C:2F73H         LINE#         438
  C:2F78H         LINE#         440
  C:2F7AH         LINE#         442
  C:2F7AH         LINE#         443
  C:2F84H         LINE#         444
  C:2F8CH         LINE#         447
  C:2F9AH         LINE#         448
  C:2FAEH         LINE#         449
  C:2FB8H         LINE#         450
  C:2FC6H         LINE#         491
  C:2FD2H         LINE#         492
  C:2FD2H         LINE#         493
  C:2FDAH         LINE#         494
  C:2FDAH         LINE#         495
  C:2FEBH         LINE#         496
  C:2FEBH         LINE#         497
  C:2FEEH         LINE#         498
  C:2FF0H         LINE#         499
  C:2FF2H         LINE#         500
  C:2FF2H         LINE#         501
  C:2FF4H         LINE#         502
  C:2FFEH         LINE#         504
  C:3001H         LINE#         505
  C:3001H         LINE#         506
  C:3004H         LINE#         507
  C:3006H         LINE#         508
  C:300CH         LINE#         509
  C:300EH         LINE#         510
  C:300EH         LINE#         512
  C:3014H         LINE#         513
  C:3014H         LINE#         515
  C:301CH         LINE#         516
  C:301EH         LINE#         518
  C:301EH         LINE#         519
  C:3034H         LINE#         520
  C:3037H         LINE#         521
  C:3039H         LINE#         522
  C:303BH         LINE#         524
  C:303BH         LINE#         525
  C:303EH         LINE#         526
  C:3040H         LINE#         527
  C:3040H         LINE#         529
  C:3042H         LINE#         530
  C:3048H         LINE#         531
  C:3048H         LINE#         562
BL51 BANKED LINKER/LOCATER V6.22.2.0                                                  02/22/2021  17:15:59  PAGE 16


  C:3048H         LINE#         564
  -------         ENDPROC       TIMER0_INT
  -------         PROC          SHOWWORKINGTIMER
  -------         DO            
  X:01D6H         SYMBOL        val
  -------         ENDDO         
  C:2981H         LINE#         569
  C:2981H         LINE#         570
  C:2981H         LINE#         573
  C:298CH         LINE#         575
  C:2993H         LINE#         576
  C:2993H         LINE#         577
  C:29C3H         LINE#         578
  C:29C5H         LINE#         579
  C:29CCH         LINE#         580
  C:29CCH         LINE#         581
  C:29EFH         LINE#         582
  C:29F1H         LINE#         583
  C:29FAH         LINE#         584
  C:29FAH         LINE#         585
  C:2A0EH         LINE#         586
  C:2A10H         LINE#         588
  C:2A10H         LINE#         589
  C:2A26H         LINE#         590
  C:2A26H         LINE#         594
  C:2A6EH         LINE#         598
  C:2A78H         LINE#         599
  C:2A82H         LINE#         600
  C:2A8BH         LINE#         601
  C:2A95H         LINE#         603
  C:2A9FH         LINE#         604
  C:2AA9H         LINE#         605
  C:2AB6H         LINE#         606
  C:2ABEH         LINE#         608
  C:2AC7H         LINE#         614
  C:2AD1H         LINE#         615
  C:2AD1H         LINE#         616
  C:2B30H         LINE#         617
  C:2B3EH         LINE#         619
  C:2B40H         LINE#         621
  C:2B40H         LINE#         625
  C:2B7CH         LINE#         627
  C:2B8AH         LINE#         628
  C:2BA1H         LINE#         630
  C:2BB5H         LINE#         634
  C:2BB5H         LINE#         637
  C:2C08H         LINE#         641
  C:2C12H         LINE#         642
  C:2C1CH         LINE#         643
  C:2C26H         LINE#         644
  C:2C30H         LINE#         645
  C:2C3AH         LINE#         646
  C:2C44H         LINE#         647
  C:2C4EH         LINE#         648
  C:2C58H         LINE#         649
  C:2C62H         LINE#         650
  C:2C6DH         LINE#         652
BL51 BANKED LINKER/LOCATER V6.22.2.0                                                  02/22/2021  17:15:59  PAGE 17


  C:2C77H         LINE#         653
  C:2C7FH         LINE#         654
  C:2C89H         LINE#         655
  C:2C91H         LINE#         656
  C:2C9BH         LINE#         657
  C:2CA3H         LINE#         658
  C:2CADH         LINE#         659
  C:2CB5H         LINE#         660
  C:2CBDH         LINE#         661
  C:2CC7H         LINE#         662
  C:2CD1H         LINE#         663
  C:2CDBH         LINE#         664
  C:2CE5H         LINE#         665
  C:2CEFH         LINE#         666
  C:2CF9H         LINE#         667
  C:2D03H         LINE#         668
  C:2D0DH         LINE#         669
  C:2D17H         LINE#         670
  C:2D21H         LINE#         671
  C:2D2CH         LINE#         673
  C:2D38H         LINE#         674
  C:2D43H         LINE#         676
  C:2D4DH         LINE#         677
  C:2D55H         LINE#         678
  C:2D5FH         LINE#         679
  C:2D67H         LINE#         680
  C:2D73H         LINE#         681
  C:2D79H         LINE#         683
  C:2D91H         LINE#         701
  -------         ENDPROC       SHOWWORKINGTIMER
  -------         PROC          INITVARS
  -------         DO            
  D:0007H         SYMBOL        j
  -------         ENDDO         
  C:4C95H         LINE#         711
  C:4C95H         LINE#         712
  C:4C95H         LINE#         714
  C:4CA1H         LINE#         715
  C:4CAAH         LINE#         717
  -------         ENDPROC       INITVARS
  -------         PROC          _POWERLED
  D:0007H         SYMBOL        flag
  C:4484H         LINE#         723
  C:4484H         LINE#         724
  C:4484H         LINE#         726
  C:44B8H         LINE#         727
  C:44B8H         LINE#         728
  C:44B8H         LINE#         729
  C:44BAH         LINE#         730
  C:44BCH         LINE#         731
  C:44BDH         LINE#         732
  C:44BDH         LINE#         733
  C:44BFH         LINE#         734
  C:44C1H         LINE#         735
  C:44C2H         LINE#         736
  C:44C2H         LINE#         737
  C:44C2H         LINE#         738
BL51 BANKED LINKER/LOCATER V6.22.2.0                                                  02/22/2021  17:15:59  PAGE 18


  C:44C2H         LINE#         739
  C:44C4H         LINE#         740
  C:44C4H         LINE#         741
  C:44C4H         LINE#         742
  C:44C4H         LINE#         743
  C:44C6H         LINE#         744
  C:44C6H         LINE#         745
  C:44C9H         LINE#         746
  C:44C9H         LINE#         747
  C:44CBH         LINE#         748
  C:44CDH         LINE#         749
  C:44CEH         LINE#         756
  C:44CEH         LINE#         757
  C:44D1H         LINE#         758
  C:44D1H         LINE#         759
  C:44D3H         LINE#         760
  C:44D5H         LINE#         761
  C:44D6H         LINE#         763
  C:44D6H         LINE#         764
  C:44D6H         LINE#         765
  C:44D6H         LINE#         766
  C:44D6H         LINE#         767
  C:44D8H         LINE#         768
  C:44D8H         LINE#         769
  C:44DBH         LINE#         770
  C:44DBH         LINE#         771
  C:44DDH         LINE#         772
  C:44DFH         LINE#         773
  C:44E0H         LINE#         775
  C:44E0H         LINE#         776
  C:44E2H         LINE#         777
  C:44E4H         LINE#         778
  C:44E4H         LINE#         779
  C:44E5H         LINE#         780
  C:44E5H         LINE#         781
  C:44E8H         LINE#         782
  C:44E8H         LINE#         783
  C:44EAH         LINE#         784
  C:44ECH         LINE#         786
  C:44ECH         LINE#         787
  C:44EEH         LINE#         788
  C:44EEH         LINE#         790
  C:44F0H         LINE#         792
  C:44F1H         LINE#         793
  C:44F1H         LINE#         794
  C:44F4H         LINE#         795
  C:44F4H         LINE#         796
  C:44F6H         LINE#         797
  C:44F8H         LINE#         799
  C:44F8H         LINE#         800
  C:44FAH         LINE#         801
  C:44FAH         LINE#         803
  C:44FCH         LINE#         806
  C:44FCH         LINE#         807
  C:44FCH         LINE#         808
  C:44FCH         LINE#         809
  C:44FCH         LINE#         810
BL51 BANKED LINKER/LOCATER V6.22.2.0                                                  02/22/2021  17:15:59  PAGE 19


  -------         ENDPROC       _POWERLED
  -------         PROC          EXT1_INT
  C:0026H         LINE#         819
  C:0026H         LINE#         821
  C:0028H         LINE#         822
  -------         ENDPROC       EXT1_INT
  -------         PROC          SERIAL_INT
  C:4A30H         LINE#         845
  C:4A37H         LINE#         851
  C:4A3AH         LINE#         860
  C:4A41H         LINE#         861
  C:4A43H         LINE#         862
  C:4A51H         LINE#         866
  C:4A53H         LINE#         868
  C:4A53H         LINE#         870
  C:4A56H         LINE#         871
  C:4A58H         LINE#         872
  C:4A5AH         LINE#         873
  C:4A5AH         LINE#         874
  -------         ENDPROC       SERIAL_INT
  -------         PROC          SERIAL2_INT
  C:4927H         LINE#         878
  C:492EH         LINE#         883
  C:4936H         LINE#         884
  C:4936H         LINE#         886
  C:4939H         LINE#         888
  C:4940H         LINE#         891
  C:4942H         LINE#         892
  C:4950H         LINE#         893
  C:4950H         LINE#         895
  C:4958H         LINE#         896
  C:4958H         LINE#         897
  C:495BH         LINE#         898
  C:495DH         LINE#         899
  C:495DH         LINE#         900
  -------         ENDPROC       SERIAL2_INT
  -------         PROC          RS2_READY
  C:4D4BH         LINE#         936
  C:4D4BH         LINE#         937
  C:4D4BH         LINE#         938
  C:4D53H         LINE#         939
  C:4D55H         LINE#         940
  -------         ENDPROC       RS2_READY
  -------         PROC          RS2_RX
  -------         DO            
  D:0007H         SYMBOL        ret
  -------         ENDDO         
  C:4BF6H         LINE#         944
  C:4BF6H         LINE#         945
  C:4BF6H         LINE#         948
  C:4BF9H         LINE#         949
  C:4C00H         LINE#         950
  C:4C02H         LINE#         951
  C:4C0DH         LINE#         952
  C:4C10H         LINE#         953
  C:4C13H         LINE#         955
  C:4C13H         LINE#         956
BL51 BANKED LINKER/LOCATER V6.22.2.0                                                  02/22/2021  17:15:59  PAGE 20


  -------         ENDPROC       RS2_RX
  -------         PROC          _RS2_TX
  D:0007H         SYMBOL        tx_buf
  C:0003H         LINE#         973
  C:0003H         LINE#         974
  C:0003H         LINE#         976
  C:0006H         LINE#         977
  C:0008H         LINE#         978
  C:000AH         LINE#         979
  -------         ENDPROC       _RS2_TX
  -------         PROC          TIMER2_INT
  C:4D30H         LINE#         1020
  C:4D32H         LINE#         1022
  C:4D34H         LINE#         1024
  C:4D3CH         LINE#         1026
  -------         ENDPROC       TIMER2_INT
  -------         PROC          _DELAY
  D:0007H         SYMBOL        cnt
  -------         DO            
  D:0004H         SYMBOL        ttic01
  -------         ENDDO         
  C:4C7DH         LINE#         1028
  C:4C7DH         LINE#         1029
  C:4C7DH         LINE#         1032
  C:4C8BH         LINE#         1033
  C:4C8BH         LINE#         1035
  C:4C94H         LINE#         1036
  -------         ENDPROC       _DELAY
  -------         PROC          INT2_INT
  C:4B99H         LINE#         1040
  C:4B9FH         LINE#         1042
  C:4BA1H         LINE#         1043
  C:4BA3H         LINE#         1044
  C:4BA6H         LINE#         1045
  C:4BACH         LINE#         1046
  C:4BB1H         LINE#         1047
  -------         ENDPROC       INT2_INT
  -------         PROC          INT3_INT
  C:4BB8H         LINE#         1049
  C:4BBEH         LINE#         1051
  C:4BC0H         LINE#         1052
  C:4BC2H         LINE#         1053
  C:4BC5H         LINE#         1054
  C:4BCBH         LINE#         1055
  C:4BD0H         LINE#         1056
  -------         ENDPROC       INT3_INT
  -------         ENDMOD        CPU

  -------         MODULE        ETC_EEP
  C:0000H         SYMBOL        _ICE_DUMMY_
  C:4758H         PUBLIC        GetProjectNameEE
  C:4574H         PUBLIC        ClearBasicEE
  C:4C4BH         PUBLIC        SaveFWRevEE
  C:46C4H         PUBLIC        GetFWRevEE
  -------         PROC          GETFWREVEE
  -------         DO            
  D:0004H         SYMBOL        rev
BL51 BANKED LINKER/LOCATER V6.22.2.0                                                  02/22/2021  17:15:59  PAGE 21


  -------         ENDDO         
  C:46C4H         LINE#         17
  C:46C4H         LINE#         18
  C:46C4H         LINE#         19
  C:46CAH         LINE#         26
  C:470DH         LINE#         28
  C:470DH         LINE#         29
  -------         ENDPROC       GETFWREVEE
  -------         PROC          GETPROJECTNAMEEE
  -------         DO            
  X:01D6H         SYMBOL        rev
  -------         ENDDO         
  C:4758H         LINE#         31
  C:4758H         LINE#         32
  C:4758H         LINE#         33
  C:475EH         LINE#         35
  C:476CH         LINE#         36
  C:477BH         LINE#         37
  C:478AH         LINE#         38
  C:4799H         LINE#         40
  C:479EH         LINE#         41
  -------         ENDPROC       GETPROJECTNAMEEE
  -------         PROC          SAVEFWREVEE
  C:4C4BH         LINE#         43
  C:4C4BH         LINE#         44
  C:4C4BH         LINE#         51
  C:4C53H         LINE#         52
  C:4C5BH         LINE#         53
  -------         ENDPROC       SAVEFWREVEE
  -------         PROC          CLEARBASICEE
  C:4574H         LINE#         67
  C:4574H         LINE#         68
  C:4574H         LINE#         70
  C:457DH         LINE#         72
  C:4585H         LINE#         73
  C:458EH         LINE#         74
  C:4597H         LINE#         75
  C:45A0H         LINE#         77
  C:45A9H         LINE#         80
  C:45B2H         LINE#         82
  C:45BAH         LINE#         84
  C:45C2H         LINE#         86
  C:45CAH         LINE#         88
  -------         ENDPROC       CLEARBASICEE
  -------         ENDMOD        ETC_EEP

  -------         MODULE        HS_DVRPROTOCOL
  C:0000H         SYMBOL        _ICE_DUMMY_
  X:0000H         PUBLIC        protocol_data_count
  X:0001H         PUBLIC        protocol_len
  X:0002H         PUBLIC        protocol_type
  B:0021H.3       PUBLIC        protocol_escape_flag
  X:0003H         PUBLIC        protocol_chksum
  X:0004H         PUBLIC        protocol_param
  X:0005H         PUBLIC        protocol_data
  C:1C91H         PUBLIC        DvrReceivePaser
  X:0105H         PUBLIC        protocol_state
BL51 BANKED LINKER/LOCATER V6.22.2.0                                                  02/22/2021  17:15:59  PAGE 22


  -------         PROC          DVRRECEIVEPASER
  -------         DO            
  X:01D2H         SYMBOL        c
  -------         ENDDO         
  C:1C91H         LINE#         38
  C:1C91H         LINE#         39
  C:1C91H         LINE#         41
  C:1C9AH         LINE#         42
  C:1C9AH         LINE#         43
  C:1CA2H         LINE#         45
  C:1CA8H         LINE#         46
  C:1CA8H         LINE#         50
  C:1CAAH         LINE#         51
  C:1CAFH         LINE#         52
  C:1CB5H         LINE#         54
  C:1CB5H         LINE#         56
  C:1CBBH         LINE#         57
  C:1CBBH         LINE#         58
  C:1CBEH         LINE#         60
  C:1CBEH         LINE#         62
  C:1CC1H         LINE#         63
  C:1CC1H         LINE#         64
  C:1CC3H         LINE#         65
  C:1CCAH         LINE#         66
  C:1CCAH         LINE#         68
  C:1CD3H         LINE#         69
  C:1CD3H         LINE#         70
  C:1CE3H         LINE#         71
  C:1CE3H         LINE#         73
  C:1CF8H         LINE#         74
  C:1CF8H         LINE#         75
  C:1CF8H         LINE#         76
  C:1D00H         LINE#         77
  C:1D13H         LINE#         78
  C:1D13H         LINE#         79
  C:1D13H         LINE#         80
  C:1D13H         LINE#         81
  C:1D13H         LINE#         82
  C:1D13H         LINE#         83
  C:1D13H         LINE#         84
  C:1D13H         LINE#         85
  C:1D13H         LINE#         86
  C:1D13H         LINE#         87
  C:1D13H         LINE#         88
  C:1D13H         LINE#         89
  C:1D13H         LINE#         90
  C:1D13H         LINE#         91
  C:1D13H         LINE#         92
  C:1D19H         LINE#         93
  C:1D1AH         LINE#         94
  C:1D1AH         LINE#         97
  C:1D1AH         LINE#         98
  C:1D1AH         LINE#         100
  C:1D1AH         LINE#         101
  C:1D22H         LINE#         102
  C:1D37H         LINE#         103
  C:1D37H         LINE#         104
BL51 BANKED LINKER/LOCATER V6.22.2.0                                                  02/22/2021  17:15:59  PAGE 23


  C:1D37H         LINE#         105
  C:1D37H         LINE#         106
  C:1D37H         LINE#         107
  C:1D37H         LINE#         108
  C:1D37H         LINE#         109
  C:1D37H         LINE#         110
  C:1D37H         LINE#         111
  C:1D37H         LINE#         112
  C:1D37H         LINE#         113
  C:1D37H         LINE#         114
  C:1D37H         LINE#         115
  C:1D37H         LINE#         116
  C:1D37H         LINE#         118
  C:1D3DH         LINE#         119
  C:1D3DH         LINE#         120
  C:1D3DH         LINE#         121
  C:1D3FH         LINE#         123
  C:1D3FH         LINE#         124
  C:1D44H         LINE#         125
  C:1D4AH         LINE#         130
  C:1D4AH         LINE#         131
  C:1D4BH         LINE#         132
  C:1D4BH         LINE#         133
  C:1D4BH         LINE#         134
  C:1D4EH         LINE#         135
  C:1D4EH         LINE#         136
  C:1D4EH         LINE#         138
  C:1D4EH         LINE#         139
  C:1D65H         LINE#         140
  C:1D65H         LINE#         141
  C:1D65H         LINE#         142
  C:1D65H         LINE#         143
  C:1D65H         LINE#         144
  C:1D65H         LINE#         145
  C:1D65H         LINE#         146
  C:1D65H         LINE#         147
  C:1D65H         LINE#         148
  C:1D65H         LINE#         149
  C:1D65H         LINE#         150
  C:1D65H         LINE#         151
  C:1D65H         LINE#         152
  C:1D65H         LINE#         155
  C:1D79H         LINE#         156
  C:1D7FH         LINE#         157
  C:1D8CH         LINE#         158
  C:1D92H         LINE#         162
  C:1D92H         LINE#         167
  C:1D93H         LINE#         168
  C:1D93H         LINE#         169
  C:1D93H         LINE#         170
  C:1D96H         LINE#         171
  C:1D96H         LINE#         172
  C:1D96H         LINE#         174
  C:1D96H         LINE#         175
  C:1DA5H         LINE#         176
  C:1DA5H         LINE#         181
  C:1DD7H         LINE#         182
BL51 BANKED LINKER/LOCATER V6.22.2.0                                                  02/22/2021  17:15:59  PAGE 24


  C:1DD7H         LINE#         183
  C:1DD7H         LINE#         187
  C:1DDEH         LINE#         188
  C:1DE7H         LINE#         189
  C:1DF4H         LINE#         190
  C:1DF4H         LINE#         191
  C:1DF8H         LINE#         192
  C:1DFDH         LINE#         193
  C:1E02H         LINE#         194
  C:1E02H         LINE#         195
  C:1E0EH         LINE#         196
  C:1E0EH         LINE#         198
  C:1E10H         LINE#         199
  C:1E10H         LINE#         203
  C:1E15H         LINE#         204
  C:1E21H         LINE#         205
  C:1E27H         LINE#         206
  C:1E2AH         LINE#         207
  C:1E2AH         LINE#         212
  C:1E30H         LINE#         213
  C:1E33H         LINE#         214
  C:1E33H         LINE#         219
  C:1E39H         LINE#         220
  C:1E3CH         LINE#         221
  C:1E3CH         LINE#         234
  C:1E5DH         LINE#         235
  C:1E7EH         LINE#         237
  C:1E9FH         LINE#         238
  C:1EC0H         LINE#         240
  C:1EE1H         LINE#         241
  C:1F02H         LINE#         243
  C:1F23H         LINE#         244
  C:1F44H         LINE#         246
  C:1F4AH         LINE#         248
  C:1F4DH         LINE#         250
  C:1F4DH         LINE#         256
  C:1F5AH         LINE#         257
  C:1F5DH         LINE#         259
  C:1F6FH         LINE#         261
  C:1F78H         LINE#         262
  C:1F7DH         LINE#         264
  C:1F87H         LINE#         265
  C:1F90H         LINE#         292
  C:1F93H         LINE#         294
  C:1F93H         LINE#         299
  C:1F9CH         LINE#         300
  C:1F9CH         LINE#         301
  C:1FA3H         LINE#         305
  C:1FA6H         LINE#         306
  C:1FAFH         LINE#         307
  C:1FAFH         LINE#         308
  C:1FB4H         LINE#         309
  C:1FBBH         LINE#         313
  C:1FBBH         LINE#         314
  C:1FBEH         LINE#         316
  C:1FBEH         LINE#         320
  C:1FC4H         LINE#         321
BL51 BANKED LINKER/LOCATER V6.22.2.0                                                  02/22/2021  17:15:59  PAGE 25


  C:1FC7H         LINE#         323
  C:1FC7H         LINE#         328
  C:1FCDH         LINE#         329
  C:1FCDH         LINE#         330
  C:1FD4H         LINE#         331
  C:1FD9H         LINE#         334
  C:1FDEH         LINE#         335
  C:1FE3H         LINE#         336
  C:1FE8H         LINE#         337
  C:1FEDH         LINE#         338
  C:1FF2H         LINE#         339
  C:1FF7H         LINE#         341
  C:1FFDH         LINE#         343
  C:2000H         LINE#         344
  C:2008H         LINE#         345
  C:2008H         LINE#         346
  C:200EH         LINE#         347
  C:200EH         LINE#         348
  C:200EH         LINE#         349
  C:2010H         LINE#         350
  C:201BH         LINE#         351
  C:201BH         LINE#         352
  C:2022H         LINE#         353
  C:2025H         LINE#         354
  C:202EH         LINE#         355
  C:2030H         LINE#         356
  C:2030H         LINE#         358
  C:2033H         LINE#         360
  C:2033H         LINE#         365
  C:203EH         LINE#         366
  C:203EH         LINE#         367
  C:2045H         LINE#         368
  C:2047H         LINE#         369
  C:2053H         LINE#         370
  C:2053H         LINE#         371
  C:205AH         LINE#         372
  C:205FH         LINE#         373
  C:2066H         LINE#         375
  C:2072H         LINE#         376
  C:2076H         LINE#         377
  C:2076H         LINE#         378
  C:2086H         LINE#         379
  C:2086H         LINE#         380
  C:208DH         LINE#         381
  C:2094H         LINE#         382
  C:2099H         LINE#         383
  C:20A0H         LINE#         384
  C:20AAH         LINE#         385
  C:20B2H         LINE#         389
  C:20BEH         LINE#         390
  C:20C2H         LINE#         391
  C:20C2H         LINE#         393
  C:20C7H         LINE#         395
  C:20C9H         LINE#         397
  C:20C9H         LINE#         401
  C:20D2H         LINE#         402
  C:20D4H         LINE#         404
BL51 BANKED LINKER/LOCATER V6.22.2.0                                                  02/22/2021  17:15:59  PAGE 26


  C:20D4H         LINE#         406
  C:20DCH         LINE#         407
  C:20DCH         LINE#         408
  C:20E4H         LINE#         409
  C:20EAH         LINE#         410
  C:20ECH         LINE#         412
  C:20ECH         LINE#         413
  C:20F4H         LINE#         414
  C:20F9H         LINE#         415
  C:20F9H         LINE#         422
  C:20FBH         LINE#         423
  C:20FBH         LINE#         424
  C:2106H         LINE#         425
  C:210BH         LINE#         427
  C:210EH         LINE#         432
  C:2117H         LINE#         435
  C:2117H         LINE#         436
  C:2117H         LINE#         437
  C:2117H         LINE#         438
  C:2117H         LINE#         440
  C:2117H         LINE#         442
  C:2117H         LINE#         446
  C:2117H         LINE#         447
  C:211CH         LINE#         448
  C:211CH         LINE#         449
  C:211CH         LINE#         450
  C:211CH         LINE#         451
  C:211CH         LINE#         452
  C:211CH         LINE#         455
  -------         ENDPROC       DVRRECEIVEPASER
  -------         ENDMOD        HS_DVRPROTOCOL

  -------         MODULE        I2C
  C:0000H         SYMBOL        _ICE_DUMMY_
  B:0090H.0       PUBLIC        P1_0
  B:0090H.1       PUBLIC        P1_1
  C:499BH         PUBLIC        I2CReadData
  C:4962H         PUBLIC        _ReadI2C
  C:4409H         PUBLIC        _I2CWriteData
  C:4D0DH         PUBLIC        I2CStart
  C:4CC4H         PUBLIC        I2Cdelay
  C:4B12H         PUBLIC        _ReadEEP
  C:4B59H         PUBLIC        _WriteAD5110
  C:0016H         PUBLIC        I2CStop
  C:479FH         PUBLIC        _WriteEEP
  C:438BH         PUBLIC        _AD5110_I2CWriteData
  C:4CC0H         SYMBOL        L?0054
  -------         PROC          L?0053
  -------         ENDPROC       L?0053
  C:4CC0H         SYMBOL        L?0054
  -------         PROC          I2CDELAY
  -------         DO            
  D:0007H         SYMBOL        i
  -------         ENDDO         
  C:4CC4H         LINE#         34
  C:4CC4H         LINE#         35
  C:4CC4H         LINE#         37
BL51 BANKED LINKER/LOCATER V6.22.2.0                                                  02/22/2021  17:15:59  PAGE 27


  C:4CD0H         LINE#         38
  C:4CD3H         LINE#         39
  -------         ENDPROC       I2CDELAY
  -------         PROC          _WRITEEEP
  X:01D6H         SYMBOL        index
  X:01D8H         SYMBOL        dat
  -------         DO            
  X:01D9H         SYMBOL        addr
  -------         ENDDO         
  C:479FH         LINE#         42
  C:47AAH         LINE#         43
  C:47AAH         LINE#         46
  C:47C2H         LINE#         48
  C:47C5H         LINE#         49
  C:47CDH         LINE#         50
  C:47D6H         LINE#         51
  C:47DEH         LINE#         52
  C:47E1H         LINE#         58
  -------         ENDPROC       _WRITEEEP
  -------         PROC          _READEEP
  D:0004H         SYMBOL        index
  -------         DO            
  X:01FAH         SYMBOL        val
  D:0007H         SYMBOL        addr
  -------         ENDDO         
  C:4B12H         LINE#         61
  C:4B16H         LINE#         62
  C:4B16H         LINE#         66
  C:4B25H         LINE#         68
  C:4B2DH         LINE#         73
  C:4B32H         LINE#         74
  C:4B37H         LINE#         75
  -------         ENDPROC       _READEEP
  -------         PROC          _READI2C
  X:01FBH         SYMBOL        addr
  X:01FCH         SYMBOL        index
  -------         DO            
  X:01FDH         SYMBOL        val
  -------         ENDDO         
  C:4962H         LINE#         77
  C:496AH         LINE#         78
  C:496AH         LINE#         81
  C:496DH         LINE#         82
  C:4975H         LINE#         83
  C:497DH         LINE#         84
  C:4980H         LINE#         85
  C:498AH         LINE#         86
  C:4992H         LINE#         87
  C:4995H         LINE#         89
  C:499AH         LINE#         90
  -------         ENDPROC       _READI2C
  -------         PROC          I2CSTART
  C:4D0DH         LINE#         106
  C:4D0DH         LINE#         107
  C:4D0DH         LINE#         108
  C:4D12H         LINE#         109
  C:4D17H         LINE#         110
BL51 BANKED LINKER/LOCATER V6.22.2.0                                                  02/22/2021  17:15:59  PAGE 28


  C:4D1CH         LINE#         111
  C:4D1EH         LINE#         112
  -------         ENDPROC       I2CSTART
  -------         PROC          I2CSTOP
  C:0016H         LINE#         114
  C:0016H         LINE#         115
  C:0016H         LINE#         116
  C:001BH         LINE#         117
  C:0020H         LINE#         118
  C:0022H         LINE#         119
  -------         ENDPROC       I2CSTOP
  -------         PROC          _I2CWRITEDATA
  D:0006H         SYMBOL        value
  C:4409H         LINE#         121
  C:440BH         LINE#         122
  C:440BH         LINE#         124
  C:4418H         LINE#         125
  C:4425H         LINE#         126
  C:4432H         LINE#         127
  C:443FH         LINE#         129
  C:444CH         LINE#         130
  C:4459H         LINE#         131
  C:4466H         LINE#         132
  C:4473H         LINE#         135
  C:4475H         LINE#         136
  C:4477H         LINE#         137
  C:4479H         LINE#         138
  C:447BH         LINE#         140
  C:447DH         LINE#         141
  C:447FH         LINE#         142
  C:4481H         LINE#         143
  C:4483H         LINE#         144
  -------         ENDPROC       _I2CWRITEDATA
  -------         PROC          I2CREADDATA
  -------         DO            
  D:0004H         SYMBOL        i
  D:0006H         SYMBOL        value
  -------         ENDDO         
  C:499BH         LINE#         146
  C:499BH         LINE#         147
  C:499BH         LINE#         149
  C:499DH         LINE#         151
  C:49A2H         LINE#         152
  C:49A4H         LINE#         154
  C:49A7H         LINE#         155
  C:49A9H         LINE#         156
  C:49ADH         LINE#         157
  C:49B3H         LINE#         158
  C:49B5H         LINE#         159
  C:49C0H         LINE#         160
  C:49C3H         LINE#         162
  C:49C5H         LINE#         163
  C:49C7H         LINE#         164
  C:49C9H         LINE#         165
  C:49CBH         LINE#         167
  C:49CDH         LINE#         169
  -------         ENDPROC       I2CREADDATA
BL51 BANKED LINKER/LOCATER V6.22.2.0                                                  02/22/2021  17:15:59  PAGE 29


  -------         PROC          _AD5110_I2CWRITEDATA
  D:0006H         SYMBOL        value
  C:438BH         LINE#         172
  C:438DH         LINE#         173
  C:438DH         LINE#         175
  C:439AH         LINE#         176
  C:43A7H         LINE#         177
  C:43B4H         LINE#         178
  C:43C1H         LINE#         180
  C:43CEH         LINE#         181
  C:43DBH         LINE#         182
  C:43E8H         LINE#         183
  C:43F5H         LINE#         186
  C:43F7H         LINE#         187
  C:43F9H         LINE#         188
  C:43FBH         LINE#         189
  C:43FDH         LINE#         190
  C:4400H         LINE#         191
  C:4402H         LINE#         192
  C:4404H         LINE#         193
  C:4406H         LINE#         194
  C:4408H         LINE#         196
  -------         ENDPROC       _AD5110_I2CWRITEDATA
  -------         PROC          _WRITEAD5110
  D:0002H         SYMBOL        index
  D:0005H         SYMBOL        dat
  -------         DO            
  D:0006H         SYMBOL        addr
  -------         ENDDO         
  C:4B59H         LINE#         229
  C:4B5DH         LINE#         230
  C:4B5DH         LINE#         233
  C:4B5FH         LINE#         235
  C:4B62H         LINE#         236
  C:4B67H         LINE#         237
  C:4B6CH         LINE#         238
  C:4B71H         LINE#         239
  C:4B74H         LINE#         245
  -------         ENDPROC       _WRITEAD5110
  -------         ENDMOD        I2C

  -------         MODULE        KEYREMO
  C:0000H         SYMBOL        _ICE_DUMMY_
  C:4C30H         PUBLIC        _GetKey
  C:4A5FH         PUBLIC        Scankey
  -------         PROC          SCANKEY
  C:4A5FH         LINE#         31
  C:4A5FH         LINE#         32
  C:4A5FH         LINE#         34
  C:4A67H         LINE#         35
  C:4A67H         LINE#         37
  C:4A77H         LINE#         38
  C:4A77H         LINE#         39
  C:4A7BH         LINE#         40
  C:4A81H         LINE#         41
  C:4A83H         LINE#         43
  C:4A8CH         LINE#         44
BL51 BANKED LINKER/LOCATER V6.22.2.0                                                  02/22/2021  17:15:59  PAGE 30


  C:4A8CH         LINE#         46
  -------         ENDPROC       SCANKEY
  -------         PROC          _GETKEY
  D:0007H         SYMBOL        repeat
  -------         DO            
  B:0021H.1       SYMBOL        ready
  -------         ENDDO         
  C:4C30H         LINE#         51
  C:4C30H         LINE#         52
  C:4C30H         LINE#         56
  C:4C34H         LINE#         57
  C:4C36H         LINE#         59
  C:4C3CH         LINE#         60
  C:4C42H         LINE#         61
  C:4C48H         LINE#         63
  C:4C4AH         LINE#         64
  -------         ENDPROC       _GETKEY
  -------         ENDMOD        KEYREMO

  -------         MODULE        MAIN
  C:0000H         SYMBOL        _ICE_DUMMY_
  C:36F5H         PUBLIC        _Mapping1
  C:40E4H         PUBLIC        _mcuLib_ProtocolSendCmdWithParamNum
  D:00E7H         PUBLIC        ISPCR
  D:00E8H         PUBLIC        P4
  X:0106H         PUBLIC        PowerFlag
  B:0080H.0       PUBLIC        P0_0
  X:0107H         PUBLIC        LowBatteryFlag
  B:0080H.1       PUBLIC        P0_1
  X:0108H         PUBLIC        UserRange
  B:00B0H.4       PUBLIC        P3_4
  B:00B0H.5       PUBLIC        P3_5
  C:486DH         PUBLIC        _SetAD5110Step
  C:32EFH         PUBLIC        _MCU_SendCmdToDVR
  X:010EH         PUBLIC        g_stBatteryInfo
  D:00C6H         PUBLIC        ADCV
  X:0114H         PUBLIC        DVRChangeCurrent
  X:0115H         PUBLIC        EncorderLen_Offset
  X:0117H         PUBLIC        EncorderLenint
  C:4309H         PUBLIC        main
  D:00E6H         PUBLIC        SCMD
  X:0118H         PUBLIC        g_stDVRInfo
  X:011AH         PUBLIC        PowerOffToOnFlag
  D:00E3H         PUBLIC        IFADRH
  D:00E5H         PUBLIC        IFMT
  X:011BH         PUBLIC        Power_down_mode
  D:00E4H         PUBLIC        IFADRL
  X:011CH         PUBLIC        AD5110Range
  C:456DH         SYMBOL        _?ix1000
  C:4BD7H         PUBLIC        main_loop
  C:3FACH         PUBLIC        LoadEEPROM
  X:0122H         PUBLIC        EncorderCountPN_offset
  C:4B38H         PUBLIC        enter_isp
  D:00E2H         PUBLIC        IFD
  X:0123H         PUBLIC        EncorderLenfloaat
  X:0125H         PUBLIC        EncorderLen
  C:4D5DH         PUBLIC        GetBatteryVoltage
BL51 BANKED LINKER/LOCATER V6.22.2.0                                                  02/22/2021  17:15:59  PAGE 31


  C:45D3H         PUBLIC        InitialTimerEvent
  C:49CEH         PUBLIC        _isp_write
  C:4D56H         PUBLIC        GetBatteryBTH
  X:0129H         PUBLIC        EncorderCountPN
  C:000EH         PUBLIC        isp_init
  X:012AH         PUBLIC        Decimal1
  X:012EH         PUBLIC        DebugLevel
  X:012FH         PUBLIC        Decimal2
  X:0133H         PUBLIC        Decimal3
  C:3A98H         PUBLIC        WaitPowerOn
  X:0137H         PUBLIC        Decimal4
  X:013BH         PUBLIC        PWR_START_flag
  X:013CH         PUBLIC        Encorder1
  X:0140H         PUBLIC        Encorder2
  D:00C5H         PUBLIC        ADCTL
  X:0144H         PUBLIC        Encorder3
  C:4B79H         PUBLIC        _GetADCValue
  X:0148H         PUBLIC        Encorder4
  D:00E8H         PUBLIC        ADCVL
  X:014CH         PUBLIC        AD5110_setp
  X:0175H         PUBLIC        CameraVolt
  C:3F19H         PUBLIC        _mcuLib_ProtocolAppend
  C:255AH         PUBLIC        EncorderHandler
  -------         PROC          _ISP_WRITE
  D:0001H         SYMBOL        buf
  D:0005H         SYMBOL        addr_high
  X:01DBH         SYMBOL        addr_low
  X:01DCH         SYMBOL        len
  C:49CEH         LINE#         85
  C:49CEH         LINE#         86
  C:49CEH         LINE#         87
  C:49D1H         LINE#         88
  C:49D3H         LINE#         90
  C:49D3H         LINE#         91
  C:49D9H         LINE#         92
  C:49DEH         LINE#         93
  C:49E1H         LINE#         94
  C:49E4H         LINE#         96
  C:49EBH         LINE#         97
  C:49F1H         LINE#         98
  C:49F4H         LINE#         99
  C:49F4H         LINE#         100
  C:49F5H         LINE#         101
  C:49F7H         LINE#         102
  C:49F7H         LINE#         103
  C:49FDH         LINE#         104
  C:49FDH         LINE#         105
  C:4A00H         LINE#         106
  -------         ENDPROC       _ISP_WRITE
  -------         PROC          ISP_INIT
  C:000EH         LINE#         108
  C:000EH         LINE#         109
  C:000EH         LINE#         110
  C:0011H         LINE#         111
  -------         ENDPROC       ISP_INIT
  -------         PROC          ENTER_ISP
  -------         DO            
BL51 BANKED LINKER/LOCATER V6.22.2.0                                                  02/22/2021  17:15:59  PAGE 32


  X:01D6H         SYMBOL        mark
  -------         ENDDO         
  C:4B38H         LINE#         113
  C:4B38H         LINE#         114
  C:4B38H         LINE#         116
  C:4B3DH         LINE#         117
  C:4B40H         LINE#         118
  C:4B55H         LINE#         119
  C:4B58H         LINE#         120
  -------         ENDPROC       ENTER_ISP
  C:3F01H         SYMBOL        L?0105
  C:3F11H         SYMBOL        L?0106
  -------         PROC          L?0104
  -------         ENDPROC       L?0104
  C:3F01H         SYMBOL        L?0105
  C:3F11H         SYMBOL        L?0106
  -------         PROC          _MCULIB_PROTOCOLAPPEND
  X:0211H         SYMBOL        pucBuf
  X:0214H         SYMBOL        piLen
  X:0217H         SYMBOL        ucByte
  C:3F19H         LINE#         123
  C:3F24H         LINE#         124
  C:3F32H         LINE#         125
  C:3F56H         LINE#         126
  C:3F66H         LINE#         127
  C:3F6FH         LINE#         128
  C:3F6FH         LINE#         129
  C:3F71H         LINE#         130
  C:3F99H         LINE#         131
  C:3FA9H         LINE#         132
  C:3FA9H         LINE#         133
  C:3FABH         LINE#         134
  -------         ENDPROC       _MCULIB_PROTOCOLAPPEND
  -------         PROC          _MCULIB_PROTOCOLSENDCMDWITHPARAMNUM
  D:0007H         SYMBOL        ucType
  X:01FBH         SYMBOL        pucParam
  X:01FEH         SYMBOL        ucSize
  -------         DO            
  D:0005H         SYMBOL        ucChecksum
  X:01FFH         SYMBOL        pucBuf
  X:020FH         SYMBOL        iLen
  X:0210H         SYMBOL        i
  -------         ENDDO         
  C:40E4H         LINE#         136
  C:40EFH         LINE#         137
  C:40EFH         LINE#         142
  C:40F5H         LINE#         143
  C:40FBH         LINE#         144
  C:40FCH         LINE#         145
  C:40FFH         LINE#         146
  C:4103H         LINE#         147
  C:4106H         LINE#         149
  C:4119H         LINE#         150
  C:412CH         LINE#         151
  C:412FH         LINE#         152
  C:4137H         LINE#         154
  C:4149H         LINE#         156
BL51 BANKED LINKER/LOCATER V6.22.2.0                                                  02/22/2021  17:15:59  PAGE 33


  C:415AH         LINE#         157
  C:4169H         LINE#         158
  C:4171H         LINE#         161
  C:4173H         LINE#         162
  -------         ENDPROC       _MCULIB_PROTOCOLSENDCMDWITHPARAMNUM
  -------         PROC          _MCU_SENDCMDTODVR
  X:01F2H         SYMBOL        ucType
  -------         DO            
  X:01F3H         SYMBOL        buf
  D:0002H         SYMBOL        val
  -------         ENDDO         
  C:32EFH         LINE#         165
  C:32F4H         LINE#         166
  C:32F4H         LINE#         167
  C:3307H         LINE#         169
  C:3328H         LINE#         170
  C:3328H         LINE#         171
  C:3328H         LINE#         172
  C:3334H         LINE#         173
  C:3340H         LINE#         174
  C:334CH         LINE#         175
  C:335AH         LINE#         176
  C:335DH         LINE#         178
  C:335DH         LINE#         183
  C:3394H         LINE#         185
  C:33A8H         LINE#         186
  C:33B1H         LINE#         188
  C:33B6H         LINE#         218
  C:33BBH         LINE#         229
  C:33C8H         LINE#         231
  C:33CBH         LINE#         233
  C:33E4H         LINE#         236
  C:340DH         LINE#         240
  C:3415H         LINE#         242
  C:3422H         LINE#         243
  C:3429H         LINE#         245
  C:3436H         LINE#         246
  C:343DH         LINE#         248
  C:3443H         LINE#         249
  C:344AH         LINE#         251
  C:3452H         LINE#         252
  C:3459H         LINE#         254
  C:3461H         LINE#         255
  C:3468H         LINE#         257
  C:346EH         LINE#         258
  C:3475H         LINE#         260
  C:3480H         LINE#         261
  C:3487H         LINE#         263
  C:34C5H         LINE#         264
  C:34CCH         LINE#         267
  C:34DAH         LINE#         268
  C:34DCH         LINE#         270
  C:34DCH         LINE#         271
  C:34EAH         LINE#         272
  C:34EAH         LINE#         273
  C:34F0H         LINE#         274
  C:34F7H         LINE#         278
BL51 BANKED LINKER/LOCATER V6.22.2.0                                                  02/22/2021  17:15:59  PAGE 34


  C:34F7H         LINE#         279
  C:3505H         LINE#         280
  C:3507H         LINE#         282
  C:3507H         LINE#         283
  C:3515H         LINE#         284
  C:3517H         LINE#         286
  C:3517H         LINE#         287
  C:3528H         LINE#         288
  C:3528H         LINE#         290
  C:3528H         LINE#         291
  C:3528H         LINE#         293
  C:3528H         LINE#         295
  -------         ENDPROC       _MCU_SENDCMDTODVR
  -------         PROC          INITIALTIMEREVENT
  C:45D3H         LINE#         298
  C:45D3H         LINE#         299
  C:45D3H         LINE#         300
  C:45D6H         LINE#         301
  C:45DFH         LINE#         302
  C:45E8H         LINE#         303
  C:45F1H         LINE#         304
  C:45FAH         LINE#         305
  C:4603H         LINE#         306
  C:460CH         LINE#         307
  C:4615H         LINE#         308
  C:461EH         LINE#         309
  C:4625H         LINE#         315
  -------         ENDPROC       INITIALTIMEREVENT
  -------         PROC          _MAPPING1
  X:01D8H         SYMBOL        fromValue
  X:01DAH         SYMBOL        fromRange
  X:01DDH         SYMBOL        toValue
  X:01E0H         SYMBOL        toRange
  -------         DO            
  X:01E3H         SYMBOL        a
  X:01E5H         SYMBOL        b
  -------         ENDDO         
  C:36F5H         LINE#         317
  C:3706H         LINE#         318
  C:3706H         LINE#         325
  C:371EH         LINE#         326
  C:3744H         LINE#         327
  C:376CH         LINE#         329
  C:3771H         LINE#         331
  C:37A6H         LINE#         332
  C:37A9H         LINE#         333
  C:37A9H         LINE#         334
  C:37D0H         LINE#         335
  C:37F8H         LINE#         337
  C:37FDH         LINE#         339
  C:3868H         LINE#         340
  C:3868H         LINE#         342
  C:386AH         LINE#         344
  -------         ENDPROC       _MAPPING1
  -------         PROC          _SETAD5110STEP
  D:0007H         SYMBOL        newv
  -------         DO            
[...]
  C:0762H         LINE#         1030
  C:0766H         LINE#         1060
  C:0769H         LINE#         1062
  C:0769H         LINE#         1067
  C:0774H         LINE#         1068
  C:0774H         LINE#         1069
  C:077CH         LINE#         1076
  C:077DH         LINE#         1085
  C:0785H         LINE#         1086
  C:078DH         LINE#         1089
  C:078DH         LINE#         1090
  C:0798H         LINE#         1091
  C:0798H         LINE#         1092
  C:07AFH         LINE#         1093
  C:07AFH         LINE#         1094
  C:07B5H         LINE#         1095
  C:07BDH         LINE#         1096
  C:07BDH         LINE#         1098
  C:07BDH         LINE#         1102
  C:07C3H         LINE#         1103
  C:07C3H         LINE#         1109
  C:07C6H         LINE#         1111
  C:07CCH         LINE#         1113
  C:07CCH         LINE#         1115
  C:07CFH         LINE#         1116
  C:07CFH         LINE#         1117
  C:07DAH         LINE#         1118
BL51 BANKED LINKER/LOCATER V6.22.2.0                                                  02/22/2021  17:15:59  PAGE 61


  C:07DFH         LINE#         1119
  C:07E2H         LINE#         1120
  C:07E2H         LINE#         1124
  C:07EDH         LINE#         1136
  C:0800H         LINE#         1137
  C:0800H         LINE#         1138
  C:0805H         LINE#         1139
  C:0809H         LINE#         1140
  C:080DH         LINE#         1141
  C:0813H         LINE#         1142
  C:0814H         LINE#         1143
  C:0817H         LINE#         1144
  C:0830H         LINE#         1145
  C:0830H         LINE#         1146
  C:0835H         LINE#         1147
  C:0839H         LINE#         1148
  C:083DH         LINE#         1149
  C:0841H         LINE#         1150
  C:0847H         LINE#         1151
  C:084AH         LINE#         1152
  C:085CH         LINE#         1153
  C:085CH         LINE#         1154
  C:0862H         LINE#         1155
  C:0867H         LINE#         1156
  C:086BH         LINE#         1157
  C:086FH         LINE#         1158
  C:086FH         LINE#         1159
  C:0871H         LINE#         1160
  C:0883H         LINE#         1161
  C:0883H         LINE#         1162
  C:0888H         LINE#         1163
  C:088CH         LINE#         1164
  C:0892H         LINE#         1165
  C:0897H         LINE#         1166
  C:0897H         LINE#         1168
  C:0899H         LINE#         1169
  C:08ABH         LINE#         1170
  C:08ABH         LINE#         1171
  C:08B0H         LINE#         1172
  C:08B6H         LINE#         1173
  C:08BBH         LINE#         1174
  C:08BFH         LINE#         1175
  C:08BFH         LINE#         1176
  C:08C1H         LINE#         1178
  C:08C1H         LINE#         1181
  C:08C8H         LINE#         1182
  C:08CDH         LINE#         1184
  C:08D3H         LINE#         1185
  C:08D8H         LINE#         1186
  C:08DCH         LINE#         1187
  C:08E0H         LINE#         1188
  C:08E4H         LINE#         1189
  C:08E8H         LINE#         1190
  C:08E8H         LINE#         1192
  C:093EH         LINE#         1194
  C:0944H         LINE#         1197
  C:094CH         LINE#         1198
BL51 BANKED LINKER/LOCATER V6.22.2.0                                                  02/22/2021  17:15:59  PAGE 62


  C:094CH         LINE#         1199
  C:0952H         LINE#         1200
  C:0957H         LINE#         1201
  C:095EH         LINE#         1202
  C:0961H         LINE#         1203
  C:0968H         LINE#         1204
  C:0968H         LINE#         1206
  C:0970H         LINE#         1207
  C:0970H         LINE#         1208
  C:0976H         LINE#         1209
  C:097BH         LINE#         1210
  C:0982H         LINE#         1211
  C:0985H         LINE#         1212
  C:098CH         LINE#         1213
  C:098CH         LINE#         1215
  C:0994H         LINE#         1216
  C:0994H         LINE#         1217
  C:0998H         LINE#         1218
  C:099DH         LINE#         1219
  C:09A4H         LINE#         1220
  C:09A7H         LINE#         1221
  C:09AEH         LINE#         1222
  C:09AEH         LINE#         1224
  C:09B6H         LINE#         1225
  C:09B6H         LINE#         1226
  C:09BCH         LINE#         1227
  C:09C1H         LINE#         1228
  C:09C8H         LINE#         1229
  C:09CBH         LINE#         1230
  C:09D2H         LINE#         1231
  C:09D2H         LINE#         1233
  C:09DAH         LINE#         1234
  C:09DAH         LINE#         1235
  C:09E0H         LINE#         1236
  C:09E5H         LINE#         1237
  C:09ECH         LINE#         1238
  C:09EFH         LINE#         1239
  C:09F6H         LINE#         1240
  C:09F6H         LINE#         1250
  C:0A05H         LINE#         1253
  C:0A1EH         LINE#         1254
  C:0A1EH         LINE#         1255
  C:0A24H         LINE#         1256
  C:0A29H         LINE#         1257
  C:0A2BH         LINE#         1259
  C:0A2BH         LINE#         1260
  C:0A30H         LINE#         1261
  C:0A36H         LINE#         1263
  C:0A36H         LINE#         1265
  C:0A3EH         LINE#         1266
  C:0A3EH         LINE#         1267
  C:0A3FH         LINE#         1268
  C:0A54H         LINE#         1269
  C:0A5BH         LINE#         1273
  C:0A5DH         LINE#         1274
  C:0A65H         LINE#         1275
  C:0A65H         LINE#         1276
BL51 BANKED LINKER/LOCATER V6.22.2.0                                                  02/22/2021  17:15:59  PAGE 63


  C:0A66H         LINE#         1277
  C:0A6DH         LINE#         1278
  C:0A6DH         LINE#         1310
  C:0A75H         LINE#         1311
  C:0A7BH         LINE#         1313
  C:0A7FH         LINE#         1314
  C:0A82H         LINE#         1316
  C:0A82H         LINE#         1319
  C:0A8FH         LINE#         1320
  C:0A8FH         LINE#         1324
  C:0A93H         LINE#         1325
  C:0A96H         LINE#         1326
  C:0A9CH         LINE#         1327
  C:0A9CH         LINE#         1328
  C:0A9FH         LINE#         1330
  C:0A9FH         LINE#         1346
  C:0AAAH         LINE#         1347
  C:0AAAH         LINE#         1348
  C:0AB7H         LINE#         1349
  C:0AB7H         LINE#         1350
  C:0ABBH         LINE#         1352
  C:0ABDH         LINE#         1354
  C:0ABFH         LINE#         1357
  C:0AC7H         LINE#         1358
  C:0AD0H         LINE#         1359
  C:0AD2H         LINE#         1361
  C:0ADAH         LINE#         1362
  C:0AE3H         LINE#         1363
  C:0AE5H         LINE#         1365
  C:0AE5H         LINE#         1367
  C:0AF0H         LINE#         1368
  C:0AF0H         LINE#         1369
  C:0AF2H         LINE#         1370
  C:0AF5H         LINE#         1372
  C:0AF5H         LINE#         1374
  C:0AFFH         LINE#         1375
  C:0AFFH         LINE#         1377
  C:0B22H         LINE#         1378
  C:0B22H         LINE#         1379
  C:0B2DH         LINE#         1380
  C:0B31H         LINE#         1382
  C:0B33H         LINE#         1383
  C:0B36H         LINE#         1384
  C:0B40H         LINE#         1385
  C:0B43H         LINE#         1389
  C:0B4DH         LINE#         1390
  C:0B4DH         LINE#         1392
  C:0B70H         LINE#         1393
  C:0B70H         LINE#         1394
  C:0B7BH         LINE#         1395
  C:0B7FH         LINE#         1397
  C:0B81H         LINE#         1398
  C:0B83H         LINE#         1399
  C:0B8DH         LINE#         1400
  C:0B8FH         LINE#         1402
  C:0B8FH         LINE#         1403
  C:0B91H         LINE#         1404
BL51 BANKED LINKER/LOCATER V6.22.2.0                                                  02/22/2021  17:15:59  PAGE 64


  C:0B9BH         LINE#         1405
  C:0B9BH         LINE#         1407
  C:0BBEH         LINE#         1408
  C:0BBEH         LINE#         1409
  C:0BC9H         LINE#         1410
  C:0BCDH         LINE#         1412
  C:0BCFH         LINE#         1413
  C:0BD1H         LINE#         1414
  C:0BDBH         LINE#         1415
  C:0BE2H         LINE#         1417
  C:0BEBH         LINE#         1418
  C:0BEBH         LINE#         1421
  C:0BEBH         LINE#         1423
  C:0BF1H         LINE#         1426
  C:0BF3H         LINE#         1428
  C:0BF3H         LINE#         1429
  C:0BFAH         LINE#         1430
  C:0BFCH         LINE#         1431
  C:0BFFH         LINE#         1432
  C:0C04H         LINE#         1433
  C:0C14H         LINE#         1434
  C:0C19H         LINE#         1435
  C:0C22H         LINE#         1436
  C:0C2BH         LINE#         1437
  C:0C2BH         LINE#         1439
  C:0C2BH         LINE#         1440
  C:0C2BH         LINE#         1441
  C:0C2EH         LINE#         1442
  C:0C2EH         LINE#         1444
  C:0C36H         LINE#         1445
  C:0C3EH         LINE#         1454
  C:0C55H         LINE#         1455
  C:0C55H         LINE#         1456
  C:0C5AH         LINE#         1457
  C:0C63H         LINE#         1458
  C:0C63H         LINE#         1460
  C:0C7AH         LINE#         1461
  C:0C7AH         LINE#         1462
  C:0C7FH         LINE#         1463
  C:0C88H         LINE#         1464
  C:0C88H         LINE#         1467
  C:0C90H         LINE#         1468
  C:0C90H         LINE#         1469
  C:0C9EH         LINE#         1470
  C:0C9EH         LINE#         1474
  C:0CA5H         LINE#         1475
  C:0CA8H         LINE#         1476
  C:0CA8H         LINE#         1478
  C:0CA8H         LINE#         1480
  C:0CCEH         LINE#         1481
  C:0CCEH         LINE#         1483
  C:0CCEH         LINE#         1485
  C:0CDBH         LINE#         1486
  C:0CDBH         LINE#         1490
  C:0CDFH         LINE#         1491
  C:0CDFH         LINE#         1493
  C:0CEBH         LINE#         1494
BL51 BANKED LINKER/LOCATER V6.22.2.0                                                  02/22/2021  17:15:59  PAGE 65


  C:0CEBH         LINE#         1498
  C:0CEFH         LINE#         1499
  C:0CF8H         LINE#         1500
  C:0D02H         LINE#         1501
  C:0D0AH         LINE#         1502
  C:0D0AH         LINE#         1503
  C:0D11H         LINE#         1504
  C:0D14H         LINE#         1505
  C:0D14H         LINE#         1506
  C:0D14H         LINE#         1507
  C:0D33H         LINE#         1508
  C:0D33H         LINE#         1509
  C:0D38H         LINE#         1511
  C:0D42H         LINE#         1512
  C:0D4AH         LINE#         1517
  C:0D4DH         LINE#         1518
  C:0D4FH         LINE#         1519
  C:0D6BH         LINE#         1520
  C:0D6BH         LINE#         1521
  C:0D6DH         LINE#         1522
  C:0D74H         LINE#         1524
  C:0D80H         LINE#         1525
  C:0D84H         LINE#         1526
  C:0D84H         LINE#         1528
  C:0D8FH         LINE#         1529
  C:0D8FH         LINE#         1530
  C:0D97H         LINE#         1534
  C:0D97H         LINE#         1536
  C:0D9EH         LINE#         1537
  C:0DA3H         LINE#         1538
  C:0DA5H         LINE#         1540
  C:0DA5H         LINE#         1541
  C:0DACH         LINE#         1543
  C:0DB7H         LINE#         1544
  C:0DB7H         LINE#         1545
  C:0DBFH         LINE#         1549
  C:0DBFH         LINE#         1550
  C:0DC1H         LINE#         1551
  C:0DC1H         LINE#         1552
  C:0DC1H         LINE#         1553
  C:0DC1H         LINE#         1554
  C:0DC1H         LINE#         1555
  C:0DC1H         LINE#         1557
  C:0DC8H         LINE#         1568
  C:0DCFH         LINE#         1569
  C:0DCFH         LINE#         1574
  C:0DCFH         LINE#         1634
  C:0DD5H         LINE#         1635
  C:0DD8H         LINE#         1636
  C:0DD8H         LINE#         1650
  C:0DE0H         LINE#         1651
  C:0DE0H         LINE#         1653
  C:0DEEH         LINE#         1654
  C:0DEEH         LINE#         1655
  C:0DF6H         LINE#         1656
  C:0DF6H         LINE#         1658
  C:0DFFH         LINE#         1659
BL51 BANKED LINKER/LOCATER V6.22.2.0                                                  02/22/2021  17:15:59  PAGE 66


  C:0E05H         LINE#         1660
  C:0E07H         LINE#         1662
  C:0E07H         LINE#         1663
  C:0E0AH         LINE#         1664
  C:0E0AH         LINE#         1666
  C:0E0CH         LINE#         1668
  C:0E0EH         LINE#         1669
  C:0E0EH         LINE#         1674
  C:0E13H         LINE#         1677
  C:0E1CH         LINE#         1678
  C:0E1CH         LINE#         1680
  C:0E1EH         LINE#         1681
  C:0E20H         LINE#         1682
  C:0E21H         LINE#         1684
  C:0E21H         LINE#         1685
  C:0E2EH         LINE#         1686
  C:0E30H         LINE#         1687
  C:0E32H         LINE#         1689
  C:0E32H         LINE#         1690
  C:0E3CH         LINE#         1691
  C:0E3EH         LINE#         1692
  C:0E40H         LINE#         1693
  C:0E40H         LINE#         1694
  C:0E4AH         LINE#         1695
  C:0E4CH         LINE#         1696
  C:0E4EH         LINE#         1698
  C:0E4EH         LINE#         1699
  C:0E58H         LINE#         1700
  C:0E5AH         LINE#         1701
  C:0E5CH         LINE#         1704
  C:0E5CH         LINE#         1705
  C:0E66H         LINE#         1706
  C:0E6BH         LINE#         1707
  C:0E6BH         LINE#         1710
  C:0E6BH         LINE#         1712
  C:0E72H         LINE#         1714
  C:0E77H         LINE#         1715
  C:0E77H         LINE#         1716
  C:0E78H         LINE#         1717
  C:0E7EH         LINE#         1718
  C:0E7EH         LINE#         1720
  C:0E86H         LINE#         1721
  C:0E86H         LINE#         1722
  C:0E87H         LINE#         1723
  C:0E8DH         LINE#         1724
  C:0E8DH         LINE#         1726
  C:0E95H         LINE#         1727
  C:0E95H         LINE#         1728
  C:0E96H         LINE#         1729
  C:0E9CH         LINE#         1730
  C:0E9CH         LINE#         1732
  C:0E9FH         LINE#         1734
  C:0EA8H         LINE#         1735
  C:0EA8H         LINE#         1737
  C:0EA8H         LINE#         1739
  C:0EAEH         LINE#         1741
  C:0EAEH         LINE#         1743
BL51 BANKED LINKER/LOCATER V6.22.2.0                                                  02/22/2021  17:15:59  PAGE 67


  C:0EAEH         LINE#         1744
  C:0EAEH         LINE#         1745
  C:0EAEH         LINE#         1746
  -------         ENDPROC       _SYSTIMEREVENTPROC
  -------         ENDMOD        SYSTIMER

  -------         MODULE        ?C?FPADD
  C:0EB6H         PUBLIC        ?C?FPADD
  C:0EB2H         PUBLIC        ?C?FPSUB
  -------         ENDMOD        ?C?FPADD

  -------         MODULE        ?C?FPMUL
  C:0FA7H         PUBLIC        ?C?FPMUL
  -------         ENDMOD        ?C?FPMUL

  -------         MODULE        ?C?FPDIV
  C:10B0H         PUBLIC        ?C?FPDIV
  -------         ENDMOD        ?C?FPDIV

  -------         MODULE        ?C?FCAST
  C:1157H         PUBLIC        ?C?FCASTC
  C:1152H         PUBLIC        ?C?FCASTI
  C:114DH         PUBLIC        ?C?FCASTL
  -------         ENDMOD        ?C?FCAST

  -------         MODULE        ?C?CASTF
  C:118BH         PUBLIC        ?C?CASTF
  -------         ENDMOD        ?C?CASTF

  -------         MODULE        ?C?COPY
  C:12DCH         PUBLIC        ?C?COPY
  -------         ENDMOD        ?C?COPY

  -------         MODULE        ?C?CLDPTR
  C:1302H         PUBLIC        ?C?CLDPTR
  -------         ENDMOD        ?C?CLDPTR

  -------         MODULE        ?C?CLDOPTR
  C:131BH         PUBLIC        ?C?CLDOPTR
  -------         ENDMOD        ?C?CLDOPTR

  -------         MODULE        ?C?CILDPTR
  C:1348H         PUBLIC        ?C?CILDPTR
  -------         ENDMOD        ?C?CILDPTR

  -------         MODULE        ?C?CSTOPTR
  C:136AH         PUBLIC        ?C?CSTOPTR
  -------         ENDMOD        ?C?CSTOPTR

  -------         MODULE        ?C?IMUL
  C:138CH         PUBLIC        ?C?IMUL
  -------         ENDMOD        ?C?IMUL

  -------         MODULE        ?C?UIDIV
  C:139EH         PUBLIC        ?C?UIDIV
  -------         ENDMOD        ?C?UIDIV

BL51 BANKED LINKER/LOCATER V6.22.2.0                                                  02/22/2021  17:15:59  PAGE 68


  -------         MODULE        ?C?SIDIV
  C:13F3H         PUBLIC        ?C?SIDIV
  -------         ENDMOD        ?C?SIDIV

  -------         MODULE        ?C?IILDX
  C:1429H         PUBLIC        ?C?IILDX
  -------         ENDMOD        ?C?IILDX

  -------         MODULE        ?C?ILDIX
  C:143FH         PUBLIC        ?C?ILDIX
  -------         ENDMOD        ?C?ILDIX

  -------         MODULE        ?C?ILDPTR
  C:1455H         PUBLIC        ?C?ILDPTR
  -------         ENDMOD        ?C?ILDPTR

  -------         MODULE        ?C?ILDOPTR
  C:1480H         PUBLIC        ?C?ILDOPTR
  -------         ENDMOD        ?C?ILDOPTR

  -------         MODULE        ?C?ISTPTR
  C:14B8H         PUBLIC        ?C?ISTPTR
  -------         ENDMOD        ?C?ISTPTR

  -------         MODULE        ?C?LMUL
  C:14D7H         PUBLIC        ?C?LMUL
  -------         ENDMOD        ?C?LMUL

  -------         MODULE        ?C?ULDIV
  C:1562H         PUBLIC        ?C?ULDIV
  -------         ENDMOD        ?C?ULDIV

  -------         MODULE        ?C?LNEG
  C:15F4H         PUBLIC        ?C?LNEG
  -------         ENDMOD        ?C?LNEG

  -------         MODULE        ?C?SLCMP
  C:1602H         PUBLIC        ?C?SLCMP
  -------         ENDMOD        ?C?SLCMP

  -------         MODULE        ?C?ULCMP
  C:1618H         PUBLIC        ?C?ULCMP
  -------         ENDMOD        ?C?ULCMP

  -------         MODULE        ?C?SLSHR
  C:1629H         PUBLIC        ?C?SLSHR
  -------         ENDMOD        ?C?SLSHR

  -------         MODULE        ?C?LLDPTR
  C:163DH         PUBLIC        ?C?LLDPTR
  -------         ENDMOD        ?C?LLDPTR

  -------         MODULE        ?C?LSTXDATA
  C:165DH         PUBLIC        ?C?LSTXDATA
  -------         ENDMOD        ?C?LSTXDATA

  -------         MODULE        ?C?LSTKXDATA
BL51 BANKED LINKER/LOCATER V6.22.2.0                                                  02/22/2021  17:15:59  PAGE 69


  C:1669H         PUBLIC        ?C?LSTKXDATA
  -------         ENDMOD        ?C?LSTKXDATA

  -------         MODULE        ?C?PLDPTR
  C:169AH         PUBLIC        ?C?PLDPTR
  -------         ENDMOD        ?C?PLDPTR

  -------         MODULE        ?C?CCASE
  C:16BAH         PUBLIC        ?C?CCASE
  -------         ENDMOD        ?C?CCASE

  -------         MODULE        ABS
  C:4D3FH         PUBLIC        _ABS
  -------         ENDMOD        ABS

  -------         MODULE        ?C?LLDIDATA
  C:16E0H         PUBLIC        ?C?LLDIDATA
  -------         ENDMOD        ?C?LLDIDATA

  -------         MODULE        ?C?LLDXDATA
  C:16ECH         PUBLIC        ?C?LLDXDATA
  -------         ENDMOD        ?C?LLDXDATA

  -------         MODULE        ?C?LLDPDATA
  C:16F8H         PUBLIC        ?C?LLDPDATA
  -------         ENDMOD        ?C?LLDPDATA

  -------         MODULE        ?C?LLDCODE
  C:1704H         PUBLIC        ?C?LLDCODE
  -------         ENDMOD        ?C?LLDCODE

  -------         MODULE        ?C?PLDIDATA
  C:1714H         PUBLIC        ?C?PLDIDATA
  -------         ENDMOD        ?C?PLDIDATA

  -------         MODULE        ?C?PLDXDATA
  C:171DH         PUBLIC        ?C?PLDXDATA
  -------         ENDMOD        ?C?PLDXDATA

  -------         MODULE        ?C?PLDPDATA
  C:1726H         PUBLIC        ?C?PLDPDATA
  -------         ENDMOD        ?C?PLDPDATA

  -------         MODULE        ?C?PLDCODE
  C:172FH         PUBLIC        ?C?PLDCODE
  -------         ENDMOD        ?C?PLDCODE

Program Size: data=109.5 xdata=644 code=19796
LINK/LOCATE RUN COMPLETE.  0 WARNING(S),  0 ERROR(S)
