BL51 BANKED LINKER/LOCATER V6.22.2.0                                                    03/22/2021  11:23:03  PAGE 1


BL51 BANKED LINKER/LOCATER V6.22.2.0, INVOKED BY:
C:\KEIL_V5\C51\BIN\BL51.EXE .\Output\STARTUP.obj, .\Output\CPU.obj, .\Output\etc_eep.obj, .\Output\HS_DVRProtocol.obj, .
>> \Output\i2c.obj, .\Output\keyremo.obj, .\Output\main.obj, .\Output\monitor.obj, .\Output\Printf.obj, .\Output\SysPowe
>> r.obj, .\Output\SysTimer.obj TO .\Output\ml070i_MRMCU PRINT (.\Listings\ml070i_MRMCU.m51) RAMSIZE (256)


MEMORY MODEL: LARGE WITH FLOATING POINT ARITHMETIC


INPUT MODULES INCLUDED:
  .\Output\STARTUP.obj (?C_STARTUP)
  .\Output\CPU.obj (CPU)
  .\Output\etc_eep.obj (ETC_EEP)
  .\Output\HS_DVRProtocol.obj (HS_DVRPROTOCOL)
  .\Output\i2c.obj (I2C)
  .\Output\keyremo.obj (KEYREMO)
  .\Output\main.obj (MAIN)
  .\Output\monitor.obj (MONITOR)
  .\Output\Printf.obj (PRINTF)
  .\Output\SysPower.obj (SYSPOWER)
  .\Output\SysTimer.obj (SYSTIMER)
  C:\KEIL_V5\C51\LIB\C51FPL.LIB (?C?FPADD)
  C:\KEIL_V5\C51\LIB\C51FPL.LIB (?C?FPMUL)
  C:\KEIL_V5\C51\LIB\C51FPL.LIB (?C?FPDIV)
  C:\KEIL_V5\C51\LIB\C51FPL.LIB (?C?FCAST)
  C:\KEIL_V5\C51\LIB\C51FPL.LIB (?C?CASTF)
  C:\KEIL_V5\C51\LIB\C51FPL.LIB (?C?FPGETOPN)
  C:\KEIL_V5\C51\LIB\C51L.LIB (?C_INIT)
  C:\KEIL_V5\C51\LIB\C51L.LIB (?C?COPY)
  C:\KEIL_V5\C51\LIB\C51L.LIB (?C?CLDPTR)
  C:\KEIL_V5\C51\LIB\C51L.LIB (?C?CLDOPTR)
  C:\KEIL_V5\C51\LIB\C51L.LIB (?C?CILDPTR)
  C:\KEIL_V5\C51\LIB\C51L.LIB (?C?CSTOPTR)
  C:\KEIL_V5\C51\LIB\C51L.LIB (?C?IMUL)
  C:\KEIL_V5\C51\LIB\C51L.LIB (?C?UIDIV)
  C:\KEIL_V5\C51\LIB\C51L.LIB (?C?SIDIV)
  C:\KEIL_V5\C51\LIB\C51L.LIB (?C?IILDX)
  C:\KEIL_V5\C51\LIB\C51L.LIB (?C?ILDIX)
  C:\KEIL_V5\C51\LIB\C51L.LIB (?C?ILDPTR)
  C:\KEIL_V5\C51\LIB\C51L.LIB (?C?ILDOPTR)
  C:\KEIL_V5\C51\LIB\C51L.LIB (?C?ISTPTR)
  C:\KEIL_V5\C51\LIB\C51L.LIB (?C?LMUL)
  C:\KEIL_V5\C51\LIB\C51L.LIB (?C?ULDIV)
  C:\KEIL_V5\C51\LIB\C51L.LIB (?C?LNEG)
  C:\KEIL_V5\C51\LIB\C51L.LIB (?C?SLCMP)
  C:\KEIL_V5\C51\LIB\C51L.LIB (?C?ULCMP)
  C:\KEIL_V5\C51\LIB\C51L.LIB (?C?SLSHR)
  C:\KEIL_V5\C51\LIB\C51L.LIB (?C?LLDPTR)
  C:\KEIL_V5\C51\LIB\C51L.LIB (?C?LSTXDATA)
  C:\KEIL_V5\C51\LIB\C51L.LIB (?C?LSTKXDATA)
  C:\KEIL_V5\C51\LIB\C51L.LIB (?C?PLDPTR)
  C:\KEIL_V5\C51\LIB\C51L.LIB (?C?CCASE)
  C:\KEIL_V5\C51\LIB\C51L.LIB (ABS)
  C:\KEIL_V5\C51\LIB\C51L.LIB (?C?LLDIDATA)
  C:\KEIL_V5\C51\LIB\C51L.LIB (?C?LLDXDATA)
  C:\KEIL_V5\C51\LIB\C51L.LIB (?C?LLDPDATA)
  C:\KEIL_V5\C51\LIB\C51L.LIB (?C?LLDCODE)
  C:\KEIL_V5\C51\LIB\C51L.LIB (?C?PLDIDATA)
BL51 BANKED LINKER/LOCATER V6.22.2.0                                                  03/22/2021  11:23:03  PAGE 2


  C:\KEIL_V5\C51\LIB\C51L.LIB (?C?PLDXDATA)
  C:\KEIL_V5\C51\LIB\C51L.LIB (?C?PLDPDATA)
  C:\KEIL_V5\C51\LIB\C51L.LIB (?C?PLDCODE)


LINK MAP OF MODULE:  .\Output\ml070i_MRMCU (?C_STARTUP)


            TYPE    BASE      LENGTH    RELOCATION   SEGMENT NAME
            -----------------------------------------------------

            * * * * * * *   D A T A   M E M O R Y   * * * * * * *
            REG     0000H     0008H     ABSOLUTE     "REG BANK 0"
            REG     0008H     0008H     ABSOLUTE     "REG BANK 1"
            DATA    0010H     0001H     UNIT         ?DT?MONITOR
            IDATA   0011H     0002H     UNIT         ?ID?SYSPOWER
                    0013H     000DH                  *** GAP ***
            BIT     0020H.0   0000H.6   UNIT         ?BI?CPU
            BIT     0020H.6   0000H.3   UNIT         ?BI?MONITOR
            BIT     0021H.1   0000H.2   UNIT         _BIT_GROUP_
            BIT     0021H.3   0000H.1   UNIT         ?BI?HS_DVRPROTOCOL
            BIT     0021H.4   0000H.1   UNIT         ?BI?SYSTIMER
                    0021H.5   0000H.3                *** GAP ***
            DATA    0022H     0058H     UNIT         ?DT?CPU
            IDATA   007AH     0001H     UNIT         ?STACK

            * * * * * * *  X D A T A   M E M O R Y  * * * * * * *
            XDATA   0000H     0106H     UNIT         ?XD?HS_DVRPROTOCOL
            XDATA   0106H     0070H     UNIT         ?XD?MAIN
            XDATA   0176H     005CH     UNIT         ?XD?SYSTIMER
            XDATA   01D2H     004AH     UNIT         _XDATA_GROUP_
            XDATA   021CH     0038H     UNIT         ?XD?MONITOR
            XDATA   0254H     0018H     UNIT         ?XD?CPU
            XDATA   026CH     0018H     UNIT         ?XD?PRINTF

            * * * * * * *   C O D E   M E M O R Y   * * * * * * *
            CODE    0000H     0003H     ABSOLUTE     
            CODE    0003H     0008H     UNIT         ?PR?_RS2_TX?CPU
            CODE    000BH     0003H     ABSOLUTE     
            CODE    000EH     0004H     UNIT         ?PR?ISP_INIT?MAIN
                    0012H     0001H                  *** GAP ***
            CODE    0013H     0003H     ABSOLUTE     
            CODE    0016H     000DH     UNIT         ?PR?I2CSTOP?I2C
            CODE    0023H     0003H     ABSOLUTE     
            CODE    0026H     0003H     UNIT         ?PR?EXT1_INT?CPU
                    0029H     0002H                  *** GAP ***
            CODE    002BH     0003H     ABSOLUTE     
                    002EH     0005H                  *** GAP ***
            CODE    0033H     0003H     ABSOLUTE     
                    0036H     0005H                  *** GAP ***
            CODE    003BH     0003H     ABSOLUTE     
            CODE    003EH     0022H     UNIT         ?PR?MCUTIMERINITIALTIMEREVENT?SYSTIMER
                    0060H     0003H                  *** GAP ***
            CODE    0063H     0003H     ABSOLUTE     
            CODE    0066H     0E40H     UNIT         ?PR?_SYSTIMEREVENTPROC?SYSTIMER
            CODE    0EA6H     088CH     UNIT         ?C?LIB_CODE
            CODE    1732H     0556H     UNIT         ?PR?_DOPRINT?PRINTF
BL51 BANKED LINKER/LOCATER V6.22.2.0                                                  03/22/2021  11:23:03  PAGE 3


            CODE    1C88H     04F6H     UNIT         ?PR?DVRRECEIVEPASER?HS_DVRPROTOCOL
            CODE    217EH     043DH     UNIT         ?CO?CPU
            CODE    25BBH     0427H     UNIT         ?PR?ENCORDERHANDLER?MAIN
            CODE    29E2H     041BH     UNIT         ?PR?SHOWWORKINGTIMER?CPU
            CODE    2DFDH     02B5H     UNIT         ?PR?TIMER0_INT?CPU
            CODE    30B2H     029EH     UNIT         ?PR?_USERINTERFACEBATTERYCHARGEMODE?SYSPOWER
            CODE    3350H     023AH     UNIT         ?PR?_MCU_SENDCMDTODVR?MAIN
            CODE    358AH     0238H     UNIT         ?PR?LOADEEPROM?MAIN
            CODE    37C2H     01CCH     UNIT         ?C_INITSEG
            CODE    398EH     0176H     UNIT         ?PR?_MAPPING1?MAIN
            CODE    3B04H     012EH     UNIT         ?PR?_MCUTIMERCHECKTIMEREVENT?SYSTIMER
            CODE    3C32H     00FFH     UNIT         ?PR?MAIN_INIT?CPU
            CODE    3D31H     00F2H     UNIT         ?PR?WAITPOWERON?MAIN
            CODE    3E23H     00E7H     UNIT         ?PR?_USERINTERFACETIMEREVENTPROC?SYSTIMER
            CODE    3F0AH     00E5H     UNIT         ?PR?_MCUTIMERACTIVETIMEREVENT?SYSTIMER
            CODE    3FEFH     00DEH     UNIT         ?PR?_MCUTIMERREACTIVETIMEREVENT?SYSTIMER
            CODE    40CDH     00D9H     UNIT         ?PR?_USERINTERFACEPOWERSWITCH?SYSPOWER
            CODE    41A6H     00ADH     UNIT         ?PR?_MCULIB_PROTOCOLAPPEND?MAIN
            CODE    4253H     00A3H     UNIT         ?PR?CLEARBASICEE?ETC_EEP
            CODE    42F6H     0098H     UNIT         ?PR?_SET_PWM?CPU
            CODE    438EH     0090H     UNIT         ?PR?_MCULIB_PROTOCOLSENDCMDWITHPARAMNUM?MAIN
            CODE    441EH     008CH     UNIT         ?C_C51STARTUP
            CODE    44AAH     0085H     UNIT         ?PR?SYSTIMERHANDLER?SYSTIMER
            CODE    452FH     0084H     UNIT         ?PR?SYSPOWERHANDLER?SYSPOWER
            CODE    45B3H     0082H     UNIT         ?PR?MAIN?MAIN
            CODE    4635H     007EH     UNIT         ?PR?_AD5110_I2CWRITEDATA?I2C
            CODE    46B3H     007BH     UNIT         ?PR?_I2CWRITEDATA?I2C
            CODE    472EH     0079H     UNIT         ?PR?_POWERLED?CPU
            CODE    47A7H     0077H     UNIT         ?CO?MAIN
            CODE    481EH     0053H     UNIT         ?PR?INITIALTIMEREVENT?MAIN
            CODE    4871H     0052H     UNIT         ?PR?INITCPU?CPU
            CODE    48C3H     004EH     UNIT         ?CO?PRINTF
            CODE    4911H     004AH     UNIT         ?PR?GETFWREVEE?ETC_EEP
            CODE    495BH     004AH     UNIT         ?PR?MCUTIMERGETTIMERCOUNTER?SYSTIMER
            CODE    49A5H     0047H     UNIT         ?PR?GETPROJECTNAMEEE?ETC_EEP
            CODE    49ECH     0047H     UNIT         ?PR?_WRITEEEP?I2C
            CODE    4A33H     0046H     UNIT         ?PR?_GRAPHICSPRINT?PRINTF
            CODE    4A79H     0041H     UNIT         ?PR?_MCUTIMERCANCELTIMEREVENT?SYSTIMER
            CODE    4ABAH     003EH     UNIT         ?PR?_SETAD5110STEP?MAIN
            CODE    4AF8H     003EH     UNIT         ?PR?_PRINTF?PRINTF
            CODE    4B36H     003EH     UNIT         ?PR?_DEBUG_MESSAGE?PRINTF
            CODE    4B74H     003BH     UNIT         ?PR?SERIAL2_INT?CPU
            CODE    4BAFH     0039H     UNIT         ?PR?_READI2C?I2C
            CODE    4BE8H     0033H     UNIT         ?PR?I2CREADDATA?I2C
            CODE    4C1BH     0033H     UNIT         ?PR?_ISP_WRITE?MAIN
            CODE    4C4EH     002FH     UNIT         ?PR?SET_MCU_POWER_DOWN_MODE?CPU
            CODE    4C7DH     002FH     UNIT         ?PR?SERIAL_INT?CPU
            CODE    4CACH     002EH     UNIT         ?PR?SCANKEY?KEYREMO
            CODE    4CDAH     002DH     UNIT         ?CO?SYSPOWER
            CODE    4D07H     002CH     UNIT         ?PR?SYSPOWERINITIAL?SYSPOWER
            CODE    4D33H     002CH     UNIT         ?PR?_SYSPOWERSWITCH?SYSPOWER
            CODE    4D5FH     0026H     UNIT         ?PR?_READEEP?I2C
            CODE    4D85H     0021H     UNIT         ?PR?ENTER_ISP?MAIN
            CODE    4DA6H     0020H     UNIT         ?PR?_WRITEAD5110?I2C
            CODE    4DC6H     0020H     UNIT         ?PR?_GETADCVALUE?MAIN
            CODE    4DE6H     001FH     UNIT         ?PR?INT2_INT?CPU
            CODE    4E05H     001FH     UNIT         ?PR?INT3_INT?CPU
BL51 BANKED LINKER/LOCATER V6.22.2.0                                                  03/22/2021  11:23:03  PAGE 4


            CODE    4E24H     001FH     UNIT         ?PR?MAIN_LOOP?MAIN
            CODE    4E43H     001EH     UNIT         ?PR?RS2_RX?CPU
            CODE    4E61H     001CH     UNIT         ?PR?CHECK_ADAP_IN?CPU
            CODE    4E7DH     001BH     UNIT         ?PR?_GETKEY?KEYREMO
            CODE    4E98H     0019H     UNIT         ?PR?SAVEFWREVEE?ETC_EEP
            CODE    4EB1H     0019H     UNIT         ?PR?_MCUTIMERDELAYXMS?SYSTIMER
            CODE    4ECAH     0018H     UNIT         ?PR?_DELAY?CPU
            CODE    4EE2H     0016H     UNIT         ?PR?INITVARS?CPU
            CODE    4EF8H     0015H     UNIT         ?PR?_MCUTIMERGETEVENTID?SYSTIMER
            CODE    4F0DH     0014H     UNIT         ?PR?I2CDELAY?I2C
            CODE    4F21H     0014H     UNIT         ?PR?_MCUTIMERGETEVENTTIME?SYSTIMER
            CODE    4F35H     0013H     UNIT         ?PR?_MCUTIMERCLREVENTVALID?SYSTIMER
            CODE    4F48H     0012H     UNIT         ?CO?ETC_EEP
            CODE    4F5AH     0012H     UNIT         ?PR?I2CSTART?I2C
            CODE    4F6CH     0011H     UNIT         ?PR?_MCUTIMERCHECKEVENTVALID?SYSTIMER
            CODE    4F7DH     000FH     UNIT         ?PR?TIMER2_INT?CPU
            CODE    4F8CH     000CH     UNIT         ?PR?_ABS?ABS
            CODE    4F98H     000BH     UNIT         ?PR?RS2_READY?CPU
            CODE    4FA3H     0007H     UNIT         ?PR?GETBATTERYBTH?MAIN
            CODE    4FAAH     0007H     UNIT         ?PR?GETBATTERYVOLTAGE?MAIN



OVERLAY MAP OF MODULE:   .\Output\ml070i_MRMCU (?C_STARTUP)


SEGMENT                                             BIT_GROUP          XDATA_GROUP
  +--> CALLED SEGMENT                            START    LENGTH     START    LENGTH
------------------------------------------------------------------------------------
?C_C51STARTUP                                    -----    -----      -----    -----
  +--> ?PR?MAIN?MAIN
  +--> ?C_INITSEG

?PR?MAIN?MAIN                                    -----    -----      -----    -----
  +--> ?PR?INITCPU?CPU
  +--> ?PR?SYSPOWERINITIAL?SYSPOWER
  +--> ?CO?MAIN
  +--> ?PR?_PRINTF?PRINTF
  +--> ?PR?MAIN_INIT?CPU
  +--> ?PR?INITVARS?CPU
  +--> ?PR?LOADEEPROM?MAIN
  +--> ?PR?INITIALTIMEREVENT?MAIN
  +--> ?PR?_SETAD5110STEP?MAIN
  +--> ?PR?CHECK_ADAP_IN?CPU
  +--> ?PR?MAIN_LOOP?MAIN
  +--> ?PR?WAITPOWERON?MAIN

?PR?SYSPOWERINITIAL?SYSPOWER                     -----    -----      -----    -----
  +--> ?PR?_MCUTIMERDELAYXMS?SYSTIMER
  +--> ?CO?SYSPOWER
  +--> ?PR?_DEBUG_MESSAGE?PRINTF

?PR?_DEBUG_MESSAGE?PRINTF                        -----    -----      01D2H    002EH
  +--> ?PR?_DOPRINT?PRINTF

?PR?_DOPRINT?PRINTF                              0021H.1  0000H.2    0207H    0015H
  +--> ?CO?PRINTF
BL51 BANKED LINKER/LOCATER V6.22.2.0                                                  03/22/2021  11:23:03  PAGE 5



?PR?_PRINTF?PRINTF                               -----    -----      01D9H    002EH
  +--> ?PR?_DOPRINT?PRINTF

?PR?MAIN_INIT?CPU                                -----    -----      01D2H    0004H
  +--> ?PR?GETFWREVEE?ETC_EEP
  +--> ?PR?_READEEP?I2C
  +--> ?CO?CPU
  +--> ?PR?_PRINTF?PRINTF
  +--> ?PR?SAVEFWREVEE?ETC_EEP
  +--> ?PR?GETPROJECTNAMEEE?ETC_EEP
  +--> ?PR?CLEARBASICEE?ETC_EEP
  +--> ?PR?_DELAY?CPU

?PR?GETFWREVEE?ETC_EEP                           -----    -----      -----    -----
  +--> ?PR?_READEEP?I2C

?PR?_READEEP?I2C                                 -----    -----      01FAH    0001H
  +--> ?PR?_READI2C?I2C
  +--> ?PR?_DELAY?CPU

?PR?_READI2C?I2C                                 -----    -----      01FBH    0003H
  +--> ?PR?I2CSTART?I2C
  +--> ?PR?_I2CWRITEDATA?I2C
  +--> ?PR?I2CREADDATA?I2C
  +--> ?PR?I2CSTOP?I2C

?PR?I2CSTART?I2C                                 -----    -----      -----    -----
  +--> ?PR?I2CDELAY?I2C

?PR?_I2CWRITEDATA?I2C                            -----    -----      -----    -----
  +--> ?PR?I2CDELAY?I2C

?PR?I2CREADDATA?I2C                              -----    -----      -----    -----
  +--> ?PR?I2CDELAY?I2C

?PR?I2CSTOP?I2C                                  -----    -----      -----    -----
  +--> ?PR?I2CDELAY?I2C

?PR?SAVEFWREVEE?ETC_EEP                          -----    -----      -----    -----
  +--> ?PR?_WRITEEEP?I2C

?PR?_WRITEEEP?I2C                                -----    -----      01D6H    0004H
  +--> ?PR?I2CSTART?I2C
  +--> ?PR?_I2CWRITEDATA?I2C
  +--> ?PR?I2CSTOP?I2C
  +--> ?PR?_DELAY?CPU

?PR?GETPROJECTNAMEEE?ETC_EEP                     -----    -----      01D6H    0001H
  +--> ?PR?_READEEP?I2C

?PR?CLEARBASICEE?ETC_EEP                         -----    -----      -----    -----
  +--> ?CO?ETC_EEP
  +--> ?PR?_PRINTF?PRINTF
  +--> ?PR?_WRITEEEP?I2C

?PR?LOADEEPROM?MAIN                              -----    -----      -----    -----
BL51 BANKED LINKER/LOCATER V6.22.2.0                                                  03/22/2021  11:23:03  PAGE 6


  +--> ?PR?_READEEP?I2C
  +--> ?PR?_WRITEEEP?I2C

?PR?INITIALTIMEREVENT?MAIN                       -----    -----      -----    -----
  +--> ?PR?MCUTIMERINITIALTIMEREVENT?SYSTIMER
  +--> ?PR?_MCUTIMERACTIVETIMEREVENT?SYSTIMER

?PR?_MCUTIMERACTIVETIMEREVENT?SYSTIMER           -----    -----      01F2H    0004H
  +--> ?PR?_MCUTIMERCHECKTIMEREVENT?SYSTIMER

?PR?_MCUTIMERCHECKTIMEREVENT?SYSTIMER            -----    -----      01F6H    0005H
  +--> ?PR?MCUTIMERGETTIMERCOUNTER?SYSTIMER

?PR?MCUTIMERGETTIMERCOUNTER?SYSTIMER             -----    -----      01FBH    0002H
  +--> ?PR?_ABS?ABS

?PR?_SETAD5110STEP?MAIN                          -----    -----      01D6H    0002H
  +--> ?PR?_MAPPING1?MAIN
  +--> ?PR?_WRITEAD5110?I2C

?PR?_MAPPING1?MAIN                               -----    -----      01D8H    000FH

?PR?_WRITEAD5110?I2C                             -----    -----      -----    -----
  +--> ?PR?I2CSTART?I2C
  +--> ?PR?_AD5110_I2CWRITEDATA?I2C
  +--> ?PR?I2CSTOP?I2C
  +--> ?PR?_DELAY?CPU

?PR?_AD5110_I2CWRITEDATA?I2C                     -----    -----      -----    -----
  +--> ?PR?I2CDELAY?I2C

?PR?CHECK_ADAP_IN?CPU                            -----    -----      -----    -----
  +--> ?PR?_MCUTIMERDELAYXMS?SYSTIMER

?PR?MAIN_LOOP?MAIN                               -----    -----      -----    -----
  +--> ?CO?MAIN
  +--> ?PR?_PRINTF?PRINTF
  +--> ?PR?DVRRECEIVEPASER?HS_DVRPROTOCOL
  +--> ?PR?SYSTIMERHANDLER?SYSTIMER
  +--> ?PR?SYSPOWERHANDLER?SYSPOWER
  +--> ?PR?SCANKEY?KEYREMO
  +--> ?PR?ENCORDERHANDLER?MAIN

?PR?DVRRECEIVEPASER?HS_DVRPROTOCOL               -----    -----      01D2H    0001H
  +--> ?PR?RS2_READY?CPU
  +--> ?PR?RS2_RX?CPU
  +--> ?PR?_USERINTERFACEBATTERYCHARGEMODE?S...
  +--> ?PR?_MCUTIMERCANCELTIMEREVENT?SYSTIMER
  +--> ?PR?_MCUTIMERACTIVETIMEREVENT?SYSTIMER
  +--> ?PR?_WRITEEEP?I2C
  +--> ?PR?_MCUTIMERREACTIVETIMEREVENT?SYSTIMER
  +--> ?PR?_READEEP?I2C

?PR?_USERINTERFACEBATTERYCHARGEMODE?S...         -----    -----      01D6H    0001H
  +--> ?PR?_MCUTIMERCANCELTIMEREVENT?SYSTIMER
  +--> ?PR?_SET_PWM?CPU
  +--> ?PR?_USERINTERFACEPOWERSWITCH?SYSPOWER
BL51 BANKED LINKER/LOCATER V6.22.2.0                                                  03/22/2021  11:23:03  PAGE 7


  +--> ?PR?_MCUTIMERACTIVETIMEREVENT?SYSTIMER

?PR?_SET_PWM?CPU                                 -----    -----      01D7H    0002H
  +--> ?CO?CPU
  +--> ?PR?_PRINTF?PRINTF

?PR?_USERINTERFACEPOWERSWITCH?SYSPOWER           -----    -----      01D7H    0001H
  +--> ?CO?SYSPOWER
  +--> ?PR?_PRINTF?PRINTF
  +--> ?PR?_MCUTIMERDELAYXMS?SYSTIMER
  +--> ?PR?_MCUTIMERACTIVETIMEREVENT?SYSTIMER
  +--> ?PR?_MCU_SENDCMDTODVR?MAIN

?PR?_MCU_SENDCMDTODVR?MAIN                       -----    -----      01F2H    0008H
  +--> ?CO?MAIN
  +--> ?PR?_READEEP?I2C
  +--> ?PR?_MCULIB_PROTOCOLSENDCMDWITHPARAMN...

?PR?_MCULIB_PROTOCOLSENDCMDWITHPARAMN...         -----    -----      01FAH    0017H
  +--> ?PR?_MCULIB_PROTOCOLAPPEND?MAIN
  +--> ?PR?_RS2_TX?CPU

?PR?_MCULIB_PROTOCOLAPPEND?MAIN                  -----    -----      0211H    0007H

?PR?_MCUTIMERREACTIVETIMEREVENT?SYSTIMER         -----    -----      01D3H    0004H
  +--> ?PR?_MCUTIMERCHECKTIMEREVENT?SYSTIMER

?PR?SYSTIMERHANDLER?SYSTIMER                     -----    -----      01D2H    0004H
  +--> ?PR?MCUTIMERGETTIMERCOUNTER?SYSTIMER
  +--> ?PR?_MCUTIMERCHECKEVENTVALID?SYSTIMER
  +--> ?PR?_MCUTIMERGETEVENTTIME?SYSTIMER
  +--> ?PR?_MCUTIMERCLREVENTVALID?SYSTIMER
  +--> ?PR?_MCUTIMERGETEVENTID?SYSTIMER
  +--> ?PR?_USERINTERFACETIMEREVENTPROC?SYST...
  +--> ?PR?_SYSTIMEREVENTPROC?SYSTIMER

?PR?_USERINTERFACETIMEREVENTPROC?SYST...         -----    -----      -----    -----
  +--> ?PR?_SETAD5110STEP?MAIN
  +--> ?PR?_WRITEEEP?I2C
  +--> ?PR?_MCU_SENDCMDTODVR?MAIN
  +--> ?PR?_USERINTERFACEBATTERYCHARGEMODE?S...
  +--> ?PR?_MCUTIMERACTIVETIMEREVENT?SYSTIMER
  +--> ?PR?ENTER_ISP?MAIN
  +--> ?PR?_USERINTERFACEPOWERSWITCH?SYSPOWER

?PR?ENTER_ISP?MAIN                               -----    -----      01D6H    0001H
  +--> ?PR?ISP_INIT?MAIN
  +--> ?PR?_ISP_WRITE?MAIN

?PR?_ISP_WRITE?MAIN                              -----    -----      01D7H    0006H

?PR?_SYSTIMEREVENTPROC?SYSTIMER                  -----    -----      -----    -----
  +--> ?PR?_POWERLED?CPU
  +--> ?PR?_MCUTIMERDELAYXMS?SYSTIMER
  +--> ?PR?CHECK_ADAP_IN?CPU
  +--> ?PR?_MCUTIMERCHECKEVENTVALID?SYSTIMER
  +--> ?PR?_MCUTIMERCANCELTIMEREVENT?SYSTIMER
BL51 BANKED LINKER/LOCATER V6.22.2.0                                                  03/22/2021  11:23:03  PAGE 8


  +--> ?PR?_MCUTIMERACTIVETIMEREVENT?SYSTIMER
  +--> ?PR?_MCU_SENDCMDTODVR?MAIN
  +--> ?PR?GETBATTERYVOLTAGE?MAIN
  +--> ?PR?GETBATTERYBTH?MAIN
  +--> ?PR?_READEEP?I2C
  +--> ?PR?_WRITEEEP?I2C
  +--> ?PR?_USERINTERFACEBATTERYCHARGEMODE?S...
  +--> ?PR?SHOWWORKINGTIMER?CPU

?PR?GETBATTERYVOLTAGE?MAIN                       -----    -----      -----    -----
  +--> ?PR?_GETADCVALUE?MAIN

?PR?GETBATTERYBTH?MAIN                           -----    -----      -----    -----
  +--> ?PR?_GETADCVALUE?MAIN

?PR?SHOWWORKINGTIMER?CPU                         -----    -----      01D6H    0002H
  +--> ?CO?CPU
  +--> ?PR?_GRAPHICSPRINT?PRINTF

?PR?_GRAPHICSPRINT?PRINTF                        -----    -----      01D8H    002FH
  +--> ?PR?_DOPRINT?PRINTF

?PR?SYSPOWERHANDLER?SYSPOWER                     -----    -----      -----    -----
  +--> ?PR?_SYSPOWERSWITCH?SYSPOWER

?PR?_SYSPOWERSWITCH?SYSPOWER                     -----    -----      01D2H    0001H
  +--> ?PR?_USERINTERFACEPOWERSWITCH?SYSPOWER

?PR?SCANKEY?KEYREMO                              -----    -----      -----    -----
  +--> ?PR?_GETKEY?KEYREMO
  +--> ?PR?_MCUTIMERACTIVETIMEREVENT?SYSTIMER

?PR?_GETKEY?KEYREMO                              0021H.1  0000H.1    -----    -----

?PR?ENCORDERHANDLER?MAIN                         -----    -----      01D2H    0020H
  +--> ?PR?_MCU_SENDCMDTODVR?MAIN
  +--> ?PR?_MCUTIMERCANCELTIMEREVENT?SYSTIMER
  +--> ?PR?_MCUTIMERACTIVETIMEREVENT?SYSTIMER

?PR?WAITPOWERON?MAIN                             -----    -----      -----    -----
  +--> ?CO?MAIN
  +--> ?PR?_PRINTF?PRINTF
  +--> ?PR?_MCUTIMERCANCELTIMEREVENT?SYSTIMER
  +--> ?PR?SYSPOWERHANDLER?SYSPOWER
  +--> ?PR?SYSTIMERHANDLER?SYSTIMER
  +--> ?PR?SCANKEY?KEYREMO
  +--> ?PR?_MCUTIMERACTIVETIMEREVENT?SYSTIMER
  +--> ?PR?CHECK_ADAP_IN?CPU
  +--> ?PR?SET_MCU_POWER_DOWN_MODE?CPU
  +--> ?PR?_WRITEEEP?I2C

?PR?SET_MCU_POWER_DOWN_MODE?CPU                  -----    -----      -----    -----
  +--> ?CO?CPU
  +--> ?PR?_PRINTF?PRINTF

?C_INITSEG                                       -----    -----      -----    -----
  +--> ?CO?PRINTF
BL51 BANKED LINKER/LOCATER V6.22.2.0                                                  03/22/2021  11:23:03  PAGE 9





SYMBOL TABLE OF MODULE:  .\Output\ml070i_MRMCU (?C_STARTUP)

  VALUE           TYPE          NAME
  ----------------------------------

  -------         MODULE        ?C_STARTUP
  C:441EH         SEGMENT       ?C_C51STARTUP
  I:007AH         SEGMENT       ?STACK
  C:0000H         PUBLIC        ?C_STARTUP
  D:00E0H         SYMBOL        ACC
  D:00F0H         SYMBOL        B
  D:0083H         SYMBOL        DPH
  D:0082H         SYMBOL        DPL
  N:0000H         SYMBOL        IBPSTACK
  N:0100H         SYMBOL        IBPSTACKTOP
  N:0080H         SYMBOL        IDATALEN
  C:4421H         SYMBOL        IDATALOOP
  N:0000H         SYMBOL        PBPSTACK
  N:0100H         SYMBOL        PBPSTACKTOP
  N:0000H         SYMBOL        PDATALEN
  N:0000H         SYMBOL        PDATASTART
  N:0000H         SYMBOL        PPAGE
  N:0000H         SYMBOL        PPAGEENABLE
  D:00A0H         SYMBOL        PPAGE_SFR
  D:0081H         SYMBOL        SP
  C:441EH         SYMBOL        STARTUP1
  N:0000H         SYMBOL        XBPSTACK
  N:0000H         SYMBOL        XBPSTACKTOP
  N:0000H         SYMBOL        XDATALEN
  N:0000H         SYMBOL        XDATASTART
  C:0000H         LINE#         126
  C:441EH         LINE#         133
  C:4420H         LINE#         134
  C:4421H         LINE#         135
  C:4422H         LINE#         136
  C:4424H         LINE#         185
  C:4427H         LINE#         196
  -------         ENDMOD        ?C_STARTUP

  -------         MODULE        CPU
  C:0000H         SYMBOL        _ICE_DUMMY_
  D:0091H         PUBLIC        P1M0
  X:0254H         PUBLIC        second
  C:4871H         PUBLIC        InitCPU
  D:00B1H         PUBLIC        P3M0
  D:0096H         PUBLIC        P2M1
  C:2DFDH         PUBLIC        timer0_int
  X:0255H         PUBLIC        FormatSDCard
  D:00B3H         PUBLIC        P4M0
  D:00B2H         PUBLIC        P3M1
  D:00B4H         PUBLIC        P4M1
  D:00B0H         PUBLIC        P3
  C:4F7DH         PUBLIC        timer2_int
  D:00E8H         PUBLIC        P4
BL51 BANKED LINKER/LOCATER V6.22.2.0                                                  03/22/2021  11:23:03  PAGE 10


  X:0256H         PUBLIC        FormatWait
  X:0257H         PUBLIC        Power_Msg_Count
  X:0259H         PUBLIC        IE_Temp
  D:00F9H         PUBLIC        CH
  D:0022H         PUBLIC        DVR_buf
  D:0040H         PUBLIC        keytic
  D:00A8H         PUBLIC        IE
  C:29E2H         PUBLIC        ShowWorkingTimer
  D:00E9H         PUBLIC        CL
  D:0042H         PUBLIC        RS2_in
  B:0020H.0       PUBLIC        RepeatKey
  X:025AH         PUBLIC        LED_FLASH_COUNT
  D:0043H         PUBLIC        RS2_out
  C:4ECAH         PUBLIC        _delay
  D:00FCH         PUBLIC        CCAP2H
  B:00E8H.0       PUBLIC        P4_0
  D:00FDH         PUBLIC        CCAP3H
  B:00E8H.1       PUBLIC        P4_1
  B:0090H.4       PUBLIC        P1_4
  B:0080H.5       PUBLIC        P0_5
  X:025CH         PUBLIC        minute
  B:00E8H.2       PUBLIC        P4_2
  D:00ECH         PUBLIC        CCAP2L
  B:00A8H.4       PUBLIC        ES
  D:00EDH         PUBLIC        CCAP3L
  D:00DCH         PUBLIC        CCAPM2
  D:00DDH         PUBLIC        CCAPM3
  D:00B8H         PUBLIC        IP
  B:0098H.0       PUBLIC        RI
  B:0098H.1       PUBLIC        TI
  D:0044H         PUBLIC        tic01
  B:0020H.1       PUBLIC        KeyReady
  C:4E43H         PUBLIC        RS2_rx
  B:0020H.2       PUBLIC        RS_Xbusy
  D:0045H         PUBLIC        tic02
  D:00D9H         PUBLIC        CMOD
  D:00D8H         PUBLIC        CCON
  C:0003H         PUBLIC        _RS2_tx
  X:025DH         PUBLIC        Time5ms
  X:025EH         PUBLIC        month
  X:025FH         PUBLIC        keyticSec
  D:0046H         PUBLIC        Key
  C:4DE6H         PUBLIC        int2_int
  C:4E05H         PUBLIC        int3_int
  C:4C7DH         PUBLIC        serial_int
  C:0026H         PUBLIC        ext1_int
  D:0099H         PUBLIC        SBUF
  D:0087H         PUBLIC        PCON
  D:0098H         PUBLIC        SCON
  C:4EE2H         PUBLIC        InitVars
  D:0089H         PUBLIC        TMOD
  D:0088H         PUBLIC        TCON
  C:3C32H         PUBLIC        main_init
  X:0260H         PUBLIC        day
  X:0261H         PUBLIC        hour
  B:00C0H.1       PUBLIC        IE2
  B:00C0H.5       PUBLIC        IE3
BL51 BANKED LINKER/LOCATER V6.22.2.0                                                  03/22/2021  11:23:03  PAGE 11


  C:42F6H         PUBLIC        _SET_PWM
  X:0262H         PUBLIC        PowerDownWait
  D:0047H         PUBLIC        tm01
  D:0049H         PUBLIC        stopWatch
  X:0263H         PUBLIC        EncorderCount
  D:004BH         SYMBOL        RS_buf
  C:4C4EH         PUBLIC        SET_MCU_POWER_DOWN_MODE
  D:0069H         PUBLIC        tic_PWR_SAVING
  D:006DH         PUBLIC        tic_Init_time
  B:00A8H.5       PUBLIC        ET2
  B:00C8H.7       PUBLIC        TF2
  D:008CH         PUBLIC        TH0
  D:008DH         PUBLIC        TH1
  B:00A8H.2       PUBLIC        EX1
  B:00C0H.2       PUBLIC        EX2
  B:00C0H.0       PUBLIC        IT2
  C:4F98H         PUBLIC        RS2_ready
  C:4E61H         PUBLIC        Check_ADAP_IN
  B:00C0H.6       PUBLIC        EX3
  B:00C0H.4       PUBLIC        IT3
  D:008AH         PUBLIC        TL0
  B:0020H.3       PUBLIC        RS2_Xbusy
  B:00C8H.2       PUBLIC        TR2
  X:0265H         PUBLIC        updn_reg
  B:0020H.4       PUBLIC        PWR_SAVING_ACT_FLAG
  D:0071H         PUBLIC        RS_in
  D:0072H         PUBLIC        RS_out
  C:4B74H         PUBLIC        serial2_int
  D:009AH         PUBLIC        S2BUF
  X:0269H         PUBLIC        year1
  X:026AH         PUBLIC        year2
  C:472EH         PUBLIC        _PowerLED
  D:00AAH         PUBLIC        S2CON
  D:00C8H         PUBLIC        T2CON
  D:00BAH         PUBLIC        S2BRT
  X:026BH         PUBLIC        DVR_FACTORY_MODE
  D:0073H         PUBLIC        tm001
  D:00A6H         PUBLIC        AUXR2
  B:0020H.5       PUBLIC        ChangeKey
  D:0074H         PUBLIC        tic_pc
  D:0076H         PUBLIC        SystemClock
  D:0093H         PUBLIC        P0M0
  D:00ADH         PUBLIC        AUXIE
  -------         PROC          MAIN_INIT
  -------         DO            
  X:01D2H         SYMBOL        rev
  -------         ENDDO         
  C:3C32H         LINE#         87
  C:3C32H         LINE#         88
  C:3C32H         LINE#         91
  C:3C3BH         LINE#         94
  C:3C7DH         LINE#         96
  C:3C8CH         LINE#         97
  C:3C8CH         LINE#         98
  C:3CA6H         LINE#         99
  C:3CA9H         LINE#         100
  C:3CEBH         LINE#         101
BL51 BANKED LINKER/LOCATER V6.22.2.0                                                  03/22/2021  11:23:03  PAGE 12


  C:3CEBH         LINE#         105
  C:3CFAH         LINE#         106
  C:3CFAH         LINE#         109
  C:3CFAH         LINE#         110
  C:3D00H         LINE#         111
  C:3D03H         LINE#         112
  C:3D03H         LINE#         113
  C:3D05H         LINE#         115
  C:3D05H         LINE#         116
  C:3D0EH         LINE#         117
  C:3D17H         LINE#         118
  C:3D1EH         LINE#         120
  C:3D1EH         LINE#         122
  C:3D23H         LINE#         125
  C:3D2BH         LINE#         126
  C:3D30H         LINE#         128
  -------         ENDPROC       MAIN_INIT
  -------         PROC          INITCPU
  C:4871H         LINE#         136
  C:4871H         LINE#         137
  C:4871H         LINE#         141
  C:4874H         LINE#         149
  C:4877H         LINE#         151
  C:487AH         LINE#         153
  C:487DH         LINE#         161
  C:4883H         LINE#         163
  C:4886H         LINE#         164
  C:4889H         LINE#         168
  C:488CH         LINE#         171
  C:488EH         LINE#         172
  C:4890H         LINE#         191
  C:4893H         LINE#         192
  C:4895H         LINE#         193
  C:4897H         LINE#         200
  C:489AH         LINE#         201
  C:489DH         LINE#         204
  C:48A0H         LINE#         207
  C:48A3H         LINE#         209
  C:48A5H         LINE#         211
  C:48A7H         LINE#         212
  C:48A9H         LINE#         216
  C:48ACH         LINE#         217
  C:48AFH         LINE#         227
  C:48B2H         LINE#         230
  C:48B5H         LINE#         232
  C:48B8H         LINE#         234
  C:48BBH         LINE#         235
  C:48BDH         LINE#         236
  C:48C0H         LINE#         237
  C:48C2H         LINE#         239
  -------         ENDPROC       INITCPU
  -------         PROC          SET_MCU_POWER_DOWN_MODE
  C:4C4EH         LINE#         242
  C:4C4EH         LINE#         243
  C:4C4EH         LINE#         245
  C:4C57H         LINE#         247
  C:4C59H         LINE#         248
BL51 BANKED LINKER/LOCATER V6.22.2.0                                                  03/22/2021  11:23:03  PAGE 13


  C:4C5BH         LINE#         249
  C:4C5DH         LINE#         251
  C:4C5FH         LINE#         252
  C:4C61H         LINE#         253
  C:4C63H         LINE#         255
  C:4C69H         LINE#         256
  C:4C6CH         LINE#         258
  C:4C72H         LINE#         259
  C:4C74H         LINE#         260
  C:4C76H         LINE#         261
  C:4C79H         LINE#         262
  C:4C7AH         LINE#         263
  C:4C7BH         LINE#         264
  C:4C7CH         LINE#         268
  -------         ENDPROC       SET_MCU_POWER_DOWN_MODE
  -------         PROC          CHECK_ADAP_IN
  C:4E61H         LINE#         271
  C:4E61H         LINE#         272
  C:4E61H         LINE#         274
  C:4E67H         LINE#         275
  C:4E67H         LINE#         276
  C:4E6EH         LINE#         278
  C:4E74H         LINE#         279
  C:4E77H         LINE#         281
  C:4E7AH         LINE#         282
  C:4E7AH         LINE#         284
  C:4E7CH         LINE#         285
  -------         ENDPROC       CHECK_ADAP_IN
  -------         PROC          _SET_PWM
  X:01D7H         SYMBOL        index
  X:01D8H         SYMBOL        val
  C:42F6H         LINE#         287
  C:42FEH         LINE#         288
  C:42FEH         LINE#         290
  C:4317H         LINE#         292
  C:4329H         LINE#         293
  C:4329H         LINE#         294
  C:4329H         LINE#         296
  C:432CH         LINE#         297
  C:4337H         LINE#         298
  C:433AH         LINE#         300
  C:433DH         LINE#         301
  C:433DH         LINE#         302
  C:433FH         LINE#         303
  C:4341H         LINE#         304
  C:4341H         LINE#         306
  C:4349H         LINE#         307
  C:4349H         LINE#         308
  C:434CH         LINE#         309
  C:434FH         LINE#         310
  C:4352H         LINE#         311
  C:4358H         LINE#         312
  C:435AH         LINE#         313
  C:4362H         LINE#         314
  C:4362H         LINE#         315
  C:4365H         LINE#         316
  C:4368H         LINE#         317
BL51 BANKED LINKER/LOCATER V6.22.2.0                                                  03/22/2021  11:23:03  PAGE 14


  C:436BH         LINE#         318
  C:4374H         LINE#         319
  C:4374H         LINE#         353
  C:4374H         LINE#         354
  C:4374H         LINE#         355
  C:4377H         LINE#         356
  C:4382H         LINE#         357
  C:4385H         LINE#         358
  C:4386H         LINE#         359
  C:4386H         LINE#         360
  C:4389H         LINE#         361
  C:438AH         LINE#         362
  C:438AH         LINE#         363
  C:438DH         LINE#         364
  C:438DH         LINE#         366
  C:438DH         LINE#         367
  C:438DH         LINE#         368
  C:438DH         LINE#         371
  -------         ENDPROC       _SET_PWM
  -------         PROC          TIMER0_INT
  -------         DO            
  D:000FH         SYMBOL        TempKey
  -------         ENDDO         
  C:2DFDH         LINE#         380
  C:2E08H         LINE#         387
  C:2E0AH         LINE#         390
  C:2E0CH         LINE#         393
  C:2E17H         LINE#         394
  C:2E17H         LINE#         395
  C:2E25H         LINE#         396
  C:2E28H         LINE#         397
  C:2E2AH         LINE#         398
  C:2E2AH         LINE#         400
  C:2E30H         LINE#         401
  C:2E32H         LINE#         402
  C:2E3BH         LINE#         403
  C:2E3BH         LINE#         405
  C:2E44H         LINE#         406
  C:2E4EH         LINE#         407
  C:2E4EH         LINE#         408
  C:2E56H         LINE#         409
  C:2E5EH         LINE#         410
  C:2E66H         LINE#         411
  C:2E69H         LINE#         412
  C:2E6BH         LINE#         415
  C:2E71H         LINE#         417
  C:2E8CH         LINE#         418
  C:2E9AH         LINE#         419
  C:2EB2H         LINE#         420
  C:2EC0H         LINE#         421
  C:2ED8H         LINE#         422
  C:2EE6H         LINE#         423
  C:2F01H         LINE#         424
  C:2F0FH         LINE#         426
  C:2F27H         LINE#         427
  C:2F35H         LINE#         428
  C:2F4DH         LINE#         429
BL51 BANKED LINKER/LOCATER V6.22.2.0                                                  03/22/2021  11:23:03  PAGE 15


  C:2F5BH         LINE#         430
  C:2F76H         LINE#         431
  C:2F84H         LINE#         432
  C:2F9CH         LINE#         433
  C:2FAAH         LINE#         436
  C:2FAAH         LINE#         437
  C:2FAAH         LINE#         446
  C:2FB8H         LINE#         449
  C:2FC0H         LINE#         450
  C:2FC3H         LINE#         451
  C:2FC5H         LINE#         453
  C:2FCBH         LINE#         454
  C:2FCBH         LINE#         456
  C:2FCDH         LINE#         459
  C:2FD4H         LINE#         460
  C:2FD9H         LINE#         462
  C:2FDBH         LINE#         464
  C:2FDBH         LINE#         465
  C:2FE5H         LINE#         466
  C:2FEDH         LINE#         469
  C:2FFBH         LINE#         470
  C:300FH         LINE#         471
  C:3019H         LINE#         472
  C:3027H         LINE#         513
  C:3033H         LINE#         514
  C:3033H         LINE#         515
  C:303BH         LINE#         516
  C:303BH         LINE#         517
  C:304CH         LINE#         518
  C:304CH         LINE#         519
  C:304FH         LINE#         520
  C:3051H         LINE#         521
  C:3053H         LINE#         522
  C:3053H         LINE#         523
  C:3055H         LINE#         524
  C:305FH         LINE#         526
  C:3062H         LINE#         527
  C:3062H         LINE#         528
  C:3065H         LINE#         529
  C:3067H         LINE#         530
  C:306DH         LINE#         531
  C:306FH         LINE#         532
  C:306FH         LINE#         534
  C:3075H         LINE#         535
  C:3075H         LINE#         537
  C:307DH         LINE#         538
  C:307FH         LINE#         540
  C:307FH         LINE#         541
  C:3095H         LINE#         542
  C:3098H         LINE#         543
  C:309AH         LINE#         544
  C:309CH         LINE#         546
  C:309CH         LINE#         547
  C:309FH         LINE#         548
  C:30A1H         LINE#         549
  C:30A1H         LINE#         551
  C:30A3H         LINE#         552
BL51 BANKED LINKER/LOCATER V6.22.2.0                                                  03/22/2021  11:23:03  PAGE 16


  C:30A9H         LINE#         553
  C:30A9H         LINE#         584
  C:30A9H         LINE#         586
  -------         ENDPROC       TIMER0_INT
  -------         PROC          SHOWWORKINGTIMER
  -------         DO            
  X:01D6H         SYMBOL        val
  -------         ENDDO         
  C:29E2H         LINE#         591
  C:29E2H         LINE#         592
  C:29E2H         LINE#         595
  C:29EDH         LINE#         597
  C:29F4H         LINE#         598
  C:29F4H         LINE#         599
  C:2A24H         LINE#         600
  C:2A26H         LINE#         601
  C:2A2DH         LINE#         602
  C:2A2DH         LINE#         603
  C:2A50H         LINE#         604
  C:2A52H         LINE#         605
  C:2A5BH         LINE#         606
  C:2A5BH         LINE#         607
  C:2A6FH         LINE#         608
  C:2A71H         LINE#         610
  C:2A71H         LINE#         611
  C:2A87H         LINE#         612
  C:2A87H         LINE#         616
  C:2ACFH         LINE#         620
  C:2AD9H         LINE#         621
  C:2AE3H         LINE#         622
  C:2AECH         LINE#         623
  C:2AF6H         LINE#         625
  C:2B00H         LINE#         626
  C:2B0AH         LINE#         627
  C:2B17H         LINE#         628
  C:2B1FH         LINE#         630
  C:2B28H         LINE#         636
  C:2B32H         LINE#         637
  C:2B32H         LINE#         638
  C:2B91H         LINE#         639
  C:2B9FH         LINE#         641
  C:2BA1H         LINE#         643
  C:2BA1H         LINE#         647
  C:2BDDH         LINE#         649
  C:2BEBH         LINE#         650
  C:2C02H         LINE#         652
  C:2C16H         LINE#         656
  C:2C16H         LINE#         659
  C:2C69H         LINE#         663
  C:2C73H         LINE#         664
  C:2C7DH         LINE#         665
  C:2C87H         LINE#         666
  C:2C91H         LINE#         667
  C:2C9BH         LINE#         668
  C:2CA5H         LINE#         669
  C:2CAFH         LINE#         670
  C:2CB9H         LINE#         671
BL51 BANKED LINKER/LOCATER V6.22.2.0                                                  03/22/2021  11:23:03  PAGE 17


  C:2CC3H         LINE#         672
  C:2CCEH         LINE#         674
  C:2CD8H         LINE#         675
  C:2CE0H         LINE#         676
  C:2CEAH         LINE#         677
  C:2CF2H         LINE#         678
  C:2CFCH         LINE#         679
  C:2D04H         LINE#         680
  C:2D0EH         LINE#         681
  C:2D16H         LINE#         682
  C:2D1EH         LINE#         683
  C:2D28H         LINE#         684
  C:2D32H         LINE#         685
  C:2D3CH         LINE#         686
  C:2D46H         LINE#         687
  C:2D50H         LINE#         688
  C:2D5AH         LINE#         689
  C:2D64H         LINE#         690
  C:2D6EH         LINE#         691
  C:2D78H         LINE#         692
  C:2D82H         LINE#         693
  C:2D8DH         LINE#         695
  C:2D99H         LINE#         696
  C:2DA4H         LINE#         698
  C:2DAEH         LINE#         699
  C:2DB6H         LINE#         700
  C:2DC0H         LINE#         701
  C:2DC8H         LINE#         702
  C:2DD4H         LINE#         703
  C:2DDAH         LINE#         705
  C:2DF2H         LINE#         723
  -------         ENDPROC       SHOWWORKINGTIMER
  -------         PROC          INITVARS
  -------         DO            
  D:0007H         SYMBOL        j
  -------         ENDDO         
  C:4EE2H         LINE#         733
  C:4EE2H         LINE#         734
  C:4EE2H         LINE#         736
  C:4EEEH         LINE#         737
  C:4EF7H         LINE#         739
  -------         ENDPROC       INITVARS
  -------         PROC          _POWERLED
  D:0007H         SYMBOL        flag
  C:472EH         LINE#         745
  C:472EH         LINE#         746
  C:472EH         LINE#         748
  C:4762H         LINE#         749
  C:4762H         LINE#         750
  C:4762H         LINE#         751
  C:4764H         LINE#         752
  C:4766H         LINE#         753
  C:4767H         LINE#         754
  C:4767H         LINE#         755
  C:4769H         LINE#         756
  C:476BH         LINE#         757
  C:476CH         LINE#         758
BL51 BANKED LINKER/LOCATER V6.22.2.0                                                  03/22/2021  11:23:03  PAGE 18


  C:476CH         LINE#         759
  C:476CH         LINE#         760
  C:476CH         LINE#         761
  C:476EH         LINE#         762
  C:476EH         LINE#         763
  C:476EH         LINE#         764
  C:476EH         LINE#         765
  C:4770H         LINE#         766
  C:4770H         LINE#         767
  C:4773H         LINE#         768
  C:4773H         LINE#         769
  C:4775H         LINE#         770
  C:4777H         LINE#         771
  C:4778H         LINE#         778
  C:4778H         LINE#         779
  C:477BH         LINE#         780
  C:477BH         LINE#         781
  C:477DH         LINE#         782
  C:477FH         LINE#         783
  C:4780H         LINE#         785
  C:4780H         LINE#         786
  C:4780H         LINE#         787
  C:4780H         LINE#         788
  C:4780H         LINE#         789
  C:4782H         LINE#         790
  C:4782H         LINE#         791
  C:4785H         LINE#         792
  C:4785H         LINE#         793
  C:4787H         LINE#         794
  C:4789H         LINE#         795
  C:478AH         LINE#         797
  C:478AH         LINE#         798
  C:478CH         LINE#         799
  C:478EH         LINE#         800
  C:478EH         LINE#         801
  C:478FH         LINE#         802
  C:478FH         LINE#         803
  C:4792H         LINE#         804
  C:4792H         LINE#         805
  C:4794H         LINE#         806
  C:4796H         LINE#         808
  C:4796H         LINE#         809
  C:4798H         LINE#         810
  C:4798H         LINE#         812
  C:479AH         LINE#         814
  C:479BH         LINE#         815
  C:479BH         LINE#         816
  C:479EH         LINE#         817
  C:479EH         LINE#         818
  C:47A0H         LINE#         819
  C:47A2H         LINE#         821
  C:47A2H         LINE#         822
  C:47A4H         LINE#         823
  C:47A4H         LINE#         825
  C:47A6H         LINE#         828
  C:47A6H         LINE#         829
  C:47A6H         LINE#         830
BL51 BANKED LINKER/LOCATER V6.22.2.0                                                  03/22/2021  11:23:03  PAGE 19


  C:47A6H         LINE#         831
  C:47A6H         LINE#         832
  -------         ENDPROC       _POWERLED
  -------         PROC          EXT1_INT
  C:0026H         LINE#         841
  C:0026H         LINE#         843
  C:0028H         LINE#         844
  -------         ENDPROC       EXT1_INT
  -------         PROC          SERIAL_INT
  C:4C7DH         LINE#         867
  C:4C84H         LINE#         873
  C:4C87H         LINE#         882
  C:4C8EH         LINE#         883
  C:4C90H         LINE#         884
  C:4C9EH         LINE#         888
  C:4CA0H         LINE#         890
  C:4CA0H         LINE#         892
  C:4CA3H         LINE#         893
  C:4CA5H         LINE#         894
  C:4CA7H         LINE#         895
  C:4CA7H         LINE#         896
  -------         ENDPROC       SERIAL_INT
  -------         PROC          SERIAL2_INT
  C:4B74H         LINE#         900
  C:4B7BH         LINE#         905
  C:4B83H         LINE#         906
  C:4B83H         LINE#         908
  C:4B86H         LINE#         910
  C:4B8DH         LINE#         913
  C:4B8FH         LINE#         914
  C:4B9DH         LINE#         915
  C:4B9DH         LINE#         917
  C:4BA5H         LINE#         918
  C:4BA5H         LINE#         919
  C:4BA8H         LINE#         920
  C:4BAAH         LINE#         921
  C:4BAAH         LINE#         922
  -------         ENDPROC       SERIAL2_INT
  -------         PROC          RS2_READY
  C:4F98H         LINE#         958
  C:4F98H         LINE#         959
  C:4F98H         LINE#         960
  C:4FA0H         LINE#         961
  C:4FA2H         LINE#         962
  -------         ENDPROC       RS2_READY
  -------         PROC          RS2_RX
  -------         DO            
  D:0007H         SYMBOL        ret
  -------         ENDDO         
  C:4E43H         LINE#         966
  C:4E43H         LINE#         967
  C:4E43H         LINE#         970
  C:4E46H         LINE#         971
  C:4E4DH         LINE#         972
  C:4E4FH         LINE#         973
  C:4E5AH         LINE#         974
  C:4E5DH         LINE#         975
BL51 BANKED LINKER/LOCATER V6.22.2.0                                                  03/22/2021  11:23:03  PAGE 20


  C:4E60H         LINE#         977
  C:4E60H         LINE#         978
  -------         ENDPROC       RS2_RX
  -------         PROC          _RS2_TX
  D:0007H         SYMBOL        tx_buf
  C:0003H         LINE#         995
  C:0003H         LINE#         996
  C:0003H         LINE#         998
  C:0006H         LINE#         999
  C:0008H         LINE#         1000
  C:000AH         LINE#         1001
  -------         ENDPROC       _RS2_TX
  -------         PROC          TIMER2_INT
  C:4F7DH         LINE#         1042
  C:4F7FH         LINE#         1201
  C:4F81H         LINE#         1203
  C:4F89H         LINE#         1205
  -------         ENDPROC       TIMER2_INT
  -------         PROC          _DELAY
  D:0007H         SYMBOL        cnt
  -------         DO            
  D:0004H         SYMBOL        ttic01
  -------         ENDDO         
  C:4ECAH         LINE#         1207
  C:4ECAH         LINE#         1208
  C:4ECAH         LINE#         1211
  C:4ED8H         LINE#         1212
  C:4ED8H         LINE#         1214
  C:4EE1H         LINE#         1215
  -------         ENDPROC       _DELAY
  -------         PROC          INT2_INT
  C:4DE6H         LINE#         1219
  C:4DECH         LINE#         1221
  C:4DEEH         LINE#         1222
  C:4DF0H         LINE#         1223
  C:4DF3H         LINE#         1224
  C:4DF9H         LINE#         1225
  C:4DFEH         LINE#         1226
  -------         ENDPROC       INT2_INT
  -------         PROC          INT3_INT
  C:4E05H         LINE#         1228
  C:4E0BH         LINE#         1230
  C:4E0DH         LINE#         1231
  C:4E0FH         LINE#         1232
  C:4E12H         LINE#         1233
  C:4E18H         LINE#         1234
  C:4E1DH         LINE#         1235
  -------         ENDPROC       INT3_INT
  -------         ENDMOD        CPU

  -------         MODULE        ETC_EEP
  C:0000H         SYMBOL        _ICE_DUMMY_
  C:49A5H         PUBLIC        GetProjectNameEE
  C:4253H         PUBLIC        ClearBasicEE
  C:4E98H         PUBLIC        SaveFWRevEE
  C:4911H         PUBLIC        GetFWRevEE
  -------         PROC          GETFWREVEE
BL51 BANKED LINKER/LOCATER V6.22.2.0                                                  03/22/2021  11:23:03  PAGE 21


  -------         DO            
  D:0004H         SYMBOL        rev
  -------         ENDDO         
  C:4911H         LINE#         17
  C:4911H         LINE#         18
  C:4911H         LINE#         19
  C:4917H         LINE#         26
  C:495AH         LINE#         28
  C:495AH         LINE#         29
  -------         ENDPROC       GETFWREVEE
  -------         PROC          GETPROJECTNAMEEE
  -------         DO            
  X:01D6H         SYMBOL        rev
  -------         ENDDO         
  C:49A5H         LINE#         31
  C:49A5H         LINE#         32
  C:49A5H         LINE#         33
  C:49ABH         LINE#         35
  C:49B9H         LINE#         36
  C:49C8H         LINE#         37
  C:49D7H         LINE#         38
  C:49E6H         LINE#         40
  C:49EBH         LINE#         41
  -------         ENDPROC       GETPROJECTNAMEEE
  -------         PROC          SAVEFWREVEE
  C:4E98H         LINE#         43
  C:4E98H         LINE#         44
  C:4E98H         LINE#         51
  C:4EA0H         LINE#         52
  C:4EA8H         LINE#         53
  -------         ENDPROC       SAVEFWREVEE
  -------         PROC          CLEARBASICEE
  C:4253H         LINE#         67
  C:4253H         LINE#         68
  C:4253H         LINE#         70
  C:425CH         LINE#         72
  C:4264H         LINE#         73
  C:426DH         LINE#         74
  C:4276H         LINE#         75
  C:427FH         LINE#         77
  C:4288H         LINE#         80
  C:4291H         LINE#         82
  C:4299H         LINE#         84
  C:42A1H         LINE#         86
  C:42A9H         LINE#         88
  C:42B2H         LINE#         90
  C:42BBH         LINE#         91
  C:42C3H         LINE#         93
  C:42CCH         LINE#         94
  C:42D4H         LINE#         96
  C:42DDH         LINE#         97
  C:42E5H         LINE#         99
  C:42EEH         LINE#         100
  -------         ENDPROC       CLEARBASICEE
  -------         ENDMOD        ETC_EEP

  -------         MODULE        HS_DVRPROTOCOL
BL51 BANKED LINKER/LOCATER V6.22.2.0                                                  03/22/2021  11:23:03  PAGE 22


  C:0000H         SYMBOL        _ICE_DUMMY_
  X:0000H         PUBLIC        protocol_data_count
  D:00B2H         PUBLIC        P3M1
  X:0001H         PUBLIC        protocol_len
  X:0002H         PUBLIC        protocol_type
  B:0021H.3       PUBLIC        protocol_escape_flag
  X:0003H         PUBLIC        protocol_chksum
  X:0004H         PUBLIC        protocol_param
  X:0005H         PUBLIC        protocol_data
  C:1C88H         PUBLIC        DvrReceivePaser
  X:0105H         PUBLIC        protocol_state
  -------         PROC          DVRRECEIVEPASER
  -------         DO            
  X:01D2H         SYMBOL        c
  -------         ENDDO         
  C:1C88H         LINE#         39
  C:1C88H         LINE#         40
  C:1C88H         LINE#         42
  C:1C91H         LINE#         43
  C:1C91H         LINE#         44
  C:1C99H         LINE#         46
  C:1C9FH         LINE#         47
  C:1C9FH         LINE#         51
  C:1CA1H         LINE#         52
  C:1CA6H         LINE#         53
  C:1CACH         LINE#         55
  C:1CACH         LINE#         57
  C:1CB2H         LINE#         58
  C:1CB2H         LINE#         59
  C:1CB5H         LINE#         61
  C:1CB5H         LINE#         63
  C:1CB8H         LINE#         64
  C:1CB8H         LINE#         65
  C:1CBAH         LINE#         66
  C:1CC1H         LINE#         67
  C:1CC1H         LINE#         69
  C:1CCAH         LINE#         70
  C:1CCAH         LINE#         71
  C:1CDAH         LINE#         72
  C:1CDAH         LINE#         74
  C:1CEFH         LINE#         75
  C:1CEFH         LINE#         76
  C:1CEFH         LINE#         77
  C:1CF7H         LINE#         78
  C:1D0AH         LINE#         79
  C:1D0AH         LINE#         80
  C:1D0AH         LINE#         81
  C:1D0AH         LINE#         82
  C:1D0AH         LINE#         83
  C:1D0AH         LINE#         84
  C:1D0AH         LINE#         85
  C:1D0AH         LINE#         86
  C:1D0AH         LINE#         87
  C:1D0AH         LINE#         88
  C:1D0AH         LINE#         89
  C:1D0AH         LINE#         90
  C:1D0AH         LINE#         91
BL51 BANKED LINKER/LOCATER V6.22.2.0                                                  03/22/2021  11:23:03  PAGE 23


  C:1D0AH         LINE#         92
  C:1D0AH         LINE#         93
  C:1D10H         LINE#         94
  C:1D11H         LINE#         95
  C:1D11H         LINE#         98
  C:1D11H         LINE#         99
  C:1D11H         LINE#         101
  C:1D11H         LINE#         102
  C:1D19H         LINE#         103
  C:1D2EH         LINE#         104
  C:1D2EH         LINE#         105
  C:1D2EH         LINE#         106
  C:1D2EH         LINE#         107
  C:1D2EH         LINE#         108
  C:1D2EH         LINE#         109
  C:1D2EH         LINE#         110
  C:1D2EH         LINE#         111
  C:1D2EH         LINE#         112
  C:1D2EH         LINE#         113
  C:1D2EH         LINE#         114
  C:1D2EH         LINE#         115
  C:1D2EH         LINE#         116
  C:1D2EH         LINE#         117
  C:1D2EH         LINE#         119
  C:1D34H         LINE#         120
  C:1D34H         LINE#         121
  C:1D34H         LINE#         122
  C:1D36H         LINE#         124
  C:1D36H         LINE#         125
  C:1D3BH         LINE#         126
  C:1D41H         LINE#         131
  C:1D41H         LINE#         132
  C:1D42H         LINE#         133
  C:1D42H         LINE#         134
  C:1D42H         LINE#         135
  C:1D45H         LINE#         136
  C:1D45H         LINE#         137
  C:1D45H         LINE#         139
  C:1D45H         LINE#         140
  C:1D5CH         LINE#         141
  C:1D5CH         LINE#         142
  C:1D5CH         LINE#         143
  C:1D5CH         LINE#         144
  C:1D5CH         LINE#         145
  C:1D5CH         LINE#         146
  C:1D5CH         LINE#         147
  C:1D5CH         LINE#         148
  C:1D5CH         LINE#         149
  C:1D5CH         LINE#         150
  C:1D5CH         LINE#         151
  C:1D5CH         LINE#         152
  C:1D5CH         LINE#         153
  C:1D5CH         LINE#         156
  C:1D70H         LINE#         157
  C:1D76H         LINE#         158
  C:1D83H         LINE#         159
  C:1D89H         LINE#         163
BL51 BANKED LINKER/LOCATER V6.22.2.0                                                  03/22/2021  11:23:03  PAGE 24


  C:1D89H         LINE#         168
  C:1D8AH         LINE#         169
  C:1D8AH         LINE#         170
  C:1D8AH         LINE#         171
  C:1D8DH         LINE#         172
  C:1D8DH         LINE#         173
  C:1D8DH         LINE#         175
  C:1D8DH         LINE#         176
  C:1D9CH         LINE#         177
  C:1D9CH         LINE#         182
  C:1DCEH         LINE#         183
  C:1DCEH         LINE#         184
  C:1DCEH         LINE#         188
  C:1DD5H         LINE#         189
  C:1DDEH         LINE#         190
  C:1DEBH         LINE#         191
  C:1DEBH         LINE#         192
  C:1DEFH         LINE#         193
  C:1DF4H         LINE#         194
  C:1DF9H         LINE#         195
  C:1DF9H         LINE#         196
  C:1E02H         LINE#         197
  C:1E0BH         LINE#         198
  C:1E0EH         LINE#         199
  C:1E11H         LINE#         200
  C:1E11H         LINE#         204
  C:1E16H         LINE#         205
  C:1E22H         LINE#         206
  C:1E28H         LINE#         207
  C:1E2BH         LINE#         208
  C:1E2BH         LINE#         213
  C:1E31H         LINE#         214
  C:1E34H         LINE#         215
  C:1E34H         LINE#         220
  C:1E3AH         LINE#         221
  C:1E3DH         LINE#         222
  C:1E3DH         LINE#         235
  C:1E5EH         LINE#         236
  C:1E7FH         LINE#         238
  C:1EA0H         LINE#         239
  C:1EC1H         LINE#         241
  C:1EE2H         LINE#         242
  C:1F03H         LINE#         244
  C:1F24H         LINE#         245
  C:1F45H         LINE#         247
  C:1F51H         LINE#         248
  C:1F5DH         LINE#         250
  C:1F69H         LINE#         251
  C:1F75H         LINE#         253
  C:1F81H         LINE#         254
  C:1F8DH         LINE#         256
  C:1F99H         LINE#         257
  C:1FA5H         LINE#         259
  C:1FABH         LINE#         261
  C:1FAEH         LINE#         263
  C:1FAEH         LINE#         269
  C:1FBBH         LINE#         270
BL51 BANKED LINKER/LOCATER V6.22.2.0                                                  03/22/2021  11:23:03  PAGE 25


  C:1FBEH         LINE#         272
  C:1FD0H         LINE#         274
  C:1FD9H         LINE#         275
  C:1FDEH         LINE#         277
  C:1FE8H         LINE#         278
  C:1FF1H         LINE#         305
  C:1FF4H         LINE#         307
  C:1FF4H         LINE#         312
  C:1FFDH         LINE#         313
  C:1FFDH         LINE#         314
  C:2004H         LINE#         318
  C:2007H         LINE#         319
  C:2010H         LINE#         320
  C:2010H         LINE#         321
  C:2015H         LINE#         322
  C:201CH         LINE#         326
  C:201CH         LINE#         327
  C:201FH         LINE#         329
  C:201FH         LINE#         333
  C:2025H         LINE#         334
  C:2028H         LINE#         336
  C:2028H         LINE#         341
  C:202EH         LINE#         342
  C:202EH         LINE#         343
  C:2035H         LINE#         344
  C:203AH         LINE#         347
  C:203FH         LINE#         348
  C:2044H         LINE#         349
  C:2049H         LINE#         350
  C:204EH         LINE#         351
  C:2053H         LINE#         352
  C:2058H         LINE#         354
  C:205EH         LINE#         356
  C:2061H         LINE#         357
  C:2069H         LINE#         358
  C:2069H         LINE#         359
  C:206FH         LINE#         360
  C:206FH         LINE#         361
  C:206FH         LINE#         362
  C:2071H         LINE#         363
  C:207CH         LINE#         364
  C:207CH         LINE#         365
  C:2083H         LINE#         366
  C:2086H         LINE#         367
  C:208FH         LINE#         368
  C:2091H         LINE#         369
  C:2091H         LINE#         371
  C:2094H         LINE#         373
  C:2094H         LINE#         378
  C:209FH         LINE#         379
  C:209FH         LINE#         380
  C:20A6H         LINE#         381
  C:20A8H         LINE#         382
  C:20B4H         LINE#         383
  C:20B4H         LINE#         384
  C:20BBH         LINE#         385
  C:20C0H         LINE#         386
BL51 BANKED LINKER/LOCATER V6.22.2.0                                                  03/22/2021  11:23:03  PAGE 26


  C:20C7H         LINE#         388
  C:20D3H         LINE#         389
  C:20D7H         LINE#         390
  C:20D7H         LINE#         391
  C:20E7H         LINE#         392
  C:20E7H         LINE#         393
  C:20EEH         LINE#         394
  C:20F5H         LINE#         395
  C:20FAH         LINE#         396
  C:2101H         LINE#         397
  C:210BH         LINE#         398
  C:2113H         LINE#         402
  C:211FH         LINE#         403
  C:2123H         LINE#         404
  C:2123H         LINE#         406
  C:2128H         LINE#         408
  C:212AH         LINE#         410
  C:212AH         LINE#         414
  C:2133H         LINE#         415
  C:2135H         LINE#         417
  C:2135H         LINE#         419
  C:213DH         LINE#         420
  C:213DH         LINE#         421
  C:2145H         LINE#         422
  C:214BH         LINE#         423
  C:214DH         LINE#         425
  C:214DH         LINE#         426
  C:2155H         LINE#         427
  C:215AH         LINE#         428
  C:215AH         LINE#         435
  C:215CH         LINE#         436
  C:215CH         LINE#         437
  C:2167H         LINE#         438
  C:216CH         LINE#         440
  C:216FH         LINE#         445
  C:2178H         LINE#         448
  C:2178H         LINE#         449
  C:2178H         LINE#         450
  C:2178H         LINE#         451
  C:2178H         LINE#         453
  C:2178H         LINE#         455
  C:2178H         LINE#         459
  C:2178H         LINE#         460
  C:217DH         LINE#         461
  C:217DH         LINE#         462
  C:217DH         LINE#         463
  C:217DH         LINE#         464
  C:217DH         LINE#         465
  C:217DH         LINE#         468
  -------         ENDPROC       DVRRECEIVEPASER
  -------         ENDMOD        HS_DVRPROTOCOL

  -------         MODULE        I2C
  C:0000H         SYMBOL        _ICE_DUMMY_
  B:0090H.0       PUBLIC        P1_0
  B:0090H.1       PUBLIC        P1_1
  C:4BE8H         PUBLIC        I2CReadData
BL51 BANKED LINKER/LOCATER V6.22.2.0                                                  03/22/2021  11:23:03  PAGE 27


  C:4BAFH         PUBLIC        _ReadI2C
  C:46B3H         PUBLIC        _I2CWriteData
  C:4F5AH         PUBLIC        I2CStart
  C:4F11H         PUBLIC        I2Cdelay
  C:4D5FH         PUBLIC        _ReadEEP
  C:4DA6H         PUBLIC        _WriteAD5110
  C:0016H         PUBLIC        I2CStop
  C:49ECH         PUBLIC        _WriteEEP
  C:4635H         PUBLIC        _AD5110_I2CWriteData
  C:4F0DH         SYMBOL        L?0054
  -------         PROC          L?0053
  -------         ENDPROC       L?0053
  C:4F0DH         SYMBOL        L?0054
  -------         PROC          I2CDELAY
  -------         DO            
  D:0007H         SYMBOL        i
  -------         ENDDO         
  C:4F11H         LINE#         34
  C:4F11H         LINE#         35
  C:4F11H         LINE#         37
  C:4F1DH         LINE#         38
  C:4F20H         LINE#         39
  -------         ENDPROC       I2CDELAY
  -------         PROC          _WRITEEEP
  X:01D6H         SYMBOL        index
  X:01D8H         SYMBOL        dat
  -------         DO            
  X:01D9H         SYMBOL        addr
  -------         ENDDO         
  C:49ECH         LINE#         42
  C:49F7H         LINE#         43
  C:49F7H         LINE#         46
  C:4A0FH         LINE#         48
  C:4A12H         LINE#         49
  C:4A1AH         LINE#         50
  C:4A23H         LINE#         51
  C:4A2BH         LINE#         52
  C:4A2EH         LINE#         58
  -------         ENDPROC       _WRITEEEP
  -------         PROC          _READEEP
  D:0004H         SYMBOL        index
  -------         DO            
  X:01FAH         SYMBOL        val
  D:0007H         SYMBOL        addr
  -------         ENDDO         
  C:4D5FH         LINE#         61
  C:4D63H         LINE#         62
  C:4D63H         LINE#         66
  C:4D72H         LINE#         68
  C:4D7AH         LINE#         73
  C:4D7FH         LINE#         74
  C:4D84H         LINE#         75
  -------         ENDPROC       _READEEP
  -------         PROC          _READI2C
  X:01FBH         SYMBOL        addr
  X:01FCH         SYMBOL        index
  -------         DO            
BL51 BANKED LINKER/LOCATER V6.22.2.0                                                  03/22/2021  11:23:03  PAGE 28


  X:01FDH         SYMBOL        val
  -------         ENDDO         
  C:4BAFH         LINE#         77
  C:4BB7H         LINE#         78
  C:4BB7H         LINE#         81
  C:4BBAH         LINE#         82
  C:4BC2H         LINE#         83
  C:4BCAH         LINE#         84
  C:4BCDH         LINE#         85
  C:4BD7H         LINE#         86
  C:4BDFH         LINE#         87
  C:4BE2H         LINE#         89
  C:4BE7H         LINE#         90
  -------         ENDPROC       _READI2C
  -------         PROC          I2CSTART
  C:4F5AH         LINE#         106
  C:4F5AH         LINE#         107
  C:4F5AH         LINE#         108
  C:4F5FH         LINE#         109
  C:4F64H         LINE#         110
  C:4F69H         LINE#         111
  C:4F6BH         LINE#         112
  -------         ENDPROC       I2CSTART
  -------         PROC          I2CSTOP
  C:0016H         LINE#         114
  C:0016H         LINE#         115
  C:0016H         LINE#         116
  C:001BH         LINE#         117
  C:0020H         LINE#         118
  C:0022H         LINE#         119
  -------         ENDPROC       I2CSTOP
  -------         PROC          _I2CWRITEDATA
  D:0006H         SYMBOL        value
  C:46B3H         LINE#         121
  C:46B5H         LINE#         122
  C:46B5H         LINE#         124
  C:46C2H         LINE#         125
  C:46CFH         LINE#         126
  C:46DCH         LINE#         127
  C:46E9H         LINE#         129
  C:46F6H         LINE#         130
  C:4703H         LINE#         131
  C:4710H         LINE#         132
  C:471DH         LINE#         135
  C:471FH         LINE#         136
  C:4721H         LINE#         137
  C:4723H         LINE#         138
  C:4725H         LINE#         140
  C:4727H         LINE#         141
  C:4729H         LINE#         142
  C:472BH         LINE#         143
  C:472DH         LINE#         144
  -------         ENDPROC       _I2CWRITEDATA
  -------         PROC          I2CREADDATA
  -------         DO            
  D:0004H         SYMBOL        i
  D:0006H         SYMBOL        value
BL51 BANKED LINKER/LOCATER V6.22.2.0                                                  03/22/2021  11:23:03  PAGE 29


  -------         ENDDO         
  C:4BE8H         LINE#         146
  C:4BE8H         LINE#         147
  C:4BE8H         LINE#         149
  C:4BEAH         LINE#         151
  C:4BEFH         LINE#         152
  C:4BF1H         LINE#         154
  C:4BF4H         LINE#         155
  C:4BF6H         LINE#         156
  C:4BFAH         LINE#         157
  C:4C00H         LINE#         158
  C:4C02H         LINE#         159
  C:4C0DH         LINE#         160
  C:4C10H         LINE#         162
  C:4C12H         LINE#         163
  C:4C14H         LINE#         164
  C:4C16H         LINE#         165
  C:4C18H         LINE#         167
  C:4C1AH         LINE#         169
  -------         ENDPROC       I2CREADDATA
  -------         PROC          _AD5110_I2CWRITEDATA
  D:0006H         SYMBOL        value
  C:4635H         LINE#         172
  C:4637H         LINE#         173
  C:4637H         LINE#         175
  C:4644H         LINE#         176
  C:4651H         LINE#         177
  C:465EH         LINE#         178
  C:466BH         LINE#         180
  C:4678H         LINE#         181
  C:4685H         LINE#         182
  C:4692H         LINE#         183
  C:469FH         LINE#         186
  C:46A1H         LINE#         187
  C:46A3H         LINE#         188
  C:46A5H         LINE#         189
  C:46A7H         LINE#         190
  C:46AAH         LINE#         191
  C:46ACH         LINE#         192
  C:46AEH         LINE#         193
  C:46B0H         LINE#         194
  C:46B2H         LINE#         196
  -------         ENDPROC       _AD5110_I2CWRITEDATA
  -------         PROC          _WRITEAD5110
  D:0002H         SYMBOL        index
  D:0005H         SYMBOL        dat
  -------         DO            
  D:0006H         SYMBOL        addr
  -------         ENDDO         
  C:4DA6H         LINE#         229
  C:4DAAH         LINE#         230
  C:4DAAH         LINE#         233
  C:4DACH         LINE#         235
  C:4DAFH         LINE#         236
  C:4DB4H         LINE#         237
  C:4DB9H         LINE#         238
  C:4DBEH         LINE#         239
BL51 BANKED LINKER/LOCATER V6.22.2.0                                                  03/22/2021  11:23:03  PAGE 30


  C:4DC1H         LINE#         245
  -------         ENDPROC       _WRITEAD5110
  -------         ENDMOD        I2C

  -------         MODULE        KEYREMO
  C:0000H         SYMBOL        _ICE_DUMMY_
  C:4E7DH         PUBLIC        _GetKey
  C:4CACH         PUBLIC        Scankey
  -------         PROC          SCANKEY
  C:4CACH         LINE#         31
  C:4CACH         LINE#         32
  C:4CACH         LINE#         34
  C:4CB4H         LINE#         35
  C:4CB4H         LINE#         37
  C:4CC4H         LINE#         38
  C:4CC4H         LINE#         39
  C:4CC8H         LINE#         40
  C:4CCEH         LINE#         41
  C:4CD0H         LINE#         43
  C:4CD9H         LINE#         44
  C:4CD9H         LINE#         46
  -------         ENDPROC       SCANKEY
  -------         PROC          _GETKEY
  D:0007H         SYMBOL        repeat
  -------         DO            
  B:0021H.1       SYMBOL        ready
  -------         ENDDO         
  C:4E7DH         LINE#         51
  C:4E7DH         LINE#         52
  C:4E7DH         LINE#         56
  C:4E81H         LINE#         57
  C:4E83H         LINE#         59
  C:4E89H         LINE#         60
  C:4E8FH         LINE#         61
  C:4E95H         LINE#         63
  C:4E97H         LINE#         64
  -------         ENDPROC       _GETKEY
  -------         ENDMOD        KEYREMO

  -------         MODULE        MAIN
  C:0000H         SYMBOL        _ICE_DUMMY_
  C:398EH         PUBLIC        _Mapping1
  C:438EH         PUBLIC        _mcuLib_ProtocolSendCmdWithParamNum
  D:00B2H         PUBLIC        P3M1
  D:00E7H         PUBLIC        ISPCR
  D:00E8H         PUBLIC        P4
  X:0106H         PUBLIC        PowerFlag
  B:0080H.0       PUBLIC        P0_0
  X:0107H         PUBLIC        LowBatteryFlag
  B:0080H.1       PUBLIC        P0_1
  X:0108H         PUBLIC        UserRange
  B:00B0H.4       PUBLIC        P3_4
  B:00B0H.5       PUBLIC        P3_5
  C:4ABAH         PUBLIC        _SetAD5110Step
  C:3350H         PUBLIC        _MCU_SendCmdToDVR
  X:010EH         PUBLIC        g_stBatteryInfo
  D:00C6H         PUBLIC        ADCV
BL51 BANKED LINKER/LOCATER V6.22.2.0                                                  03/22/2021  11:23:03  PAGE 31


  X:0114H         PUBLIC        DVRChangeCurrent
  X:0115H         PUBLIC        EncorderLen_Offset
  X:0117H         PUBLIC        EncorderLenint
  C:45B3H         PUBLIC        main
  D:00E6H         PUBLIC        SCMD
  X:0118H         PUBLIC        g_stDVRInfo
  X:011AH         PUBLIC        PowerOffToOnFlag
  D:00E3H         PUBLIC        IFADRH
  D:00E5H         PUBLIC        IFMT
  X:011BH         PUBLIC        Power_down_mode
  D:00E4H         PUBLIC        IFADRL
  X:011CH         PUBLIC        AD5110Range
  C:4817H         SYMBOL        _?ix1000
  C:4E24H         PUBLIC        main_loop
  C:358AH         PUBLIC        LoadEEPROM
  X:0122H         PUBLIC        EncorderCountPN_offset
  C:4D85H         PUBLIC        enter_isp
  D:00E2H         PUBLIC        IFD
  X:0123H         PUBLIC        EncorderLenfloaat
  X:0125H         PUBLIC        EncorderLen
  C:4FAAH         PUBLIC        GetBatteryVoltage
  C:481EH         PUBLIC        InitialTimerEvent
  C:4C1BH         PUBLIC        _isp_write
  C:4FA3H         PUBLIC        GetBatteryBTH
  X:0129H         PUBLIC        EncorderCountPN
  C:000EH         PUBLIC        isp_init
  X:012AH         PUBLIC        Decimal1
  X:012EH         PUBLIC        DebugLevel
  X:012FH         PUBLIC        Decimal2
  X:0133H         PUBLIC        Decimal3
  C:3D31H         PUBLIC        WaitPowerOn
  X:0137H         PUBLIC        Decimal4
  X:013BH         PUBLIC        PWR_START_flag
  X:013CH         PUBLIC        Encorder1
  X:0140H         PUBLIC        Encorder2
  D:00C5H         PUBLIC        ADCTL
  X:0144H         PUBLIC        Encorder3
  C:4DC6H         PUBLIC        _GetADCValue
  X:0148H         PUBLIC        Encorder4
  D:00E8H         PUBLIC        ADCVL
  X:014CH         PUBLIC        AD5110_setp
  X:0175H         PUBLIC        CameraVolt
  C:41C0H         PUBLIC        _mcuLib_ProtocolAppend
  C:25BBH         PUBLIC        EncorderHandler
  -------         PROC          _ISP_WRITE
  D:0001H         SYMBOL        buf
  D:0005H         SYMBOL        addr_high
  X:01DBH         SYMBOL        addr_low
  X:01DCH         SYMBOL        len
  C:4C1BH         LINE#         85
  C:4C1BH         LINE#         86
  C:4C1BH         LINE#         87
  C:4C1EH         LINE#         88
  C:4C20H         LINE#         90
  C:4C20H         LINE#         91
  C:4C26H         LINE#         92
  C:4C2BH         LINE#         93
BL51 BANKED LINKER/LOCATER V6.22.2.0                                                  03/22/2021  11:23:03  PAGE 32


  C:4C2EH         LINE#         94
  C:4C31H         LINE#         96
  C:4C38H         LINE#         97
  C:4C3EH         LINE#         98
  C:4C41H         LINE#         99
  C:4C41H         LINE#         100
  C:4C42H         LINE#         101
  C:4C44H         LINE#         102
  C:4C44H         LINE#         103
  C:4C4AH         LINE#         104
  C:4C4AH         LINE#         105
  C:4C4DH         LINE#         106
  -------         ENDPROC       _ISP_WRITE
  -------         PROC          ISP_INIT
  C:000EH         LINE#         108
  C:000EH         LINE#         109
  C:000EH         LINE#         110
  C:0011H         LINE#         111
  -------         ENDPROC       ISP_INIT
  -------         PROC          ENTER_ISP
  -------         DO            
  X:01D6H         SYMBOL        mark
  -------         ENDDO         
  C:4D85H         LINE#         113
  C:4D85H         LINE#         114
  C:4D85H         LINE#         116
  C:4D8AH         LINE#         117
  C:4D8DH         LINE#         118
  C:4DA2H         LINE#         119
  C:4DA5H         LINE#         120
  -------         ENDPROC       ENTER_ISP
  C:41A8H         SYMBOL        L?0105
  C:41B8H         SYMBOL        L?0106
  -------         PROC          L?0104
  -------         ENDPROC       L?0104
  C:41A8H         SYMBOL        L?0105
  C:41B8H         SYMBOL        L?0106
  -------         PROC          _MCULIB_PROTOCOLAPPEND
  X:0211H         SYMBOL        pucBuf
  X:0214H         SYMBOL        piLen
  X:0217H         SYMBOL        ucByte
  C:41C0H         LINE#         123
  C:41CBH         LINE#         124
  C:41D9H         LINE#         125
  C:41FDH         LINE#         126
  C:420DH         LINE#         127
  C:4216H         LINE#         128
  C:4216H         LINE#         129
  C:4218H         LINE#         130
  C:4240H         LINE#         131
  C:4250H         LINE#         132
  C:4250H         LINE#         133
  C:4252H         LINE#         134
  -------         ENDPROC       _MCULIB_PROTOCOLAPPEND
  -------         PROC          _MCULIB_PROTOCOLSENDCMDWITHPARAMNUM
  D:0007H         SYMBOL        ucType
  X:01FBH         SYMBOL        pucParam
BL51 BANKED LINKER/LOCATER V6.22.2.0                                                  03/22/2021  11:23:03  PAGE 33


  X:01FEH         SYMBOL        ucSize
  -------         DO            
  D:0005H         SYMBOL        ucChecksum
  X:01FFH         SYMBOL        pucBuf
  X:020FH         SYMBOL        iLen
  X:0210H         SYMBOL        i
  -------         ENDDO         
  C:438EH         LINE#         136
  C:4399H         LINE#         137
  C:4399H         LINE#         142
  C:439FH         LINE#         143
  C:43A5H         LINE#         144
  C:43A6H         LINE#         145
  C:43A9H         LINE#         146
  C:43ADH         LINE#         147
  C:43B0H         LINE#         149
  C:43C3H         LINE#         150
  C:43D6H         LINE#         151
  C:43D9H         LINE#         152
  C:43E1H         LINE#         154
  C:43F3H         LINE#         156
  C:4404H         LINE#         157
  C:4413H         LINE#         158
  C:441BH         LINE#         161
  C:441DH         LINE#         162
  -------         ENDPROC       _MCULIB_PROTOCOLSENDCMDWITHPARAMNUM
  -------         PROC          _MCU_SENDCMDTODVR
  X:01F2H         SYMBOL        ucType
  -------         DO            
  X:01F3H         SYMBOL        buf
  D:0002H         SYMBOL        val
  -------         ENDDO         
  C:3350H         LINE#         165
  C:3355H         LINE#         166
  C:3355H         LINE#         167
  C:3368H         LINE#         169
  C:3389H         LINE#         170
  C:3389H         LINE#         171
  C:3389H         LINE#         172
  C:3395H         LINE#         173
  C:33A1H         LINE#         174
  C:33ADH         LINE#         175
  C:33BBH         LINE#         176
  C:33BEH         LINE#         178
  C:33BEH         LINE#         183
  C:33F5H         LINE#         185
  C:3409H         LINE#         186
  C:3412H         LINE#         188
  C:3417H         LINE#         218
  C:341CH         LINE#         229
  C:3429H         LINE#         231
  C:342CH         LINE#         233
  C:3445H         LINE#         236
  C:346EH         LINE#         240
  C:3476H         LINE#         242
  C:3483H         LINE#         243
  C:348AH         LINE#         245
BL51 BANKED LINKER/LOCATER V6.22.2.0                                                  03/22/2021  11:23:03  PAGE 34


  C:3497H         LINE#         246
  C:349EH         LINE#         248
  C:34A4H         LINE#         249
  C:34ABH         LINE#         251
  C:34B3H         LINE#         252
  C:34BAH         LINE#         254
  C:34C2H         LINE#         255
  C:34C9H         LINE#         257
  C:34CFH         LINE#         258
  C:34D6H         LINE#         260
  C:34E1H         LINE#         261
  C:34E8H         LINE#         263
  C:3526H         LINE#         264
  C:352DH         LINE#         267
  C:353BH         LINE#         268
  C:353DH         LINE#         270
  C:353DH         LINE#         271
  C:354BH         LINE#         272
  C:354BH         LINE#         273
  C:3551H         LINE#         274
  C:3558H         LINE#         278
  C:3558H         LINE#         279
  C:3566H         LINE#         280
  C:3568H         LINE#         282
  C:3568H         LINE#         283
  C:3576H         LINE#         284
  C:3578H         LINE#         286
  C:3578H         LINE#         287
  C:3589H         LINE#         288
  C:3589H         LINE#         290
  C:3589H         LINE#         291
  C:3589H         LINE#         293
  C:3589H         LINE#         295
  -------         ENDPROC       _MCU_SENDCMDTODVR
  -------         PROC          INITIALTIMEREVENT
  C:481EH         LINE#         298
  C:481EH         LINE#         299
  C:481EH         LINE#         300
  C:4821H         LINE#         301
  C:482AH         LINE#         302
  C:4833H         LINE#         303
  C:483CH         LINE#         304
  C:4845H         LINE#         305
  C:484EH         LINE#         306
  C:4857H         LINE#         307
  C:4860H         LINE#         308
  C:4869H         LINE#         309
  C:4870H         LINE#         315
  -------         ENDPROC       INITIALTIMEREVENT
  -------         PROC          _MAPPING1
  X:01D8H         SYMBOL        fromValue
  X:01DAH         SYMBOL        fromRange
  X:01DDH         SYMBOL        toValue
  X:01E0H         SYMBOL        toRange
  -------         DO            
  X:01E3H         SYMBOL        a
  X:01E5H         SYMBOL        b
[...]
  C:0748H         LINE#         1024
  C:0757H         LINE#         1025
  C:0757H         LINE#         1029
  C:075FH         LINE#         1030
  C:0762H         LINE#         1032
  C:0766H         LINE#         1062
  C:0769H         LINE#         1064
  C:0769H         LINE#         1069
  C:0774H         LINE#         1070
  C:0774H         LINE#         1071
  C:077CH         LINE#         1078
  C:077DH         LINE#         1087
  C:0785H         LINE#         1088
  C:078DH         LINE#         1091
  C:078DH         LINE#         1092
  C:0798H         LINE#         1093
  C:0798H         LINE#         1094
  C:07ACH         LINE#         1095
  C:07ACH         LINE#         1096
  C:07B2H         LINE#         1097
  C:07BAH         LINE#         1098
  C:07BAH         LINE#         1100
  C:07BAH         LINE#         1104
  C:07C0H         LINE#         1105
  C:07C0H         LINE#         1111
  C:07C3H         LINE#         1113
  C:07C9H         LINE#         1115
  C:07C9H         LINE#         1117
  C:07CCH         LINE#         1118
  C:07CCH         LINE#         1119
  C:07D7H         LINE#         1120
  C:07DCH         LINE#         1121
  C:07DFH         LINE#         1122
  C:07DFH         LINE#         1126
  C:07EAH         LINE#         1138
  C:07FDH         LINE#         1139
  C:07FDH         LINE#         1140
  C:0802H         LINE#         1141
  C:0806H         LINE#         1142
  C:080AH         LINE#         1143
  C:0810H         LINE#         1144
  C:0811H         LINE#         1145
  C:0814H         LINE#         1146
  C:082DH         LINE#         1147
  C:082DH         LINE#         1148
  C:0832H         LINE#         1149
  C:0836H         LINE#         1150
  C:083AH         LINE#         1151
  C:083EH         LINE#         1152
  C:0844H         LINE#         1153
  C:0847H         LINE#         1154
  C:0859H         LINE#         1155
  C:0859H         LINE#         1156
  C:085FH         LINE#         1157
BL51 BANKED LINKER/LOCATER V6.22.2.0                                                  03/22/2021  11:23:03  PAGE 62


  C:0864H         LINE#         1158
  C:0868H         LINE#         1159
  C:086CH         LINE#         1160
  C:086CH         LINE#         1161
  C:086EH         LINE#         1162
  C:0880H         LINE#         1163
  C:0880H         LINE#         1164
  C:0885H         LINE#         1165
  C:0889H         LINE#         1166
  C:088FH         LINE#         1167
  C:0894H         LINE#         1168
  C:0894H         LINE#         1170
  C:0896H         LINE#         1171
  C:08A8H         LINE#         1172
  C:08A8H         LINE#         1173
  C:08ADH         LINE#         1174
  C:08B3H         LINE#         1175
  C:08B8H         LINE#         1176
  C:08BCH         LINE#         1177
  C:08BCH         LINE#         1178
  C:08BEH         LINE#         1180
  C:08BEH         LINE#         1183
  C:08C5H         LINE#         1184
  C:08CAH         LINE#         1186
  C:08D0H         LINE#         1187
  C:08D5H         LINE#         1188
  C:08D9H         LINE#         1189
  C:08DDH         LINE#         1190
  C:08E1H         LINE#         1191
  C:08E5H         LINE#         1192
  C:08E5H         LINE#         1194
  C:093BH         LINE#         1196
  C:0941H         LINE#         1199
  C:0949H         LINE#         1200
  C:0949H         LINE#         1201
  C:094FH         LINE#         1202
  C:0954H         LINE#         1203
  C:095BH         LINE#         1204
  C:095EH         LINE#         1205
  C:0965H         LINE#         1206
  C:0965H         LINE#         1208
  C:096DH         LINE#         1209
  C:096DH         LINE#         1210
  C:0973H         LINE#         1211
  C:0978H         LINE#         1212
  C:097FH         LINE#         1213
  C:0982H         LINE#         1214
  C:0989H         LINE#         1215
  C:0989H         LINE#         1217
  C:0991H         LINE#         1218
  C:0991H         LINE#         1219
  C:0995H         LINE#         1220
  C:099AH         LINE#         1221
  C:09A1H         LINE#         1222
  C:09A4H         LINE#         1223
  C:09ABH         LINE#         1224
  C:09ABH         LINE#         1226
BL51 BANKED LINKER/LOCATER V6.22.2.0                                                  03/22/2021  11:23:03  PAGE 63


  C:09B3H         LINE#         1227
  C:09B3H         LINE#         1228
  C:09B9H         LINE#         1229
  C:09BEH         LINE#         1230
  C:09C5H         LINE#         1231
  C:09C8H         LINE#         1232
  C:09CFH         LINE#         1233
  C:09CFH         LINE#         1235
  C:09D7H         LINE#         1236
  C:09D7H         LINE#         1237
  C:09DDH         LINE#         1238
  C:09E2H         LINE#         1239
  C:09E9H         LINE#         1240
  C:09ECH         LINE#         1241
  C:09F3H         LINE#         1242
  C:09F3H         LINE#         1252
  C:0A02H         LINE#         1255
  C:0A1BH         LINE#         1256
  C:0A1BH         LINE#         1257
  C:0A21H         LINE#         1258
  C:0A26H         LINE#         1259
  C:0A28H         LINE#         1261
  C:0A28H         LINE#         1262
  C:0A2DH         LINE#         1263
  C:0A33H         LINE#         1265
  C:0A33H         LINE#         1267
  C:0A3BH         LINE#         1268
  C:0A3BH         LINE#         1269
  C:0A3CH         LINE#         1270
  C:0A51H         LINE#         1271
  C:0A58H         LINE#         1275
  C:0A5AH         LINE#         1276
  C:0A62H         LINE#         1277
  C:0A62H         LINE#         1278
  C:0A63H         LINE#         1279
  C:0A6AH         LINE#         1280
  C:0A6AH         LINE#         1312
  C:0A72H         LINE#         1313
  C:0A78H         LINE#         1315
  C:0A7CH         LINE#         1316
  C:0A7FH         LINE#         1318
  C:0A7FH         LINE#         1321
  C:0A8CH         LINE#         1322
  C:0A8CH         LINE#         1326
  C:0A90H         LINE#         1327
  C:0A93H         LINE#         1328
  C:0A99H         LINE#         1329
  C:0A99H         LINE#         1330
  C:0A9CH         LINE#         1332
  C:0A9CH         LINE#         1348
  C:0AA7H         LINE#         1349
  C:0AA7H         LINE#         1350
  C:0AB4H         LINE#         1351
  C:0AB4H         LINE#         1352
  C:0AB8H         LINE#         1354
  C:0ABAH         LINE#         1359
  C:0AC2H         LINE#         1360
BL51 BANKED LINKER/LOCATER V6.22.2.0                                                  03/22/2021  11:23:03  PAGE 64


  C:0ACBH         LINE#         1361
  C:0ACDH         LINE#         1363
  C:0AD5H         LINE#         1364
  C:0ADEH         LINE#         1365
  C:0AE0H         LINE#         1367
  C:0AE0H         LINE#         1369
  C:0AEBH         LINE#         1370
  C:0AEBH         LINE#         1371
  C:0AEDH         LINE#         1372
  C:0AF0H         LINE#         1374
  C:0AF0H         LINE#         1376
  C:0AFAH         LINE#         1377
  C:0AFAH         LINE#         1379
  C:0B1DH         LINE#         1380
  C:0B1DH         LINE#         1381
  C:0B28H         LINE#         1382
  C:0B2CH         LINE#         1384
  C:0B2EH         LINE#         1385
  C:0B31H         LINE#         1386
  C:0B3BH         LINE#         1387
  C:0B3EH         LINE#         1391
  C:0B48H         LINE#         1392
  C:0B48H         LINE#         1394
  C:0B6BH         LINE#         1395
  C:0B6BH         LINE#         1396
  C:0B76H         LINE#         1397
  C:0B7AH         LINE#         1399
  C:0B7CH         LINE#         1400
  C:0B7EH         LINE#         1401
  C:0B88H         LINE#         1402
  C:0B8AH         LINE#         1404
  C:0B8AH         LINE#         1405
  C:0B8CH         LINE#         1406
  C:0B96H         LINE#         1407
  C:0B96H         LINE#         1409
  C:0BB9H         LINE#         1410
  C:0BB9H         LINE#         1411
  C:0BC4H         LINE#         1412
  C:0BC8H         LINE#         1414
  C:0BCAH         LINE#         1415
  C:0BCCH         LINE#         1416
  C:0BD6H         LINE#         1417
  C:0BDDH         LINE#         1419
  C:0BE6H         LINE#         1420
  C:0BE6H         LINE#         1423
  C:0BE6H         LINE#         1425
  C:0BECH         LINE#         1428
  C:0BEEH         LINE#         1430
  C:0BEEH         LINE#         1431
  C:0BF5H         LINE#         1432
  C:0BF7H         LINE#         1433
  C:0BFAH         LINE#         1434
  C:0BFFH         LINE#         1435
  C:0C0FH         LINE#         1436
  C:0C14H         LINE#         1437
  C:0C1DH         LINE#         1438
  C:0C26H         LINE#         1439
BL51 BANKED LINKER/LOCATER V6.22.2.0                                                  03/22/2021  11:23:03  PAGE 65


  C:0C26H         LINE#         1441
  C:0C28H         LINE#         1443
  C:0C29H         LINE#         1444
  C:0C29H         LINE#         1446
  C:0C31H         LINE#         1447
  C:0C39H         LINE#         1456
  C:0C50H         LINE#         1457
  C:0C50H         LINE#         1458
  C:0C55H         LINE#         1459
  C:0C5EH         LINE#         1460
  C:0C5EH         LINE#         1462
  C:0C75H         LINE#         1463
  C:0C75H         LINE#         1464
  C:0C7AH         LINE#         1465
  C:0C83H         LINE#         1466
  C:0C83H         LINE#         1469
  C:0C8BH         LINE#         1470
  C:0C8BH         LINE#         1471
  C:0C99H         LINE#         1472
  C:0C99H         LINE#         1476
  C:0CA0H         LINE#         1477
  C:0CA3H         LINE#         1478
  C:0CA3H         LINE#         1480
  C:0CA3H         LINE#         1482
  C:0CC9H         LINE#         1483
  C:0CC9H         LINE#         1485
  C:0CC9H         LINE#         1487
  C:0CD6H         LINE#         1488
  C:0CD6H         LINE#         1492
  C:0CDAH         LINE#         1493
  C:0CDAH         LINE#         1495
  C:0CE6H         LINE#         1496
  C:0CE6H         LINE#         1500
  C:0CEAH         LINE#         1501
  C:0CF3H         LINE#         1502
  C:0CFDH         LINE#         1503
  C:0D05H         LINE#         1504
  C:0D05H         LINE#         1505
  C:0D0CH         LINE#         1506
  C:0D0FH         LINE#         1507
  C:0D0FH         LINE#         1508
  C:0D0FH         LINE#         1509
  C:0D2EH         LINE#         1510
  C:0D2EH         LINE#         1511
  C:0D33H         LINE#         1513
  C:0D3DH         LINE#         1514
  C:0D45H         LINE#         1519
  C:0D48H         LINE#         1520
  C:0D4AH         LINE#         1521
  C:0D66H         LINE#         1522
  C:0D66H         LINE#         1523
  C:0D68H         LINE#         1524
  C:0D6FH         LINE#         1526
  C:0D7BH         LINE#         1527
  C:0D7FH         LINE#         1528
  C:0D7FH         LINE#         1530
  C:0D8AH         LINE#         1531
BL51 BANKED LINKER/LOCATER V6.22.2.0                                                  03/22/2021  11:23:03  PAGE 66


  C:0D8AH         LINE#         1532
  C:0D92H         LINE#         1536
  C:0D92H         LINE#         1538
  C:0D99H         LINE#         1539
  C:0D9EH         LINE#         1540
  C:0DA0H         LINE#         1542
  C:0DA0H         LINE#         1543
  C:0DA7H         LINE#         1545
  C:0DB2H         LINE#         1546
  C:0DB2H         LINE#         1547
  C:0DBAH         LINE#         1551
  C:0DBAH         LINE#         1552
  C:0DBCH         LINE#         1553
  C:0DBCH         LINE#         1554
  C:0DBCH         LINE#         1555
  C:0DBCH         LINE#         1556
  C:0DBCH         LINE#         1557
  C:0DBCH         LINE#         1559
  C:0DC3H         LINE#         1570
  C:0DCAH         LINE#         1571
  C:0DCAH         LINE#         1576
  C:0DCAH         LINE#         1636
  C:0DD0H         LINE#         1637
  C:0DD3H         LINE#         1638
  C:0DD3H         LINE#         1652
  C:0DDBH         LINE#         1653
  C:0DDBH         LINE#         1655
  C:0DE9H         LINE#         1656
  C:0DE9H         LINE#         1657
  C:0DF1H         LINE#         1658
  C:0DF1H         LINE#         1660
  C:0DFAH         LINE#         1661
  C:0E00H         LINE#         1662
  C:0E02H         LINE#         1664
  C:0E02H         LINE#         1665
  C:0E05H         LINE#         1666
  C:0E05H         LINE#         1670
  C:0E07H         LINE#         1671
  C:0E07H         LINE#         1676
  C:0E0CH         LINE#         1679
  C:0E15H         LINE#         1680
  C:0E15H         LINE#         1682
  C:0E17H         LINE#         1684
  C:0E18H         LINE#         1686
  C:0E18H         LINE#         1687
  C:0E25H         LINE#         1688
  C:0E27H         LINE#         1689
  C:0E29H         LINE#         1691
  C:0E29H         LINE#         1692
  C:0E33H         LINE#         1693
  C:0E35H         LINE#         1694
  C:0E37H         LINE#         1695
  C:0E37H         LINE#         1696
  C:0E41H         LINE#         1697
  C:0E43H         LINE#         1698
  C:0E45H         LINE#         1700
  C:0E45H         LINE#         1701
BL51 BANKED LINKER/LOCATER V6.22.2.0                                                  03/22/2021  11:23:03  PAGE 67


  C:0E4FH         LINE#         1702
  C:0E51H         LINE#         1703
  C:0E53H         LINE#         1706
  C:0E53H         LINE#         1707
  C:0E5DH         LINE#         1708
  C:0E62H         LINE#         1709
  C:0E62H         LINE#         1712
  C:0E62H         LINE#         1714
  C:0E69H         LINE#         1716
  C:0E6EH         LINE#         1717
  C:0E6EH         LINE#         1718
  C:0E6FH         LINE#         1719
  C:0E75H         LINE#         1720
  C:0E75H         LINE#         1722
  C:0E7DH         LINE#         1723
  C:0E7DH         LINE#         1724
  C:0E7EH         LINE#         1725
  C:0E84H         LINE#         1726
  C:0E84H         LINE#         1728
  C:0E8CH         LINE#         1729
  C:0E8CH         LINE#         1730
  C:0E8DH         LINE#         1731
  C:0E93H         LINE#         1732
  C:0E93H         LINE#         1734
  C:0E96H         LINE#         1736
  C:0E9FH         LINE#         1737
  C:0E9FH         LINE#         1739
  C:0E9FH         LINE#         1741
  C:0EA5H         LINE#         1743
  C:0EA5H         LINE#         1745
  C:0EA5H         LINE#         1746
  C:0EA5H         LINE#         1747
  C:0EA5H         LINE#         1748
  -------         ENDPROC       _SYSTIMEREVENTPROC
  -------         ENDMOD        SYSTIMER

  -------         MODULE        ?C?FPADD
  C:0EADH         PUBLIC        ?C?FPADD
  C:0EA9H         PUBLIC        ?C?FPSUB
  -------         ENDMOD        ?C?FPADD

  -------         MODULE        ?C?FPMUL
  C:0F9EH         PUBLIC        ?C?FPMUL
  -------         ENDMOD        ?C?FPMUL

  -------         MODULE        ?C?FPDIV
  C:10A7H         PUBLIC        ?C?FPDIV
  -------         ENDMOD        ?C?FPDIV

  -------         MODULE        ?C?FCAST
  C:114EH         PUBLIC        ?C?FCASTC
  C:1149H         PUBLIC        ?C?FCASTI
  C:1144H         PUBLIC        ?C?FCASTL
  -------         ENDMOD        ?C?FCAST

  -------         MODULE        ?C?CASTF
  C:1182H         PUBLIC        ?C?CASTF
BL51 BANKED LINKER/LOCATER V6.22.2.0                                                  03/22/2021  11:23:03  PAGE 68


  -------         ENDMOD        ?C?CASTF

  -------         MODULE        ?C?COPY
  C:12D3H         PUBLIC        ?C?COPY
  -------         ENDMOD        ?C?COPY

  -------         MODULE        ?C?CLDPTR
  C:12F9H         PUBLIC        ?C?CLDPTR
  -------         ENDMOD        ?C?CLDPTR

  -------         MODULE        ?C?CLDOPTR
  C:1312H         PUBLIC        ?C?CLDOPTR
  -------         ENDMOD        ?C?CLDOPTR

  -------         MODULE        ?C?CILDPTR
  C:133FH         PUBLIC        ?C?CILDPTR
  -------         ENDMOD        ?C?CILDPTR

  -------         MODULE        ?C?CSTOPTR
  C:1361H         PUBLIC        ?C?CSTOPTR
  -------         ENDMOD        ?C?CSTOPTR

  -------         MODULE        ?C?IMUL
  C:1383H         PUBLIC        ?C?IMUL
  -------         ENDMOD        ?C?IMUL

  -------         MODULE        ?C?UIDIV
  C:1395H         PUBLIC        ?C?UIDIV
  -------         ENDMOD        ?C?UIDIV

  -------         MODULE        ?C?SIDIV
  C:13EAH         PUBLIC        ?C?SIDIV
  -------         ENDMOD        ?C?SIDIV

  -------         MODULE        ?C?IILDX
  C:1420H         PUBLIC        ?C?IILDX
  -------         ENDMOD        ?C?IILDX

  -------         MODULE        ?C?ILDIX
  C:1436H         PUBLIC        ?C?ILDIX
  -------         ENDMOD        ?C?ILDIX

  -------         MODULE        ?C?ILDPTR
  C:144CH         PUBLIC        ?C?ILDPTR
  -------         ENDMOD        ?C?ILDPTR

  -------         MODULE        ?C?ILDOPTR
  C:1477H         PUBLIC        ?C?ILDOPTR
  -------         ENDMOD        ?C?ILDOPTR

  -------         MODULE        ?C?ISTPTR
  C:14AFH         PUBLIC        ?C?ISTPTR
  -------         ENDMOD        ?C?ISTPTR

  -------         MODULE        ?C?LMUL
  C:14CEH         PUBLIC        ?C?LMUL
  -------         ENDMOD        ?C?LMUL
BL51 BANKED LINKER/LOCATER V6.22.2.0                                                  03/22/2021  11:23:03  PAGE 69



  -------         MODULE        ?C?ULDIV
  C:1559H         PUBLIC        ?C?ULDIV
  -------         ENDMOD        ?C?ULDIV

  -------         MODULE        ?C?LNEG
  C:15EBH         PUBLIC        ?C?LNEG
  -------         ENDMOD        ?C?LNEG

  -------         MODULE        ?C?SLCMP
  C:15F9H         PUBLIC        ?C?SLCMP
  -------         ENDMOD        ?C?SLCMP

  -------         MODULE        ?C?ULCMP
  C:160FH         PUBLIC        ?C?ULCMP
  -------         ENDMOD        ?C?ULCMP

  -------         MODULE        ?C?SLSHR
  C:1620H         PUBLIC        ?C?SLSHR
  -------         ENDMOD        ?C?SLSHR

  -------         MODULE        ?C?LLDPTR
  C:1634H         PUBLIC        ?C?LLDPTR
  -------         ENDMOD        ?C?LLDPTR

  -------         MODULE        ?C?LSTXDATA
  C:1654H         PUBLIC        ?C?LSTXDATA
  -------         ENDMOD        ?C?LSTXDATA

  -------         MODULE        ?C?LSTKXDATA
  C:1660H         PUBLIC        ?C?LSTKXDATA
  -------         ENDMOD        ?C?LSTKXDATA

  -------         MODULE        ?C?PLDPTR
  C:1691H         PUBLIC        ?C?PLDPTR
  -------         ENDMOD        ?C?PLDPTR

  -------         MODULE        ?C?CCASE
  C:16B1H         PUBLIC        ?C?CCASE
  -------         ENDMOD        ?C?CCASE

  -------         MODULE        ABS
  C:4F8CH         PUBLIC        _ABS
  -------         ENDMOD        ABS

  -------         MODULE        ?C?LLDIDATA
  C:16D7H         PUBLIC        ?C?LLDIDATA
  -------         ENDMOD        ?C?LLDIDATA

  -------         MODULE        ?C?LLDXDATA
  C:16E3H         PUBLIC        ?C?LLDXDATA
  -------         ENDMOD        ?C?LLDXDATA

  -------         MODULE        ?C?LLDPDATA
  C:16EFH         PUBLIC        ?C?LLDPDATA
  -------         ENDMOD        ?C?LLDPDATA

BL51 BANKED LINKER/LOCATER V6.22.2.0                                                  03/22/2021  11:23:03  PAGE 70


  -------         MODULE        ?C?LLDCODE
  C:16FBH         PUBLIC        ?C?LLDCODE
  -------         ENDMOD        ?C?LLDCODE

  -------         MODULE        ?C?PLDIDATA
  C:170BH         PUBLIC        ?C?PLDIDATA
  -------         ENDMOD        ?C?PLDIDATA

  -------         MODULE        ?C?PLDXDATA
  C:1714H         PUBLIC        ?C?PLDXDATA
  -------         ENDMOD        ?C?PLDXDATA

  -------         MODULE        ?C?PLDPDATA
  C:171DH         PUBLIC        ?C?PLDPDATA
  -------         ENDMOD        ?C?PLDPDATA

  -------         MODULE        ?C?PLDCODE
  C:1726H         PUBLIC        ?C?PLDCODE
  -------         ENDMOD        ?C?PLDCODE

Program Size: data=109.5 xdata=644 code=20385
LINK/LOCATE RUN COMPLETE.  0 WARNING(S),  0 ERROR(S)
